000 (7743994.000.000) 11/16 23:16:20 Job submitted from host: <137.138.55.115:9618?addrs=137.138.55.115-9618+[2001-1458-d00-17--12a]-9618&alias=bigbird23.cern.ch&noUDP&sock=schedd_4975_03c1>
...
040 (7743994.000.000) 11/16 23:26:14 Started transferring input files
	Transferring to host: <128.142.248.197:9618?addrs=128.142.248.197-9618+[2001-1458-301-73--100-c4]-9618&alias=b9g23p2961.cern.ch&noUDP&sock=slot1_16_2232953_240b_77703>
...
040 (7743994.000.000) 11/16 23:26:14 Finished transferring input files
...
001 (7743994.000.000) 11/16 23:26:15 Job executing on host: <128.142.248.197:9618?addrs=128.142.248.197-9618+[2001-1458-301-73--100-c4]-9618&alias=b9g23p2961.cern.ch&noUDP&sock=startd_5911_0866>
	SlotName: slot1_16@b9g23p2961.cern.ch
	CondorScratchDir = "/pool/condor/dir_1371660"
	Cpus = 1
	Disk = 3076522
	Memory = 2000
...
006 (7743994.000.000) 11/16 23:26:24 Image size of job updated: 1
	0  -  MemoryUsage of job (MB)
	0  -  ResidentSetSize of job (KB)
...
006 (7743994.000.000) 11/16 23:26:44 Image size of job updated: 28424
	16  -  MemoryUsage of job (MB)
	15484  -  ResidentSetSize of job (KB)
...
040 (7743994.000.000) 11/16 23:26:44 Started transferring output files
...
040 (7743994.000.000) 11/16 23:26:44 Finished transferring output files
...
005 (7743994.000.000) 11/16 23:26:44 Job terminated.
	(1) Normal termination (return value 2)
		Usr 0 00:00:01, Sys 0 00:00:00  -  Run Remote Usage
		Usr 0 00:00:00, Sys 0 00:00:00  -  Run Local Usage
		Usr 0 00:00:01, Sys 0 00:00:00  -  Total Remote Usage
		Usr 0 00:00:00, Sys 0 00:00:00  -  Total Local Usage
	224  -  Run Bytes Sent By Job
	11092  -  Run Bytes Received By Job
	224  -  Total Bytes Sent By Job
	11092  -  Total Bytes Received By Job
	Partitionable Resources :    Usage  Request Allocated 
	   Cpus                 :        0        1         1 
	   Disk (KB)            :       35       12   3076522 
	   Memory (MB)          :       16     2000      2000 

	Job terminated of its own accord at 2024-11-16T22:26:44Z with exit-code 2.
...
000 (7744130.000.000) 11/17 00:10:16 Job submitted from host: <137.138.55.115:9618?addrs=137.138.55.115-9618+[2001-1458-d00-17--12a]-9618&alias=bigbird23.cern.ch&noUDP&sock=schedd_4975_03c1>
...
040 (7744130.000.000) 11/17 00:40:51 Started transferring input files
	Transferring to host: <188.185.198.111:9618?addrs=188.185.198.111-9618+[2001-1458-303-25--100-6b]-9618&alias=b9p15p4924.cern.ch&noUDP&sock=slot1_19_2644228_9580_5319>
...
040 (7744130.000.000) 11/17 00:40:51 Finished transferring input files
...
001 (7744130.000.000) 11/17 00:40:52 Job executing on host: <188.185.198.111:9618?addrs=188.185.198.111-9618+[2001-1458-303-25--100-6b]-9618&alias=b9p15p4924.cern.ch&noUDP&sock=startd_11856_ceef>
	SlotName: slot1_19@b9p15p4924.cern.ch
	CondorScratchDir = "/pool/condor/dir_287763"
	Cpus = 1
	Disk = 2958657
	Memory = 2000
...
006 (7744130.000.000) 11/17 00:41:00 Image size of job updated: 165504
	162  -  MemoryUsage of job (MB)
	165504  -  ResidentSetSize of job (KB)
...
006 (7744130.000.000) 11/17 00:41:55 Image size of job updated: 5425400
	912  -  MemoryUsage of job (MB)
	933628  -  ResidentSetSize of job (KB)
...
040 (7744130.000.000) 11/17 00:41:55 Started transferring output files
...
040 (7744130.000.000) 11/17 00:41:55 Finished transferring output files
...
005 (7744130.000.000) 11/17 00:41:55 Job terminated.
	(1) Normal termination (return value 1)
		Usr 0 00:00:14, Sys 0 00:00:07  -  Run Remote Usage
		Usr 0 00:00:00, Sys 0 00:00:00  -  Run Local Usage
		Usr 0 00:00:14, Sys 0 00:00:07  -  Total Remote Usage
		Usr 0 00:00:00, Sys 0 00:00:00  -  Total Local Usage
	7540  -  Run Bytes Sent By Job
	11087  -  Run Bytes Received By Job
	7540  -  Total Bytes Sent By Job
	11087  -  Total Bytes Received By Job
	Partitionable Resources :    Usage  Request Allocated 
	   Cpus                 :        0        1         1 
	   Disk (KB)            :       40       12   2958657 
	   Memory (MB)          :      912     2000      2000 

	Job terminated of its own accord at 2024-11-16T23:41:55Z with exit-code 1.
...
000 (7744334.000.000) 11/17 01:26:25 Job submitted from host: <137.138.55.115:9618?addrs=137.138.55.115-9618+[2001-1458-d00-17--12a]-9618&alias=bigbird23.cern.ch&noUDP&sock=schedd_4975_03c1>
...
040 (7744334.000.000) 11/17 01:34:53 Started transferring input files
	Transferring to host: <188.185.198.129:9618?addrs=188.185.198.129-9618+[2001-1458-303-25--100-7d]-9618&alias=b9p15p8693.cern.ch&noUDP&sock=slot1_47_2730482_5473_48058>
...
040 (7744334.000.000) 11/17 01:34:53 Finished transferring input files
...
001 (7744334.000.000) 11/17 01:34:54 Job executing on host: <188.185.198.129:9618?addrs=188.185.198.129-9618+[2001-1458-303-25--100-7d]-9618&alias=b9p15p8693.cern.ch&noUDP&sock=startd_11411_934a>
	SlotName: slot1_47@b9p15p8693.cern.ch
	CondorScratchDir = "/pool/condor/dir_3298551"
	Cpus = 1
	Disk = 2977640
	Memory = 2000
...
006 (7744334.000.000) 11/17 01:35:03 Image size of job updated: 220172
	216  -  MemoryUsage of job (MB)
	220172  -  ResidentSetSize of job (KB)
...
006 (7744334.000.000) 11/17 01:36:22 Image size of job updated: 9366872
	4750  -  MemoryUsage of job (MB)
	4863124  -  ResidentSetSize of job (KB)
...
040 (7744334.000.000) 11/17 01:36:22 Started transferring output files
...
040 (7744334.000.000) 11/17 01:36:22 Finished transferring output files
...
005 (7744334.000.000) 11/17 01:36:22 Job terminated.
	(1) Normal termination (return value 1)
		Usr 0 00:00:16, Sys 0 00:00:09  -  Run Remote Usage
		Usr 0 00:00:00, Sys 0 00:00:00  -  Run Local Usage
		Usr 0 00:00:16, Sys 0 00:00:09  -  Total Remote Usage
		Usr 0 00:00:00, Sys 0 00:00:00  -  Total Local Usage
	7687  -  Run Bytes Sent By Job
	11087  -  Run Bytes Received By Job
	7687  -  Total Bytes Sent By Job
	11087  -  Total Bytes Received By Job
	Partitionable Resources :    Usage  Request Allocated 
	   Cpus                 :        0        1         1 
	   Disk (KB)            :       41       12   2977640 
	   Memory (MB)          :     4750     2000      2000 

	Job terminated of its own accord at 2024-11-17T00:36:22Z with exit-code 1.
...
000 (7744381.000.000) 11/17 01:52:48 Job submitted from host: <137.138.55.115:9618?addrs=137.138.55.115-9618+[2001-1458-d00-17--12a]-9618&alias=bigbird23.cern.ch&noUDP&sock=schedd_4975_03c1>
...
040 (7744381.000.000) 11/17 01:59:46 Started transferring input files
	Transferring to host: <128.142.248.214:9618?addrs=128.142.248.214-9618+[2001-1458-301-73--100-d5]-9618&alias=b9g23p2447.cern.ch&noUDP&sock=slot1_12_1211864_9179_76896>
...
040 (7744381.000.000) 11/17 01:59:46 Finished transferring input files
...
001 (7744381.000.000) 11/17 01:59:47 Job executing on host: <128.142.248.214:9618?addrs=128.142.248.214-9618+[2001-1458-301-73--100-d5]-9618&alias=b9g23p2447.cern.ch&noUDP&sock=startd_7869_0ed6>
	SlotName: slot1_12@b9g23p2447.cern.ch
	CondorScratchDir = "/pool/condor/dir_1217849"
	Cpus = 1
	Disk = 2846587
	Memory = 2000
...
006 (7744381.000.000) 11/17 01:59:56 Image size of job updated: 1
	0  -  MemoryUsage of job (MB)
	0  -  ResidentSetSize of job (KB)
...
006 (7744381.000.000) 11/17 02:01:39 Image size of job updated: 9349400
	4747  -  MemoryUsage of job (MB)
	4859948  -  ResidentSetSize of job (KB)
...
040 (7744381.000.000) 11/17 02:01:39 Started transferring output files
...
040 (7744381.000.000) 11/17 02:01:39 Finished transferring output files
...
005 (7744381.000.000) 11/17 02:01:39 Job terminated.
	(1) Normal termination (return value 1)
		Usr 0 00:00:20, Sys 0 00:00:12  -  Run Remote Usage
		Usr 0 00:00:00, Sys 0 00:00:00  -  Run Local Usage
		Usr 0 00:00:20, Sys 0 00:00:12  -  Total Remote Usage
		Usr 0 00:00:00, Sys 0 00:00:00  -  Total Local Usage
	7688  -  Run Bytes Sent By Job
	11087  -  Run Bytes Received By Job
	7688  -  Total Bytes Sent By Job
	11087  -  Total Bytes Received By Job
	Partitionable Resources :    Usage  Request Allocated 
	   Cpus                 :                 1         1 
	   Disk (KB)            :       33       12   2846587 
	   Memory (MB)          :     4747     2000      2000 

	Job terminated of its own accord at 2024-11-17T01:01:39Z with exit-code 1.
...
000 (7744689.000.000) 11/17 05:23:17 Job submitted from host: <137.138.55.115:9618?addrs=137.138.55.115-9618+[2001-1458-d00-17--12a]-9618&alias=bigbird23.cern.ch&noUDP&sock=schedd_4975_03c1>
...
009 (7744689.000.000) 11/17 05:27:06 Job was aborted.
	via condor_rm (by user fsalerno)
...
000 (7744699.000.000) 11/17 05:28:22 Job submitted from host: <137.138.55.115:9618?addrs=137.138.55.115-9618+[2001-1458-d00-17--12a]-9618&alias=bigbird23.cern.ch&noUDP&sock=schedd_4975_03c1>
...
040 (7744699.000.000) 11/17 05:35:23 Started transferring input files
	Transferring to host: <188.185.194.76:9618?addrs=188.185.194.76-9618+[2001-1458-303-21--100-48]-9618&alias=b9p20p3147.cern.ch&noUDP&sock=slot1_49_1382730_1f5d_29033>
...
040 (7744699.000.000) 11/17 05:35:23 Finished transferring input files
...
001 (7744699.000.000) 11/17 05:35:24 Job executing on host: <188.185.194.76:9618?addrs=188.185.194.76-9618+[2001-1458-303-21--100-48]-9618&alias=b9p20p3147.cern.ch&noUDP&sock=startd_8079_19b9>
	SlotName: slot1_49@b9p20p3147.cern.ch
	CondorScratchDir = "/pool/condor/dir_3302888"
	Cpus = 1
	Disk = 3853
	GPUs = 0
	Memory = 2000
...
006 (7744699.000.000) 11/17 05:35:32 Image size of job updated: 249512
	244  -  MemoryUsage of job (MB)
	249512  -  ResidentSetSize of job (KB)
...
006 (7744699.000.000) 11/17 05:40:32 Image size of job updated: 3197596
	3123  -  MemoryUsage of job (MB)
	3197596  -  ResidentSetSize of job (KB)
...
006 (7744699.000.000) 11/17 05:45:33 Image size of job updated: 3628456
	3544  -  MemoryUsage of job (MB)
	3628456  -  ResidentSetSize of job (KB)
...
006 (7744699.000.000) 11/17 05:50:33 Image size of job updated: 3805900
	3717  -  MemoryUsage of job (MB)
	3805900  -  ResidentSetSize of job (KB)
...
006 (7744699.000.000) 11/17 05:55:33 Image size of job updated: 3894772
	3804  -  MemoryUsage of job (MB)
	3894772  -  ResidentSetSize of job (KB)
...
006 (7744699.000.000) 11/17 06:00:34 Image size of job updated: 3939724
	3848  -  MemoryUsage of job (MB)
	3939724  -  ResidentSetSize of job (KB)
...
006 (7744699.000.000) 11/17 06:05:35 Image size of job updated: 3990728
	3898  -  MemoryUsage of job (MB)
	3990728  -  ResidentSetSize of job (KB)
...
006 (7744699.000.000) 11/17 10:11:00 Image size of job updated: 4008296
	3915  -  MemoryUsage of job (MB)
	4008296  -  ResidentSetSize of job (KB)
...
006 (7744699.000.000) 11/17 11:16:07 Image size of job updated: 4034576
	3941  -  MemoryUsage of job (MB)
	4034576  -  ResidentSetSize of job (KB)
...
006 (7744699.000.000) 11/17 12:36:16 Image size of job updated: 4040316
	3946  -  MemoryUsage of job (MB)
	4040316  -  ResidentSetSize of job (KB)
...
006 (7744699.000.000) 11/17 13:01:17 Image size of job updated: 4047688
	3953  -  MemoryUsage of job (MB)
	4047688  -  ResidentSetSize of job (KB)
...
006 (7744699.000.000) 11/17 13:06:18 Image size of job updated: 4052372
	3958  -  MemoryUsage of job (MB)
	4052372  -  ResidentSetSize of job (KB)
...
006 (7744699.000.000) 11/17 13:11:19 Image size of job updated: 4066732
	3972  -  MemoryUsage of job (MB)
	4066732  -  ResidentSetSize of job (KB)
...
006 (7744699.000.000) 11/17 13:16:19 Image size of job updated: 4081208
	3986  -  MemoryUsage of job (MB)
	4081208  -  ResidentSetSize of job (KB)
...
006 (7744699.000.000) 11/17 13:39:11 Image size of job updated: 4099464
	4004  -  MemoryUsage of job (MB)
	4099464  -  ResidentSetSize of job (KB)
...
006 (7744699.000.000) 11/17 14:00:52 Image size of job updated: 4099680
	4004  -  MemoryUsage of job (MB)
	4099680  -  ResidentSetSize of job (KB)
...
006 (7744699.000.000) 11/17 14:18:27 Image size of job updated: 4099680
	4015  -  MemoryUsage of job (MB)
	4110956  -  ResidentSetSize of job (KB)
...
006 (7744699.000.000) 11/17 14:31:45 Image size of job updated: 4123188
	4027  -  MemoryUsage of job (MB)
	4123188  -  ResidentSetSize of job (KB)
...
006 (7744699.000.000) 11/17 14:44:45 Image size of job updated: 4124292
	4028  -  MemoryUsage of job (MB)
	4124292  -  ResidentSetSize of job (KB)
...
006 (7744699.000.000) 11/17 14:49:45 Image size of job updated: 4125788
	4030  -  MemoryUsage of job (MB)
	4125788  -  ResidentSetSize of job (KB)
...
006 (7744699.000.000) 11/17 15:09:48 Image size of job updated: 4127008
	4031  -  MemoryUsage of job (MB)
	4127008  -  ResidentSetSize of job (KB)
...
006 (7744699.000.000) 11/17 15:23:54 Image size of job updated: 4127728
	4031  -  MemoryUsage of job (MB)
	4127728  -  ResidentSetSize of job (KB)
...
006 (7744699.000.000) 11/17 15:57:02 Image size of job updated: 4132988
	4037  -  MemoryUsage of job (MB)
	4132988  -  ResidentSetSize of job (KB)
...
006 (7744699.000.000) 11/17 16:02:31 Image size of job updated: 4133664
	4037  -  MemoryUsage of job (MB)
	4133664  -  ResidentSetSize of job (KB)
...
006 (7744699.000.000) 11/17 16:12:03 Image size of job updated: 4136084
	4040  -  MemoryUsage of job (MB)
	4136084  -  ResidentSetSize of job (KB)
...
006 (7744699.000.000) 11/17 16:22:04 Image size of job updated: 4141116
	4045  -  MemoryUsage of job (MB)
	4141116  -  ResidentSetSize of job (KB)
...
006 (7744699.000.000) 11/17 16:27:04 Image size of job updated: 4146192
	4050  -  MemoryUsage of job (MB)
	4146192  -  ResidentSetSize of job (KB)
...
006 (7744699.000.000) 11/17 16:37:31 Image size of job updated: 4147828
	4051  -  MemoryUsage of job (MB)
	4147828  -  ResidentSetSize of job (KB)
...
006 (7744699.000.000) 11/17 16:42:05 Image size of job updated: 4147828
	4051  -  MemoryUsage of job (MB)
	4148124  -  ResidentSetSize of job (KB)
...
006 (7744699.000.000) 11/17 17:17:08 Image size of job updated: 4147828
	4056  -  MemoryUsage of job (MB)
	4152424  -  ResidentSetSize of job (KB)
...
006 (7744699.000.000) 11/17 17:22:09 Image size of job updated: 4153064
	4056  -  MemoryUsage of job (MB)
	4153064  -  ResidentSetSize of job (KB)
...
006 (7744699.000.000) 11/17 17:27:10 Image size of job updated: 4154136
	4057  -  MemoryUsage of job (MB)
	4154136  -  ResidentSetSize of job (KB)
...
006 (7744699.000.000) 11/17 17:52:11 Image size of job updated: 4160108
	4063  -  MemoryUsage of job (MB)
	4160108  -  ResidentSetSize of job (KB)
...
006 (7744699.000.000) 11/17 18:12:14 Image size of job updated: 4160156
	4063  -  MemoryUsage of job (MB)
	4160156  -  ResidentSetSize of job (KB)
...
006 (7744699.000.000) 11/17 18:17:34 Image size of job updated: 4160844
	4064  -  MemoryUsage of job (MB)
	4160844  -  ResidentSetSize of job (KB)
...
006 (7744699.000.000) 11/17 18:27:16 Image size of job updated: 4165964
	4069  -  MemoryUsage of job (MB)
	4165964  -  ResidentSetSize of job (KB)
...
006 (7744699.000.000) 11/17 18:42:18 Image size of job updated: 4174360
	4077  -  MemoryUsage of job (MB)
	4174360  -  ResidentSetSize of job (KB)
...
006 (7744699.000.000) 11/17 18:47:18 Image size of job updated: 4211780
	4114  -  MemoryUsage of job (MB)
	4211780  -  ResidentSetSize of job (KB)
...
006 (7744699.000.000) 11/17 18:52:18 Image size of job updated: 4216832
	4118  -  MemoryUsage of job (MB)
	4216832  -  ResidentSetSize of job (KB)
...
006 (7744699.000.000) 11/17 19:02:19 Image size of job updated: 4219740
	4121  -  MemoryUsage of job (MB)
	4219740  -  ResidentSetSize of job (KB)
...
006 (7744699.000.000) 11/17 19:12:20 Image size of job updated: 4223492
	4125  -  MemoryUsage of job (MB)
	4223492  -  ResidentSetSize of job (KB)
...
006 (7744699.000.000) 11/17 19:22:21 Image size of job updated: 4224496
	4126  -  MemoryUsage of job (MB)
	4224496  -  ResidentSetSize of job (KB)
...
006 (7744699.000.000) 11/17 19:27:24 Image size of job updated: 4235360
	4137  -  MemoryUsage of job (MB)
	4235360  -  ResidentSetSize of job (KB)
...
006 (7744699.000.000) 11/17 19:32:22 Image size of job updated: 4243656
	4145  -  MemoryUsage of job (MB)
	4243656  -  ResidentSetSize of job (KB)
...
006 (7744699.000.000) 11/17 19:52:25 Image size of job updated: 4250884
	4152  -  MemoryUsage of job (MB)
	4250884  -  ResidentSetSize of job (KB)
...
006 (7744699.000.000) 11/17 20:07:26 Image size of job updated: 4251800
	4153  -  MemoryUsage of job (MB)
	4251800  -  ResidentSetSize of job (KB)
...
006 (7744699.000.000) 11/17 20:17:26 Image size of job updated: 4255812
	4157  -  MemoryUsage of job (MB)
	4255812  -  ResidentSetSize of job (KB)
...
006 (7744699.000.000) 11/17 20:22:28 Image size of job updated: 4262196
	4163  -  MemoryUsage of job (MB)
	4262196  -  ResidentSetSize of job (KB)
...
006 (7744699.000.000) 11/17 20:37:29 Image size of job updated: 4268096
	4169  -  MemoryUsage of job (MB)
	4268096  -  ResidentSetSize of job (KB)
...
040 (7744699.000.000) 11/20 12:56:19 Started transferring output files
...
040 (7744699.000.000) 11/20 12:56:46 Finished transferring output files
...
005 (7744699.000.000) 11/20 12:56:46 Job terminated.
	(1) Normal termination (return value 135)
		Usr 5 16:51:33, Sys 0 22:16:16  -  Run Remote Usage
		Usr 0 00:00:00, Sys 0 00:00:00  -  Run Local Usage
		Usr 5 16:51:33, Sys 0 22:16:16  -  Total Remote Usage
		Usr 0 00:00:00, Sys 0 00:00:00  -  Total Local Usage
	465691584  -  Run Bytes Sent By Job
	11087  -  Run Bytes Received By Job
	465691584  -  Total Bytes Sent By Job
	11087  -  Total Bytes Received By Job
	Partitionable Resources :     Usage  Request Allocated 
	   Cpus                 :      0.03        1         1 
	   Disk (KB)            : 454813          12      3853 
	   GPUs                 :                            0 
	   Memory (MB)          :   4169        2000      2000 

	Job terminated of its own accord at 2024-11-20T11:56:19Z with exit-code 135.
...
