000 (7405457.000.000) 10/23 15:13:19 Job submitted from host: <137.138.55.115:9618?addrs=137.138.55.115-9618+[2001-1458-d00-17--12a]-9618&alias=bigbird23.cern.ch&noUDP&sock=schedd_4975_03c1>
...
040 (7405457.000.000) 10/23 15:21:00 Started transferring input files
	Transferring to host: <188.185.196.156:9618?addrs=188.185.196.156-9618+[2001-1458-303-23--100-98]-9618&alias=b9p16p0600.cern.ch&noUDP&sock=slot1_18_11264_41c3_7023>
...
040 (7405457.000.000) 10/23 15:21:00 Finished transferring input files
...
001 (7405457.000.000) 10/23 15:21:01 Job executing on host: <188.185.196.156:9618?addrs=188.185.196.156-9618+[2001-1458-303-23--100-98]-9618&alias=b9p16p0600.cern.ch&noUDP&sock=startd_11223_9f7c>
	SlotName: slot1_18@b9p16p0600.cern.ch
	CondorScratchDir = "/pool/condor/dir_79071"
	Cpus = 1
	Disk = 3784
	GPUs = 0
	Memory = 2000
...
006 (7405457.000.000) 10/23 15:21:10 Image size of job updated: 74488
	73  -  MemoryUsage of job (MB)
	74488  -  ResidentSetSize of job (KB)
...
006 (7405457.000.000) 10/23 15:22:15 Image size of job updated: 157300
	154  -  MemoryUsage of job (MB)
	157300  -  ResidentSetSize of job (KB)
...
040 (7405457.000.000) 10/23 15:22:15 Started transferring output files
...
040 (7405457.000.000) 10/23 15:22:15 Finished transferring output files
...
005 (7405457.000.000) 10/23 15:22:15 Job terminated.
	(1) Normal termination (return value 1)
		Usr 0 00:00:19, Sys 0 00:00:07  -  Run Remote Usage
		Usr 0 00:00:00, Sys 0 00:00:00  -  Run Local Usage
		Usr 0 00:00:19, Sys 0 00:00:07  -  Total Remote Usage
		Usr 0 00:00:00, Sys 0 00:00:00  -  Total Local Usage
	11570  -  Run Bytes Sent By Job
	11097  -  Run Bytes Received By Job
	11570  -  Total Bytes Sent By Job
	11097  -  Total Bytes Received By Job
	Partitionable Resources :    Usage  Request Allocated 
	   Cpus                 :     0.87        1         1 
	   Disk (KB)            :    44          12      3784 
	   GPUs                 :                           0 
	   Memory (MB)          :   154        2000      2000 

	Job terminated of its own accord at 2024-10-23T13:22:15Z with exit-code 1.
...
000 (7408786.000.000) 10/25 01:13:03 Job submitted from host: <137.138.55.115:9618?addrs=137.138.55.115-9618+[2001-1458-d00-17--12a]-9618&alias=bigbird23.cern.ch&noUDP&sock=schedd_4975_03c1>
...
040 (7408786.000.000) 10/25 01:16:26 Started transferring input files
	Transferring to host: <188.185.205.150:9618?addrs=188.185.205.150-9618+[2001-1458-303-a--100-13]-9618&alias=b9p04p9410.cern.ch&noUDP&sock=slot1_28_465667_4711_73022>
...
040 (7408786.000.000) 10/25 01:16:26 Finished transferring input files
...
001 (7408786.000.000) 10/25 01:16:27 Job executing on host: <188.185.205.150:9618?addrs=188.185.205.150-9618+[2001-1458-303-a--100-13]-9618&alias=b9p04p9410.cern.ch&noUDP&sock=startd_3196_c4c5>
	SlotName: slot1_28@b9p04p9410.cern.ch
	CondorScratchDir = "/pool/condor/dir_1448900"
	Cpus = 1
	Disk = 2601957
	Memory = 2000
...
006 (7408786.000.000) 10/25 01:16:36 Image size of job updated: 144520
	141  -  MemoryUsage of job (MB)
	144380  -  ResidentSetSize of job (KB)
...
006 (7408786.000.000) 10/25 01:17:39 Image size of job updated: 1088792
	708  -  MemoryUsage of job (MB)
	724392  -  ResidentSetSize of job (KB)
...
040 (7408786.000.000) 10/25 01:17:39 Started transferring output files
...
040 (7408786.000.000) 10/25 01:17:39 Finished transferring output files
...
005 (7408786.000.000) 10/25 01:17:39 Job terminated.
	(1) Normal termination (return value 1)
		Usr 0 00:00:11, Sys 0 00:00:07  -  Run Remote Usage
		Usr 0 00:00:00, Sys 0 00:00:00  -  Run Local Usage
		Usr 0 00:00:11, Sys 0 00:00:07  -  Total Remote Usage
		Usr 0 00:00:00, Sys 0 00:00:00  -  Total Local Usage
	7602  -  Run Bytes Sent By Job
	11093  -  Run Bytes Received By Job
	7602  -  Total Bytes Sent By Job
	11093  -  Total Bytes Received By Job
	Partitionable Resources :    Usage  Request Allocated 
	   Cpus                 :        0        1         1 
	   Disk (KB)            :       40       12   2601957 
	   Memory (MB)          :      708     2000      2000 

	Job terminated of its own accord at 2024-10-24T23:17:39Z with exit-code 1.
...
000 (7743991.000.000) 11/16 23:15:27 Job submitted from host: <137.138.55.115:9618?addrs=137.138.55.115-9618+[2001-1458-d00-17--12a]-9618&alias=bigbird23.cern.ch&noUDP&sock=schedd_4975_03c1>
...
009 (7743991.000.000) 11/16 23:15:59 Job was aborted.
	via condor_rm (by user fsalerno)
...
