000 (7150579.000.000) 09/23 11:52:27 Job submitted from host: <137.138.55.115:9618?addrs=137.138.55.115-9618+[2001-1458-d00-17--12a]-9618&alias=bigbird23.cern.ch&noUDP&sock=schedd_4975_03c1>
...
040 (7150579.000.000) 09/23 11:53:27 Started transferring input files
	Transferring to host: <188.185.192.36:9618?addrs=188.185.192.36-9618+[2001-1458-303-1f--100-20]-9618&alias=b9p13p8898.cern.ch&noUDP&sock=slot1_16_2910911_e1fc_40107>
...
040 (7150579.000.000) 09/23 11:53:27 Finished transferring input files
...
001 (7150579.000.000) 09/23 11:53:28 Job executing on host: <188.185.192.36:9618?addrs=188.185.192.36-9618+[2001-1458-303-1f--100-20]-9618&alias=b9p13p8898.cern.ch&noUDP&sock=startd_128818_0308>
	SlotName: slot1_16@b9p13p8898.cern.ch
	CondorScratchDir = "/pool/condor/dir_741633"
	Cpus = 1
	Disk = 3045904
	Memory = 2000
...
006 (7150579.000.000) 09/23 11:53:37 Image size of job updated: 1
	0  -  MemoryUsage of job (MB)
	0  -  ResidentSetSize of job (KB)
...
006 (7150579.000.000) 09/23 11:54:23 Image size of job updated: 66568
	42  -  MemoryUsage of job (MB)
	42324  -  ResidentSetSize of job (KB)
...
040 (7150579.000.000) 09/23 11:54:23 Started transferring output files
...
040 (7150579.000.000) 09/23 11:54:23 Finished transferring output files
...
005 (7150579.000.000) 09/23 11:54:23 Job terminated.
	(1) Normal termination (return value 1)
		Usr 0 00:00:02, Sys 0 00:00:00  -  Run Remote Usage
		Usr 0 00:00:00, Sys 0 00:00:00  -  Run Local Usage
		Usr 0 00:00:02, Sys 0 00:00:00  -  Total Remote Usage
		Usr 0 00:00:00, Sys 0 00:00:00  -  Total Local Usage
	3230  -  Run Bytes Sent By Job
	11076  -  Run Bytes Received By Job
	3230  -  Total Bytes Sent By Job
	11076  -  Total Bytes Received By Job
	Partitionable Resources :    Usage  Request Allocated 
	   Cpus                 :        0        1         1 
	   Disk (KB)            :       38       12   3045904 
	   Memory (MB)          :       42     2000      2000 

	Job terminated of its own accord at 2024-09-23T09:54:23Z with exit-code 1.
...
000 (7150582.000.000) 09/23 12:05:33 Job submitted from host: <137.138.55.115:9618?addrs=137.138.55.115-9618+[2001-1458-d00-17--12a]-9618&alias=bigbird23.cern.ch&noUDP&sock=schedd_4975_03c1>
...
040 (7150582.000.000) 09/23 12:09:29 Started transferring input files
	Transferring to host: <188.185.198.30:9618?addrs=188.185.198.30-9618+[2001-1458-303-25--100-1a]-9618&alias=b9p15p6533.cern.ch&noUDP&sock=slot1_11_11531_61ee_48397>
...
040 (7150582.000.000) 09/23 12:09:29 Finished transferring input files
...
001 (7150582.000.000) 09/23 12:09:31 Job executing on host: <188.185.198.30:9618?addrs=188.185.198.30-9618+[2001-1458-303-25--100-1a]-9618&alias=b9p15p6533.cern.ch&noUDP&sock=startd_11234_2b06>
	SlotName: slot1_11@b9p15p6533.cern.ch
	CondorScratchDir = "/pool/condor/dir_2153258"
	Cpus = 1
	Disk = 3107733
	Memory = 2000
...
006 (7150582.000.000) 09/23 12:09:40 Image size of job updated: 30292
	20  -  MemoryUsage of job (MB)
	19696  -  ResidentSetSize of job (KB)
...
006 (7150582.000.000) 09/23 12:09:47 Image size of job updated: 51324
	27  -  MemoryUsage of job (MB)
	26692  -  ResidentSetSize of job (KB)
...
040 (7150582.000.000) 09/23 12:09:49 Started transferring output files
...
040 (7150582.000.000) 09/23 12:09:50 Finished transferring output files
...
005 (7150582.000.000) 09/23 12:10:13 Job terminated.
	(1) Normal termination (return value 1)
		Usr 0 00:00:02, Sys 0 00:00:00  -  Run Remote Usage
		Usr 0 00:00:00, Sys 0 00:00:00  -  Run Local Usage
		Usr 0 00:00:02, Sys 0 00:00:00  -  Total Remote Usage
		Usr 0 00:00:00, Sys 0 00:00:00  -  Total Local Usage
	3230  -  Run Bytes Sent By Job
	11076  -  Run Bytes Received By Job
	3230  -  Total Bytes Sent By Job
	11076  -  Total Bytes Received By Job
	Partitionable Resources :    Usage  Request Allocated 
	   Cpus                 :        0        1         1 
	   Disk (KB)            :       38       12   3107733 
	   Memory (MB)          :       27     2000      2000 

	Job terminated of its own accord at 2024-09-23T10:09:47Z with exit-code 1.
...
000 (7150586.000.000) 09/23 12:14:23 Job submitted from host: <137.138.55.115:9618?addrs=137.138.55.115-9618+[2001-1458-d00-17--12a]-9618&alias=bigbird23.cern.ch&noUDP&sock=schedd_4975_03c1>
...
040 (7150586.000.000) 09/23 12:21:38 Started transferring input files
	Transferring to host: <128.142.192.207:9618?addrs=128.142.192.207-9618+[2001-1458-301-56--100-4b]-9618&alias=b9g18p3814.cern.ch&noUDP&sock=slot1_33_6703_9eaa_33080>
...
040 (7150586.000.000) 09/23 12:21:38 Finished transferring input files
...
001 (7150586.000.000) 09/23 12:21:39 Job executing on host: <128.142.192.207:9618?addrs=128.142.192.207-9618+[2001-1458-301-56--100-4b]-9618&alias=b9g18p3814.cern.ch&noUDP&sock=startd_6123_727a>
	SlotName: slot1_33@b9g18p3814.cern.ch
	CondorScratchDir = "/pool/condor/dir_635220"
	Cpus = 1
	Disk = 2885251
	Memory = 2000
...
006 (7150586.000.000) 09/23 12:21:48 Image size of job updated: 27872
	20  -  MemoryUsage of job (MB)
	19988  -  ResidentSetSize of job (KB)
...
006 (7150586.000.000) 09/23 12:26:49 Image size of job updated: 3010620
	2940  -  MemoryUsage of job (MB)
	3010368  -  ResidentSetSize of job (KB)
...
006 (7150586.000.000) 09/23 12:27:13 Image size of job updated: 3419428
	2940  -  MemoryUsage of job (MB)
	3010496  -  ResidentSetSize of job (KB)
...
040 (7150586.000.000) 09/23 12:27:13 Started transferring output files
...
040 (7150586.000.000) 09/23 12:27:14 Finished transferring output files
...
005 (7150586.000.000) 09/23 12:27:14 Job terminated.
	(1) Normal termination (return value 1)
		Usr 0 00:00:37, Sys 0 00:00:07  -  Run Remote Usage
		Usr 0 00:00:00, Sys 0 00:00:00  -  Run Local Usage
		Usr 0 00:00:37, Sys 0 00:00:07  -  Total Remote Usage
		Usr 0 00:00:00, Sys 0 00:00:00  -  Total Local Usage
	8374  -  Run Bytes Sent By Job
	11077  -  Run Bytes Received By Job
	8374  -  Total Bytes Sent By Job
	11077  -  Total Bytes Received By Job
	Partitionable Resources :    Usage  Request Allocated 
	   Cpus                 :     0.12        1         1 
	   Disk (KB)            :    40          12   2885251 
	   Memory (MB)          :  2940        2000      2000 

	Job terminated of its own accord at 2024-09-23T10:27:13Z with exit-code 1.
...
000 (7158005.000.000) 09/23 15:42:51 Job submitted from host: <137.138.55.115:9618?addrs=137.138.55.115-9618+[2001-1458-d00-17--12a]-9618&alias=bigbird23.cern.ch&noUDP&sock=schedd_4975_03c1>
...
009 (7158005.000.000) 09/23 15:43:18 Job was aborted.
	via condor_rm (by user fsalerno)
...
000 (7158042.000.000) 09/23 15:45:12 Job submitted from host: <137.138.55.115:9618?addrs=137.138.55.115-9618+[2001-1458-d00-17--12a]-9618&alias=bigbird23.cern.ch&noUDP&sock=schedd_4975_03c1>
...
040 (7158042.000.000) 09/23 16:04:18 Started transferring input files
	Transferring to host: <188.185.194.82:9618?addrs=188.185.194.82-9618+[2001-1458-303-21--100-4e]-9618&alias=b9p20p2920.cern.ch&noUDP&sock=slot1_5_6699_cd29_33434>
...
040 (7158042.000.000) 09/23 16:04:19 Finished transferring input files
...
001 (7158042.000.000) 09/23 16:04:20 Job executing on host: <188.185.194.82:9618?addrs=188.185.194.82-9618+[2001-1458-303-21--100-4e]-9618&alias=b9p20p2920.cern.ch&noUDP&sock=startd_5829_c9a2>
	SlotName: slot1_5@b9p20p2920.cern.ch
	CondorScratchDir = "/pool/condor/dir_3866962"
	Cpus = 1
	Disk = 3013305
	Memory = 2000
...
006 (7158042.000.000) 09/23 16:04:28 Image size of job updated: 63504
	63  -  MemoryUsage of job (MB)
	63504  -  ResidentSetSize of job (KB)
...
006 (7158042.000.000) 09/23 16:09:28 Image size of job updated: 3662384
	3279  -  MemoryUsage of job (MB)
	3357124  -  ResidentSetSize of job (KB)
...
006 (7158042.000.000) 09/23 16:14:28 Image size of job updated: 3662384
	3369  -  MemoryUsage of job (MB)
	3449096  -  ResidentSetSize of job (KB)
...
006 (7158042.000.000) 09/23 16:19:29 Image size of job updated: 3662384
	3424  -  MemoryUsage of job (MB)
	3505432  -  ResidentSetSize of job (KB)
...
006 (7158042.000.000) 09/23 16:24:29 Image size of job updated: 3662384
	3488  -  MemoryUsage of job (MB)
	3571064  -  ResidentSetSize of job (KB)
...
006 (7158042.000.000) 09/23 16:29:29 Image size of job updated: 3662384
	3535  -  MemoryUsage of job (MB)
	3619604  -  ResidentSetSize of job (KB)
...
006 (7158042.000.000) 09/23 16:34:30 Image size of job updated: 3699752
	3610  -  MemoryUsage of job (MB)
	3696548  -  ResidentSetSize of job (KB)
...
006 (7158042.000.000) 09/23 16:39:31 Image size of job updated: 3746224
	3648  -  MemoryUsage of job (MB)
	3735260  -  ResidentSetSize of job (KB)
...
006 (7158042.000.000) 09/23 16:44:31 Image size of job updated: 3780420
	3648  -  MemoryUsage of job (MB)
	3735260  -  ResidentSetSize of job (KB)
...
040 (7158042.000.000) 09/24 22:07:02 Entered queue to transfer output files
...
040 (7158042.000.000) 09/24 22:07:03 Started transferring output files
...
040 (7158042.000.000) 09/24 22:07:18 Finished transferring output files
...
005 (7158042.000.000) 09/24 22:07:18 Job terminated.
	(1) Normal termination (return value 0)
		Usr 3 05:03:10, Sys 0 14:20:57  -  Run Remote Usage
		Usr 0 00:00:00, Sys 0 00:00:00  -  Run Local Usage
		Usr 3 05:03:10, Sys 0 14:20:57  -  Total Remote Usage
		Usr 0 00:00:00, Sys 0 00:00:00  -  Total Local Usage
	259626624  -  Run Bytes Sent By Job
	11077  -  Run Bytes Received By Job
	259626624  -  Total Bytes Sent By Job
	11077  -  Total Bytes Received By Job
	Partitionable Resources :     Usage  Request Allocated 
	   Cpus                 :      3.43        1         1 
	   Disk (KB)            : 253576          12   3013305 
	   Memory (MB)          :   3648        2000      2000 

	Job terminated of its own accord at 2024-09-24T20:06:56Z with exit-code 0.
...
