000 (6933704.000.000) 07/11 23:37:52 Job submitted from host: <137.138.55.115:9618?addrs=137.138.55.115-9618+[2001-1458-d00-17--12a]-9618&alias=bigbird23.cern.ch&noUDP&sock=schedd_23881_f548>
...
040 (6933704.000.000) 07/11 23:42:01 Started transferring input files
	Transferring to host: <128.142.59.131:9618?addrs=128.142.59.131-9618&alias=b7s04p4041.cern.ch&noUDP&sock=slot1_17_6914_49d2_193321>
...
040 (6933704.000.000) 07/11 23:42:01 Finished transferring input files
...
001 (6933704.000.000) 07/11 23:42:02 Job executing on host: <128.142.59.131:9618?addrs=128.142.59.131-9618&alias=b7s04p4041.cern.ch&noUDP&sock=startd_6849_6c3c>
	SlotName: slot1_17@b7s04p4041.cern.ch
...
006 (6933704.000.000) 07/11 23:42:11 Image size of job updated: 630548
	50  -  MemoryUsage of job (MB)
	50988  -  ResidentSetSize of job (KB)
...
006 (6933704.000.000) 07/11 23:47:12 Image size of job updated: 15584920
	1057  -  MemoryUsage of job (MB)
	1081572  -  ResidentSetSize of job (KB)
...
006 (6933704.000.000) 07/11 23:52:13 Image size of job updated: 15604880
	1150  -  MemoryUsage of job (MB)
	1177320  -  ResidentSetSize of job (KB)
...
006 (6933704.000.000) 07/11 23:57:13 Image size of job updated: 15605136
	1206  -  MemoryUsage of job (MB)
	1233924  -  ResidentSetSize of job (KB)
...
006 (6933704.000.000) 07/12 00:02:14 Image size of job updated: 15605392
	1243  -  MemoryUsage of job (MB)
	1272436  -  ResidentSetSize of job (KB)
...
006 (6933704.000.000) 07/12 00:07:15 Image size of job updated: 15605904
	1314  -  MemoryUsage of job (MB)
	1344532  -  ResidentSetSize of job (KB)
...
006 (6933704.000.000) 07/12 00:12:15 Image size of job updated: 15605904
	1339  -  MemoryUsage of job (MB)
	1370528  -  ResidentSetSize of job (KB)
...
006 (6933704.000.000) 07/12 00:17:15 Image size of job updated: 15606416
	1361  -  MemoryUsage of job (MB)
	1393288  -  ResidentSetSize of job (KB)
...
006 (6933704.000.000) 07/12 00:22:16 Image size of job updated: 15606416
	1371  -  MemoryUsage of job (MB)
	1403252  -  ResidentSetSize of job (KB)
...
006 (6933704.000.000) 07/12 00:27:17 Image size of job updated: 15606928
	1389  -  MemoryUsage of job (MB)
	1421440  -  ResidentSetSize of job (KB)
...
006 (6933704.000.000) 07/12 00:32:17 Image size of job updated: 15608208
	1410  -  MemoryUsage of job (MB)
	1443784  -  ResidentSetSize of job (KB)
...
006 (6933704.000.000) 07/12 00:37:17 Image size of job updated: 15608208
	1431  -  MemoryUsage of job (MB)
	1465300  -  ResidentSetSize of job (KB)
...
006 (6933704.000.000) 07/12 00:42:18 Image size of job updated: 15608720
	1445  -  MemoryUsage of job (MB)
	1478788  -  ResidentSetSize of job (KB)
...
006 (6933704.000.000) 07/12 00:47:18 Image size of job updated: 15608720
	1449  -  MemoryUsage of job (MB)
	1483300  -  ResidentSetSize of job (KB)
...
006 (6933704.000.000) 07/12 00:52:18 Image size of job updated: 15609232
	1455  -  MemoryUsage of job (MB)
	1489080  -  ResidentSetSize of job (KB)
...
006 (6933704.000.000) 07/12 00:57:18 Image size of job updated: 15609488
	1457  -  MemoryUsage of job (MB)
	1491900  -  ResidentSetSize of job (KB)
...
006 (6933704.000.000) 07/12 01:02:19 Image size of job updated: 15609488
	1468  -  MemoryUsage of job (MB)
	1502836  -  ResidentSetSize of job (KB)
...
006 (6933704.000.000) 07/12 01:07:20 Image size of job updated: 15610000
	1471  -  MemoryUsage of job (MB)
	1506056  -  ResidentSetSize of job (KB)
...
006 (6933704.000.000) 07/12 01:12:20 Image size of job updated: 15610512
	1475  -  MemoryUsage of job (MB)
	1509828  -  ResidentSetSize of job (KB)
...
006 (6933704.000.000) 07/12 01:17:21 Image size of job updated: 15610512
	1484  -  MemoryUsage of job (MB)
	1518884  -  ResidentSetSize of job (KB)
...
006 (6933704.000.000) 07/12 01:22:22 Image size of job updated: 15612560
	1486  -  MemoryUsage of job (MB)
	1520940  -  ResidentSetSize of job (KB)
...
006 (6933704.000.000) 07/12 01:27:22 Image size of job updated: 15612560
	1487  -  MemoryUsage of job (MB)
	1522648  -  ResidentSetSize of job (KB)
...
006 (6933704.000.000) 07/12 01:32:22 Image size of job updated: 15612560
	1489  -  MemoryUsage of job (MB)
	1524548  -  ResidentSetSize of job (KB)
...
006 (6933704.000.000) 07/12 01:37:23 Image size of job updated: 15613584
	1494  -  MemoryUsage of job (MB)
	1529692  -  ResidentSetSize of job (KB)
...
006 (6933704.000.000) 07/12 01:42:23 Image size of job updated: 15613584
	1501  -  MemoryUsage of job (MB)
	1536656  -  ResidentSetSize of job (KB)
...
006 (6933704.000.000) 07/12 01:47:23 Image size of job updated: 15614096
	1504  -  MemoryUsage of job (MB)
	1539888  -  ResidentSetSize of job (KB)
...
006 (6933704.000.000) 07/12 01:52:24 Image size of job updated: 15614096
	1509  -  MemoryUsage of job (MB)
	1544396  -  ResidentSetSize of job (KB)
...
006 (6933704.000.000) 07/12 01:57:24 Image size of job updated: 15614352
	1511  -  MemoryUsage of job (MB)
	1546284  -  ResidentSetSize of job (KB)
...
006 (6933704.000.000) 07/12 02:02:24 Image size of job updated: 15614864
	1516  -  MemoryUsage of job (MB)
	1551772  -  ResidentSetSize of job (KB)
...
006 (6933704.000.000) 07/12 02:07:25 Image size of job updated: 15614864
	1522  -  MemoryUsage of job (MB)
	1558160  -  ResidentSetSize of job (KB)
...
006 (6933704.000.000) 07/12 02:12:26 Image size of job updated: 15615632
	1530  -  MemoryUsage of job (MB)
	1565948  -  ResidentSetSize of job (KB)
...
006 (6933704.000.000) 07/12 02:17:26 Image size of job updated: 15634084
	1553  -  MemoryUsage of job (MB)
	1590220  -  ResidentSetSize of job (KB)
...
006 (6933704.000.000) 07/12 02:22:27 Image size of job updated: 15634084
	1559  -  MemoryUsage of job (MB)
	1596304  -  ResidentSetSize of job (KB)
...
006 (6933704.000.000) 07/12 02:27:28 Image size of job updated: 15634856
	1563  -  MemoryUsage of job (MB)
	1599884  -  ResidentSetSize of job (KB)
...
006 (6933704.000.000) 07/12 02:32:28 Image size of job updated: 15635112
	1571  -  MemoryUsage of job (MB)
	1608364  -  ResidentSetSize of job (KB)
...
006 (6933704.000.000) 07/12 02:37:29 Image size of job updated: 15635112
	1575  -  MemoryUsage of job (MB)
	1612016  -  ResidentSetSize of job (KB)
...
006 (6933704.000.000) 07/12 02:42:30 Image size of job updated: 15635112
	1577  -  MemoryUsage of job (MB)
	1614604  -  ResidentSetSize of job (KB)
...
006 (6933704.000.000) 07/12 02:47:30 Image size of job updated: 15636960
	1578  -  MemoryUsage of job (MB)
	1615452  -  ResidentSetSize of job (KB)
...
006 (6933704.000.000) 07/12 02:52:30 Image size of job updated: 15637472
	1578  -  MemoryUsage of job (MB)
	1615848  -  ResidentSetSize of job (KB)
...
006 (6933704.000.000) 07/12 02:57:31 Image size of job updated: 15637728
	1582  -  MemoryUsage of job (MB)
	1619764  -  ResidentSetSize of job (KB)
...
006 (6933704.000.000) 07/12 03:02:31 Image size of job updated: 15637984
	1586  -  MemoryUsage of job (MB)
	1624052  -  ResidentSetSize of job (KB)
...
006 (6933704.000.000) 07/12 03:07:31 Image size of job updated: 15637984
	1588  -  MemoryUsage of job (MB)
	1625888  -  ResidentSetSize of job (KB)
...
006 (6933704.000.000) 07/12 03:12:32 Image size of job updated: 15638496
	1596  -  MemoryUsage of job (MB)
	1634088  -  ResidentSetSize of job (KB)
...
006 (6933704.000.000) 07/12 03:17:33 Image size of job updated: 15638496
	1598  -  MemoryUsage of job (MB)
	1636240  -  ResidentSetSize of job (KB)
...
006 (6933704.000.000) 07/12 03:22:33 Image size of job updated: 15638496
	1604  -  MemoryUsage of job (MB)
	1642104  -  ResidentSetSize of job (KB)
...
006 (6933704.000.000) 07/12 03:27:34 Image size of job updated: 15638496
	1607  -  MemoryUsage of job (MB)
	1645216  -  ResidentSetSize of job (KB)
...
006 (6933704.000.000) 07/12 03:32:35 Image size of job updated: 15638752
	1611  -  MemoryUsage of job (MB)
	1648940  -  ResidentSetSize of job (KB)
...
006 (6933704.000.000) 07/12 03:37:35 Image size of job updated: 15638752
	1613  -  MemoryUsage of job (MB)
	1651324  -  ResidentSetSize of job (KB)
...
006 (6933704.000.000) 07/12 03:42:35 Image size of job updated: 15638752
	1618  -  MemoryUsage of job (MB)
	1656384  -  ResidentSetSize of job (KB)
...
006 (6933704.000.000) 07/12 03:47:36 Image size of job updated: 15638752
	1620  -  MemoryUsage of job (MB)
	1657864  -  ResidentSetSize of job (KB)
...
006 (6933704.000.000) 07/12 03:52:36 Image size of job updated: 15638752
	1620  -  MemoryUsage of job (MB)
	1658608  -  ResidentSetSize of job (KB)
...
006 (6933704.000.000) 07/12 03:57:36 Image size of job updated: 15639008
	1622  -  MemoryUsage of job (MB)
	1660484  -  ResidentSetSize of job (KB)
...
006 (6933704.000.000) 07/12 04:02:38 Image size of job updated: 15639008
	1624  -  MemoryUsage of job (MB)
	1662544  -  ResidentSetSize of job (KB)
...
006 (6933704.000.000) 07/12 04:07:38 Image size of job updated: 15639008
	1625  -  MemoryUsage of job (MB)
	1663084  -  ResidentSetSize of job (KB)
...
006 (6933704.000.000) 07/12 04:12:38 Image size of job updated: 15639196
	1626  -  MemoryUsage of job (MB)
	1664284  -  ResidentSetSize of job (KB)
...
006 (6933704.000.000) 07/12 04:17:39 Image size of job updated: 15639196
	1626  -  MemoryUsage of job (MB)
	1664808  -  ResidentSetSize of job (KB)
...
006 (6933704.000.000) 07/12 04:22:40 Image size of job updated: 15639196
	1628  -  MemoryUsage of job (MB)
	1666152  -  ResidentSetSize of job (KB)
...
006 (6933704.000.000) 07/12 04:27:40 Image size of job updated: 15639196
	1629  -  MemoryUsage of job (MB)
	1667740  -  ResidentSetSize of job (KB)
...
006 (6933704.000.000) 07/12 04:32:40 Image size of job updated: 15639196
	1630  -  MemoryUsage of job (MB)
	1668680  -  ResidentSetSize of job (KB)
...
006 (6933704.000.000) 07/12 04:37:41 Image size of job updated: 15639452
	1632  -  MemoryUsage of job (MB)
	1670476  -  ResidentSetSize of job (KB)
...
006 (6933704.000.000) 07/12 04:42:41 Image size of job updated: 15639452
	1633  -  MemoryUsage of job (MB)
	1671216  -  ResidentSetSize of job (KB)
...
006 (6933704.000.000) 07/12 04:47:41 Image size of job updated: 15639452
	1634  -  MemoryUsage of job (MB)
	1672276  -  ResidentSetSize of job (KB)
...
006 (6933704.000.000) 07/12 04:52:42 Image size of job updated: 15639452
	1634  -  MemoryUsage of job (MB)
	1673036  -  ResidentSetSize of job (KB)
...
006 (6933704.000.000) 07/12 04:57:43 Image size of job updated: 15639452
	1637  -  MemoryUsage of job (MB)
	1675288  -  ResidentSetSize of job (KB)
...
006 (6933704.000.000) 07/12 05:02:43 Image size of job updated: 15640344
	1640  -  MemoryUsage of job (MB)
	1678968  -  ResidentSetSize of job (KB)
...
006 (6933704.000.000) 07/12 05:07:44 Image size of job updated: 15641016
	1645  -  MemoryUsage of job (MB)
	1683580  -  ResidentSetSize of job (KB)
...
006 (6933704.000.000) 07/12 05:12:45 Image size of job updated: 15641272
	1646  -  MemoryUsage of job (MB)
	1684612  -  ResidentSetSize of job (KB)
...
006 (6933704.000.000) 07/12 05:17:45 Image size of job updated: 15641272
	1646  -  MemoryUsage of job (MB)
	1685100  -  ResidentSetSize of job (KB)
...
006 (6933704.000.000) 07/12 05:22:45 Image size of job updated: 15641528
	1646  -  MemoryUsage of job (MB)
	1685392  -  ResidentSetSize of job (KB)
...
006 (6933704.000.000) 07/12 05:27:46 Image size of job updated: 15641528
	1647  -  MemoryUsage of job (MB)
	1685988  -  ResidentSetSize of job (KB)
...
006 (6933704.000.000) 07/12 05:32:46 Image size of job updated: 15641784
	1649  -  MemoryUsage of job (MB)
	1687668  -  ResidentSetSize of job (KB)
...
006 (6933704.000.000) 07/12 05:37:46 Image size of job updated: 15642040
	1649  -  MemoryUsage of job (MB)
	1687668  -  ResidentSetSize of job (KB)
...
006 (6933704.000.000) 07/12 05:42:47 Image size of job updated: 15642040
	1649  -  MemoryUsage of job (MB)
	1688552  -  ResidentSetSize of job (KB)
...
006 (6933704.000.000) 07/12 05:47:47 Image size of job updated: 15642296
	1652  -  MemoryUsage of job (MB)
	1690656  -  ResidentSetSize of job (KB)
...
006 (6933704.000.000) 07/12 05:52:47 Image size of job updated: 15642552
	1652  -  MemoryUsage of job (MB)
	1691404  -  ResidentSetSize of job (KB)
...
006 (6933704.000.000) 07/12 05:57:48 Image size of job updated: 15642552
	1661  -  MemoryUsage of job (MB)
	1700632  -  ResidentSetSize of job (KB)
...
006 (6933704.000.000) 07/12 06:02:49 Image size of job updated: 15642808
	1662  -  MemoryUsage of job (MB)
	1701252  -  ResidentSetSize of job (KB)
...
006 (6933704.000.000) 07/12 06:07:49 Image size of job updated: 15642808
	1663  -  MemoryUsage of job (MB)
	1702532  -  ResidentSetSize of job (KB)
...
006 (6933704.000.000) 07/12 06:12:50 Image size of job updated: 15643064
	1664  -  MemoryUsage of job (MB)
	1703208  -  ResidentSetSize of job (KB)
...
006 (6933704.000.000) 07/12 06:17:51 Image size of job updated: 15643320
	1665  -  MemoryUsage of job (MB)
	1704128  -  ResidentSetSize of job (KB)
...
006 (6933704.000.000) 07/12 06:22:51 Image size of job updated: 15643320
	1667  -  MemoryUsage of job (MB)
	1706148  -  ResidentSetSize of job (KB)
...
006 (6933704.000.000) 07/12 06:27:52 Image size of job updated: 15643576
	1667  -  MemoryUsage of job (MB)
	1706868  -  ResidentSetSize of job (KB)
...
006 (6933704.000.000) 07/12 06:32:53 Image size of job updated: 15643832
	1668  -  MemoryUsage of job (MB)
	1707908  -  ResidentSetSize of job (KB)
...
006 (6933704.000.000) 07/12 06:37:53 Image size of job updated: 15643832
	1669  -  MemoryUsage of job (MB)
	1708108  -  ResidentSetSize of job (KB)
...
006 (6933704.000.000) 07/12 06:42:53 Image size of job updated: 15644088
	1672  -  MemoryUsage of job (MB)
	1711928  -  ResidentSetSize of job (KB)
...
006 (6933704.000.000) 07/12 06:52:54 Image size of job updated: 15644088
	1676  -  MemoryUsage of job (MB)
	1715480  -  ResidentSetSize of job (KB)
...
006 (6933704.000.000) 07/12 06:57:54 Image size of job updated: 15645188
	1676  -  MemoryUsage of job (MB)
	1715896  -  ResidentSetSize of job (KB)
...
006 (6933704.000.000) 07/12 07:02:55 Image size of job updated: 15645188
	1678  -  MemoryUsage of job (MB)
	1717620  -  ResidentSetSize of job (KB)
...
006 (6933704.000.000) 07/12 07:07:55 Image size of job updated: 15645444
	1680  -  MemoryUsage of job (MB)
	1720276  -  ResidentSetSize of job (KB)
...
006 (6933704.000.000) 07/12 07:12:55 Image size of job updated: 15645700
	1682  -  MemoryUsage of job (MB)
	1721804  -  ResidentSetSize of job (KB)
...
006 (6933704.000.000) 07/12 07:17:56 Image size of job updated: 15645956
	1682  -  MemoryUsage of job (MB)
	1721804  -  ResidentSetSize of job (KB)
...
006 (6933704.000.000) 07/12 07:22:57 Image size of job updated: 15645956
	1685  -  MemoryUsage of job (MB)
	1725308  -  ResidentSetSize of job (KB)
...
006 (6933704.000.000) 07/12 07:27:57 Image size of job updated: 15645956
	1685  -  MemoryUsage of job (MB)
	1725380  -  ResidentSetSize of job (KB)
...
006 (6933704.000.000) 07/12 07:37:59 Image size of job updated: 15645956
	1686  -  MemoryUsage of job (MB)
	1725648  -  ResidentSetSize of job (KB)
...
006 (6933704.000.000) 07/12 07:42:59 Image size of job updated: 15645956
	1686  -  MemoryUsage of job (MB)
	1725660  -  ResidentSetSize of job (KB)
...
006 (6933704.000.000) 07/12 07:47:59 Image size of job updated: 15646632
	1687  -  MemoryUsage of job (MB)
	1726508  -  ResidentSetSize of job (KB)
...
006 (6933704.000.000) 07/12 07:53:00 Image size of job updated: 15646888
	1687  -  MemoryUsage of job (MB)
	1727036  -  ResidentSetSize of job (KB)
...
006 (6933704.000.000) 07/12 07:58:00 Image size of job updated: 15646888
	1688  -  MemoryUsage of job (MB)
	1728432  -  ResidentSetSize of job (KB)
...
006 (6933704.000.000) 07/12 08:13:02 Image size of job updated: 15646888
	1689  -  MemoryUsage of job (MB)
	1728688  -  ResidentSetSize of job (KB)
...
006 (6933704.000.000) 07/12 08:28:04 Image size of job updated: 15646888
	1689  -  MemoryUsage of job (MB)
	1728852  -  ResidentSetSize of job (KB)
...
006 (6933704.000.000) 07/12 08:33:04 Image size of job updated: 15646888
	1689  -  MemoryUsage of job (MB)
	1728884  -  ResidentSetSize of job (KB)
...
006 (6933704.000.000) 07/12 08:38:04 Image size of job updated: 15646888
	1689  -  MemoryUsage of job (MB)
	1729400  -  ResidentSetSize of job (KB)
...
006 (6933704.000.000) 07/12 08:43:05 Image size of job updated: 15646888
	1690  -  MemoryUsage of job (MB)
	1729884  -  ResidentSetSize of job (KB)
...
006 (6933704.000.000) 07/12 08:48:05 Image size of job updated: 15647144
	1694  -  MemoryUsage of job (MB)
	1734328  -  ResidentSetSize of job (KB)
...
006 (6933704.000.000) 07/12 08:53:05 Image size of job updated: 15647144
	1694  -  MemoryUsage of job (MB)
	1734356  -  ResidentSetSize of job (KB)
...
006 (6933704.000.000) 07/12 08:58:06 Image size of job updated: 15647144
	1696  -  MemoryUsage of job (MB)
	1736612  -  ResidentSetSize of job (KB)
...
006 (6933704.000.000) 07/12 09:03:07 Image size of job updated: 15647400
	1696  -  MemoryUsage of job (MB)
	1736612  -  ResidentSetSize of job (KB)
...
006 (6933704.000.000) 07/12 09:08:07 Image size of job updated: 15647400
	1697  -  MemoryUsage of job (MB)
	1737052  -  ResidentSetSize of job (KB)
...
006 (6933704.000.000) 07/12 09:18:09 Image size of job updated: 15647400
	1697  -  MemoryUsage of job (MB)
	1737680  -  ResidentSetSize of job (KB)
...
006 (6933704.000.000) 07/12 09:23:09 Image size of job updated: 15647656
	1697  -  MemoryUsage of job (MB)
	1737680  -  ResidentSetSize of job (KB)
...
006 (6933704.000.000) 07/12 09:33:10 Image size of job updated: 15647656
	1698  -  MemoryUsage of job (MB)
	1738076  -  ResidentSetSize of job (KB)
...
006 (6933704.000.000) 07/12 09:38:10 Image size of job updated: 15647912
	1698  -  MemoryUsage of job (MB)
	1738316  -  ResidentSetSize of job (KB)
...
006 (6933704.000.000) 07/12 09:43:10 Image size of job updated: 15647912
	1698  -  MemoryUsage of job (MB)
	1738524  -  ResidentSetSize of job (KB)
...
006 (6933704.000.000) 07/12 09:48:11 Image size of job updated: 15648168
	1699  -  MemoryUsage of job (MB)
	1739488  -  ResidentSetSize of job (KB)
...
006 (6933704.000.000) 07/12 10:03:12 Image size of job updated: 15648424
	1699  -  MemoryUsage of job (MB)
	1739488  -  ResidentSetSize of job (KB)
...
006 (6933704.000.000) 07/12 10:08:13 Image size of job updated: 15648424
	1699  -  MemoryUsage of job (MB)
	1739676  -  ResidentSetSize of job (KB)
...
006 (6933704.000.000) 07/12 10:18:14 Image size of job updated: 15648424
	1700  -  MemoryUsage of job (MB)
	1740096  -  ResidentSetSize of job (KB)
...
006 (6933704.000.000) 07/12 10:23:15 Image size of job updated: 15648680
	1700  -  MemoryUsage of job (MB)
	1740700  -  ResidentSetSize of job (KB)
...
006 (6933704.000.000) 07/12 10:28:15 Image size of job updated: 15648680
	1700  -  MemoryUsage of job (MB)
	1740772  -  ResidentSetSize of job (KB)
...
006 (6933704.000.000) 07/12 10:38:17 Image size of job updated: 15648680
	1701  -  MemoryUsage of job (MB)
	1740868  -  ResidentSetSize of job (KB)
...
006 (6933704.000.000) 07/12 10:43:17 Image size of job updated: 15648680
	1701  -  MemoryUsage of job (MB)
	1740904  -  ResidentSetSize of job (KB)
...
006 (6933704.000.000) 07/12 10:48:17 Image size of job updated: 15648680
	1703  -  MemoryUsage of job (MB)
	1742952  -  ResidentSetSize of job (KB)
...
006 (6933704.000.000) 07/12 10:53:18 Image size of job updated: 15648680
	1703  -  MemoryUsage of job (MB)
	1742992  -  ResidentSetSize of job (KB)
...
006 (6933704.000.000) 07/12 10:58:18 Image size of job updated: 15648680
	1704  -  MemoryUsage of job (MB)
	1744148  -  ResidentSetSize of job (KB)
...
006 (6933704.000.000) 07/12 11:03:18 Image size of job updated: 15648680
	1704  -  MemoryUsage of job (MB)
	1744332  -  ResidentSetSize of job (KB)
...
006 (6933704.000.000) 07/12 11:13:19 Image size of job updated: 15648936
	1704  -  MemoryUsage of job (MB)
	1744512  -  ResidentSetSize of job (KB)
...
006 (6933704.000.000) 07/12 11:23:20 Image size of job updated: 15648936
	1704  -  MemoryUsage of job (MB)
	1744628  -  ResidentSetSize of job (KB)
...
006 (6933704.000.000) 07/12 11:28:21 Image size of job updated: 15648936
	1705  -  MemoryUsage of job (MB)
	1745396  -  ResidentSetSize of job (KB)
...
006 (6933704.000.000) 07/12 11:38:22 Image size of job updated: 15648936
	1705  -  MemoryUsage of job (MB)
	1745552  -  ResidentSetSize of job (KB)
...
006 (6933704.000.000) 07/12 11:43:23 Image size of job updated: 15648936
	1705  -  MemoryUsage of job (MB)
	1745576  -  ResidentSetSize of job (KB)
...
006 (6933704.000.000) 07/12 11:48:23 Image size of job updated: 15648936
	1708  -  MemoryUsage of job (MB)
	1748064  -  ResidentSetSize of job (KB)
...
006 (6933704.000.000) 07/12 11:53:24 Image size of job updated: 15648936
	1708  -  MemoryUsage of job (MB)
	1748068  -  ResidentSetSize of job (KB)
...
006 (6933704.000.000) 07/12 12:03:25 Image size of job updated: 15648936
	1708  -  MemoryUsage of job (MB)
	1748392  -  ResidentSetSize of job (KB)
...
006 (6933704.000.000) 07/12 12:08:26 Image size of job updated: 15649192
	1708  -  MemoryUsage of job (MB)
	1748392  -  ResidentSetSize of job (KB)
...
006 (6933704.000.000) 07/12 12:23:27 Image size of job updated: 15649192
	1708  -  MemoryUsage of job (MB)
	1748428  -  ResidentSetSize of job (KB)
...
006 (6933704.000.000) 07/12 12:28:28 Image size of job updated: 15649192
	1708  -  MemoryUsage of job (MB)
	1748976  -  ResidentSetSize of job (KB)
...
006 (6933704.000.000) 07/12 12:38:28 Image size of job updated: 15649448
	1709  -  MemoryUsage of job (MB)
	1749376  -  ResidentSetSize of job (KB)
...
006 (6933704.000.000) 07/12 12:58:31 Image size of job updated: 15649704
	1709  -  MemoryUsage of job (MB)
	1749376  -  ResidentSetSize of job (KB)
...
006 (6933704.000.000) 07/12 13:03:32 Image size of job updated: 15649704
	1709  -  MemoryUsage of job (MB)
	1749496  -  ResidentSetSize of job (KB)
...
006 (6933704.000.000) 07/12 13:13:33 Image size of job updated: 15649704
	1709  -  MemoryUsage of job (MB)
	1749812  -  ResidentSetSize of job (KB)
...
006 (6933704.000.000) 07/12 13:18:34 Image size of job updated: 15649960
	1709  -  MemoryUsage of job (MB)
	1749812  -  ResidentSetSize of job (KB)
...
006 (6933704.000.000) 07/12 13:33:35 Image size of job updated: 15649960
	1709  -  MemoryUsage of job (MB)
	1749948  -  ResidentSetSize of job (KB)
...
006 (6933704.000.000) 07/12 13:38:35 Image size of job updated: 15650216
	1709  -  MemoryUsage of job (MB)
	1749948  -  ResidentSetSize of job (KB)
...
006 (6933704.000.000) 07/12 13:48:36 Image size of job updated: 15650216
	1710  -  MemoryUsage of job (MB)
	1750152  -  ResidentSetSize of job (KB)
...
006 (6933704.000.000) 07/12 13:53:37 Image size of job updated: 15650216
	1710  -  MemoryUsage of job (MB)
	1750160  -  ResidentSetSize of job (KB)
...
006 (6933704.000.000) 07/12 14:03:38 Image size of job updated: 15650216
	1710  -  MemoryUsage of job (MB)
	1750172  -  ResidentSetSize of job (KB)
...
006 (6933704.000.000) 07/12 14:13:39 Image size of job updated: 15650216
	1710  -  MemoryUsage of job (MB)
	1750708  -  ResidentSetSize of job (KB)
...
006 (6933704.000.000) 07/12 14:18:39 Image size of job updated: 15650216
	1710  -  MemoryUsage of job (MB)
	1750768  -  ResidentSetSize of job (KB)
...
006 (6933704.000.000) 07/12 14:23:40 Image size of job updated: 15650216
	1711  -  MemoryUsage of job (MB)
	1751544  -  ResidentSetSize of job (KB)
...
006 (6933704.000.000) 07/12 14:33:41 Image size of job updated: 15650216
	1711  -  MemoryUsage of job (MB)
	1751704  -  ResidentSetSize of job (KB)
...
006 (6933704.000.000) 07/12 15:03:45 Image size of job updated: 15650472
	1711  -  MemoryUsage of job (MB)
	1751704  -  ResidentSetSize of job (KB)
...
006 (6933704.000.000) 07/12 15:23:47 Image size of job updated: 15650472
	1711  -  MemoryUsage of job (MB)
	1752008  -  ResidentSetSize of job (KB)
...
006 (6933704.000.000) 07/12 15:28:48 Image size of job updated: 15650472
	1712  -  MemoryUsage of job (MB)
	1752288  -  ResidentSetSize of job (KB)
...
006 (6933704.000.000) 07/12 15:33:48 Image size of job updated: 15650472
	1712  -  MemoryUsage of job (MB)
	1752440  -  ResidentSetSize of job (KB)
...
006 (6933704.000.000) 07/12 15:43:50 Image size of job updated: 15650472
	1712  -  MemoryUsage of job (MB)
	1753020  -  ResidentSetSize of job (KB)
...
006 (6933704.000.000) 07/12 15:53:51 Image size of job updated: 15650472
	1712  -  MemoryUsage of job (MB)
	1753032  -  ResidentSetSize of job (KB)
...
006 (6933704.000.000) 07/12 15:58:52 Image size of job updated: 15650472
	1713  -  MemoryUsage of job (MB)
	1753096  -  ResidentSetSize of job (KB)
...
006 (6933704.000.000) 07/12 16:03:52 Image size of job updated: 15650472
	1713  -  MemoryUsage of job (MB)
	1753324  -  ResidentSetSize of job (KB)
...
006 (6933704.000.000) 07/12 16:08:53 Image size of job updated: 15650472
	1713  -  MemoryUsage of job (MB)
	1753352  -  ResidentSetSize of job (KB)
...
006 (6933704.000.000) 07/12 16:18:54 Image size of job updated: 15650472
	1713  -  MemoryUsage of job (MB)
	1753380  -  ResidentSetSize of job (KB)
...
006 (6933704.000.000) 07/12 16:23:54 Image size of job updated: 15650472
	1713  -  MemoryUsage of job (MB)
	1753752  -  ResidentSetSize of job (KB)
...
006 (6933704.000.000) 07/12 16:28:55 Image size of job updated: 15650472
	1713  -  MemoryUsage of job (MB)
	1754100  -  ResidentSetSize of job (KB)
...
006 (6933704.000.000) 07/12 16:38:55 Image size of job updated: 15650472
	1714  -  MemoryUsage of job (MB)
	1754192  -  ResidentSetSize of job (KB)
...
006 (6933704.000.000) 07/12 16:53:57 Image size of job updated: 15650472
	1714  -  MemoryUsage of job (MB)
	1754300  -  ResidentSetSize of job (KB)
...
006 (6933704.000.000) 07/12 17:19:01 Image size of job updated: 15650728
	1714  -  MemoryUsage of job (MB)
	1754932  -  ResidentSetSize of job (KB)
...
006 (6933704.000.000) 07/12 17:29:02 Image size of job updated: 15650728
	1715  -  MemoryUsage of job (MB)
	1755232  -  ResidentSetSize of job (KB)
...
040 (6933704.000.000) 07/12 17:36:21 Started transferring output files
...
040 (6933704.000.000) 07/12 17:36:29 Finished transferring output files
...
005 (6933704.000.000) 07/12 17:36:29 Job terminated.
	(1) Normal termination (return value 0)
		Usr 1 07:35:37, Sys 0 04:22:21  -  Run Remote Usage
		Usr 0 00:00:00, Sys 0 00:00:00  -  Run Local Usage
		Usr 1 07:35:37, Sys 0 04:22:21  -  Total Remote Usage
		Usr 0 00:00:00, Sys 0 00:00:00  -  Total Local Usage
	148399904  -  Run Bytes Sent By Job
	11100  -  Run Bytes Received By Job
	148399904  -  Total Bytes Sent By Job
	11100  -  Total Bytes Received By Job
	Partitionable Resources :     Usage  Request Allocated 
	   Cpus                 :      2.58        1         1 
	   Disk (KB)            : 144955          12   1216876 
	   Memory (MB)          :   1715        2000      2000 

	Job terminated of its own accord at 2024-07-12T15:36:21Z with exit-code 0.
...
000 (6942391.000.000) 07/15 22:08:52 Job submitted from host: <137.138.55.115:9618?addrs=137.138.55.115-9618+[2001-1458-d00-17--12a]-9618&alias=bigbird23.cern.ch&noUDP&sock=schedd_23881_f548>
...
000 (6942392.000.000) 07/15 22:09:09 Job submitted from host: <137.138.55.115:9618?addrs=137.138.55.115-9618+[2001-1458-d00-17--12a]-9618&alias=bigbird23.cern.ch&noUDP&sock=schedd_23881_f548>
...
009 (6942391.000.000) 07/15 22:09:16 Job was aborted.
	via condor_rm (by user fsalerno)
...
009 (6942392.000.000) 07/15 22:09:16 Job was aborted.
	via condor_rm (by user fsalerno)
...
000 (6942393.000.000) 07/15 22:09:20 Job submitted from host: <137.138.55.115:9618?addrs=137.138.55.115-9618+[2001-1458-d00-17--12a]-9618&alias=bigbird23.cern.ch&noUDP&sock=schedd_23881_f548>
...
040 (6942393.000.000) 07/15 22:36:11 Started transferring input files
	Transferring to host: <128.142.59.42:9618?addrs=128.142.59.42-9618+[2001-1458-301-21--100-29]-9618&alias=b7s04p6521.cern.ch&noUDP&sock=slot1_2_3359_7822_19556>
...
040 (6942393.000.000) 07/15 22:36:11 Finished transferring input files
...
001 (6942393.000.000) 07/15 22:36:12 Job executing on host: <128.142.59.42:9618?addrs=128.142.59.42-9618+[2001-1458-301-21--100-29]-9618&alias=b7s04p6521.cern.ch&noUDP&sock=startd_2962_439c>
	SlotName: slot1_2@b7s04p6521.cern.ch
...
006 (6942393.000.000) 07/15 22:36:21 Image size of job updated: 109824
	40  -  MemoryUsage of job (MB)
	39972  -  ResidentSetSize of job (KB)
...
006 (6942393.000.000) 07/15 22:37:27 Image size of job updated: 1067172
	40  -  MemoryUsage of job (MB)
	39972  -  ResidentSetSize of job (KB)
...
040 (6942393.000.000) 07/15 22:37:27 Started transferring output files
...
040 (6942393.000.000) 07/15 22:37:33 Finished transferring output files
...
005 (6942393.000.000) 07/15 22:37:33 Job terminated.
	(1) Normal termination (return value 1)
		Usr 0 00:00:09, Sys 0 00:00:03  -  Run Remote Usage
		Usr 0 00:00:00, Sys 0 00:00:00  -  Run Local Usage
		Usr 0 00:00:09, Sys 0 00:00:03  -  Total Remote Usage
		Usr 0 00:00:00, Sys 0 00:00:00  -  Total Local Usage
	7721  -  Run Bytes Sent By Job
	11092  -  Run Bytes Received By Job
	7721  -  Total Bytes Sent By Job
	11092  -  Total Bytes Received By Job
	Partitionable Resources :    Usage  Request Allocated 
	   Cpus                 :                 1         1 
	   Disk (KB)            :       32       12   1220582 
	   Memory (MB)          :       40     2000      2000 

	Job terminated of its own accord at 2024-07-15T20:37:27Z with exit-code 1.
...
000 (6942466.000.000) 07/16 00:47:28 Job submitted from host: <137.138.55.115:9618?addrs=137.138.55.115-9618+[2001-1458-d00-17--12a]-9618&alias=bigbird23.cern.ch&noUDP&sock=schedd_23881_f548>
...
040 (6942466.000.000) 07/16 01:03:24 Started transferring input files
	Transferring to host: <128.142.59.42:9618?addrs=128.142.59.42-9618+[2001-1458-301-21--100-29]-9618&alias=b7s04p6521.cern.ch&noUDP&sock=slot1_19_3359_7822_19635>
...
040 (6942466.000.000) 07/16 01:03:24 Finished transferring input files
...
001 (6942466.000.000) 07/16 01:03:25 Job executing on host: <128.142.59.42:9618?addrs=128.142.59.42-9618+[2001-1458-301-21--100-29]-9618&alias=b7s04p6521.cern.ch&noUDP&sock=startd_2962_439c>
	SlotName: slot1_19@b7s04p6521.cern.ch
...
006 (6942466.000.000) 07/16 01:03:33 Image size of job updated: 208652
	127  -  MemoryUsage of job (MB)
	129032  -  ResidentSetSize of job (KB)
...
006 (6942466.000.000) 07/16 01:08:33 Image size of job updated: 15599624
	1070  -  MemoryUsage of job (MB)
	1094860  -  ResidentSetSize of job (KB)
...
006 (6942466.000.000) 07/16 01:13:34 Image size of job updated: 15600392
	1177  -  MemoryUsage of job (MB)
	1204320  -  ResidentSetSize of job (KB)
...
006 (6942466.000.000) 07/16 01:18:35 Image size of job updated: 15608856
	1253  -  MemoryUsage of job (MB)
	1282128  -  ResidentSetSize of job (KB)
...
006 (6942466.000.000) 07/16 01:23:35 Image size of job updated: 15608856
	1307  -  MemoryUsage of job (MB)
	1337816  -  ResidentSetSize of job (KB)
...
006 (6942466.000.000) 07/16 01:28:36 Image size of job updated: 15608856
	1330  -  MemoryUsage of job (MB)
	1361588  -  ResidentSetSize of job (KB)
...
006 (6942466.000.000) 07/16 01:33:37 Image size of job updated: 15608856
	1343  -  MemoryUsage of job (MB)
	1374852  -  ResidentSetSize of job (KB)
...
006 (6942466.000.000) 07/16 01:38:37 Image size of job updated: 15610648
	1349  -  MemoryUsage of job (MB)
	1381196  -  ResidentSetSize of job (KB)
...
006 (6942466.000.000) 07/16 01:43:37 Image size of job updated: 15611672
	1367  -  MemoryUsage of job (MB)
	1399736  -  ResidentSetSize of job (KB)
...
006 (6942466.000.000) 07/16 01:48:38 Image size of job updated: 15612184
	1381  -  MemoryUsage of job (MB)
	1413512  -  ResidentSetSize of job (KB)
...
006 (6942466.000.000) 07/16 01:53:39 Image size of job updated: 15612184
	1391  -  MemoryUsage of job (MB)
	1424288  -  ResidentSetSize of job (KB)
...
006 (6942466.000.000) 07/16 01:58:39 Image size of job updated: 15612952
	1399  -  MemoryUsage of job (MB)
	1432352  -  ResidentSetSize of job (KB)
...
006 (6942466.000.000) 07/16 02:03:39 Image size of job updated: 15613464
	1402  -  MemoryUsage of job (MB)
	1435628  -  ResidentSetSize of job (KB)
...
006 (6942466.000.000) 07/16 02:08:40 Image size of job updated: 15613720
	1409  -  MemoryUsage of job (MB)
	1442032  -  ResidentSetSize of job (KB)
...
006 (6942466.000.000) 07/16 02:13:40 Image size of job updated: 15614488
	1413  -  MemoryUsage of job (MB)
	1446292  -  ResidentSetSize of job (KB)
...
006 (6942466.000.000) 07/16 02:18:40 Image size of job updated: 15616024
	1417  -  MemoryUsage of job (MB)
	1450280  -  ResidentSetSize of job (KB)
...
006 (6942466.000.000) 07/16 02:23:41 Image size of job updated: 15616024
	1423  -  MemoryUsage of job (MB)
	1456320  -  ResidentSetSize of job (KB)
...
006 (6942466.000.000) 07/16 02:28:42 Image size of job updated: 15618224
	1428  -  MemoryUsage of job (MB)
	1461880  -  ResidentSetSize of job (KB)
...
006 (6942466.000.000) 07/16 02:33:42 Image size of job updated: 15618224
	1432  -  MemoryUsage of job (MB)
	1465644  -  ResidentSetSize of job (KB)
...
006 (6942466.000.000) 07/16 02:38:42 Image size of job updated: 15618736
	1434  -  MemoryUsage of job (MB)
	1467540  -  ResidentSetSize of job (KB)
...
006 (6942466.000.000) 07/16 02:43:43 Image size of job updated: 15618992
	1435  -  MemoryUsage of job (MB)
	1468944  -  ResidentSetSize of job (KB)
...
006 (6942466.000.000) 07/16 02:48:43 Image size of job updated: 15618992
	1442  -  MemoryUsage of job (MB)
	1475992  -  ResidentSetSize of job (KB)
...
006 (6942466.000.000) 07/16 02:53:43 Image size of job updated: 15618992
	1448  -  MemoryUsage of job (MB)
	1481772  -  ResidentSetSize of job (KB)
...
006 (6942466.000.000) 07/16 02:58:44 Image size of job updated: 15620528
	1462  -  MemoryUsage of job (MB)
	1496376  -  ResidentSetSize of job (KB)
...
006 (6942466.000.000) 07/16 03:03:45 Image size of job updated: 15628472
	1480  -  MemoryUsage of job (MB)
	1515296  -  ResidentSetSize of job (KB)
...
006 (6942466.000.000) 07/16 03:08:45 Image size of job updated: 15633000
	1495  -  MemoryUsage of job (MB)
	1530072  -  ResidentSetSize of job (KB)
...
006 (6942466.000.000) 07/16 03:13:45 Image size of job updated: 15639156
	1502  -  MemoryUsage of job (MB)
	1537624  -  ResidentSetSize of job (KB)
...
006 (6942466.000.000) 07/16 03:18:46 Image size of job updated: 15639156
	1505  -  MemoryUsage of job (MB)
	1540356  -  ResidentSetSize of job (KB)
...
006 (6942466.000.000) 07/16 03:23:46 Image size of job updated: 15644456
	1512  -  MemoryUsage of job (MB)
	1547952  -  ResidentSetSize of job (KB)
...
006 (6942466.000.000) 07/16 03:28:46 Image size of job updated: 15644456
	1516  -  MemoryUsage of job (MB)
	1551872  -  ResidentSetSize of job (KB)
...
006 (6942466.000.000) 07/16 03:33:47 Image size of job updated: 15644712
	1521  -  MemoryUsage of job (MB)
	1556684  -  ResidentSetSize of job (KB)
...
006 (6942466.000.000) 07/16 03:38:48 Image size of job updated: 15645224
	1527  -  MemoryUsage of job (MB)
	1563212  -  ResidentSetSize of job (KB)
...
006 (6942466.000.000) 07/16 03:43:48 Image size of job updated: 15645480
	1537  -  MemoryUsage of job (MB)
	1573076  -  ResidentSetSize of job (KB)
...
006 (6942466.000.000) 07/16 03:48:49 Image size of job updated: 15645480
	1541  -  MemoryUsage of job (MB)
	1577012  -  ResidentSetSize of job (KB)
...
006 (6942466.000.000) 07/16 03:53:50 Image size of job updated: 15645736
	1543  -  MemoryUsage of job (MB)
	1580024  -  ResidentSetSize of job (KB)
...
006 (6942466.000.000) 07/16 03:58:50 Image size of job updated: 15645992
	1546  -  MemoryUsage of job (MB)
	1582540  -  ResidentSetSize of job (KB)
...
006 (6942466.000.000) 07/16 04:03:50 Image size of job updated: 15645992
	1550  -  MemoryUsage of job (MB)
	1587128  -  ResidentSetSize of job (KB)
...
006 (6942466.000.000) 07/16 04:08:52 Image size of job updated: 15645992
	1552  -  MemoryUsage of job (MB)
	1588512  -  ResidentSetSize of job (KB)
...
006 (6942466.000.000) 07/16 04:13:52 Image size of job updated: 15646248
	1554  -  MemoryUsage of job (MB)
	1590608  -  ResidentSetSize of job (KB)
...
006 (6942466.000.000) 07/16 04:18:52 Image size of job updated: 15646248
	1560  -  MemoryUsage of job (MB)
	1596912  -  ResidentSetSize of job (KB)
...
006 (6942466.000.000) 07/16 04:23:53 Image size of job updated: 15646248
	1564  -  MemoryUsage of job (MB)
	1601196  -  ResidentSetSize of job (KB)
...
006 (6942466.000.000) 07/16 04:28:54 Image size of job updated: 15646504
	1567  -  MemoryUsage of job (MB)
	1603688  -  ResidentSetSize of job (KB)
...
006 (6942466.000.000) 07/16 04:33:54 Image size of job updated: 15651604
	1568  -  MemoryUsage of job (MB)
	1604708  -  ResidentSetSize of job (KB)
...
006 (6942466.000.000) 07/16 04:38:54 Image size of job updated: 15651604
	1573  -  MemoryUsage of job (MB)
	1610060  -  ResidentSetSize of job (KB)
...
006 (6942466.000.000) 07/16 04:43:55 Image size of job updated: 15651604
	1574  -  MemoryUsage of job (MB)
	1611756  -  ResidentSetSize of job (KB)
...
006 (6942466.000.000) 07/16 04:48:55 Image size of job updated: 15651604
	1577  -  MemoryUsage of job (MB)
	1614264  -  ResidentSetSize of job (KB)
...
006 (6942466.000.000) 07/16 04:53:55 Image size of job updated: 15651604
	1578  -  MemoryUsage of job (MB)
	1615212  -  ResidentSetSize of job (KB)
...
006 (6942466.000.000) 07/16 04:58:56 Image size of job updated: 15651604
	1580  -  MemoryUsage of job (MB)
	1617380  -  ResidentSetSize of job (KB)
...
006 (6942466.000.000) 07/16 05:03:57 Image size of job updated: 15651604
	1581  -  MemoryUsage of job (MB)
	1618652  -  ResidentSetSize of job (KB)
...
006 (6942466.000.000) 07/16 05:08:57 Image size of job updated: 15651860
	1584  -  MemoryUsage of job (MB)
	1620996  -  ResidentSetSize of job (KB)
...
006 (6942466.000.000) 07/16 05:13:58 Image size of job updated: 15651860
	1587  -  MemoryUsage of job (MB)
	1624708  -  ResidentSetSize of job (KB)
...
006 (6942466.000.000) 07/16 05:18:59 Image size of job updated: 15651860
	1590  -  MemoryUsage of job (MB)
	1627232  -  ResidentSetSize of job (KB)
...
006 (6942466.000.000) 07/16 05:23:59 Image size of job updated: 15651860
	1592  -  MemoryUsage of job (MB)
	1629868  -  ResidentSetSize of job (KB)
...
006 (6942466.000.000) 07/16 05:28:59 Image size of job updated: 15652372
	1597  -  MemoryUsage of job (MB)
	1634916  -  ResidentSetSize of job (KB)
...
006 (6942466.000.000) 07/16 05:34:00 Image size of job updated: 15652372
	1599  -  MemoryUsage of job (MB)
	1636676  -  ResidentSetSize of job (KB)
...
006 (6942466.000.000) 07/16 05:39:00 Image size of job updated: 15652628
	1599  -  MemoryUsage of job (MB)
	1636744  -  ResidentSetSize of job (KB)
...
006 (6942466.000.000) 07/16 05:44:00 Image size of job updated: 15652884
	1603  -  MemoryUsage of job (MB)
	1640764  -  ResidentSetSize of job (KB)
...
006 (6942466.000.000) 07/16 05:49:01 Image size of job updated: 15652884
	1605  -  MemoryUsage of job (MB)
	1642704  -  ResidentSetSize of job (KB)
...
006 (6942466.000.000) 07/16 05:54:02 Image size of job updated: 15653396
	1607  -  MemoryUsage of job (MB)
	1644996  -  ResidentSetSize of job (KB)
...
006 (6942466.000.000) 07/16 05:59:02 Image size of job updated: 15653652
	1608  -  MemoryUsage of job (MB)
	1645744  -  ResidentSetSize of job (KB)
...
006 (6942466.000.000) 07/16 06:04:03 Image size of job updated: 15653908
	1611  -  MemoryUsage of job (MB)
	1648652  -  ResidentSetSize of job (KB)
...
006 (6942466.000.000) 07/16 06:09:04 Image size of job updated: 15653908
	1613  -  MemoryUsage of job (MB)
	1651088  -  ResidentSetSize of job (KB)
...
006 (6942466.000.000) 07/16 06:14:04 Image size of job updated: 15654164
	1615  -  MemoryUsage of job (MB)
	1653076  -  ResidentSetSize of job (KB)
...
006 (6942466.000.000) 07/16 06:19:05 Image size of job updated: 15654420
	1616  -  MemoryUsage of job (MB)
	1654584  -  ResidentSetSize of job (KB)
...
006 (6942466.000.000) 07/16 06:24:06 Image size of job updated: 15654676
	1618  -  MemoryUsage of job (MB)
	1656420  -  ResidentSetSize of job (KB)
...
006 (6942466.000.000) 07/16 06:29:06 Image size of job updated: 15654932
	1619  -  MemoryUsage of job (MB)
	1657520  -  ResidentSetSize of job (KB)
...
006 (6942466.000.000) 07/16 06:34:06 Image size of job updated: 15654932
	1627  -  MemoryUsage of job (MB)
	1665172  -  ResidentSetSize of job (KB)
...
006 (6942466.000.000) 07/16 06:39:07 Image size of job updated: 15654932
	1629  -  MemoryUsage of job (MB)
	1667824  -  ResidentSetSize of job (KB)
...
006 (6942466.000.000) 07/16 06:44:07 Image size of job updated: 15655188
	1631  -  MemoryUsage of job (MB)
	1669580  -  ResidentSetSize of job (KB)
...
006 (6942466.000.000) 07/16 06:49:07 Image size of job updated: 15655188
	1631  -  MemoryUsage of job (MB)
	1670004  -  ResidentSetSize of job (KB)
...
006 (6942466.000.000) 07/16 06:54:08 Image size of job updated: 15655444
	1634  -  MemoryUsage of job (MB)
	1672772  -  ResidentSetSize of job (KB)
...
006 (6942466.000.000) 07/16 06:59:09 Image size of job updated: 15655700
	1635  -  MemoryUsage of job (MB)
	1673504  -  ResidentSetSize of job (KB)
...
006 (6942466.000.000) 07/16 07:04:09 Image size of job updated: 15655700
	1637  -  MemoryUsage of job (MB)
	1676180  -  ResidentSetSize of job (KB)
...
006 (6942466.000.000) 07/16 07:09:10 Image size of job updated: 15655956
	1641  -  MemoryUsage of job (MB)
	1679600  -  ResidentSetSize of job (KB)
...
006 (6942466.000.000) 07/16 07:14:11 Image size of job updated: 15656212
	1643  -  MemoryUsage of job (MB)
	1681760  -  ResidentSetSize of job (KB)
...
006 (6942466.000.000) 07/16 07:19:11 Image size of job updated: 15656212
	1644  -  MemoryUsage of job (MB)
	1682696  -  ResidentSetSize of job (KB)
...
006 (6942466.000.000) 07/16 07:24:11 Image size of job updated: 15656212
	1647  -  MemoryUsage of job (MB)
	1685888  -  ResidentSetSize of job (KB)
...
006 (6942466.000.000) 07/16 07:29:12 Image size of job updated: 15656212
	1648  -  MemoryUsage of job (MB)
	1687288  -  ResidentSetSize of job (KB)
...
006 (6942466.000.000) 07/16 07:34:13 Image size of job updated: 15656212
	1649  -  MemoryUsage of job (MB)
	1687736  -  ResidentSetSize of job (KB)
...
006 (6942466.000.000) 07/16 07:39:13 Image size of job updated: 15656468
	1651  -  MemoryUsage of job (MB)
	1689924  -  ResidentSetSize of job (KB)
...
006 (6942466.000.000) 07/16 07:44:14 Image size of job updated: 15656468
	1652  -  MemoryUsage of job (MB)
	1690892  -  ResidentSetSize of job (KB)
...
006 (6942466.000.000) 07/16 07:49:15 Image size of job updated: 15656468
	1655  -  MemoryUsage of job (MB)
	1694068  -  ResidentSetSize of job (KB)
...
006 (6942466.000.000) 07/16 07:54:15 Image size of job updated: 15656468
	1656  -  MemoryUsage of job (MB)
	1694744  -  ResidentSetSize of job (KB)
...
006 (6942466.000.000) 07/16 07:59:16 Image size of job updated: 15656468
	1656  -  MemoryUsage of job (MB)
	1695636  -  ResidentSetSize of job (KB)
...
006 (6942466.000.000) 07/16 08:04:17 Image size of job updated: 15656468
	1658  -  MemoryUsage of job (MB)
	1697380  -  ResidentSetSize of job (KB)
...
006 (6942466.000.000) 07/16 08:14:17 Image size of job updated: 15656468
	1658  -  MemoryUsage of job (MB)
	1697464  -  ResidentSetSize of job (KB)
...
006 (6942466.000.000) 07/16 08:19:18 Image size of job updated: 15656724
	1660  -  MemoryUsage of job (MB)
	1698900  -  ResidentSetSize of job (KB)
...
006 (6942466.000.000) 07/16 08:24:19 Image size of job updated: 15656724
	1661  -  MemoryUsage of job (MB)
	1699852  -  ResidentSetSize of job (KB)
...
006 (6942466.000.000) 07/16 08:29:19 Image size of job updated: 15656724
	1661  -  MemoryUsage of job (MB)
	1700232  -  ResidentSetSize of job (KB)
...
006 (6942466.000.000) 07/16 08:34:20 Image size of job updated: 15656724
	1661  -  MemoryUsage of job (MB)
	1700244  -  ResidentSetSize of job (KB)
...
006 (6942466.000.000) 07/16 08:39:21 Image size of job updated: 15656724
	1662  -  MemoryUsage of job (MB)
	1701108  -  ResidentSetSize of job (KB)
...
006 (6942466.000.000) 07/16 08:44:21 Image size of job updated: 15656724
	1662  -  MemoryUsage of job (MB)
	1701488  -  ResidentSetSize of job (KB)
...
006 (6942466.000.000) 07/16 08:49:21 Image size of job updated: 15656980
	1663  -  MemoryUsage of job (MB)
	1701904  -  ResidentSetSize of job (KB)
...
006 (6942466.000.000) 07/16 08:54:22 Image size of job updated: 15656980
	1663  -  MemoryUsage of job (MB)
	1702032  -  ResidentSetSize of job (KB)
...
006 (6942466.000.000) 07/16 08:59:22 Image size of job updated: 15657236
	1664  -  MemoryUsage of job (MB)
	1703780  -  ResidentSetSize of job (KB)
...
006 (6942466.000.000) 07/16 09:14:24 Image size of job updated: 15657236
	1666  -  MemoryUsage of job (MB)
	1705872  -  ResidentSetSize of job (KB)
...
006 (6942466.000.000) 07/16 09:19:24 Image size of job updated: 15657236
	1669  -  MemoryUsage of job (MB)
	1708528  -  ResidentSetSize of job (KB)
...
006 (6942466.000.000) 07/16 09:24:25 Image size of job updated: 15657492
	1669  -  MemoryUsage of job (MB)
	1709056  -  ResidentSetSize of job (KB)
...
006 (6942466.000.000) 07/16 09:29:26 Image size of job updated: 15657492
	1671  -  MemoryUsage of job (MB)
	1711096  -  ResidentSetSize of job (KB)
...
006 (6942466.000.000) 07/16 09:34:26 Image size of job updated: 15657748
	1672  -  MemoryUsage of job (MB)
	1711340  -  ResidentSetSize of job (KB)
...
006 (6942466.000.000) 07/16 09:44:27 Image size of job updated: 15658004
	1672  -  MemoryUsage of job (MB)
	1711480  -  ResidentSetSize of job (KB)
...
006 (6942466.000.000) 07/16 09:49:27 Image size of job updated: 15658004
	1672  -  MemoryUsage of job (MB)
	1711932  -  ResidentSetSize of job (KB)
...
006 (6942466.000.000) 07/16 09:59:28 Image size of job updated: 15658260
	1673  -  MemoryUsage of job (MB)
	1712560  -  ResidentSetSize of job (KB)
...
006 (6942466.000.000) 07/16 10:04:28 Image size of job updated: 15658260
	1673  -  MemoryUsage of job (MB)
	1712708  -  ResidentSetSize of job (KB)
...
006 (6942466.000.000) 07/16 10:09:28 Image size of job updated: 15658260
	1675  -  MemoryUsage of job (MB)
	1714272  -  ResidentSetSize of job (KB)
...
006 (6942466.000.000) 07/16 10:19:30 Image size of job updated: 15658260
	1676  -  MemoryUsage of job (MB)
	1715492  -  ResidentSetSize of job (KB)
...
006 (6942466.000.000) 07/16 10:24:30 Image size of job updated: 15658260
	1676  -  MemoryUsage of job (MB)
	1715920  -  ResidentSetSize of job (KB)
...
006 (6942466.000.000) 07/16 10:29:31 Image size of job updated: 15658260
	1676  -  MemoryUsage of job (MB)
	1716176  -  ResidentSetSize of job (KB)
...
006 (6942466.000.000) 07/16 10:34:32 Image size of job updated: 15658260
	1677  -  MemoryUsage of job (MB)
	1716656  -  ResidentSetSize of job (KB)
...
006 (6942466.000.000) 07/16 10:39:32 Image size of job updated: 15658260
	1678  -  MemoryUsage of job (MB)
	1717348  -  ResidentSetSize of job (KB)
...
006 (6942466.000.000) 07/16 10:44:32 Image size of job updated: 15658516
	1679  -  MemoryUsage of job (MB)
	1719064  -  ResidentSetSize of job (KB)
...
006 (6942466.000.000) 07/16 10:49:33 Image size of job updated: 15658516
	1680  -  MemoryUsage of job (MB)
	1719956  -  ResidentSetSize of job (KB)
...
006 (6942466.000.000) 07/16 10:54:34 Image size of job updated: 15658516
	1681  -  MemoryUsage of job (MB)
	1720780  -  ResidentSetSize of job (KB)
...
006 (6942466.000.000) 07/16 11:04:35 Image size of job updated: 15658516
	1681  -  MemoryUsage of job (MB)
	1720984  -  ResidentSetSize of job (KB)
...
006 (6942466.000.000) 07/16 11:09:36 Image size of job updated: 15658516
	1682  -  MemoryUsage of job (MB)
	1721588  -  ResidentSetSize of job (KB)
...
006 (6942466.000.000) 07/16 11:14:36 Image size of job updated: 15658516
	1682  -  MemoryUsage of job (MB)
	1721756  -  ResidentSetSize of job (KB)
...
006 (6942466.000.000) 07/16 11:24:37 Image size of job updated: 15658516
	1683  -  MemoryUsage of job (MB)
	1722464  -  ResidentSetSize of job (KB)
...
006 (6942466.000.000) 07/16 11:29:38 Image size of job updated: 15658772
	1683  -  MemoryUsage of job (MB)
	1723364  -  ResidentSetSize of job (KB)
...
006 (6942466.000.000) 07/16 11:34:38 Image size of job updated: 15658772
	1684  -  MemoryUsage of job (MB)
	1723956  -  ResidentSetSize of job (KB)
...
006 (6942466.000.000) 07/16 11:39:39 Image size of job updated: 15659028
	1684  -  MemoryUsage of job (MB)
	1724176  -  ResidentSetSize of job (KB)
...
006 (6942466.000.000) 07/16 11:44:40 Image size of job updated: 15659028
	1685  -  MemoryUsage of job (MB)
	1724452  -  ResidentSetSize of job (KB)
...
006 (6942466.000.000) 07/16 11:49:40 Image size of job updated: 15659028
	1686  -  MemoryUsage of job (MB)
	1726112  -  ResidentSetSize of job (KB)
...
006 (6942466.000.000) 07/16 11:54:40 Image size of job updated: 15659028
	1689  -  MemoryUsage of job (MB)
	1728692  -  ResidentSetSize of job (KB)
...
006 (6942466.000.000) 07/16 11:59:41 Image size of job updated: 15659028
	1689  -  MemoryUsage of job (MB)
	1728920  -  ResidentSetSize of job (KB)
...
006 (6942466.000.000) 07/16 12:04:42 Image size of job updated: 15659028
	1689  -  MemoryUsage of job (MB)
	1729040  -  ResidentSetSize of job (KB)
...
006 (6942466.000.000) 07/16 12:09:42 Image size of job updated: 15659028
	1689  -  MemoryUsage of job (MB)
	1729240  -  ResidentSetSize of job (KB)
...
006 (6942466.000.000) 07/16 12:14:43 Image size of job updated: 15659028
	1692  -  MemoryUsage of job (MB)
	1731856  -  ResidentSetSize of job (KB)
...
006 (6942466.000.000) 07/16 12:19:44 Image size of job updated: 15659284
	1692  -  MemoryUsage of job (MB)
	1731856  -  ResidentSetSize of job (KB)
...
006 (6942466.000.000) 07/16 12:24:44 Image size of job updated: 15659284
	1692  -  MemoryUsage of job (MB)
	1731992  -  ResidentSetSize of job (KB)
...
006 (6942466.000.000) 07/16 12:29:44 Image size of job updated: 15659540
	1692  -  MemoryUsage of job (MB)
	1731992  -  ResidentSetSize of job (KB)
...
006 (6942466.000.000) 07/16 12:44:45 Image size of job updated: 15659540
	1692  -  MemoryUsage of job (MB)
	1732004  -  ResidentSetSize of job (KB)
...
006 (6942466.000.000) 07/16 12:54:47 Image size of job updated: 15659540
	1692  -  MemoryUsage of job (MB)
	1732124  -  ResidentSetSize of job (KB)
...
006 (6942466.000.000) 07/16 12:59:47 Image size of job updated: 15659540
	1693  -  MemoryUsage of job (MB)
	1732684  -  ResidentSetSize of job (KB)
...
006 (6942466.000.000) 07/16 13:04:47 Image size of job updated: 15659540
	1693  -  MemoryUsage of job (MB)
	1732872  -  ResidentSetSize of job (KB)
...
006 (6942466.000.000) 07/16 13:09:48 Image size of job updated: 15659540
	1693  -  MemoryUsage of job (MB)
	1733248  -  ResidentSetSize of job (KB)
...
006 (6942466.000.000) 07/16 13:14:48 Image size of job updated: 15659540
	1693  -  MemoryUsage of job (MB)
	1733380  -  ResidentSetSize of job (KB)
...
006 (6942466.000.000) 07/16 13:19:48 Image size of job updated: 15659796
	1693  -  MemoryUsage of job (MB)
	1733380  -  ResidentSetSize of job (KB)
...
006 (6942466.000.000) 07/16 14:14:53 Image size of job updated: 15660052
	1693  -  MemoryUsage of job (MB)
	1733380  -  ResidentSetSize of job (KB)
...
006 (6942466.000.000) 07/16 16:15:06 Image size of job updated: 15660308
	1693  -  MemoryUsage of job (MB)
	1733380  -  ResidentSetSize of job (KB)
...
040 (6942466.000.000) 07/16 16:35:08 Started transferring output files
...
040 (6942466.000.000) 07/16 16:35:18 Finished transferring output files
...
005 (6942466.000.000) 07/16 16:35:18 Job terminated.
	(1) Normal termination (return value 0)
		Usr 1 07:32:43, Sys 0 05:18:36  -  Run Remote Usage
		Usr 0 00:00:00, Sys 0 00:00:00  -  Run Local Usage
		Usr 1 07:32:43, Sys 0 05:18:36  -  Total Remote Usage
		Usr 0 00:00:00, Sys 0 00:00:00  -  Total Local Usage
	133645064  -  Run Bytes Sent By Job
	11092  -  Run Bytes Received By Job
	133645064  -  Total Bytes Sent By Job
	11092  -  Total Bytes Received By Job
	Partitionable Resources :     Usage  Request Allocated 
	   Cpus                 :      3.15        1         1 
	   Disk (KB)            : 130546          12   1240485 
	   Memory (MB)          :   1693        2000      2000 

	Job terminated of its own accord at 2024-07-16T14:35:07Z with exit-code 0.
...
