000 (6828130.000.000) 06/25 13:03:02 Job submitted from host: <137.138.55.115:9618?addrs=137.138.55.115-9618+[2001-1458-d00-17--12a]-9618&alias=bigbird23.cern.ch&noUDP&sock=schedd_23881_f548>
...
009 (6828130.000.000) 06/25 13:03:54 Job was aborted.
	via condor_rm (by user fsalerno)
...
000 (6828133.000.000) 06/25 13:04:09 Job submitted from host: <137.138.55.115:9618?addrs=137.138.55.115-9618+[2001-1458-d00-17--12a]-9618&alias=bigbird23.cern.ch&noUDP&sock=schedd_23881_f548>
...
040 (6828133.000.000) 06/25 13:25:34 Started transferring input files
	Transferring to host: <128.142.57.35:9618?addrs=128.142.57.35-9618+[2001-1458-301-7--100-22]-9618&alias=b7s02p3391.cern.ch&noUDP&sock=slot1_18_65411_b77d_177559>
...
040 (6828133.000.000) 06/25 13:25:34 Finished transferring input files
...
001 (6828133.000.000) 06/25 13:25:35 Job executing on host: <128.142.57.35:9618?addrs=128.142.57.35-9618+[2001-1458-301-7--100-22]-9618&alias=b7s02p3391.cern.ch&noUDP&sock=startd_65372_5543>
	SlotName: slot1_18@b7s02p3391.cern.ch
...
006 (6828133.000.000) 06/25 13:25:44 Image size of job updated: 678492
	126  -  MemoryUsage of job (MB)
	128960  -  ResidentSetSize of job (KB)
...
006 (6828133.000.000) 06/25 13:30:45 Image size of job updated: 15470252
	898  -  MemoryUsage of job (MB)
	918724  -  ResidentSetSize of job (KB)
...
006 (6828133.000.000) 06/25 13:35:46 Image size of job updated: 15477168
	1024  -  MemoryUsage of job (MB)
	1048224  -  ResidentSetSize of job (KB)
...
006 (6828133.000.000) 06/25 13:40:46 Image size of job updated: 15477680
	1072  -  MemoryUsage of job (MB)
	1097412  -  ResidentSetSize of job (KB)
...
006 (6828133.000.000) 06/25 13:45:47 Image size of job updated: 15478192
	1104  -  MemoryUsage of job (MB)
	1130204  -  ResidentSetSize of job (KB)
...
006 (6828133.000.000) 06/25 13:50:48 Image size of job updated: 15478192
	1143  -  MemoryUsage of job (MB)
	1170296  -  ResidentSetSize of job (KB)
...
006 (6828133.000.000) 06/25 13:55:48 Image size of job updated: 15479648
	1157  -  MemoryUsage of job (MB)
	1183748  -  ResidentSetSize of job (KB)
...
006 (6828133.000.000) 06/25 14:00:48 Image size of job updated: 15479648
	1174  -  MemoryUsage of job (MB)
	1201412  -  ResidentSetSize of job (KB)
...
006 (6828133.000.000) 06/25 14:05:49 Image size of job updated: 15481184
	1191  -  MemoryUsage of job (MB)
	1218952  -  ResidentSetSize of job (KB)
...
006 (6828133.000.000) 06/25 14:10:49 Image size of job updated: 15481184
	1210  -  MemoryUsage of job (MB)
	1238988  -  ResidentSetSize of job (KB)
...
006 (6828133.000.000) 06/25 14:15:49 Image size of job updated: 15481952
	1213  -  MemoryUsage of job (MB)
	1241624  -  ResidentSetSize of job (KB)
...
006 (6828133.000.000) 06/25 14:20:50 Image size of job updated: 15482208
	1216  -  MemoryUsage of job (MB)
	1244744  -  ResidentSetSize of job (KB)
...
006 (6828133.000.000) 06/25 14:25:50 Image size of job updated: 15482208
	1219  -  MemoryUsage of job (MB)
	1247768  -  ResidentSetSize of job (KB)
...
006 (6828133.000.000) 06/25 14:30:50 Image size of job updated: 15483488
	1222  -  MemoryUsage of job (MB)
	1250348  -  ResidentSetSize of job (KB)
...
006 (6828133.000.000) 06/25 14:35:51 Image size of job updated: 15483488
	1228  -  MemoryUsage of job (MB)
	1257448  -  ResidentSetSize of job (KB)
...
006 (6828133.000.000) 06/25 14:40:52 Image size of job updated: 15487080
	1235  -  MemoryUsage of job (MB)
	1264612  -  ResidentSetSize of job (KB)
...
006 (6828133.000.000) 06/25 14:45:52 Image size of job updated: 15487080
	1238  -  MemoryUsage of job (MB)
	1267644  -  ResidentSetSize of job (KB)
...
006 (6828133.000.000) 06/25 14:50:52 Image size of job updated: 15490636
	1245  -  MemoryUsage of job (MB)
	1273896  -  ResidentSetSize of job (KB)
...
006 (6828133.000.000) 06/25 14:55:53 Image size of job updated: 15490636
	1248  -  MemoryUsage of job (MB)
	1276948  -  ResidentSetSize of job (KB)
...
006 (6828133.000.000) 06/25 15:00:53 Image size of job updated: 15490636
	1249  -  MemoryUsage of job (MB)
	1278228  -  ResidentSetSize of job (KB)
...
006 (6828133.000.000) 06/25 15:05:53 Image size of job updated: 15492576
	1253  -  MemoryUsage of job (MB)
	1282852  -  ResidentSetSize of job (KB)
...
006 (6828133.000.000) 06/25 15:10:54 Image size of job updated: 15493088
	1257  -  MemoryUsage of job (MB)
	1286576  -  ResidentSetSize of job (KB)
...
006 (6828133.000.000) 06/25 15:15:55 Image size of job updated: 15505100
	1275  -  MemoryUsage of job (MB)
	1305196  -  ResidentSetSize of job (KB)
...
006 (6828133.000.000) 06/25 15:20:55 Image size of job updated: 15505824
	1277  -  MemoryUsage of job (MB)
	1307524  -  ResidentSetSize of job (KB)
...
006 (6828133.000.000) 06/25 15:25:55 Image size of job updated: 15511728
	1287  -  MemoryUsage of job (MB)
	1317272  -  ResidentSetSize of job (KB)
...
006 (6828133.000.000) 06/25 15:30:56 Image size of job updated: 15512240
	1297  -  MemoryUsage of job (MB)
	1327404  -  ResidentSetSize of job (KB)
...
006 (6828133.000.000) 06/25 15:35:56 Image size of job updated: 15512240
	1301  -  MemoryUsage of job (MB)
	1331680  -  ResidentSetSize of job (KB)
...
006 (6828133.000.000) 06/25 15:40:56 Image size of job updated: 15512240
	1309  -  MemoryUsage of job (MB)
	1340052  -  ResidentSetSize of job (KB)
...
006 (6828133.000.000) 06/25 15:45:57 Image size of job updated: 15512240
	1316  -  MemoryUsage of job (MB)
	1346672  -  ResidentSetSize of job (KB)
...
006 (6828133.000.000) 06/25 15:50:58 Image size of job updated: 15513264
	1326  -  MemoryUsage of job (MB)
	1357060  -  ResidentSetSize of job (KB)
...
006 (6828133.000.000) 06/25 15:55:58 Image size of job updated: 15513520
	1334  -  MemoryUsage of job (MB)
	1365176  -  ResidentSetSize of job (KB)
...
006 (6828133.000.000) 06/25 16:00:59 Image size of job updated: 15513776
	1338  -  MemoryUsage of job (MB)
	1369960  -  ResidentSetSize of job (KB)
...
006 (6828133.000.000) 06/25 16:06:00 Image size of job updated: 15514032
	1345  -  MemoryUsage of job (MB)
	1376264  -  ResidentSetSize of job (KB)
...
006 (6828133.000.000) 06/25 16:11:00 Image size of job updated: 15514032
	1352  -  MemoryUsage of job (MB)
	1384412  -  ResidentSetSize of job (KB)
...
006 (6828133.000.000) 06/25 16:16:00 Image size of job updated: 15514032
	1354  -  MemoryUsage of job (MB)
	1385928  -  ResidentSetSize of job (KB)
...
006 (6828133.000.000) 06/25 16:21:01 Image size of job updated: 15514288
	1357  -  MemoryUsage of job (MB)
	1388804  -  ResidentSetSize of job (KB)
...
006 (6828133.000.000) 06/25 16:26:02 Image size of job updated: 15514288
	1358  -  MemoryUsage of job (MB)
	1390104  -  ResidentSetSize of job (KB)
...
006 (6828133.000.000) 06/25 16:31:02 Image size of job updated: 15514288
	1359  -  MemoryUsage of job (MB)
	1391500  -  ResidentSetSize of job (KB)
...
006 (6828133.000.000) 06/25 16:36:03 Image size of job updated: 15514288
	1366  -  MemoryUsage of job (MB)
	1398304  -  ResidentSetSize of job (KB)
...
006 (6828133.000.000) 06/25 16:41:04 Image size of job updated: 15514544
	1373  -  MemoryUsage of job (MB)
	1405952  -  ResidentSetSize of job (KB)
...
006 (6828133.000.000) 06/25 16:46:04 Image size of job updated: 15514544
	1381  -  MemoryUsage of job (MB)
	1413564  -  ResidentSetSize of job (KB)
...
006 (6828133.000.000) 06/25 16:51:04 Image size of job updated: 15514544
	1384  -  MemoryUsage of job (MB)
	1417152  -  ResidentSetSize of job (KB)
...
006 (6828133.000.000) 06/25 16:56:05 Image size of job updated: 15514800
	1386  -  MemoryUsage of job (MB)
	1418904  -  ResidentSetSize of job (KB)
...
006 (6828133.000.000) 06/25 17:01:06 Image size of job updated: 15515056
	1389  -  MemoryUsage of job (MB)
	1421652  -  ResidentSetSize of job (KB)
...
006 (6828133.000.000) 06/25 17:06:06 Image size of job updated: 15515056
	1394  -  MemoryUsage of job (MB)
	1427408  -  ResidentSetSize of job (KB)
...
006 (6828133.000.000) 06/25 17:11:06 Image size of job updated: 15515312
	1396  -  MemoryUsage of job (MB)
	1428596  -  ResidentSetSize of job (KB)
...
006 (6828133.000.000) 06/25 17:16:07 Image size of job updated: 15515568
	1398  -  MemoryUsage of job (MB)
	1430828  -  ResidentSetSize of job (KB)
...
006 (6828133.000.000) 06/25 17:21:07 Image size of job updated: 15515824
	1400  -  MemoryUsage of job (MB)
	1433416  -  ResidentSetSize of job (KB)
...
006 (6828133.000.000) 06/25 17:26:07 Image size of job updated: 15516080
	1402  -  MemoryUsage of job (MB)
	1434724  -  ResidentSetSize of job (KB)
...
006 (6828133.000.000) 06/25 17:31:09 Image size of job updated: 15516336
	1404  -  MemoryUsage of job (MB)
	1437432  -  ResidentSetSize of job (KB)
...
006 (6828133.000.000) 06/25 17:36:09 Image size of job updated: 15516592
	1406  -  MemoryUsage of job (MB)
	1439140  -  ResidentSetSize of job (KB)
...
006 (6828133.000.000) 06/25 17:41:09 Image size of job updated: 15516592
	1408  -  MemoryUsage of job (MB)
	1441384  -  ResidentSetSize of job (KB)
...
006 (6828133.000.000) 06/25 17:46:10 Image size of job updated: 15517104
	1409  -  MemoryUsage of job (MB)
	1442336  -  ResidentSetSize of job (KB)
...
006 (6828133.000.000) 06/25 17:51:11 Image size of job updated: 15517104
	1411  -  MemoryUsage of job (MB)
	1443992  -  ResidentSetSize of job (KB)
...
006 (6828133.000.000) 06/25 17:56:11 Image size of job updated: 15517616
	1411  -  MemoryUsage of job (MB)
	1444556  -  ResidentSetSize of job (KB)
...
006 (6828133.000.000) 06/25 18:01:12 Image size of job updated: 15517616
	1414  -  MemoryUsage of job (MB)
	1446976  -  ResidentSetSize of job (KB)
...
006 (6828133.000.000) 06/25 18:06:13 Image size of job updated: 15518724
	1416  -  MemoryUsage of job (MB)
	1449576  -  ResidentSetSize of job (KB)
...
006 (6828133.000.000) 06/25 18:11:13 Image size of job updated: 15518980
	1418  -  MemoryUsage of job (MB)
	1451708  -  ResidentSetSize of job (KB)
...
006 (6828133.000.000) 06/25 18:16:13 Image size of job updated: 15518980
	1423  -  MemoryUsage of job (MB)
	1456616  -  ResidentSetSize of job (KB)
...
006 (6828133.000.000) 06/25 18:21:14 Image size of job updated: 15518980
	1425  -  MemoryUsage of job (MB)
	1458736  -  ResidentSetSize of job (KB)
...
006 (6828133.000.000) 06/25 18:26:14 Image size of job updated: 15519236
	1431  -  MemoryUsage of job (MB)
	1464472  -  ResidentSetSize of job (KB)
...
006 (6828133.000.000) 06/25 18:31:14 Image size of job updated: 15519492
	1434  -  MemoryUsage of job (MB)
	1468408  -  ResidentSetSize of job (KB)
...
006 (6828133.000.000) 06/25 18:36:15 Image size of job updated: 15519492
	1436  -  MemoryUsage of job (MB)
	1469744  -  ResidentSetSize of job (KB)
...
006 (6828133.000.000) 06/25 18:41:16 Image size of job updated: 15519492
	1438  -  MemoryUsage of job (MB)
	1471688  -  ResidentSetSize of job (KB)
...
006 (6828133.000.000) 06/25 18:46:16 Image size of job updated: 15520004
	1440  -  MemoryUsage of job (MB)
	1473552  -  ResidentSetSize of job (KB)
...
006 (6828133.000.000) 06/25 18:51:17 Image size of job updated: 15520004
	1440  -  MemoryUsage of job (MB)
	1474116  -  ResidentSetSize of job (KB)
...
006 (6828133.000.000) 06/25 18:56:18 Image size of job updated: 15520004
	1443  -  MemoryUsage of job (MB)
	1476984  -  ResidentSetSize of job (KB)
...
006 (6828133.000.000) 06/25 19:01:18 Image size of job updated: 15520196
	1444  -  MemoryUsage of job (MB)
	1478260  -  ResidentSetSize of job (KB)
...
006 (6828133.000.000) 06/25 19:06:19 Image size of job updated: 15520196
	1445  -  MemoryUsage of job (MB)
	1479372  -  ResidentSetSize of job (KB)
...
006 (6828133.000.000) 06/25 19:11:20 Image size of job updated: 15520196
	1446  -  MemoryUsage of job (MB)
	1480404  -  ResidentSetSize of job (KB)
...
006 (6828133.000.000) 06/25 19:16:20 Image size of job updated: 15520196
	1448  -  MemoryUsage of job (MB)
	1482684  -  ResidentSetSize of job (KB)
...
006 (6828133.000.000) 06/25 19:21:20 Image size of job updated: 15520196
	1449  -  MemoryUsage of job (MB)
	1483320  -  ResidentSetSize of job (KB)
...
006 (6828133.000.000) 06/25 19:26:22 Image size of job updated: 15520196
	1449  -  MemoryUsage of job (MB)
	1483560  -  ResidentSetSize of job (KB)
...
006 (6828133.000.000) 06/25 19:31:22 Image size of job updated: 15520196
	1451  -  MemoryUsage of job (MB)
	1485812  -  ResidentSetSize of job (KB)
...
006 (6828133.000.000) 06/25 19:36:22 Image size of job updated: 15520452
	1452  -  MemoryUsage of job (MB)
	1486728  -  ResidentSetSize of job (KB)
...
006 (6828133.000.000) 06/25 19:46:24 Image size of job updated: 15520708
	1453  -  MemoryUsage of job (MB)
	1487320  -  ResidentSetSize of job (KB)
...
006 (6828133.000.000) 06/25 19:51:24 Image size of job updated: 15520708
	1454  -  MemoryUsage of job (MB)
	1487908  -  ResidentSetSize of job (KB)
...
006 (6828133.000.000) 06/25 19:56:24 Image size of job updated: 15520708
	1456  -  MemoryUsage of job (MB)
	1490312  -  ResidentSetSize of job (KB)
...
006 (6828133.000.000) 06/25 20:01:25 Image size of job updated: 15520964
	1459  -  MemoryUsage of job (MB)
	1493496  -  ResidentSetSize of job (KB)
...
006 (6828133.000.000) 06/25 20:06:25 Image size of job updated: 15521220
	1459  -  MemoryUsage of job (MB)
	1493752  -  ResidentSetSize of job (KB)
...
006 (6828133.000.000) 06/25 20:11:25 Image size of job updated: 15521220
	1461  -  MemoryUsage of job (MB)
	1495276  -  ResidentSetSize of job (KB)
...
006 (6828133.000.000) 06/25 20:16:26 Image size of job updated: 15521476
	1462  -  MemoryUsage of job (MB)
	1496260  -  ResidentSetSize of job (KB)
...
006 (6828133.000.000) 06/25 20:21:27 Image size of job updated: 15521476
	1462  -  MemoryUsage of job (MB)
	1496408  -  ResidentSetSize of job (KB)
...
006 (6828133.000.000) 06/25 20:26:27 Image size of job updated: 15521476
	1463  -  MemoryUsage of job (MB)
	1497772  -  ResidentSetSize of job (KB)
...
006 (6828133.000.000) 06/25 20:31:28 Image size of job updated: 15521732
	1467  -  MemoryUsage of job (MB)
	1501572  -  ResidentSetSize of job (KB)
...
006 (6828133.000.000) 06/25 20:36:29 Image size of job updated: 15521732
	1467  -  MemoryUsage of job (MB)
	1502184  -  ResidentSetSize of job (KB)
...
006 (6828133.000.000) 06/25 20:41:29 Image size of job updated: 15521732
	1469  -  MemoryUsage of job (MB)
	1504236  -  ResidentSetSize of job (KB)
...
006 (6828133.000.000) 06/25 20:46:30 Image size of job updated: 15521988
	1472  -  MemoryUsage of job (MB)
	1507036  -  ResidentSetSize of job (KB)
...
006 (6828133.000.000) 06/25 20:51:31 Image size of job updated: 15521988
	1473  -  MemoryUsage of job (MB)
	1508096  -  ResidentSetSize of job (KB)
...
006 (6828133.000.000) 06/25 20:56:31 Image size of job updated: 15521988
	1478  -  MemoryUsage of job (MB)
	1513328  -  ResidentSetSize of job (KB)
...
006 (6828133.000.000) 06/25 21:01:31 Image size of job updated: 15521988
	1481  -  MemoryUsage of job (MB)
	1515668  -  ResidentSetSize of job (KB)
...
006 (6828133.000.000) 06/25 21:06:32 Image size of job updated: 15521988
	1481  -  MemoryUsage of job (MB)
	1516448  -  ResidentSetSize of job (KB)
...
006 (6828133.000.000) 06/25 21:11:32 Image size of job updated: 15521988
	1483  -  MemoryUsage of job (MB)
	1518388  -  ResidentSetSize of job (KB)
...
006 (6828133.000.000) 06/25 21:16:32 Image size of job updated: 15522244
	1486  -  MemoryUsage of job (MB)
	1520944  -  ResidentSetSize of job (KB)
...
006 (6828133.000.000) 06/25 21:21:33 Image size of job updated: 15522500
	1487  -  MemoryUsage of job (MB)
	1521892  -  ResidentSetSize of job (KB)
...
006 (6828133.000.000) 06/25 21:26:34 Image size of job updated: 15522500
	1490  -  MemoryUsage of job (MB)
	1525752  -  ResidentSetSize of job (KB)
...
006 (6828133.000.000) 06/25 21:31:34 Image size of job updated: 15522500
	1492  -  MemoryUsage of job (MB)
	1526896  -  ResidentSetSize of job (KB)
...
006 (6828133.000.000) 06/25 21:36:35 Image size of job updated: 15522500
	1492  -  MemoryUsage of job (MB)
	1527292  -  ResidentSetSize of job (KB)
...
006 (6828133.000.000) 06/25 21:41:36 Image size of job updated: 15522500
	1496  -  MemoryUsage of job (MB)
	1530996  -  ResidentSetSize of job (KB)
...
006 (6828133.000.000) 06/25 21:46:36 Image size of job updated: 15522500
	1499  -  MemoryUsage of job (MB)
	1534812  -  ResidentSetSize of job (KB)
...
006 (6828133.000.000) 06/25 21:51:36 Image size of job updated: 15522500
	1500  -  MemoryUsage of job (MB)
	1535296  -  ResidentSetSize of job (KB)
...
006 (6828133.000.000) 06/25 21:56:37 Image size of job updated: 15522500
	1500  -  MemoryUsage of job (MB)
	1535608  -  ResidentSetSize of job (KB)
...
006 (6828133.000.000) 06/25 22:01:37 Image size of job updated: 15522500
	1502  -  MemoryUsage of job (MB)
	1537452  -  ResidentSetSize of job (KB)
...
006 (6828133.000.000) 06/25 22:06:37 Image size of job updated: 15522500
	1503  -  MemoryUsage of job (MB)
	1538204  -  ResidentSetSize of job (KB)
...
006 (6828133.000.000) 06/25 22:11:38 Image size of job updated: 15522500
	1503  -  MemoryUsage of job (MB)
	1538332  -  ResidentSetSize of job (KB)
...
006 (6828133.000.000) 06/25 22:16:38 Image size of job updated: 15522756
	1503  -  MemoryUsage of job (MB)
	1538596  -  ResidentSetSize of job (KB)
...
006 (6828133.000.000) 06/25 22:26:39 Image size of job updated: 15523012
	1504  -  MemoryUsage of job (MB)
	1539536  -  ResidentSetSize of job (KB)
...
006 (6828133.000.000) 06/25 22:31:40 Image size of job updated: 15523012
	1505  -  MemoryUsage of job (MB)
	1540192  -  ResidentSetSize of job (KB)
...
006 (6828133.000.000) 06/25 22:36:40 Image size of job updated: 15523012
	1506  -  MemoryUsage of job (MB)
	1541636  -  ResidentSetSize of job (KB)
...
006 (6828133.000.000) 06/25 22:41:41 Image size of job updated: 15523012
	1506  -  MemoryUsage of job (MB)
	1541652  -  ResidentSetSize of job (KB)
...
006 (6828133.000.000) 06/25 22:46:42 Image size of job updated: 15523012
	1507  -  MemoryUsage of job (MB)
	1543000  -  ResidentSetSize of job (KB)
...
006 (6828133.000.000) 06/25 22:51:42 Image size of job updated: 15523012
	1509  -  MemoryUsage of job (MB)
	1545016  -  ResidentSetSize of job (KB)
...
006 (6828133.000.000) 06/25 22:56:43 Image size of job updated: 15523268
	1511  -  MemoryUsage of job (MB)
	1546616  -  ResidentSetSize of job (KB)
...
006 (6828133.000.000) 06/25 23:01:44 Image size of job updated: 15523268
	1511  -  MemoryUsage of job (MB)
	1546940  -  ResidentSetSize of job (KB)
...
006 (6828133.000.000) 06/25 23:06:44 Image size of job updated: 15523524
	1511  -  MemoryUsage of job (MB)
	1546940  -  ResidentSetSize of job (KB)
...
006 (6828133.000.000) 06/25 23:21:45 Image size of job updated: 15523524
	1512  -  MemoryUsage of job (MB)
	1547720  -  ResidentSetSize of job (KB)
...
006 (6828133.000.000) 06/25 23:26:45 Image size of job updated: 15523524
	1515  -  MemoryUsage of job (MB)
	1550464  -  ResidentSetSize of job (KB)
...
006 (6828133.000.000) 06/25 23:36:47 Image size of job updated: 15523524
	1515  -  MemoryUsage of job (MB)
	1550932  -  ResidentSetSize of job (KB)
...
006 (6828133.000.000) 06/25 23:41:47 Image size of job updated: 15523524
	1515  -  MemoryUsage of job (MB)
	1551056  -  ResidentSetSize of job (KB)
...
006 (6828133.000.000) 06/25 23:46:48 Image size of job updated: 15523524
	1516  -  MemoryUsage of job (MB)
	1551748  -  ResidentSetSize of job (KB)
...
006 (6828133.000.000) 06/25 23:51:49 Image size of job updated: 15523524
	1517  -  MemoryUsage of job (MB)
	1552628  -  ResidentSetSize of job (KB)
...
006 (6828133.000.000) 06/25 23:56:49 Image size of job updated: 15523524
	1518  -  MemoryUsage of job (MB)
	1553704  -  ResidentSetSize of job (KB)
...
006 (6828133.000.000) 06/26 00:11:50 Image size of job updated: 15523524
	1518  -  MemoryUsage of job (MB)
	1554068  -  ResidentSetSize of job (KB)
...
006 (6828133.000.000) 06/26 00:16:50 Image size of job updated: 15523524
	1518  -  MemoryUsage of job (MB)
	1554152  -  ResidentSetSize of job (KB)
...
006 (6828133.000.000) 06/26 00:21:51 Image size of job updated: 15523524
	1518  -  MemoryUsage of job (MB)
	1554156  -  ResidentSetSize of job (KB)
...
006 (6828133.000.000) 06/26 00:26:52 Image size of job updated: 15523524
	1518  -  MemoryUsage of job (MB)
	1554240  -  ResidentSetSize of job (KB)
...
006 (6828133.000.000) 06/26 00:31:52 Image size of job updated: 15523524
	1519  -  MemoryUsage of job (MB)
	1554676  -  ResidentSetSize of job (KB)
...
006 (6828133.000.000) 06/26 00:36:53 Image size of job updated: 15523524
	1519  -  MemoryUsage of job (MB)
	1554832  -  ResidentSetSize of job (KB)
...
006 (6828133.000.000) 06/26 00:46:54 Image size of job updated: 15523524
	1519  -  MemoryUsage of job (MB)
	1554936  -  ResidentSetSize of job (KB)
...
006 (6828133.000.000) 06/26 00:51:54 Image size of job updated: 15523524
	1519  -  MemoryUsage of job (MB)
	1555092  -  ResidentSetSize of job (KB)
...
006 (6828133.000.000) 06/26 00:56:55 Image size of job updated: 15524268
	1521  -  MemoryUsage of job (MB)
	1556596  -  ResidentSetSize of job (KB)
...
006 (6828133.000.000) 06/26 01:01:55 Image size of job updated: 15524268
	1521  -  MemoryUsage of job (MB)
	1557204  -  ResidentSetSize of job (KB)
...
006 (6828133.000.000) 06/26 01:11:56 Image size of job updated: 15524268
	1521  -  MemoryUsage of job (MB)
	1557344  -  ResidentSetSize of job (KB)
...
006 (6828133.000.000) 06/26 01:16:57 Image size of job updated: 15524268
	1522  -  MemoryUsage of job (MB)
	1557556  -  ResidentSetSize of job (KB)
...
006 (6828133.000.000) 06/26 01:21:57 Image size of job updated: 15524268
	1522  -  MemoryUsage of job (MB)
	1557828  -  ResidentSetSize of job (KB)
...
006 (6828133.000.000) 06/26 01:31:59 Image size of job updated: 15524268
	1523  -  MemoryUsage of job (MB)
	1559448  -  ResidentSetSize of job (KB)
...
040 (6828133.000.000) 06/26 01:32:31 Started transferring output files
...
040 (6828133.000.000) 06/26 01:32:38 Finished transferring output files
...
005 (6828133.000.000) 06/26 01:32:38 Job terminated.
	(1) Normal termination (return value 0)
		Usr 0 20:06:32, Sys 0 02:47:01  -  Run Remote Usage
		Usr 0 00:00:00, Sys 0 00:00:00  -  Run Local Usage
		Usr 0 20:06:32, Sys 0 02:47:01  -  Total Remote Usage
		Usr 0 00:00:00, Sys 0 00:00:00  -  Total Local Usage
	94855136  -  Run Bytes Sent By Job
	11081  -  Run Bytes Received By Job
	94855136  -  Total Bytes Sent By Job
	11081  -  Total Bytes Received By Job
	Partitionable Resources :    Usage  Request Allocated 
	   Cpus                 :     1.86        1         1 
	   Disk (KB)            : 92666          12   1309530 
	   Memory (MB)          :  1523        2000      2000 

	Job terminated of its own accord at 2024-06-25T23:32:31Z with exit-code 0.
...
