000 (7714792.000.000) 11/11 12:13:27 Job submitted from host: <137.138.55.115:9618?addrs=137.138.55.115-9618+[2001-1458-d00-17--12a]-9618&alias=bigbird23.cern.ch&noUDP&sock=schedd_4975_03c1>
...
040 (7714792.000.000) 11/11 13:22:05 Started transferring input files
	Transferring to host: <128.142.248.197:9618?addrs=128.142.248.197-9618+[2001-1458-301-73--100-c4]-9618&alias=b9g23p2961.cern.ch&noUDP&sock=slot1_48_2232953_240b_71376>
...
040 (7714792.000.000) 11/11 13:22:05 Finished transferring input files
...
001 (7714792.000.000) 11/11 13:22:06 Job executing on host: <128.142.248.197:9618?addrs=128.142.248.197-9618+[2001-1458-301-73--100-c4]-9618&alias=b9g23p2961.cern.ch&noUDP&sock=startd_5911_0866>
	SlotName: slot1_48@b9g23p2961.cern.ch
	CondorScratchDir = "/pool/condor/dir_1887268"
	Cpus = 1
	Disk = 2964349
	Memory = 2000
...
006 (7714792.000.000) 11/11 13:22:15 Image size of job updated: 1
	0  -  MemoryUsage of job (MB)
	0  -  ResidentSetSize of job (KB)
...
006 (7714792.000.000) 11/11 13:27:16 Image size of job updated: 2476004
	2275  -  MemoryUsage of job (MB)
	2328624  -  ResidentSetSize of job (KB)
...
006 (7714792.000.000) 11/11 13:32:16 Image size of job updated: 2476004
	2382  -  MemoryUsage of job (MB)
	2439132  -  ResidentSetSize of job (KB)
...
006 (7714792.000.000) 11/11 13:37:16 Image size of job updated: 2495144
	2425  -  MemoryUsage of job (MB)
	2482556  -  ResidentSetSize of job (KB)
...
006 (7714792.000.000) 11/11 13:42:17 Image size of job updated: 2547892
	2486  -  MemoryUsage of job (MB)
	2545408  -  ResidentSetSize of job (KB)
...
006 (7714792.000.000) 11/11 13:47:17 Image size of job updated: 2561412
	2486  -  MemoryUsage of job (MB)
	2545408  -  ResidentSetSize of job (KB)
...
040 (7714792.000.000) 11/13 09:26:55 Started transferring output files
...
040 (7714792.000.000) 11/13 09:27:16 Finished transferring output files
...
005 (7714792.000.000) 11/13 09:27:16 Job terminated.
	(1) Normal termination (return value 0)
		Usr 3 04:21:10, Sys 0 13:45:06  -  Run Remote Usage
		Usr 0 00:00:00, Sys 0 00:00:00  -  Run Local Usage
		Usr 3 04:21:10, Sys 0 13:45:06  -  Total Remote Usage
		Usr 0 00:00:00, Sys 0 00:00:00  -  Total Local Usage
	344118272  -  Run Bytes Sent By Job
	11081  -  Run Bytes Received By Job
	344118272  -  Total Bytes Sent By Job
	11081  -  Total Bytes Received By Job
	Partitionable Resources :     Usage  Request Allocated 
	   Cpus                 :      2.82        1         1 
	   Disk (KB)            : 336088          12   2964349 
	   Memory (MB)          :   2486        2000      2000 

	Job terminated of its own accord at 2024-11-13T08:26:55Z with exit-code 0.
...
