000 (7729161.000.000) 11/14 02:26:42 Job submitted from host: <137.138.55.115:9618?addrs=137.138.55.115-9618+[2001-1458-d00-17--12a]-9618&alias=bigbird23.cern.ch&noUDP&sock=schedd_4975_03c1>
...
040 (7729161.000.000) 11/14 02:29:03 Started transferring input files
	Transferring to host: <128.142.248.15:9618?addrs=128.142.248.15-9618+[2001-1458-301-73--100-ff]-9618&alias=b9g23p2723.cern.ch&noUDP&sock=slot1_14_530484_b7bd_17156>
...
040 (7729161.000.000) 11/14 02:29:03 Finished transferring input files
...
001 (7729161.000.000) 11/14 02:29:04 Job executing on host: <128.142.248.15:9618?addrs=128.142.248.15-9618+[2001-1458-301-73--100-ff]-9618&alias=b9g23p2723.cern.ch&noUDP&sock=startd_8515_2904>
	SlotName: slot1_14@b9g23p2723.cern.ch
	CondorScratchDir = "/pool/condor/dir_1612366"
	Cpus = 1
	Disk = 2966685
	Memory = 2000
...
006 (7729161.000.000) 11/14 02:29:12 Image size of job updated: 208452
	204  -  MemoryUsage of job (MB)
	208404  -  ResidentSetSize of job (KB)
...
006 (7729161.000.000) 11/14 02:30:09 Image size of job updated: 2525436
	1415  -  MemoryUsage of job (MB)
	1448952  -  ResidentSetSize of job (KB)
...
040 (7729161.000.000) 11/14 02:30:09 Started transferring output files
...
040 (7729161.000.000) 11/14 02:30:09 Finished transferring output files
...
005 (7729161.000.000) 11/14 02:30:09 Job terminated.
	(1) Normal termination (return value 1)
		Usr 0 00:00:09, Sys 0 00:00:04  -  Run Remote Usage
		Usr 0 00:00:00, Sys 0 00:00:00  -  Run Local Usage
		Usr 0 00:00:09, Sys 0 00:00:04  -  Total Remote Usage
		Usr 0 00:00:00, Sys 0 00:00:00  -  Total Local Usage
	7191  -  Run Bytes Sent By Job
	11081  -  Run Bytes Received By Job
	7191  -  Total Bytes Sent By Job
	11081  -  Total Bytes Received By Job
	Partitionable Resources :    Usage  Request Allocated 
	   Cpus                 :                 1         1 
	   Disk (KB)            :       32       12   2966685 
	   Memory (MB)          :     1415     2000      2000 

	Job terminated of its own accord at 2024-11-14T01:30:09Z with exit-code 1.
...
000 (7729170.000.000) 11/14 02:39:39 Job submitted from host: <137.138.55.115:9618?addrs=137.138.55.115-9618+[2001-1458-d00-17--12a]-9618&alias=bigbird23.cern.ch&noUDP&sock=schedd_4975_03c1>
...
040 (7729170.000.000) 11/14 02:41:05 Started transferring input files
	Transferring to host: <188.185.196.12:9618?addrs=188.185.196.12-9618+[2001-1458-303-23--100-8]-9618&alias=b9p16p2305.cern.ch&noUDP&sock=slot1_26_6212_aa76_29353>
...
040 (7729170.000.000) 11/14 02:41:05 Finished transferring input files
...
001 (7729170.000.000) 11/14 02:41:06 Job executing on host: <188.185.196.12:9618?addrs=188.185.196.12-9618+[2001-1458-303-23--100-8]-9618&alias=b9p16p2305.cern.ch&noUDP&sock=startd_5107_8e41>
	SlotName: slot1_26@b9p16p2305.cern.ch
	CondorScratchDir = "/pool/condor/dir_779927"
	Cpus = 1
	Disk = 3800
	GPUs = 0
	Memory = 2000
...
006 (7729170.000.000) 11/14 02:41:15 Image size of job updated: 274228
	268  -  MemoryUsage of job (MB)
	274228  -  ResidentSetSize of job (KB)
...
006 (7729170.000.000) 11/14 02:46:16 Image size of job updated: 1673352
	1635  -  MemoryUsage of job (MB)
	1673352  -  ResidentSetSize of job (KB)
...
006 (7729170.000.000) 11/14 06:06:36 Image size of job updated: 1673644
	1635  -  MemoryUsage of job (MB)
	1673644  -  ResidentSetSize of job (KB)
...
006 (7729170.000.000) 11/14 06:11:37 Image size of job updated: 1674804
	1636  -  MemoryUsage of job (MB)
	1674804  -  ResidentSetSize of job (KB)
...
006 (7729170.000.000) 11/14 06:16:38 Image size of job updated: 1676472
	1638  -  MemoryUsage of job (MB)
	1676472  -  ResidentSetSize of job (KB)
...
006 (7729170.000.000) 11/14 06:21:38 Image size of job updated: 1678196
	1639  -  MemoryUsage of job (MB)
	1678196  -  ResidentSetSize of job (KB)
...
006 (7729170.000.000) 11/14 06:31:40 Image size of job updated: 1679284
	1640  -  MemoryUsage of job (MB)
	1679284  -  ResidentSetSize of job (KB)
...
006 (7729170.000.000) 11/14 06:36:40 Image size of job updated: 1681812
	1643  -  MemoryUsage of job (MB)
	1681812  -  ResidentSetSize of job (KB)
...
006 (7729170.000.000) 11/14 06:46:41 Image size of job updated: 1692200
	1653  -  MemoryUsage of job (MB)
	1692200  -  ResidentSetSize of job (KB)
...
006 (7729170.000.000) 11/14 07:01:42 Image size of job updated: 1699776
	1660  -  MemoryUsage of job (MB)
	1699776  -  ResidentSetSize of job (KB)
...
006 (7729170.000.000) 11/14 07:11:43 Image size of job updated: 1702340
	1663  -  MemoryUsage of job (MB)
	1702340  -  ResidentSetSize of job (KB)
...
006 (7729170.000.000) 11/14 07:16:44 Image size of job updated: 1706416
	1667  -  MemoryUsage of job (MB)
	1706416  -  ResidentSetSize of job (KB)
...
006 (7729170.000.000) 11/14 07:26:45 Image size of job updated: 1716104
	1676  -  MemoryUsage of job (MB)
	1716104  -  ResidentSetSize of job (KB)
...
006 (7729170.000.000) 11/14 07:31:45 Image size of job updated: 1717468
	1678  -  MemoryUsage of job (MB)
	1717468  -  ResidentSetSize of job (KB)
...
006 (7729170.000.000) 11/14 07:36:46 Image size of job updated: 1722384
	1683  -  MemoryUsage of job (MB)
	1722384  -  ResidentSetSize of job (KB)
...
006 (7729170.000.000) 11/14 07:41:46 Image size of job updated: 1725040
	1685  -  MemoryUsage of job (MB)
	1725040  -  ResidentSetSize of job (KB)
...
006 (7729170.000.000) 11/14 07:46:46 Image size of job updated: 1732868
	1693  -  MemoryUsage of job (MB)
	1732868  -  ResidentSetSize of job (KB)
...
006 (7729170.000.000) 11/14 07:56:48 Image size of job updated: 1734640
	1694  -  MemoryUsage of job (MB)
	1734640  -  ResidentSetSize of job (KB)
...
006 (7729170.000.000) 11/14 08:31:52 Image size of job updated: 1735672
	1695  -  MemoryUsage of job (MB)
	1735672  -  ResidentSetSize of job (KB)
...
006 (7729170.000.000) 11/14 08:36:52 Image size of job updated: 1737120
	1697  -  MemoryUsage of job (MB)
	1737120  -  ResidentSetSize of job (KB)
...
006 (7729170.000.000) 11/14 08:41:53 Image size of job updated: 1743340
	1703  -  MemoryUsage of job (MB)
	1743340  -  ResidentSetSize of job (KB)
...
006 (7729170.000.000) 11/14 08:46:53 Image size of job updated: 1745404
	1705  -  MemoryUsage of job (MB)
	1745404  -  ResidentSetSize of job (KB)
...
006 (7729170.000.000) 11/14 08:51:53 Image size of job updated: 1747320
	1707  -  MemoryUsage of job (MB)
	1747320  -  ResidentSetSize of job (KB)
...
006 (7729170.000.000) 11/14 09:21:57 Image size of job updated: 1747856
	1707  -  MemoryUsage of job (MB)
	1747856  -  ResidentSetSize of job (KB)
...
006 (7729170.000.000) 11/14 09:41:58 Image size of job updated: 1755792
	1715  -  MemoryUsage of job (MB)
	1755792  -  ResidentSetSize of job (KB)
...
006 (7729170.000.000) 11/14 09:51:59 Image size of job updated: 1757412
	1717  -  MemoryUsage of job (MB)
	1757412  -  ResidentSetSize of job (KB)
...
006 (7729170.000.000) 11/14 10:22:03 Image size of job updated: 1758236
	1718  -  MemoryUsage of job (MB)
	1758236  -  ResidentSetSize of job (KB)
...
006 (7729170.000.000) 11/14 10:37:04 Image size of job updated: 1759592
	1719  -  MemoryUsage of job (MB)
	1759592  -  ResidentSetSize of job (KB)
...
006 (7729170.000.000) 11/14 10:47:04 Image size of job updated: 1759932
	1719  -  MemoryUsage of job (MB)
	1759932  -  ResidentSetSize of job (KB)
...
006 (7729170.000.000) 11/14 10:52:05 Image size of job updated: 1764680
	1724  -  MemoryUsage of job (MB)
	1764680  -  ResidentSetSize of job (KB)
...
006 (7729170.000.000) 11/14 11:12:06 Image size of job updated: 1767432
	1727  -  MemoryUsage of job (MB)
	1767432  -  ResidentSetSize of job (KB)
...
006 (7729170.000.000) 11/14 11:22:08 Image size of job updated: 1769864
	1729  -  MemoryUsage of job (MB)
	1769864  -  ResidentSetSize of job (KB)
...
006 (7729170.000.000) 11/14 11:27:08 Image size of job updated: 1770024
	1729  -  MemoryUsage of job (MB)
	1770024  -  ResidentSetSize of job (KB)
...
006 (7729170.000.000) 11/14 11:32:08 Image size of job updated: 1774844
	1734  -  MemoryUsage of job (MB)
	1774844  -  ResidentSetSize of job (KB)
...
006 (7729170.000.000) 11/14 11:37:09 Image size of job updated: 1775724
	1735  -  MemoryUsage of job (MB)
	1775724  -  ResidentSetSize of job (KB)
...
006 (7729170.000.000) 11/14 11:52:11 Image size of job updated: 1775924
	1735  -  MemoryUsage of job (MB)
	1775924  -  ResidentSetSize of job (KB)
...
006 (7729170.000.000) 11/14 11:57:11 Image size of job updated: 1782876
	1742  -  MemoryUsage of job (MB)
	1782876  -  ResidentSetSize of job (KB)
...
006 (7729170.000.000) 11/14 12:17:13 Image size of job updated: 1788104
	1747  -  MemoryUsage of job (MB)
	1788104  -  ResidentSetSize of job (KB)
...
006 (7729170.000.000) 11/14 12:22:14 Image size of job updated: 1788224
	1747  -  MemoryUsage of job (MB)
	1788224  -  ResidentSetSize of job (KB)
...
006 (7729170.000.000) 11/14 13:02:17 Image size of job updated: 1790492
	1749  -  MemoryUsage of job (MB)
	1790492  -  ResidentSetSize of job (KB)
...
006 (7729170.000.000) 11/14 13:12:19 Image size of job updated: 1792008
	1751  -  MemoryUsage of job (MB)
	1792008  -  ResidentSetSize of job (KB)
...
006 (7729170.000.000) 11/14 13:22:20 Image size of job updated: 1794752
	1753  -  MemoryUsage of job (MB)
	1794752  -  ResidentSetSize of job (KB)
...
006 (7729170.000.000) 11/14 13:47:23 Image size of job updated: 1798956
	1757  -  MemoryUsage of job (MB)
	1798956  -  ResidentSetSize of job (KB)
...
006 (7729170.000.000) 11/14 13:57:24 Image size of job updated: 1803364
	1762  -  MemoryUsage of job (MB)
	1803364  -  ResidentSetSize of job (KB)
...
040 (7729170.000.000) 11/15 01:21:58 Started transferring output files
...
040 (7729170.000.000) 11/15 01:22:08 Finished transferring output files
...
005 (7729170.000.000) 11/15 01:22:08 Job terminated.
	(1) Normal termination (return value 0)
		Usr 1 18:35:56, Sys 0 08:19:37  -  Run Remote Usage
		Usr 0 00:00:00, Sys 0 00:00:00  -  Run Local Usage
		Usr 1 18:35:56, Sys 0 08:19:37  -  Total Remote Usage
		Usr 0 00:00:00, Sys 0 00:00:00  -  Total Local Usage
	178041280  -  Run Bytes Sent By Job
	11089  -  Run Bytes Received By Job
	178041280  -  Total Bytes Sent By Job
	11089  -  Total Bytes Received By Job
	Partitionable Resources :     Usage  Request Allocated 
	   Cpus                 :      0.00        1         1 
	   Disk (KB)            : 173904          12      3800 
	   GPUs                 :                            0 
	   Memory (MB)          :   1762        2000      2000 

	Job terminated of its own accord at 2024-11-15T00:21:57Z with exit-code 0.
...
