000 (6828094.000.000) 06/25 12:48:44 Job submitted from host: <137.138.55.115:9618?addrs=137.138.55.115-9618+[2001-1458-d00-17--12a]-9618&alias=bigbird23.cern.ch&noUDP&sock=schedd_23881_f548>
...
000 (6828096.000.000) 06/25 12:49:40 Job submitted from host: <137.138.55.115:9618?addrs=137.138.55.115-9618+[2001-1458-d00-17--12a]-9618&alias=bigbird23.cern.ch&noUDP&sock=schedd_23881_f548>
...
040 (6828096.000.000) 06/25 12:50:34 Started transferring input files
	Transferring to host: <128.142.56.97:9618?addrs=128.142.56.97-9618+[2001-1458-301-6--100-60]-9618&alias=b7s01p7071.cern.ch&noUDP&sock=slot1_1_60966_cfe8_177541>
...
040 (6828094.000.000) 06/25 12:50:34 Started transferring input files
	Transferring to host: <128.142.59.134:9618?addrs=128.142.59.134-9618&alias=b7s04p8709.cern.ch&noUDP&sock=slot1_17_6928_2713_177023>
...
040 (6828096.000.000) 06/25 12:50:34 Finished transferring input files
...
040 (6828094.000.000) 06/25 12:50:34 Finished transferring input files
...
001 (6828096.000.000) 06/25 12:50:35 Job executing on host: <128.142.56.97:9618?addrs=128.142.56.97-9618+[2001-1458-301-6--100-60]-9618&alias=b7s01p7071.cern.ch&noUDP&sock=startd_60928_1e63>
	SlotName: slot1_1@b7s01p7071.cern.ch
...
001 (6828094.000.000) 06/25 12:50:35 Job executing on host: <128.142.59.134:9618?addrs=128.142.59.134-9618&alias=b7s04p8709.cern.ch&noUDP&sock=startd_6865_65c0>
	SlotName: slot1_17@b7s04p8709.cern.ch
...
006 (6828096.000.000) 06/25 12:50:44 Image size of job updated: 31300
	23  -  MemoryUsage of job (MB)
	22972  -  ResidentSetSize of job (KB)
...
006 (6828094.000.000) 06/25 12:50:44 Image size of job updated: 306264
	111  -  MemoryUsage of job (MB)
	113232  -  ResidentSetSize of job (KB)
...
006 (6828094.000.000) 06/25 12:55:45 Image size of job updated: 15477276
	909  -  MemoryUsage of job (MB)
	930288  -  ResidentSetSize of job (KB)
...
006 (6828096.000.000) 06/25 12:55:45 Image size of job updated: 15477608
	879  -  MemoryUsage of job (MB)
	899368  -  ResidentSetSize of job (KB)
...
006 (6828096.000.000) 06/25 12:59:30 Image size of job updated: 15478776
	879  -  MemoryUsage of job (MB)
	899368  -  ResidentSetSize of job (KB)
...
040 (6828096.000.000) 06/25 12:59:30 Started transferring output files
...
040 (6828096.000.000) 06/25 12:59:30 Finished transferring output files
...
004 (6828096.000.000) 06/25 12:59:30 Job was evicted.
	(0) CPU times
		Usr 0 00:09:42, Sys 0 00:01:11  -  Run Remote Usage
		Usr 0 00:00:00, Sys 0 00:00:00  -  Run Local Usage
	697602  -  Run Bytes Sent By Job
	11085  -  Run Bytes Received By Job
	Partitionable Resources :    Usage  Request Allocated 
	   Cpus                 :     1.49        1         1 
	   Disk (KB)            :   717          12   1370808 
	   Memory (MB)          :   879        2000      2000 
...
006 (6828094.000.000) 06/25 12:59:30 Image size of job updated: 15477356
	909  -  MemoryUsage of job (MB)
	930288  -  ResidentSetSize of job (KB)
...
040 (6828094.000.000) 06/25 12:59:30 Started transferring output files
...
009 (6828096.000.000) 06/25 12:59:30 Job was aborted.
	via condor_rm (by user fsalerno)
...
040 (6828094.000.000) 06/25 12:59:30 Finished transferring output files
...
004 (6828094.000.000) 06/25 12:59:30 Job was evicted.
	(0) CPU times
		Usr 0 00:11:32, Sys 0 00:01:24  -  Run Remote Usage
		Usr 0 00:00:00, Sys 0 00:00:00  -  Run Local Usage
	819931  -  Run Bytes Sent By Job
	11085  -  Run Bytes Received By Job
	Partitionable Resources :    Usage  Request Allocated 
	   Cpus                 :     1.70        1         1 
	   Disk (KB)            :   836          12   1337813 
	   Memory (MB)          :   909        2000      2000 
...
009 (6828094.000.000) 06/25 12:59:30 Job was aborted.
	via condor_rm (by user fsalerno)
...
