filepath is =====  ['/eos/user/f/fsalerno/Data/HOTVR/ttx_ntuplizer/tt_mtt-700to1000_MC2018_ntuplizer/NANO_NANO_100_Friend.root', '/eos/user/f/fsalerno/Data/HOTVR/ttx_ntuplizer/tt_mtt-700to1000_MC2018_ntuplizer/NANO_NANO_101_Friend.root', '/eos/user/f/fsalerno/Data/HOTVR/ttx_ntuplizer/tt_mtt-700to1000_MC2018_ntuplizer/NANO_NANO_102_Friend.root', '/eos/user/f/fsalerno/Data/HOTVR/ttx_ntuplizer/tt_mtt-700to1000_MC2018_ntuplizer/NANO_NANO_103_Friend.root', '/eos/user/f/fsalerno/Data/HOTVR/ttx_ntuplizer/tt_mtt-700to1000_MC2018_ntuplizer/NANO_NANO_104_Friend.root']
File exists.
Model loaded successfully.
/eos/user/f/fsalerno/framework/MachineLearning/Training_HOTVR_2018_1_j_in_HVRj/model.h5 exists.
Read permission for /eos/user/f/fsalerno/framework/MachineLearning/Training_HOTVR_2018_1_j_in_HVRj/model.h5 is granted.
Write permission for /eos/user/f/fsalerno/framework/MachineLearning/Training_HOTVR_2018_1_j_in_HVRj/model.h5 is granted.
Execute permission for /eos/user/f/fsalerno/framework/MachineLearning/Training_HOTVR_2018_1_j_in_HVRj/model.h5 is denied.
/eos/user/f/fsalerno/framework/MachineLearning/Training_HOTVR_2018_1_j_in_HVRj/model.h5
Because you requested a FJR we assume you want the final hadd. No name specified for the output file, will use tree.root
Will write selected trees to /eos/user/f/fsalerno/Data/HOTVR/evaluate_j_in_HVRj_1_tt_mtt-700to1000_MC2018_topeval/
Pre-select 51196 entries out of 51196 (100.00%)
Not copying unknown tree Friends
Not copying unknown tree Friends
Processed    10000/   51196 entries, 19.53% (elapsed time   113.0s, curr speed    0.089 kHz, avg speed    0.089 kHz), accepted     2529/   10001 events (25.29%)
Processed    20000/   51196 entries, 39.07% (elapsed time   217.1s, curr speed    0.096 kHz, avg speed    0.092 kHz), accepted     5084/   20001 events (25.42%)
Processed    30000/   51196 entries, 58.60% (elapsed time   305.3s, curr speed    0.113 kHz, avg speed    0.098 kHz), accepted     7539/   30001 events (25.13%)
Processed    40000/   51196 entries, 78.13% (elapsed time   464.5s, curr speed    0.063 kHz, avg speed    0.086 kHz), accepted     9970/   40001 events (24.92%)
Processed    50000/   51196 entries, 97.66% (elapsed time   569.1s, curr speed    0.096 kHz, avg speed    0.088 kHz), accepted    12478/   50001 events (24.96%)
Processed 51196 preselected entries from /eos/user/f/fsalerno/Data/HOTVR/ttx_ntuplizer/tt_mtt-700to1000_MC2018_ntuplizer/NANO_NANO_100_Friend.root (51196 entries). Finally selected 12799 entries
Done /eos/user/f/fsalerno/Data/HOTVR/evaluate_j_in_HVRj_1_tt_mtt-700to1000_MC2018_topeval/NANO_NANO_100_Friend_topeval_HOTVR_2_tt_mtt-700to1000_MC2018.root
Pre-select 51929 entries out of 51929 (100.00%)
Not copying unknown tree Friends
Not copying unknown tree Friends
Processed    10000/   51929 entries, 19.26% (elapsed time   101.5s, curr speed    0.098 kHz, avg speed    0.098 kHz), accepted     2465/   10001 events (24.65%)
Processed    20000/   51929 entries, 38.51% (elapsed time   202.4s, curr speed    0.099 kHz, avg speed    0.099 kHz), accepted     4994/   20001 events (24.97%)
Processed    30000/   51929 entries, 57.77% (elapsed time   296.7s, curr speed    0.106 kHz, avg speed    0.101 kHz), accepted     7522/   30001 events (25.07%)
Processed    40000/   51929 entries, 77.03% (elapsed time   448.0s, curr speed    0.066 kHz, avg speed    0.089 kHz), accepted     9981/   40001 events (24.95%)
Processed    50000/   51929 entries, 96.29% (elapsed time   544.9s, curr speed    0.103 kHz, avg speed    0.092 kHz), accepted    12558/   50001 events (25.12%)
Processed 51929 preselected entries from /eos/user/f/fsalerno/Data/HOTVR/ttx_ntuplizer/tt_mtt-700to1000_MC2018_ntuplizer/NANO_NANO_101_Friend.root (51929 entries). Finally selected 13047 entries
Done /eos/user/f/fsalerno/Data/HOTVR/evaluate_j_in_HVRj_1_tt_mtt-700to1000_MC2018_topeval/NANO_NANO_101_Friend_topeval_HOTVR_2_tt_mtt-700to1000_MC2018.root
Pre-select 51556 entries out of 51556 (100.00%)
Not copying unknown tree Friends
Not copying unknown tree Friends
Processed    10000/   51556 entries, 19.40% (elapsed time   111.0s, curr speed    0.090 kHz, avg speed    0.090 kHz), accepted     2560/   10001 events (25.60%)
Processed    20000/   51556 entries, 38.79% (elapsed time   216.4s, curr speed    0.095 kHz, avg speed    0.092 kHz), accepted     5118/   20001 events (25.59%)
Processed    30000/   51556 entries, 58.19% (elapsed time   315.7s, curr speed    0.101 kHz, avg speed    0.095 kHz), accepted     7608/   30001 events (25.36%)
Processed    40000/   51556 entries, 77.59% (elapsed time   469.3s, curr speed    0.065 kHz, avg speed    0.085 kHz), accepted    10070/   40001 events (25.17%)
Processed    50000/   51556 entries, 96.98% (elapsed time   570.1s, curr speed    0.099 kHz, avg speed    0.088 kHz), accepted    12532/   50001 events (25.06%)
Processed 51556 preselected entries from /eos/user/f/fsalerno/Data/HOTVR/ttx_ntuplizer/tt_mtt-700to1000_MC2018_ntuplizer/NANO_NANO_102_Friend.root (51556 entries). Finally selected 12920 entries
Done /eos/user/f/fsalerno/Data/HOTVR/evaluate_j_in_HVRj_1_tt_mtt-700to1000_MC2018_topeval/NANO_NANO_102_Friend_topeval_HOTVR_2_tt_mtt-700to1000_MC2018.root
Pre-select 51656 entries out of 51656 (100.00%)
Not copying unknown tree Friends
Not copying unknown tree Friends
Processed    10000/   51656 entries, 19.36% (elapsed time   102.9s, curr speed    0.097 kHz, avg speed    0.097 kHz), accepted     2470/   10001 events (24.70%)
Processed    20000/   51656 entries, 38.72% (elapsed time   211.6s, curr speed    0.092 kHz, avg speed    0.095 kHz), accepted     4927/   20001 events (24.63%)
Processed    30000/   51656 entries, 58.08% (elapsed time   310.9s, curr speed    0.101 kHz, avg speed    0.097 kHz), accepted     7426/   30001 events (24.75%)
Processed    40000/   51656 entries, 77.44% (elapsed time   470.1s, curr speed    0.063 kHz, avg speed    0.085 kHz), accepted     9918/   40001 events (24.79%)
Processed    50000/   51656 entries, 96.79% (elapsed time   567.2s, curr speed    0.103 kHz, avg speed    0.088 kHz), accepted    12484/   50001 events (24.97%)
Processed 51656 preselected entries from /eos/user/f/fsalerno/Data/HOTVR/ttx_ntuplizer/tt_mtt-700to1000_MC2018_ntuplizer/NANO_NANO_103_Friend.root (51656 entries). Finally selected 12880 entries
Done /eos/user/f/fsalerno/Data/HOTVR/evaluate_j_in_HVRj_1_tt_mtt-700to1000_MC2018_topeval/NANO_NANO_103_Friend_topeval_HOTVR_2_tt_mtt-700to1000_MC2018.root
Pre-select 51425 entries out of 51425 (100.00%)
Not copying unknown tree Friends
Not copying unknown tree Friends
Processed    10000/   51425 entries, 19.45% (elapsed time   110.1s, curr speed    0.091 kHz, avg speed    0.091 kHz), accepted     2515/   10001 events (25.15%)
Processed    20000/   51425 entries, 38.89% (elapsed time   217.7s, curr speed    0.093 kHz, avg speed    0.092 kHz), accepted     5025/   20001 events (25.12%)
Processed    30000/   51425 entries, 58.34% (elapsed time   326.2s, curr speed    0.092 kHz, avg speed    0.092 kHz), accepted     7562/   30001 events (25.21%)
Processed    40000/   51425 entries, 77.78% (elapsed time   484.6s, curr speed    0.063 kHz, avg speed    0.083 kHz), accepted    10071/   40001 events (25.18%)
Processed    50000/   51425 entries, 97.23% (elapsed time   579.9s, curr speed    0.105 kHz, avg speed    0.086 kHz), accepted    12589/   50001 events (25.18%)
Processed 51425 preselected entries from /eos/user/f/fsalerno/Data/HOTVR/ttx_ntuplizer/tt_mtt-700to1000_MC2018_ntuplizer/NANO_NANO_104_Friend.root (51425 entries). Finally selected 12958 entries
Done /eos/user/f/fsalerno/Data/HOTVR/evaluate_j_in_HVRj_1_tt_mtt-700to1000_MC2018_topeval/NANO_NANO_104_Friend_topeval_HOTVR_2_tt_mtt-700to1000_MC2018.root
Total time 3452.1 sec. to process 257762 events. Rate = 74.7 Hz.
DONE
