
 NANO_NANO_1-10_Friendtopcand_HOTVR_10000_final_qcd_ht_1000_MC2018.root 


 NANO_NANO_1-11_Friendtopcand_HOTVR_10000_final_qcd_ht_1000_MC2018.root 


 NANO_NANO_1-12_Friendtopcand_HOTVR_10000_final_qcd_ht_1000_MC2018.root 


 NANO_NANO_1-13_Friendtopcand_HOTVR_10000_final_qcd_ht_1000_MC2018.root 


 NANO_NANO_1-14_Friendtopcand_HOTVR_10000_final_qcd_ht_1000_MC2018.root 


 NANO_NANO_1-15_Friendtopcand_HOTVR_10000_final_qcd_ht_1000_MC2018.root 


 NANO_NANO_1-16_Friendtopcand_HOTVR_10000_final_qcd_ht_1000_MC2018.root 


 NANO_NANO_1-17_Friendtopcand_HOTVR_10000_final_qcd_ht_1000_MC2018.root 


 NANO_NANO_1-18_Friendtopcand_HOTVR_10000_final_qcd_ht_1000_MC2018.root 


 NANO_NANO_1-19_Friendtopcand_HOTVR_10000_final_qcd_ht_1000_MC2018.root 


 NANO_NANO_1-1_Friendtopcand_HOTVR_10000_final_qcd_ht_1000_MC2018.root 


 NANO_NANO_1-20_Friendtopcand_HOTVR_10000_final_qcd_ht_1000_MC2018.root 


 NANO_NANO_1-21_Friendtopcand_HOTVR_10000_final_qcd_ht_1000_MC2018.root 


 NANO_NANO_1-22_Friendtopcand_HOTVR_10000_final_qcd_ht_1000_MC2018.root 


 NANO_NANO_1-23_Friendtopcand_HOTVR_10000_final_qcd_ht_1000_MC2018.root 


 NANO_NANO_1-24_Friendtopcand_HOTVR_10000_final_qcd_ht_1000_MC2018.root 


 NANO_NANO_1-25_Friendtopcand_HOTVR_10000_final_qcd_ht_1000_MC2018.root 


 NANO_NANO_1-27_Friendtopcand_HOTVR_10000_final_qcd_ht_1000_MC2018.root 


 NANO_NANO_1-28_Friendtopcand_HOTVR_10000_final_qcd_ht_1000_MC2018.root 


 NANO_NANO_1-29_Friendtopcand_HOTVR_10000_final_qcd_ht_1000_MC2018.root 


 NANO_NANO_1-2_Friendtopcand_HOTVR_10000_final_qcd_ht_1000_MC2018.root 


 NANO_NANO_1-30_Friendtopcand_HOTVR_10000_final_qcd_ht_1000_MC2018.root 


 NANO_NANO_1-31_Friendtopcand_HOTVR_10000_final_qcd_ht_1000_MC2018.root 


 NANO_NANO_1-32_Friendtopcand_HOTVR_10000_final_qcd_ht_1000_MC2018.root 


 NANO_NANO_1-33_Friendtopcand_HOTVR_10000_final_qcd_ht_1000_MC2018.root 


 NANO_NANO_1-34_Friendtopcand_HOTVR_10000_final_qcd_ht_1000_MC2018.root 


 NANO_NANO_1-35_Friendtopcand_HOTVR_10000_final_qcd_ht_1000_MC2018.root 


 NANO_NANO_1-36_Friendtopcand_HOTVR_10000_final_qcd_ht_1000_MC2018.root 


 NANO_NANO_1-37_Friendtopcand_HOTVR_10000_final_qcd_ht_1000_MC2018.root 


 NANO_NANO_1-38_Friendtopcand_HOTVR_10000_final_qcd_ht_1000_MC2018.root 


 NANO_NANO_1-39_Friendtopcand_HOTVR_10000_final_qcd_ht_1000_MC2018.root 


 NANO_NANO_1-3_Friendtopcand_HOTVR_10000_final_qcd_ht_1000_MC2018.root 


 NANO_NANO_1-40_Friendtopcand_HOTVR_10000_final_qcd_ht_1000_MC2018.root 


 NANO_NANO_1-41_Friendtopcand_HOTVR_10000_final_qcd_ht_1000_MC2018.root 


 NANO_NANO_1-42_Friendtopcand_HOTVR_10000_final_qcd_ht_1000_MC2018.root 


 NANO_NANO_1-43_Friendtopcand_HOTVR_10000_final_qcd_ht_1000_MC2018.root 


 NANO_NANO_1-44_Friendtopcand_HOTVR_10000_final_qcd_ht_1000_MC2018.root 


 NANO_NANO_1-45_Friendtopcand_HOTVR_10000_final_qcd_ht_1000_MC2018.root 


 NANO_NANO_1-46_Friendtopcand_HOTVR_10000_final_qcd_ht_1000_MC2018.root 


 NANO_NANO_1-47_Friendtopcand_HOTVR_10000_final_qcd_ht_1000_MC2018.root 


 NANO_NANO_1-48_Friendtopcand_HOTVR_10000_final_qcd_ht_1000_MC2018.root 


 NANO_NANO_1-4_Friendtopcand_HOTVR_10000_final_qcd_ht_1000_MC2018.root 


 NANO_NANO_1-50_Friendtopcand_HOTVR_10000_final_qcd_ht_1000_MC2018.root 


 NANO_NANO_1-51_Friendtopcand_HOTVR_10000_final_qcd_ht_1000_MC2018.root 


 NANO_NANO_1-52_Friendtopcand_HOTVR_10000_final_qcd_ht_1000_MC2018.root 


 NANO_NANO_1-53_Friendtopcand_HOTVR_10000_final_qcd_ht_1000_MC2018.root 


 NANO_NANO_1-54_Friendtopcand_HOTVR_10000_final_qcd_ht_1000_MC2018.root 


 NANO_NANO_1-55_Friendtopcand_HOTVR_10000_final_qcd_ht_1000_MC2018.root 


 NANO_NANO_1-56_Friendtopcand_HOTVR_10000_final_qcd_ht_1000_MC2018.root 


 NANO_NANO_1-5_Friendtopcand_HOTVR_10000_final_qcd_ht_1000_MC2018.root 


 NANO_NANO_1-6_Friendtopcand_HOTVR_10000_final_qcd_ht_1000_MC2018.root 


 NANO_NANO_1-7_Friendtopcand_HOTVR_10000_final_qcd_ht_1000_MC2018.root 


 NANO_NANO_1-8_Friendtopcand_HOTVR_10000_final_qcd_ht_1000_MC2018.root 


 NANO_NANO_1-9_Friendtopcand_HOTVR_10000_final_qcd_ht_1000_MC2018.root 


 NANO_NANO_1002_Friendtopcand_HOTVR_10000_final_qcd_ht_1000_MC2018.root 

pathList is =====  ['/eos/user/f/fsalerno/Data/HOTVR/training_j_in_HVRj/qcd_ht_1000_MC2018_topcand/NANO_NANO_1-10_Friendtopcand_HOTVR_10000_final_qcd_ht_1000_MC2018.root', '/eos/user/f/fsalerno/Data/HOTVR/training_j_in_HVRj/qcd_ht_1000_MC2018_topcand/NANO_NANO_1-11_Friendtopcand_HOTVR_10000_final_qcd_ht_1000_MC2018.root', '/eos/user/f/fsalerno/Data/HOTVR/training_j_in_HVRj/qcd_ht_1000_MC2018_topcand/NANO_NANO_1-12_Friendtopcand_HOTVR_10000_final_qcd_ht_1000_MC2018.root', '/eos/user/f/fsalerno/Data/HOTVR/training_j_in_HVRj/qcd_ht_1000_MC2018_topcand/NANO_NANO_1-13_Friendtopcand_HOTVR_10000_final_qcd_ht_1000_MC2018.root', '/eos/user/f/fsalerno/Data/HOTVR/training_j_in_HVRj/qcd_ht_1000_MC2018_topcand/NANO_NANO_1-14_Friendtopcand_HOTVR_10000_final_qcd_ht_1000_MC2018.root', '/eos/user/f/fsalerno/Data/HOTVR/training_j_in_HVRj/qcd_ht_1000_MC2018_topcand/NANO_NANO_1-15_Friendtopcand_HOTVR_10000_final_qcd_ht_1000_MC2018.root', '/eos/user/f/fsalerno/Data/HOTVR/training_j_in_HVRj/qcd_ht_1000_MC2018_topcand/NANO_NANO_1-16_Friendtopcand_HOTVR_10000_final_qcd_ht_1000_MC2018.root', '/eos/user/f/fsalerno/Data/HOTVR/training_j_in_HVRj/qcd_ht_1000_MC2018_topcand/NANO_NANO_1-17_Friendtopcand_HOTVR_10000_final_qcd_ht_1000_MC2018.root', '/eos/user/f/fsalerno/Data/HOTVR/training_j_in_HVRj/qcd_ht_1000_MC2018_topcand/NANO_NANO_1-18_Friendtopcand_HOTVR_10000_final_qcd_ht_1000_MC2018.root', '/eos/user/f/fsalerno/Data/HOTVR/training_j_in_HVRj/qcd_ht_1000_MC2018_topcand/NANO_NANO_1-19_Friendtopcand_HOTVR_10000_final_qcd_ht_1000_MC2018.root', '/eos/user/f/fsalerno/Data/HOTVR/training_j_in_HVRj/qcd_ht_1000_MC2018_topcand/NANO_NANO_1-1_Friendtopcand_HOTVR_10000_final_qcd_ht_1000_MC2018.root', '/eos/user/f/fsalerno/Data/HOTVR/training_j_in_HVRj/qcd_ht_1000_MC2018_topcand/NANO_NANO_1-20_Friendtopcand_HOTVR_10000_final_qcd_ht_1000_MC2018.root', '/eos/user/f/fsalerno/Data/HOTVR/training_j_in_HVRj/qcd_ht_1000_MC2018_topcand/NANO_NANO_1-21_Friendtopcand_HOTVR_10000_final_qcd_ht_1000_MC2018.root', '/eos/user/f/fsalerno/Data/HOTVR/training_j_in_HVRj/qcd_ht_1000_MC2018_topcand/NANO_NANO_1-22_Friendtopcand_HOTVR_10000_final_qcd_ht_1000_MC2018.root', '/eos/user/f/fsalerno/Data/HOTVR/training_j_in_HVRj/qcd_ht_1000_MC2018_topcand/NANO_NANO_1-23_Friendtopcand_HOTVR_10000_final_qcd_ht_1000_MC2018.root', '/eos/user/f/fsalerno/Data/HOTVR/training_j_in_HVRj/qcd_ht_1000_MC2018_topcand/NANO_NANO_1-24_Friendtopcand_HOTVR_10000_final_qcd_ht_1000_MC2018.root', '/eos/user/f/fsalerno/Data/HOTVR/training_j_in_HVRj/qcd_ht_1000_MC2018_topcand/NANO_NANO_1-25_Friendtopcand_HOTVR_10000_final_qcd_ht_1000_MC2018.root', '/eos/user/f/fsalerno/Data/HOTVR/training_j_in_HVRj/qcd_ht_1000_MC2018_topcand/NANO_NANO_1-27_Friendtopcand_HOTVR_10000_final_qcd_ht_1000_MC2018.root', '/eos/user/f/fsalerno/Data/HOTVR/training_j_in_HVRj/qcd_ht_1000_MC2018_topcand/NANO_NANO_1-28_Friendtopcand_HOTVR_10000_final_qcd_ht_1000_MC2018.root', '/eos/user/f/fsalerno/Data/HOTVR/training_j_in_HVRj/qcd_ht_1000_MC2018_topcand/NANO_NANO_1-29_Friendtopcand_HOTVR_10000_final_qcd_ht_1000_MC2018.root', '/eos/user/f/fsalerno/Data/HOTVR/training_j_in_HVRj/qcd_ht_1000_MC2018_topcand/NANO_NANO_1-2_Friendtopcand_HOTVR_10000_final_qcd_ht_1000_MC2018.root', '/eos/user/f/fsalerno/Data/HOTVR/training_j_in_HVRj/qcd_ht_1000_MC2018_topcand/NANO_NANO_1-30_Friendtopcand_HOTVR_10000_final_qcd_ht_1000_MC2018.root', '/eos/user/f/fsalerno/Data/HOTVR/training_j_in_HVRj/qcd_ht_1000_MC2018_topcand/NANO_NANO_1-31_Friendtopcand_HOTVR_10000_final_qcd_ht_1000_MC2018.root', '/eos/user/f/fsalerno/Data/HOTVR/training_j_in_HVRj/qcd_ht_1000_MC2018_topcand/NANO_NANO_1-32_Friendtopcand_HOTVR_10000_final_qcd_ht_1000_MC2018.root', '/eos/user/f/fsalerno/Data/HOTVR/training_j_in_HVRj/qcd_ht_1000_MC2018_topcand/NANO_NANO_1-33_Friendtopcand_HOTVR_10000_final_qcd_ht_1000_MC2018.root', '/eos/user/f/fsalerno/Data/HOTVR/training_j_in_HVRj/qcd_ht_1000_MC2018_topcand/NANO_NANO_1-34_Friendtopcand_HOTVR_10000_final_qcd_ht_1000_MC2018.root', '/eos/user/f/fsalerno/Data/HOTVR/training_j_in_HVRj/qcd_ht_1000_MC2018_topcand/NANO_NANO_1-35_Friendtopcand_HOTVR_10000_final_qcd_ht_1000_MC2018.root', '/eos/user/f/fsalerno/Data/HOTVR/training_j_in_HVRj/qcd_ht_1000_MC2018_topcand/NANO_NANO_1-36_Friendtopcand_HOTVR_10000_final_qcd_ht_1000_MC2018.root', '/eos/user/f/fsalerno/Data/HOTVR/training_j_in_HVRj/qcd_ht_1000_MC2018_topcand/NANO_NANO_1-37_Friendtopcand_HOTVR_10000_final_qcd_ht_1000_MC2018.root', '/eos/user/f/fsalerno/Data/HOTVR/training_j_in_HVRj/qcd_ht_1000_MC2018_topcand/NANO_NANO_1-38_Friendtopcand_HOTVR_10000_final_qcd_ht_1000_MC2018.root', '/eos/user/f/fsalerno/Data/HOTVR/training_j_in_HVRj/qcd_ht_1000_MC2018_topcand/NANO_NANO_1-39_Friendtopcand_HOTVR_10000_final_qcd_ht_1000_MC2018.root', '/eos/user/f/fsalerno/Data/HOTVR/training_j_in_HVRj/qcd_ht_1000_MC2018_topcand/NANO_NANO_1-3_Friendtopcand_HOTVR_10000_final_qcd_ht_1000_MC2018.root', '/eos/user/f/fsalerno/Data/HOTVR/training_j_in_HVRj/qcd_ht_1000_MC2018_topcand/NANO_NANO_1-40_Friendtopcand_HOTVR_10000_final_qcd_ht_1000_MC2018.root', '/eos/user/f/fsalerno/Data/HOTVR/training_j_in_HVRj/qcd_ht_1000_MC2018_topcand/NANO_NANO_1-41_Friendtopcand_HOTVR_10000_final_qcd_ht_1000_MC2018.root', '/eos/user/f/fsalerno/Data/HOTVR/training_j_in_HVRj/qcd_ht_1000_MC2018_topcand/NANO_NANO_1-42_Friendtopcand_HOTVR_10000_final_qcd_ht_1000_MC2018.root', '/eos/user/f/fsalerno/Data/HOTVR/training_j_in_HVRj/qcd_ht_1000_MC2018_topcand/NANO_NANO_1-43_Friendtopcand_HOTVR_10000_final_qcd_ht_1000_MC2018.root', '/eos/user/f/fsalerno/Data/HOTVR/training_j_in_HVRj/qcd_ht_1000_MC2018_topcand/NANO_NANO_1-44_Friendtopcand_HOTVR_10000_final_qcd_ht_1000_MC2018.root', '/eos/user/f/fsalerno/Data/HOTVR/training_j_in_HVRj/qcd_ht_1000_MC2018_topcand/NANO_NANO_1-45_Friendtopcand_HOTVR_10000_final_qcd_ht_1000_MC2018.root', '/eos/user/f/fsalerno/Data/HOTVR/training_j_in_HVRj/qcd_ht_1000_MC2018_topcand/NANO_NANO_1-46_Friendtopcand_HOTVR_10000_final_qcd_ht_1000_MC2018.root', '/eos/user/f/fsalerno/Data/HOTVR/training_j_in_HVRj/qcd_ht_1000_MC2018_topcand/NANO_NANO_1-47_Friendtopcand_HOTVR_10000_final_qcd_ht_1000_MC2018.root', '/eos/user/f/fsalerno/Data/HOTVR/training_j_in_HVRj/qcd_ht_1000_MC2018_topcand/NANO_NANO_1-48_Friendtopcand_HOTVR_10000_final_qcd_ht_1000_MC2018.root', '/eos/user/f/fsalerno/Data/HOTVR/training_j_in_HVRj/qcd_ht_1000_MC2018_topcand/NANO_NANO_1-4_Friendtopcand_HOTVR_10000_final_qcd_ht_1000_MC2018.root', '/eos/user/f/fsalerno/Data/HOTVR/training_j_in_HVRj/qcd_ht_1000_MC2018_topcand/NANO_NANO_1-50_Friendtopcand_HOTVR_10000_final_qcd_ht_1000_MC2018.root', '/eos/user/f/fsalerno/Data/HOTVR/training_j_in_HVRj/qcd_ht_1000_MC2018_topcand/NANO_NANO_1-51_Friendtopcand_HOTVR_10000_final_qcd_ht_1000_MC2018.root', '/eos/user/f/fsalerno/Data/HOTVR/training_j_in_HVRj/qcd_ht_1000_MC2018_topcand/NANO_NANO_1-52_Friendtopcand_HOTVR_10000_final_qcd_ht_1000_MC2018.root', '/eos/user/f/fsalerno/Data/HOTVR/training_j_in_HVRj/qcd_ht_1000_MC2018_topcand/NANO_NANO_1-53_Friendtopcand_HOTVR_10000_final_qcd_ht_1000_MC2018.root', '/eos/user/f/fsalerno/Data/HOTVR/training_j_in_HVRj/qcd_ht_1000_MC2018_topcand/NANO_NANO_1-54_Friendtopcand_HOTVR_10000_final_qcd_ht_1000_MC2018.root', '/eos/user/f/fsalerno/Data/HOTVR/training_j_in_HVRj/qcd_ht_1000_MC2018_topcand/NANO_NANO_1-55_Friendtopcand_HOTVR_10000_final_qcd_ht_1000_MC2018.root', '/eos/user/f/fsalerno/Data/HOTVR/training_j_in_HVRj/qcd_ht_1000_MC2018_topcand/NANO_NANO_1-56_Friendtopcand_HOTVR_10000_final_qcd_ht_1000_MC2018.root', '/eos/user/f/fsalerno/Data/HOTVR/training_j_in_HVRj/qcd_ht_1000_MC2018_topcand/NANO_NANO_1-5_Friendtopcand_HOTVR_10000_final_qcd_ht_1000_MC2018.root', '/eos/user/f/fsalerno/Data/HOTVR/training_j_in_HVRj/qcd_ht_1000_MC2018_topcand/NANO_NANO_1-6_Friendtopcand_HOTVR_10000_final_qcd_ht_1000_MC2018.root', '/eos/user/f/fsalerno/Data/HOTVR/training_j_in_HVRj/qcd_ht_1000_MC2018_topcand/NANO_NANO_1-7_Friendtopcand_HOTVR_10000_final_qcd_ht_1000_MC2018.root', '/eos/user/f/fsalerno/Data/HOTVR/training_j_in_HVRj/qcd_ht_1000_MC2018_topcand/NANO_NANO_1-8_Friendtopcand_HOTVR_10000_final_qcd_ht_1000_MC2018.root', '/eos/user/f/fsalerno/Data/HOTVR/training_j_in_HVRj/qcd_ht_1000_MC2018_topcand/NANO_NANO_1-9_Friendtopcand_HOTVR_10000_final_qcd_ht_1000_MC2018.root', '/eos/user/f/fsalerno/Data/HOTVR/training_j_in_HVRj/qcd_ht_1000_MC2018_topcand/NANO_NANO_1002_Friendtopcand_HOTVR_10000_final_qcd_ht_1000_MC2018.root']
Path /eos/user/f/fsalerno/Data/HOTVR/training_j_in_HVRj/qcd_ht_1000_MC2018_topcand/NANO_NANO_1-10_Friendtopcand_HOTVR_10000_final_qcd_ht_1000_MC2018.root
size of treeList 1
Path /eos/user/f/fsalerno/Data/HOTVR/training_j_in_HVRj/qcd_ht_1000_MC2018_topcand/NANO_NANO_1-11_Friendtopcand_HOTVR_10000_final_qcd_ht_1000_MC2018.root
size of treeList 2
Path /eos/user/f/fsalerno/Data/HOTVR/training_j_in_HVRj/qcd_ht_1000_MC2018_topcand/NANO_NANO_1-12_Friendtopcand_HOTVR_10000_final_qcd_ht_1000_MC2018.root
size of treeList 3
Path /eos/user/f/fsalerno/Data/HOTVR/training_j_in_HVRj/qcd_ht_1000_MC2018_topcand/NANO_NANO_1-13_Friendtopcand_HOTVR_10000_final_qcd_ht_1000_MC2018.root
size of treeList 4
Path /eos/user/f/fsalerno/Data/HOTVR/training_j_in_HVRj/qcd_ht_1000_MC2018_topcand/NANO_NANO_1-14_Friendtopcand_HOTVR_10000_final_qcd_ht_1000_MC2018.root
size of treeList 5
Path /eos/user/f/fsalerno/Data/HOTVR/training_j_in_HVRj/qcd_ht_1000_MC2018_topcand/NANO_NANO_1-15_Friendtopcand_HOTVR_10000_final_qcd_ht_1000_MC2018.root
size of treeList 6
Path /eos/user/f/fsalerno/Data/HOTVR/training_j_in_HVRj/qcd_ht_1000_MC2018_topcand/NANO_NANO_1-16_Friendtopcand_HOTVR_10000_final_qcd_ht_1000_MC2018.root
size of treeList 7
Path /eos/user/f/fsalerno/Data/HOTVR/training_j_in_HVRj/qcd_ht_1000_MC2018_topcand/NANO_NANO_1-17_Friendtopcand_HOTVR_10000_final_qcd_ht_1000_MC2018.root
size of treeList 8
Path /eos/user/f/fsalerno/Data/HOTVR/training_j_in_HVRj/qcd_ht_1000_MC2018_topcand/NANO_NANO_1-18_Friendtopcand_HOTVR_10000_final_qcd_ht_1000_MC2018.root
size of treeList 9
Path /eos/user/f/fsalerno/Data/HOTVR/training_j_in_HVRj/qcd_ht_1000_MC2018_topcand/NANO_NANO_1-19_Friendtopcand_HOTVR_10000_final_qcd_ht_1000_MC2018.root
size of treeList 10
Path /eos/user/f/fsalerno/Data/HOTVR/training_j_in_HVRj/qcd_ht_1000_MC2018_topcand/NANO_NANO_1-1_Friendtopcand_HOTVR_10000_final_qcd_ht_1000_MC2018.root
size of treeList 11
Path /eos/user/f/fsalerno/Data/HOTVR/training_j_in_HVRj/qcd_ht_1000_MC2018_topcand/NANO_NANO_1-20_Friendtopcand_HOTVR_10000_final_qcd_ht_1000_MC2018.root
size of treeList 12
Path /eos/user/f/fsalerno/Data/HOTVR/training_j_in_HVRj/qcd_ht_1000_MC2018_topcand/NANO_NANO_1-21_Friendtopcand_HOTVR_10000_final_qcd_ht_1000_MC2018.root
size of treeList 13
Path /eos/user/f/fsalerno/Data/HOTVR/training_j_in_HVRj/qcd_ht_1000_MC2018_topcand/NANO_NANO_1-22_Friendtopcand_HOTVR_10000_final_qcd_ht_1000_MC2018.root
size of treeList 14
Path /eos/user/f/fsalerno/Data/HOTVR/training_j_in_HVRj/qcd_ht_1000_MC2018_topcand/NANO_NANO_1-23_Friendtopcand_HOTVR_10000_final_qcd_ht_1000_MC2018.root
size of treeList 15
Path /eos/user/f/fsalerno/Data/HOTVR/training_j_in_HVRj/qcd_ht_1000_MC2018_topcand/NANO_NANO_1-24_Friendtopcand_HOTVR_10000_final_qcd_ht_1000_MC2018.root
size of treeList 16
Path /eos/user/f/fsalerno/Data/HOTVR/training_j_in_HVRj/qcd_ht_1000_MC2018_topcand/NANO_NANO_1-25_Friendtopcand_HOTVR_10000_final_qcd_ht_1000_MC2018.root
size of treeList 17
Path /eos/user/f/fsalerno/Data/HOTVR/training_j_in_HVRj/qcd_ht_1000_MC2018_topcand/NANO_NANO_1-27_Friendtopcand_HOTVR_10000_final_qcd_ht_1000_MC2018.root
size of treeList 18
Path /eos/user/f/fsalerno/Data/HOTVR/training_j_in_HVRj/qcd_ht_1000_MC2018_topcand/NANO_NANO_1-28_Friendtopcand_HOTVR_10000_final_qcd_ht_1000_MC2018.root
size of treeList 19
Path /eos/user/f/fsalerno/Data/HOTVR/training_j_in_HVRj/qcd_ht_1000_MC2018_topcand/NANO_NANO_1-29_Friendtopcand_HOTVR_10000_final_qcd_ht_1000_MC2018.root
size of treeList 20
Path /eos/user/f/fsalerno/Data/HOTVR/training_j_in_HVRj/qcd_ht_1000_MC2018_topcand/NANO_NANO_1-2_Friendtopcand_HOTVR_10000_final_qcd_ht_1000_MC2018.root
size of treeList 21
Path /eos/user/f/fsalerno/Data/HOTVR/training_j_in_HVRj/qcd_ht_1000_MC2018_topcand/NANO_NANO_1-30_Friendtopcand_HOTVR_10000_final_qcd_ht_1000_MC2018.root
size of treeList 22
Path /eos/user/f/fsalerno/Data/HOTVR/training_j_in_HVRj/qcd_ht_1000_MC2018_topcand/NANO_NANO_1-31_Friendtopcand_HOTVR_10000_final_qcd_ht_1000_MC2018.root
size of treeList 23
Path /eos/user/f/fsalerno/Data/HOTVR/training_j_in_HVRj/qcd_ht_1000_MC2018_topcand/NANO_NANO_1-32_Friendtopcand_HOTVR_10000_final_qcd_ht_1000_MC2018.root
size of treeList 24
Path /eos/user/f/fsalerno/Data/HOTVR/training_j_in_HVRj/qcd_ht_1000_MC2018_topcand/NANO_NANO_1-33_Friendtopcand_HOTVR_10000_final_qcd_ht_1000_MC2018.root
size of treeList 25
Path /eos/user/f/fsalerno/Data/HOTVR/training_j_in_HVRj/qcd_ht_1000_MC2018_topcand/NANO_NANO_1-34_Friendtopcand_HOTVR_10000_final_qcd_ht_1000_MC2018.root
size of treeList 26
Path /eos/user/f/fsalerno/Data/HOTVR/training_j_in_HVRj/qcd_ht_1000_MC2018_topcand/NANO_NANO_1-35_Friendtopcand_HOTVR_10000_final_qcd_ht_1000_MC2018.root
size of treeList 27
Path /eos/user/f/fsalerno/Data/HOTVR/training_j_in_HVRj/qcd_ht_1000_MC2018_topcand/NANO_NANO_1-36_Friendtopcand_HOTVR_10000_final_qcd_ht_1000_MC2018.root
size of treeList 28
Path /eos/user/f/fsalerno/Data/HOTVR/training_j_in_HVRj/qcd_ht_1000_MC2018_topcand/NANO_NANO_1-37_Friendtopcand_HOTVR_10000_final_qcd_ht_1000_MC2018.root
size of treeList 29
Path /eos/user/f/fsalerno/Data/HOTVR/training_j_in_HVRj/qcd_ht_1000_MC2018_topcand/NANO_NANO_1-38_Friendtopcand_HOTVR_10000_final_qcd_ht_1000_MC2018.root
size of treeList 30
Path /eos/user/f/fsalerno/Data/HOTVR/training_j_in_HVRj/qcd_ht_1000_MC2018_topcand/NANO_NANO_1-39_Friendtopcand_HOTVR_10000_final_qcd_ht_1000_MC2018.root
size of treeList 31
Path /eos/user/f/fsalerno/Data/HOTVR/training_j_in_HVRj/qcd_ht_1000_MC2018_topcand/NANO_NANO_1-3_Friendtopcand_HOTVR_10000_final_qcd_ht_1000_MC2018.root
size of treeList 32
Path /eos/user/f/fsalerno/Data/HOTVR/training_j_in_HVRj/qcd_ht_1000_MC2018_topcand/NANO_NANO_1-40_Friendtopcand_HOTVR_10000_final_qcd_ht_1000_MC2018.root
size of treeList 33
Path /eos/user/f/fsalerno/Data/HOTVR/training_j_in_HVRj/qcd_ht_1000_MC2018_topcand/NANO_NANO_1-41_Friendtopcand_HOTVR_10000_final_qcd_ht_1000_MC2018.root
size of treeList 34
Path /eos/user/f/fsalerno/Data/HOTVR/training_j_in_HVRj/qcd_ht_1000_MC2018_topcand/NANO_NANO_1-42_Friendtopcand_HOTVR_10000_final_qcd_ht_1000_MC2018.root
size of treeList 35
Path /eos/user/f/fsalerno/Data/HOTVR/training_j_in_HVRj/qcd_ht_1000_MC2018_topcand/NANO_NANO_1-43_Friendtopcand_HOTVR_10000_final_qcd_ht_1000_MC2018.root
size of treeList 36
Path /eos/user/f/fsalerno/Data/HOTVR/training_j_in_HVRj/qcd_ht_1000_MC2018_topcand/NANO_NANO_1-44_Friendtopcand_HOTVR_10000_final_qcd_ht_1000_MC2018.root
size of treeList 37
Path /eos/user/f/fsalerno/Data/HOTVR/training_j_in_HVRj/qcd_ht_1000_MC2018_topcand/NANO_NANO_1-45_Friendtopcand_HOTVR_10000_final_qcd_ht_1000_MC2018.root
size of treeList 38
Path /eos/user/f/fsalerno/Data/HOTVR/training_j_in_HVRj/qcd_ht_1000_MC2018_topcand/NANO_NANO_1-46_Friendtopcand_HOTVR_10000_final_qcd_ht_1000_MC2018.root
size of treeList 39
Path /eos/user/f/fsalerno/Data/HOTVR/training_j_in_HVRj/qcd_ht_1000_MC2018_topcand/NANO_NANO_1-47_Friendtopcand_HOTVR_10000_final_qcd_ht_1000_MC2018.root
size of treeList 40
Path /eos/user/f/fsalerno/Data/HOTVR/training_j_in_HVRj/qcd_ht_1000_MC2018_topcand/NANO_NANO_1-48_Friendtopcand_HOTVR_10000_final_qcd_ht_1000_MC2018.root
size of treeList 41
Path /eos/user/f/fsalerno/Data/HOTVR/training_j_in_HVRj/qcd_ht_1000_MC2018_topcand/NANO_NANO_1-4_Friendtopcand_HOTVR_10000_final_qcd_ht_1000_MC2018.root
size of treeList 42
Path /eos/user/f/fsalerno/Data/HOTVR/training_j_in_HVRj/qcd_ht_1000_MC2018_topcand/NANO_NANO_1-50_Friendtopcand_HOTVR_10000_final_qcd_ht_1000_MC2018.root
size of treeList 43
Path /eos/user/f/fsalerno/Data/HOTVR/training_j_in_HVRj/qcd_ht_1000_MC2018_topcand/NANO_NANO_1-51_Friendtopcand_HOTVR_10000_final_qcd_ht_1000_MC2018.root
size of treeList 44
Path /eos/user/f/fsalerno/Data/HOTVR/training_j_in_HVRj/qcd_ht_1000_MC2018_topcand/NANO_NANO_1-52_Friendtopcand_HOTVR_10000_final_qcd_ht_1000_MC2018.root
size of treeList 45
Path /eos/user/f/fsalerno/Data/HOTVR/training_j_in_HVRj/qcd_ht_1000_MC2018_topcand/NANO_NANO_1-53_Friendtopcand_HOTVR_10000_final_qcd_ht_1000_MC2018.root
size of treeList 46
Path /eos/user/f/fsalerno/Data/HOTVR/training_j_in_HVRj/qcd_ht_1000_MC2018_topcand/NANO_NANO_1-54_Friendtopcand_HOTVR_10000_final_qcd_ht_1000_MC2018.root
size of treeList 47
Path /eos/user/f/fsalerno/Data/HOTVR/training_j_in_HVRj/qcd_ht_1000_MC2018_topcand/NANO_NANO_1-55_Friendtopcand_HOTVR_10000_final_qcd_ht_1000_MC2018.root
size of treeList 48
Path /eos/user/f/fsalerno/Data/HOTVR/training_j_in_HVRj/qcd_ht_1000_MC2018_topcand/NANO_NANO_1-56_Friendtopcand_HOTVR_10000_final_qcd_ht_1000_MC2018.root
size of treeList 49
Path /eos/user/f/fsalerno/Data/HOTVR/training_j_in_HVRj/qcd_ht_1000_MC2018_topcand/NANO_NANO_1-5_Friendtopcand_HOTVR_10000_final_qcd_ht_1000_MC2018.root
size of treeList 50
Path /eos/user/f/fsalerno/Data/HOTVR/training_j_in_HVRj/qcd_ht_1000_MC2018_topcand/NANO_NANO_1-6_Friendtopcand_HOTVR_10000_final_qcd_ht_1000_MC2018.root
size of treeList 51
Path /eos/user/f/fsalerno/Data/HOTVR/training_j_in_HVRj/qcd_ht_1000_MC2018_topcand/NANO_NANO_1-7_Friendtopcand_HOTVR_10000_final_qcd_ht_1000_MC2018.root
size of treeList 52
Path /eos/user/f/fsalerno/Data/HOTVR/training_j_in_HVRj/qcd_ht_1000_MC2018_topcand/NANO_NANO_1-8_Friendtopcand_HOTVR_10000_final_qcd_ht_1000_MC2018.root
size of treeList 53
Path /eos/user/f/fsalerno/Data/HOTVR/training_j_in_HVRj/qcd_ht_1000_MC2018_topcand/NANO_NANO_1-9_Friendtopcand_HOTVR_10000_final_qcd_ht_1000_MC2018.root
size of treeList 54
Path /eos/user/f/fsalerno/Data/HOTVR/training_j_in_HVRj/qcd_ht_1000_MC2018_topcand/NANO_NANO_1002_Friendtopcand_HOTVR_10000_final_qcd_ht_1000_MC2018.root
size of treeList 55
