SysError in <TFile::ReadBuffer>: error reading from file /eos/user/f/fsalerno/Data/PF/topcand_big/nano_mcRun3_qcd_1000_1200_topcand_TROTA_qcd_1000_1200.root Input/output error
Error in <TBranch::GetBasket>: File: /eos/user/f/fsalerno/Data/PF/topcand_big/nano_mcRun3_qcd_1000_1200_topcand_TROTA_qcd_1000_1200.root at byte:462276870, branch:PFCands_Idx, entry:8900, badread=4, nerrors=1, basketnumber=152
SysError in <TFile::ReadBuffer>: error reading from file /eos/user/f/fsalerno/Data/PF/topcand_big/nano_mcRun3_qcd_1000_1200_topcand_TROTA_qcd_1000_1200.root Input/output error
Error in <TBranch::GetBasket>: File: /eos/user/f/fsalerno/Data/PF/topcand_big/nano_mcRun3_qcd_1000_1200_topcand_TROTA_qcd_1000_1200.root at byte:462277767, branch:PFCands_JetDeltaR, entry:8900, badread=4, nerrors=2, basketnumber=152
SysError in <TFile::ReadBuffer>: error reading from file /eos/user/f/fsalerno/Data/PF/topcand_big/nano_mcRun3_qcd_1000_1200_topcand_TROTA_qcd_1000_1200.root Input/output error
Error in <TBranch::GetBasket>: File: /eos/user/f/fsalerno/Data/PF/topcand_big/nano_mcRun3_qcd_1000_1200_topcand_TROTA_qcd_1000_1200.root at byte:462303074, branch:PFCands_FatJetDeltaR, entry:8900, badread=4, nerrors=3, basketnumber=152
SysError in <TFile::ReadBuffer>: error reading from file /eos/user/f/fsalerno/Data/PF/topcand_big/nano_mcRun3_qcd_1000_1200_topcand_TROTA_qcd_1000_1200.root Input/output error
Error in <TBranch::GetBasket>: File: /eos/user/f/fsalerno/Data/PF/topcand_big/nano_mcRun3_qcd_1000_1200_topcand_TROTA_qcd_1000_1200.root at byte:462326064, branch:PFCands_IsInJet, entry:8900, badread=4, nerrors=4, basketnumber=152
SysError in <TFile::ReadBuffer>: error reading from file /eos/user/f/fsalerno/Data/PF/topcand_big/nano_mcRun3_qcd_1000_1200_topcand_TROTA_qcd_1000_1200.root Input/output error
Error in <TBranch::GetBasket>: File: /eos/user/f/fsalerno/Data/PF/topcand_big/nano_mcRun3_qcd_1000_1200_topcand_TROTA_qcd_1000_1200.root at byte:462327401, branch:PFCands_IsInFatJet, entry:8900, badread=4, nerrors=5, basketnumber=152
SysError in <TFile::ReadBuffer>: error reading from file /eos/user/f/fsalerno/Data/PF/topcand_big/nano_mcRun3_qcd_1000_1200_topcand_TROTA_qcd_1000_1200.root Input/output error
Error in <TBranch::GetBasket>: File: /eos/user/f/fsalerno/Data/PF/topcand_big/nano_mcRun3_qcd_1000_1200_topcand_TROTA_qcd_1000_1200.root at byte:0, branch:PFCands_Idx, entry:8901, badread=4, nerrors=6, basketnumber=152
SysError in <TFile::ReadBuffer>: error reading from file /eos/user/f/fsalerno/Data/PF/topcand_big/nano_mcRun3_qcd_1000_1200_topcand_TROTA_qcd_1000_1200.root Input/output error
Error in <TBranch::GetBasket>: File: /eos/user/f/fsalerno/Data/PF/topcand_big/nano_mcRun3_qcd_1000_1200_topcand_TROTA_qcd_1000_1200.root at byte:0, branch:PFCands_JetDeltaR, entry:8901, badread=4, nerrors=7, basketnumber=152
SysError in <TFile::ReadBuffer>: error reading from file /eos/user/f/fsalerno/Data/PF/topcand_big/nano_mcRun3_qcd_1000_1200_topcand_TROTA_qcd_1000_1200.root Input/output error
Error in <TBranch::GetBasket>: File: /eos/user/f/fsalerno/Data/PF/topcand_big/nano_mcRun3_qcd_1000_1200_topcand_TROTA_qcd_1000_1200.root at byte:0, branch:PFCands_FatJetDeltaR, entry:8901, badread=4, nerrors=8, basketnumber=152
SysError in <TFile::ReadBuffer>: error reading from file /eos/user/f/fsalerno/Data/PF/topcand_big/nano_mcRun3_qcd_1000_1200_topcand_TROTA_qcd_1000_1200.root Input/output error
Error in <TBranch::GetBasket>: File: /eos/user/f/fsalerno/Data/PF/topcand_big/nano_mcRun3_qcd_1000_1200_topcand_TROTA_qcd_1000_1200.root at byte:0, branch:PFCands_IsInJet, entry:8901, badread=4, nerrors=9, basketnumber=152
SysError in <TFile::ReadBuffer>: error reading from file /eos/user/f/fsalerno/Data/PF/topcand_big/nano_mcRun3_qcd_1000_1200_topcand_TROTA_qcd_1000_1200.root Input/output error
Error in <TBranch::GetBasket>: File: /eos/user/f/fsalerno/Data/PF/topcand_big/nano_mcRun3_qcd_1000_1200_topcand_TROTA_qcd_1000_1200.root at byte:0, branch:PFCands_IsInFatJet, entry:8901, badread=4, nerrors=10, basketnumber=152
SysError in <TFile::ReadBuffer>: error reading from file /eos/user/f/fsalerno/Data/PF/topcand_big/nano_mcRun3_qcd_1000_1200_topcand_TROTA_qcd_1000_1200.root Input/output error
SysError in <TFile::ReadBuffer>: error reading from file /eos/user/f/fsalerno/Data/PF/topcand_big/nano_mcRun3_qcd_1000_1200_topcand_TROTA_qcd_1000_1200.root Input/output error
SysError in <TFile::ReadBuffer>: error reading from file /eos/user/f/fsalerno/Data/PF/topcand_big/nano_mcRun3_qcd_1000_1200_topcand_TROTA_qcd_1000_1200.root Input/output error
SysError in <TFile::ReadBuffer>: error reading from file /eos/user/f/fsalerno/Data/PF/topcand_big/nano_mcRun3_qcd_1000_1200_topcand_TROTA_qcd_1000_1200.root Input/output error
SysError in <TFile::ReadBuffer>: error reading from file /eos/user/f/fsalerno/Data/PF/topcand_big/nano_mcRun3_qcd_1000_1200_topcand_TROTA_qcd_1000_1200.root Input/output error
SysError in <TFile::ReadBuffer>: error reading from file /eos/user/f/fsalerno/Data/PF/topcand_big/nano_mcRun3_qcd_1000_1200_topcand_TROTA_qcd_1000_1200.root Input/output error
SysError in <TFile::ReadBuffer>: error reading from file /eos/user/f/fsalerno/Data/PF/topcand_big/nano_mcRun3_qcd_1000_1200_topcand_TROTA_qcd_1000_1200.root Input/output error
SysError in <TFile::ReadBuffer>: error reading from file /eos/user/f/fsalerno/Data/PF/topcand_big/nano_mcRun3_qcd_1000_1200_topcand_TROTA_qcd_1000_1200.root Input/output error
SysError in <TFile::ReadBuffer>: error reading from file /eos/user/f/fsalerno/Data/PF/topcand_big/nano_mcRun3_qcd_1000_1200_topcand_TROTA_qcd_1000_1200.root Input/output error
SysError in <TFile::ReadBuffer>: error reading from file /eos/user/f/fsalerno/Data/PF/topcand_big/nano_mcRun3_qcd_1000_1200_topcand_TROTA_qcd_1000_1200.root Input/output error
SysError in <TFile::ReadBuffer>: error reading from file /eos/user/f/fsalerno/Data/PF/topcand_big/nano_mcRun3_qcd_1000_1200_topcand_TROTA_qcd_1000_1200.root Input/output error
SysError in <TFile::ReadBuffer>: error reading from file /eos/user/f/fsalerno/Data/PF/topcand_big/nano_mcRun3_qcd_1000_1200_topcand_TROTA_qcd_1000_1200.root Input/output error
SysError in <TFile::ReadBuffer>: error reading from file /eos/user/f/fsalerno/Data/PF/topcand_big/nano_mcRun3_qcd_1000_1200_topcand_TROTA_qcd_1000_1200.root Input/output error
SysError in <TFile::ReadBuffer>: error reading from file /eos/user/f/fsalerno/Data/PF/topcand_big/nano_mcRun3_qcd_1000_1200_topcand_TROTA_qcd_1000_1200.root Input/output error
SysError in <TFile::ReadBuffer>: error reading from file /eos/user/f/fsalerno/Data/PF/topcand_big/nano_mcRun3_qcd_1000_1200_topcand_TROTA_qcd_1000_1200.root Input/output error
SysError in <TFile::ReadBuffer>: error reading from file /eos/user/f/fsalerno/Data/PF/topcand_big/nano_mcRun3_qcd_1000_1200_topcand_TROTA_qcd_1000_1200.root Input/output error
SysError in <TFile::ReadBuffer>: error reading from file /eos/user/f/fsalerno/Data/PF/topcand_big/nano_mcRun3_qcd_1000_1200_topcand_TROTA_qcd_1000_1200.root Input/output error
SysError in <TFile::ReadBuffer>: error reading from file /eos/user/f/fsalerno/Data/PF/topcand_big/nano_mcRun3_qcd_1000_1200_topcand_TROTA_qcd_1000_1200.root Input/output error
SysError in <TFile::ReadBuffer>: error reading from file /eos/user/f/fsalerno/Data/PF/topcand_big/nano_mcRun3_qcd_1000_1200_topcand_TROTA_qcd_1000_1200.root Input/output error
SysError in <TFile::ReadBuffer>: error reading from file /eos/user/f/fsalerno/Data/PF/topcand_big/nano_mcRun3_qcd_1000_1200_topcand_TROTA_qcd_1000_1200.root Input/output error
SysError in <TFile::ReadBuffer>: error reading from file /eos/user/f/fsalerno/Data/PF/topcand_big/nano_mcRun3_qcd_1000_1200_topcand_TROTA_qcd_1000_1200.root Input/output error
SysError in <TFile::ReadBuffer>: error reading from file /eos/user/f/fsalerno/Data/PF/topcand_big/nano_mcRun3_qcd_1000_1200_topcand_TROTA_qcd_1000_1200.root Input/output error
Traceback (most recent call last):
  File "/afs/cern.ch/user/f/fsalerno/CMSSW_13_2_11/src/PhysicsTools/NanoAODTools/python/postprocessing/machine_learning/Training/trainingSet_PF.py", line 376, in <module>
    fj              = goodfatjets[t.idxFatJet]
IndexError: list index out of range
