WARNING: You are trying to use SCRAM architecture 'slc7' on host with operating system 'el9'.
         This is not supported and likely will not work and you might get build/runtime errors. Please either
         - use correct SCRAM_ARCH to match your host's operating system.
         - OR use 'cmssw-el7' script to start a singularity container (http://cms-sw.github.io/singularity.html)
         - OR use host which has 'slc7' installed e.g. lxplus8 for el8, lxplus9 for el9 or lxplus7 for slc7.
Traceback (most recent call last):
  File "/cvmfs/cms.cern.ch/slc7_amd64_gcc10/external/py3-tensorflow/2.6.4-e9c7f82b872559bd8731eb6f253ba8dc/lib/python3.9/site-packages/tensorflow/python/pywrap_tensorflow.py", line 64, in <module>
    from tensorflow.python._pywrap_tensorflow_internal import *
ImportError: libssl.so.10: cannot open shared object file: No such file or directory

During handling of the above exception, another exception occurred:

Traceback (most recent call last):
  File "/afs/cern.ch/user/f/fsalerno/CMSSW_12_5_2/src/PhysicsTools/NanoAODTools/python/postprocessing/machine_learning/Training/GridSearch/grid_search_hotvr.py", line 10, in <module>
    import keras
  File "/cvmfs/cms.cern.ch/slc7_amd64_gcc10/external/py3-keras/2.6.0-9aaaeee431c073b3568bb2a625128ac5/lib/python3.9/site-packages/keras/__init__.py", line 21, in <module>
    from tensorflow.python import tf2
  File "/cvmfs/cms.cern.ch/slc7_amd64_gcc10/external/py3-tensorflow/2.6.4-e9c7f82b872559bd8731eb6f253ba8dc/lib/python3.9/site-packages/tensorflow/__init__.py", line 41, in <module>
    from tensorflow.python.tools import module_util as _module_util
  File "/cvmfs/cms.cern.ch/slc7_amd64_gcc10/external/py3-tensorflow/2.6.4-e9c7f82b872559bd8731eb6f253ba8dc/lib/python3.9/site-packages/tensorflow/python/__init__.py", line 40, in <module>
    from tensorflow.python.eager import context
  File "/cvmfs/cms.cern.ch/slc7_amd64_gcc10/external/py3-tensorflow/2.6.4-e9c7f82b872559bd8731eb6f253ba8dc/lib/python3.9/site-packages/tensorflow/python/eager/context.py", line 35, in <module>
    from tensorflow.python import pywrap_tfe
  File "/cvmfs/cms.cern.ch/slc7_amd64_gcc10/external/py3-tensorflow/2.6.4-e9c7f82b872559bd8731eb6f253ba8dc/lib/python3.9/site-packages/tensorflow/python/pywrap_tfe.py", line 28, in <module>
    from tensorflow.python import pywrap_tensorflow
  File "/cvmfs/cms.cern.ch/slc7_amd64_gcc10/external/py3-tensorflow/2.6.4-e9c7f82b872559bd8731eb6f253ba8dc/lib/python3.9/site-packages/tensorflow/python/pywrap_tensorflow.py", line 83, in <module>
    raise ImportError(msg)
ImportError: Traceback (most recent call last):
  File "/cvmfs/cms.cern.ch/slc7_amd64_gcc10/external/py3-tensorflow/2.6.4-e9c7f82b872559bd8731eb6f253ba8dc/lib/python3.9/site-packages/tensorflow/python/pywrap_tensorflow.py", line 64, in <module>
    from tensorflow.python._pywrap_tensorflow_internal import *
ImportError: libssl.so.10: cannot open shared object file: No such file or directory


Failed to load the native TensorFlow runtime.

See https://www.tensorflow.org/install/errors

for some common reasons and solutions.  Include the entire stack trace
above this error message when asking for help.
