000 (6407107.000.000) 05/05 18:09:19 Job submitted from host: <137.138.55.115:9618?addrs=137.138.55.115-9618+[2001-1458-d00-17--12a]-9618&alias=bigbird23.cern.ch&noUDP&sock=schedd_4259_e5f2>
...
040 (6407107.000.000) 05/05 18:13:58 Started transferring input files
	Transferring to host: <128.142.58.25:9618?addrs=128.142.58.25-9618&alias=b7s03p7590.cern.ch&noUDP&sock=slot1_8_6923_a133_128263>
...
040 (6407107.000.000) 05/05 18:13:58 Finished transferring input files
...
001 (6407107.000.000) 05/05 18:13:59 Job executing on host: <128.142.58.25:9618?addrs=128.142.58.25-9618&alias=b7s03p7590.cern.ch&noUDP&sock=startd_6859_482f>
...
006 (6407107.000.000) 05/05 18:14:07 Image size of job updated: 230288
	101  -  MemoryUsage of job (MB)
	103104  -  ResidentSetSize of job (KB)
...
006 (6407107.000.000) 05/05 18:14:09 Image size of job updated: 275516
	102  -  MemoryUsage of job (MB)
	104080  -  ResidentSetSize of job (KB)
...
040 (6407107.000.000) 05/05 18:14:09 Started transferring output files
...
040 (6407107.000.000) 05/05 18:14:09 Finished transferring output files
...
005 (6407107.000.000) 05/05 18:14:09 Job terminated.
	(1) Normal termination (return value 1)
		Usr 0 00:00:01, Sys 0 00:00:01  -  Run Remote Usage
		Usr 0 00:00:00, Sys 0 00:00:00  -  Run Local Usage
		Usr 0 00:00:01, Sys 0 00:00:01  -  Total Remote Usage
		Usr 0 00:00:00, Sys 0 00:00:00  -  Total Local Usage
	295  -  Run Bytes Sent By Job
	11428  -  Run Bytes Received By Job
	295  -  Total Bytes Sent By Job
	11428  -  Total Bytes Received By Job
	Partitionable Resources :    Usage  Request Allocated 
	   Cpus                 :                 1         1 
	   Disk (KB)            :       27       12   1170003 
	   Memory (MB)          :      102     2000      2000 

	Job terminated of its own accord at 2024-05-05T16:14:09Z.
...
000 (6407112.000.000) 05/05 18:21:20 Job submitted from host: <137.138.55.115:9618?addrs=137.138.55.115-9618+[2001-1458-d00-17--12a]-9618&alias=bigbird23.cern.ch&noUDP&sock=schedd_4259_e5f2>
...
040 (6407112.000.000) 05/05 18:24:52 Started transferring input files
	Transferring to host: <128.142.58.170:9618?addrs=128.142.58.170-9618&alias=b7s03p6209.cern.ch&noUDP&sock=slot1_9_6911_2cb2_124509>
...
040 (6407112.000.000) 05/05 18:24:52 Finished transferring input files
...
001 (6407112.000.000) 05/05 18:24:53 Job executing on host: <128.142.58.170:9618?addrs=128.142.58.170-9618&alias=b7s03p6209.cern.ch&noUDP&sock=startd_6848_bca4>
...
006 (6407112.000.000) 05/05 18:25:02 Image size of job updated: 533596
	52  -  MemoryUsage of job (MB)
	52872  -  ResidentSetSize of job (KB)
...
040 (6407112.000.000) 05/05 18:25:08 Started transferring output files
...
040 (6407112.000.000) 05/05 18:25:08 Finished transferring output files
...
005 (6407112.000.000) 05/05 18:25:08 Job terminated.
	(1) Normal termination (return value 1)
		Usr 0 00:00:02, Sys 0 00:00:01  -  Run Remote Usage
		Usr 0 00:00:00, Sys 0 00:00:00  -  Run Local Usage
		Usr 0 00:00:02, Sys 0 00:00:01  -  Total Remote Usage
		Usr 0 00:00:00, Sys 0 00:00:00  -  Total Local Usage
	5323  -  Run Bytes Sent By Job
	11428  -  Run Bytes Received By Job
	5323  -  Total Bytes Sent By Job
	11428  -  Total Bytes Received By Job
	Partitionable Resources :    Usage  Request Allocated 
	   Cpus                 :                 1         1 
	   Disk (KB)            :       30       12   1293832 
	   Memory (MB)          :       52     2000      2000 

	Job terminated of its own accord at 2024-05-05T16:25:08Z.
...
000 (6407118.000.000) 05/05 18:29:00 Job submitted from host: <137.138.55.115:9618?addrs=137.138.55.115-9618+[2001-1458-d00-17--12a]-9618&alias=bigbird23.cern.ch&noUDP&sock=schedd_4259_e5f2>
...
040 (6407118.000.000) 05/05 18:32:25 Started transferring input files
	Transferring to host: <128.142.57.26:9618?addrs=128.142.57.26-9618&alias=b7s02p0542.cern.ch&noUDP&sock=slot1_14_6930_8fd3_125382>
...
040 (6407118.000.000) 05/05 18:32:25 Finished transferring input files
...
001 (6407118.000.000) 05/05 18:32:26 Job executing on host: <128.142.57.26:9618?addrs=128.142.57.26-9618&alias=b7s02p0542.cern.ch&noUDP&sock=startd_6864_b628>
...
006 (6407118.000.000) 05/05 18:32:35 Image size of job updated: 706724
	136  -  MemoryUsage of job (MB)
	138356  -  ResidentSetSize of job (KB)
...
040 (6407118.000.000) 05/05 18:32:36 Started transferring output files
...
040 (6407118.000.000) 05/05 18:32:36 Finished transferring output files
...
005 (6407118.000.000) 05/05 18:32:36 Job terminated.
	(1) Normal termination (return value 1)
		Usr 0 00:00:01, Sys 0 00:00:00  -  Run Remote Usage
		Usr 0 00:00:00, Sys 0 00:00:00  -  Run Local Usage
		Usr 0 00:00:01, Sys 0 00:00:00  -  Total Remote Usage
		Usr 0 00:00:00, Sys 0 00:00:00  -  Total Local Usage
	4934  -  Run Bytes Sent By Job
	11428  -  Run Bytes Received By Job
	4934  -  Total Bytes Sent By Job
	11428  -  Total Bytes Received By Job
	Partitionable Resources :    Usage  Request Allocated 
	   Cpus                 :                 1         1 
	   Disk (KB)            :       30       12   1229872 
	   Memory (MB)          :      136     2000      2000 

	Job terminated of its own accord at 2024-05-05T16:32:36Z.
...
000 (6407125.000.000) 05/05 18:35:07 Job submitted from host: <137.138.55.115:9618?addrs=137.138.55.115-9618+[2001-1458-d00-17--12a]-9618&alias=bigbird23.cern.ch&noUDP&sock=schedd_4259_e5f2>
...
040 (6407125.000.000) 05/05 18:44:59 Started transferring input files
	Transferring to host: <128.142.56.99:9618?addrs=128.142.56.99-9618&alias=b7s01p2935.cern.ch&noUDP&sock=slot1_13_6943_b8b3_128869>
...
040 (6407125.000.000) 05/05 18:44:59 Finished transferring input files
...
001 (6407125.000.000) 05/05 18:45:00 Job executing on host: <128.142.56.99:9618?addrs=128.142.56.99-9618&alias=b7s01p2935.cern.ch&noUDP&sock=startd_6882_0edc>
...
006 (6407125.000.000) 05/05 18:45:09 Image size of job updated: 689168
	0  -  MemoryUsage of job (MB)
	0  -  ResidentSetSize of job (KB)
...
040 (6407125.000.000) 05/05 18:45:09 Started transferring output files
...
040 (6407125.000.000) 05/05 18:45:09 Finished transferring output files
...
005 (6407125.000.000) 05/05 18:45:09 Job terminated.
	(1) Normal termination (return value 1)
		Usr 0 00:00:01, Sys 0 00:00:01  -  Run Remote Usage
		Usr 0 00:00:00, Sys 0 00:00:00  -  Run Local Usage
		Usr 0 00:00:01, Sys 0 00:00:01  -  Total Remote Usage
		Usr 0 00:00:00, Sys 0 00:00:00  -  Total Local Usage
	5335  -  Run Bytes Sent By Job
	11428  -  Run Bytes Received By Job
	5335  -  Total Bytes Sent By Job
	11428  -  Total Bytes Received By Job
	Partitionable Resources :    Usage  Request Allocated 
	   Cpus                 :                 1         1 
	   Disk (KB)            :       30       12   1328619 
	   Memory (MB)          :        0     2000      2000 

	Job terminated of its own accord at 2024-05-05T16:45:09Z.
...
000 (6407156.000.000) 05/05 19:03:39 Job submitted from host: <137.138.55.115:9618?addrs=137.138.55.115-9618+[2001-1458-d00-17--12a]-9618&alias=bigbird23.cern.ch&noUDP&sock=schedd_4259_e5f2>
...
040 (6407156.000.000) 05/05 19:05:02 Started transferring input files
	Transferring to host: <128.142.56.148:9618?addrs=128.142.56.148-9618&alias=b7s01p4232.cern.ch&noUDP&sock=slot1_15_6929_db73_126669>
...
040 (6407156.000.000) 05/05 19:05:02 Finished transferring input files
...
001 (6407156.000.000) 05/05 19:05:03 Job executing on host: <128.142.56.148:9618?addrs=128.142.56.148-9618&alias=b7s01p4232.cern.ch&noUDP&sock=startd_6866_1558>
...
006 (6407156.000.000) 05/05 19:05:12 Image size of job updated: 278632
	130  -  MemoryUsage of job (MB)
	133028  -  ResidentSetSize of job (KB)
...
006 (6407156.000.000) 05/05 19:10:13 Image size of job updated: 958016
	221  -  MemoryUsage of job (MB)
	226000  -  ResidentSetSize of job (KB)
...
006 (6407156.000.000) 05/05 19:15:14 Image size of job updated: 958296
	221  -  MemoryUsage of job (MB)
	226184  -  ResidentSetSize of job (KB)
...
006 (6407156.000.000) 05/05 19:20:14 Image size of job updated: 958296
	221  -  MemoryUsage of job (MB)
	226272  -  ResidentSetSize of job (KB)
...
006 (6407156.000.000) 05/05 19:25:15 Image size of job updated: 958296
	221  -  MemoryUsage of job (MB)
	226284  -  ResidentSetSize of job (KB)
...
006 (6407156.000.000) 05/05 19:30:16 Image size of job updated: 958296
	222  -  MemoryUsage of job (MB)
	226480  -  ResidentSetSize of job (KB)
...
040 (6407156.000.000) 05/05 19:32:29 Started transferring output files
...
040 (6407156.000.000) 05/05 19:32:29 Finished transferring output files
...
005 (6407156.000.000) 05/05 19:32:29 Job terminated.
	(1) Normal termination (return value 1)
		Usr 0 00:27:10, Sys 0 00:00:01  -  Run Remote Usage
		Usr 0 00:00:00, Sys 0 00:00:00  -  Run Local Usage
		Usr 0 00:27:10, Sys 0 00:00:01  -  Total Remote Usage
		Usr 0 00:00:00, Sys 0 00:00:00  -  Total Local Usage
	7215  -  Run Bytes Sent By Job
	11418  -  Run Bytes Received By Job
	7215  -  Total Bytes Sent By Job
	11418  -  Total Bytes Received By Job
	Partitionable Resources :    Usage  Request Allocated 
	   Cpus                 :     1.00        1         1 
	   Disk (KB)            :    39          12   1267356 
	   Memory (MB)          :   222        2000      2000 

	Job terminated of its own accord at 2024-05-05T17:32:29Z.
...
000 (6407239.000.000) 05/05 20:21:10 Job submitted from host: <137.138.55.115:9618?addrs=137.138.55.115-9618+[2001-1458-d00-17--12a]-9618&alias=bigbird23.cern.ch&noUDP&sock=schedd_4259_e5f2>
...
040 (6407239.000.000) 05/05 20:24:23 Started transferring input files
	Transferring to host: <128.142.56.148:9618?addrs=128.142.56.148-9618&alias=b7s01p4232.cern.ch&noUDP&sock=slot1_11_6929_db73_126727>
...
040 (6407239.000.000) 05/05 20:24:23 Finished transferring input files
...
001 (6407239.000.000) 05/05 20:24:24 Job executing on host: <128.142.56.148:9618?addrs=128.142.56.148-9618&alias=b7s01p4232.cern.ch&noUDP&sock=startd_6866_1558>
...
006 (6407239.000.000) 05/05 20:24:32 Image size of job updated: 722360
	128  -  MemoryUsage of job (MB)
	130424  -  ResidentSetSize of job (KB)
...
006 (6407239.000.000) 05/05 20:29:32 Image size of job updated: 957348
	220  -  MemoryUsage of job (MB)
	224984  -  ResidentSetSize of job (KB)
...
006 (6407239.000.000) 05/05 20:34:33 Image size of job updated: 958292
	221  -  MemoryUsage of job (MB)
	226064  -  ResidentSetSize of job (KB)
...
006 (6407239.000.000) 05/05 20:39:33 Image size of job updated: 958292
	221  -  MemoryUsage of job (MB)
	226160  -  ResidentSetSize of job (KB)
...
006 (6407239.000.000) 05/05 20:44:33 Image size of job updated: 958292
	221  -  MemoryUsage of job (MB)
	226232  -  ResidentSetSize of job (KB)
...
006 (6407239.000.000) 05/05 20:49:34 Image size of job updated: 958292
	221  -  MemoryUsage of job (MB)
	226244  -  ResidentSetSize of job (KB)
...
040 (6407239.000.000) 05/05 20:54:28 Started transferring output files
...
040 (6407239.000.000) 05/05 20:54:28 Finished transferring output files
...
005 (6407239.000.000) 05/05 20:54:28 Job terminated.
	(1) Normal termination (return value 0)
		Usr 0 00:29:38, Sys 0 00:00:02  -  Run Remote Usage
		Usr 0 00:00:00, Sys 0 00:00:00  -  Run Local Usage
		Usr 0 00:29:38, Sys 0 00:00:02  -  Total Remote Usage
		Usr 0 00:00:00, Sys 0 00:00:00  -  Total Local Usage
	12359  -  Run Bytes Sent By Job
	11418  -  Run Bytes Received By Job
	12359  -  Total Bytes Sent By Job
	11418  -  Total Bytes Received By Job
	Partitionable Resources :    Usage  Request Allocated 
	   Cpus                 :     1.00        1         1 
	   Disk (KB)            :    44          12   1287881 
	   Memory (MB)          :   221        2000      2000 

	Job terminated of its own accord at 2024-05-05T18:54:28Z.
...
000 (6408816.000.000) 05/06 11:31:24 Job submitted from host: <137.138.55.115:9618?addrs=137.138.55.115-9618+[2001-1458-d00-17--12a]-9618&alias=bigbird23.cern.ch&noUDP&sock=schedd_4259_e5f2>
...
040 (6408816.000.000) 05/06 11:33:28 Started transferring input files
	Transferring to host: <128.142.57.104:9618?addrs=128.142.57.104-9618&alias=b7s02p1336.cern.ch&noUDP&sock=slot1_4_6934_6153_123844>
...
040 (6408816.000.000) 05/06 11:33:28 Finished transferring input files
...
001 (6408816.000.000) 05/06 11:33:29 Job executing on host: <128.142.57.104:9618?addrs=128.142.57.104-9618&alias=b7s02p1336.cern.ch&noUDP&sock=startd_6870_d3b9>
...
006 (6408816.000.000) 05/06 11:33:40 Image size of job updated: 699112
	67  -  MemoryUsage of job (MB)
	67820  -  ResidentSetSize of job (KB)
...
006 (6408816.000.000) 05/06 11:38:39 Image size of job updated: 958052
	221  -  MemoryUsage of job (MB)
	226004  -  ResidentSetSize of job (KB)
...
006 (6408816.000.000) 05/06 11:43:39 Image size of job updated: 958332
	221  -  MemoryUsage of job (MB)
	226248  -  ResidentSetSize of job (KB)
...
006 (6408816.000.000) 05/06 11:48:40 Image size of job updated: 958332
	222  -  MemoryUsage of job (MB)
	226360  -  ResidentSetSize of job (KB)
...
006 (6408816.000.000) 05/06 11:53:40 Image size of job updated: 958332
	222  -  MemoryUsage of job (MB)
	226396  -  ResidentSetSize of job (KB)
...
006 (6408816.000.000) 05/06 11:58:40 Image size of job updated: 958332
	222  -  MemoryUsage of job (MB)
	226540  -  ResidentSetSize of job (KB)
...
006 (6408816.000.000) 05/06 12:00:54 Image size of job updated: 993108
	222  -  MemoryUsage of job (MB)
	226540  -  ResidentSetSize of job (KB)
...
040 (6408816.000.000) 05/06 12:00:54 Started transferring output files
...
040 (6408816.000.000) 05/06 12:00:54 Finished transferring output files
...
005 (6408816.000.000) 05/06 12:00:54 Job terminated.
	(1) Normal termination (return value 0)
		Usr 0 00:26:50, Sys 0 00:00:02  -  Run Remote Usage
		Usr 0 00:00:00, Sys 0 00:00:00  -  Run Local Usage
		Usr 0 00:26:50, Sys 0 00:00:02  -  Total Remote Usage
		Usr 0 00:00:00, Sys 0 00:00:00  -  Total Local Usage
	12447  -  Run Bytes Sent By Job
	10815  -  Run Bytes Received By Job
	12447  -  Total Bytes Sent By Job
	10815  -  Total Bytes Received By Job
	Partitionable Resources :    Usage  Request Allocated 
	   Cpus                 :     1.00        1         1 
	   Disk (KB)            :    44          12   1270369 
	   Memory (MB)          :   222        2000      2000 

	Job terminated of its own accord at 2024-05-06T10:00:54Z.
...
000 (6411658.000.000) 05/07 09:58:37 Job submitted from host: <137.138.55.115:9618?addrs=137.138.55.115-9618+[2001-1458-d00-17--12a]-9618&alias=bigbird23.cern.ch&noUDP&sock=schedd_4259_e5f2>
...
000 (6411742.000.000) 05/07 10:00:24 Job submitted from host: <137.138.55.115:9618?addrs=137.138.55.115-9618+[2001-1458-d00-17--12a]-9618&alias=bigbird23.cern.ch&noUDP&sock=schedd_4259_e5f2>
...
040 (6411658.000.000) 05/07 10:06:34 Started transferring input files
	Transferring to host: <128.142.56.87:9618?addrs=128.142.56.87-9618&alias=b7s01p0440.cern.ch&noUDP&sock=slot1_31_6902_d552_142106>
...
040 (6411658.000.000) 05/07 10:06:34 Finished transferring input files
...
001 (6411658.000.000) 05/07 10:06:35 Job executing on host: <128.142.56.87:9618?addrs=128.142.56.87-9618&alias=b7s01p0440.cern.ch&noUDP&sock=startd_6854_da35>
...
006 (6411658.000.000) 05/07 10:06:43 Image size of job updated: 740796
	136  -  MemoryUsage of job (MB)
	138372  -  ResidentSetSize of job (KB)
...
040 (6411742.000.000) 05/07 10:08:07 Started transferring input files
	Transferring to host: <128.142.58.16:9618?addrs=128.142.58.16-9618&alias=b7s03p1131.cern.ch&noUDP&sock=slot1_7_6932_f893_128829>
...
040 (6411742.000.000) 05/07 10:08:07 Finished transferring input files
...
001 (6411742.000.000) 05/07 10:08:08 Job executing on host: <128.142.58.16:9618?addrs=128.142.58.16-9618&alias=b7s03p1131.cern.ch&noUDP&sock=startd_6868_7489>
...
006 (6411742.000.000) 05/07 10:08:17 Image size of job updated: 276692
	130  -  MemoryUsage of job (MB)
	132996  -  ResidentSetSize of job (KB)
...
006 (6411658.000.000) 05/07 10:11:43 Image size of job updated: 958184
	221  -  MemoryUsage of job (MB)
	225972  -  ResidentSetSize of job (KB)
...
006 (6411742.000.000) 05/07 10:13:18 Image size of job updated: 957656
	221  -  MemoryUsage of job (MB)
	225916  -  ResidentSetSize of job (KB)
...
006 (6411658.000.000) 05/07 10:16:44 Image size of job updated: 958332
	221  -  MemoryUsage of job (MB)
	226228  -  ResidentSetSize of job (KB)
...
006 (6411742.000.000) 05/07 10:18:19 Image size of job updated: 958332
	221  -  MemoryUsage of job (MB)
	226208  -  ResidentSetSize of job (KB)
...
040 (6411658.000.000) 05/07 10:20:02 Started transferring output files
...
040 (6411658.000.000) 05/07 10:20:02 Finished transferring output files
...
040 (6411742.000.000) 05/07 10:20:02 Started transferring output files
...
004 (6411658.000.000) 05/07 10:20:02 Job was evicted.
	(0) CPU times
		Usr 0 00:13:17, Sys 0 00:00:02  -  Run Remote Usage
		Usr 0 00:00:00, Sys 0 00:00:00  -  Run Local Usage
	4618  -  Run Bytes Sent By Job
	11375  -  Run Bytes Received By Job
	Partitionable Resources :    Usage  Request Allocated 
	   Cpus                 :     1.00        1         1 
	   Disk (KB)            :    36          12   1388539 
	   Memory (MB)          :   221        2000      2000 
...
040 (6411742.000.000) 05/07 10:20:02 Finished transferring output files
...
004 (6411742.000.000) 05/07 10:20:02 Job was evicted.
	(0) CPU times
		Usr 0 00:11:40, Sys 0 00:00:01  -  Run Remote Usage
		Usr 0 00:00:00, Sys 0 00:00:00  -  Run Local Usage
	4618  -  Run Bytes Sent By Job
	11375  -  Run Bytes Received By Job
	Partitionable Resources :    Usage  Request Allocated 
	   Cpus                 :     1.00        1         1 
	   Disk (KB)            :    36          12   1235915 
	   Memory (MB)          :   221        2000      2000 
...
009 (6411658.000.000) 05/07 10:20:02 Job was aborted.
	via condor_rm (by user fsalerno)
...
009 (6411742.000.000) 05/07 10:20:02 Job was aborted.
	via condor_rm (by user fsalerno)
...
000 (6412221.000.000) 05/07 10:21:03 Job submitted from host: <137.138.55.115:9618?addrs=137.138.55.115-9618+[2001-1458-d00-17--12a]-9618&alias=bigbird23.cern.ch&noUDP&sock=schedd_4259_e5f2>
...
040 (6412221.000.000) 05/07 10:29:04 Started transferring input files
	Transferring to host: <128.142.59.100:9618?addrs=128.142.59.100-9618&alias=b7s04p3308.cern.ch&noUDP&sock=slot1_8_6949_f2f4_128120>
...
040 (6412221.000.000) 05/07 10:29:04 Finished transferring input files
...
001 (6412221.000.000) 05/07 10:29:05 Job executing on host: <128.142.59.100:9618?addrs=128.142.59.100-9618&alias=b7s04p3308.cern.ch&noUDP&sock=startd_6864_b628>
...
006 (6412221.000.000) 05/07 10:29:14 Image size of job updated: 470476
	73  -  MemoryUsage of job (MB)
	74176  -  ResidentSetSize of job (KB)
...
006 (6412221.000.000) 05/07 10:34:15 Image size of job updated: 974756
	237  -  MemoryUsage of job (MB)
	242376  -  ResidentSetSize of job (KB)
...
006 (6412221.000.000) 05/07 10:39:15 Image size of job updated: 975700
	238  -  MemoryUsage of job (MB)
	243464  -  ResidentSetSize of job (KB)
...
006 (6412221.000.000) 05/07 10:44:15 Image size of job updated: 975700
	238  -  MemoryUsage of job (MB)
	243680  -  ResidentSetSize of job (KB)
...
006 (6412221.000.000) 05/07 10:49:16 Image size of job updated: 975700
	239  -  MemoryUsage of job (MB)
	243732  -  ResidentSetSize of job (KB)
...
006 (6412221.000.000) 05/07 10:54:17 Image size of job updated: 975700
	239  -  MemoryUsage of job (MB)
	243748  -  ResidentSetSize of job (KB)
...
006 (6412221.000.000) 05/07 10:59:17 Image size of job updated: 975700
	239  -  MemoryUsage of job (MB)
	243752  -  ResidentSetSize of job (KB)
...
006 (6412221.000.000) 05/07 11:04:18 Image size of job updated: 975700
	239  -  MemoryUsage of job (MB)
	243760  -  ResidentSetSize of job (KB)
...
006 (6412221.000.000) 05/07 11:09:19 Image size of job updated: 975700
	239  -  MemoryUsage of job (MB)
	243764  -  ResidentSetSize of job (KB)
...
006 (6412221.000.000) 05/07 11:14:19 Image size of job updated: 975700
	239  -  MemoryUsage of job (MB)
	243768  -  ResidentSetSize of job (KB)
...
006 (6412221.000.000) 05/07 11:24:20 Image size of job updated: 975700
	239  -  MemoryUsage of job (MB)
	243784  -  ResidentSetSize of job (KB)
...
006 (6412221.000.000) 05/07 11:29:20 Image size of job updated: 975700
	239  -  MemoryUsage of job (MB)
	243792  -  ResidentSetSize of job (KB)
...
006 (6412221.000.000) 05/07 11:34:20 Image size of job updated: 975700
	239  -  MemoryUsage of job (MB)
	243816  -  ResidentSetSize of job (KB)
...
006 (6412221.000.000) 05/07 11:39:21 Image size of job updated: 975700
	239  -  MemoryUsage of job (MB)
	243840  -  ResidentSetSize of job (KB)
...
006 (6412221.000.000) 05/07 11:49:21 Image size of job updated: 975700
	239  -  MemoryUsage of job (MB)
	243844  -  ResidentSetSize of job (KB)
...
006 (6412221.000.000) 05/07 12:04:23 Image size of job updated: 975700
	239  -  MemoryUsage of job (MB)
	243868  -  ResidentSetSize of job (KB)
...
006 (6412221.000.000) 05/07 12:14:25 Image size of job updated: 975700
	239  -  MemoryUsage of job (MB)
	243876  -  ResidentSetSize of job (KB)
...
006 (6412221.000.000) 05/07 12:19:25 Image size of job updated: 975700
	239  -  MemoryUsage of job (MB)
	243884  -  ResidentSetSize of job (KB)
...
006 (6412221.000.000) 05/07 12:24:26 Image size of job updated: 975700
	239  -  MemoryUsage of job (MB)
	243896  -  ResidentSetSize of job (KB)
...
006 (6412221.000.000) 05/07 12:29:27 Image size of job updated: 975700
	239  -  MemoryUsage of job (MB)
	243904  -  ResidentSetSize of job (KB)
...
006 (6412221.000.000) 05/07 12:34:27 Image size of job updated: 975700
	239  -  MemoryUsage of job (MB)
	243908  -  ResidentSetSize of job (KB)
...
006 (6412221.000.000) 05/07 12:39:27 Image size of job updated: 975700
	239  -  MemoryUsage of job (MB)
	243912  -  ResidentSetSize of job (KB)
...
006 (6412221.000.000) 05/07 13:09:29 Image size of job updated: 975700
	239  -  MemoryUsage of job (MB)
	243916  -  ResidentSetSize of job (KB)
...
006 (6412221.000.000) 05/07 13:39:33 Image size of job updated: 975700
	239  -  MemoryUsage of job (MB)
	243920  -  ResidentSetSize of job (KB)
...
006 (6412221.000.000) 05/07 13:49:34 Image size of job updated: 975700
	239  -  MemoryUsage of job (MB)
	243924  -  ResidentSetSize of job (KB)
...
006 (6412221.000.000) 05/07 13:59:34 Image size of job updated: 975700
	239  -  MemoryUsage of job (MB)
	243928  -  ResidentSetSize of job (KB)
...
006 (6412221.000.000) 05/07 14:04:35 Image size of job updated: 975700
	239  -  MemoryUsage of job (MB)
	243932  -  ResidentSetSize of job (KB)
...
006 (6412221.000.000) 05/07 14:29:38 Image size of job updated: 975700
	239  -  MemoryUsage of job (MB)
	243936  -  ResidentSetSize of job (KB)
...
006 (6412221.000.000) 05/07 14:49:40 Image size of job updated: 975700
	239  -  MemoryUsage of job (MB)
	243940  -  ResidentSetSize of job (KB)
...
006 (6412221.000.000) 05/07 15:14:43 Image size of job updated: 975700
	239  -  MemoryUsage of job (MB)
	243944  -  ResidentSetSize of job (KB)
...
006 (6412221.000.000) 05/07 15:34:45 Image size of job updated: 975700
	239  -  MemoryUsage of job (MB)
	243948  -  ResidentSetSize of job (KB)
...
006 (6412221.000.000) 05/07 15:39:46 Image size of job updated: 975700
	239  -  MemoryUsage of job (MB)
	243952  -  ResidentSetSize of job (KB)
...
006 (6412221.000.000) 05/07 16:34:52 Image size of job updated: 975700
	239  -  MemoryUsage of job (MB)
	243956  -  ResidentSetSize of job (KB)
...
006 (6412221.000.000) 05/07 17:09:56 Image size of job updated: 975832
	239  -  MemoryUsage of job (MB)
	244044  -  ResidentSetSize of job (KB)
...
006 (6412221.000.000) 05/07 17:14:56 Image size of job updated: 975832
	239  -  MemoryUsage of job (MB)
	244088  -  ResidentSetSize of job (KB)
...
006 (6412221.000.000) 05/07 19:05:08 Image size of job updated: 975832
	239  -  MemoryUsage of job (MB)
	244092  -  ResidentSetSize of job (KB)
...
006 (6412221.000.000) 05/07 19:40:11 Image size of job updated: 975832
	239  -  MemoryUsage of job (MB)
	244096  -  ResidentSetSize of job (KB)
...
006 (6412221.000.000) 05/07 19:50:13 Image size of job updated: 975832
	239  -  MemoryUsage of job (MB)
	244100  -  ResidentSetSize of job (KB)
...
006 (6412221.000.000) 05/07 20:30:17 Image size of job updated: 975968
	239  -  MemoryUsage of job (MB)
	244232  -  ResidentSetSize of job (KB)
...
006 (6412221.000.000) 05/07 22:45:30 Image size of job updated: 975968
	239  -  MemoryUsage of job (MB)
	244236  -  ResidentSetSize of job (KB)
...
006 (6412221.000.000) 05/07 23:15:33 Image size of job updated: 975968
	239  -  MemoryUsage of job (MB)
	244240  -  ResidentSetSize of job (KB)
...
006 (6412221.000.000) 05/07 23:25:35 Image size of job updated: 975968
	239  -  MemoryUsage of job (MB)
	244244  -  ResidentSetSize of job (KB)
...
006 (6412221.000.000) 05/07 23:45:37 Image size of job updated: 975968
	239  -  MemoryUsage of job (MB)
	244248  -  ResidentSetSize of job (KB)
...
006 (6412221.000.000) 05/08 00:05:39 Image size of job updated: 975968
	239  -  MemoryUsage of job (MB)
	244252  -  ResidentSetSize of job (KB)
...
006 (6412221.000.000) 05/08 00:20:41 Image size of job updated: 975968
	239  -  MemoryUsage of job (MB)
	244256  -  ResidentSetSize of job (KB)
...
006 (6412221.000.000) 05/08 00:50:44 Image size of job updated: 975968
	239  -  MemoryUsage of job (MB)
	244288  -  ResidentSetSize of job (KB)
...
006 (6412221.000.000) 05/08 01:15:47 Image size of job updated: 975968
	239  -  MemoryUsage of job (MB)
	244296  -  ResidentSetSize of job (KB)
...
006 (6412221.000.000) 05/08 01:35:50 Image size of job updated: 976100
	239  -  MemoryUsage of job (MB)
	244376  -  ResidentSetSize of job (KB)
...
006 (6412221.000.000) 05/08 02:00:52 Image size of job updated: 976100
	239  -  MemoryUsage of job (MB)
	244380  -  ResidentSetSize of job (KB)
...
006 (6412221.000.000) 05/08 02:30:55 Image size of job updated: 976100
	239  -  MemoryUsage of job (MB)
	244424  -  ResidentSetSize of job (KB)
...
006 (6412221.000.000) 05/08 03:05:59 Image size of job updated: 976100
	239  -  MemoryUsage of job (MB)
	244428  -  ResidentSetSize of job (KB)
...
006 (6412221.000.000) 05/08 03:31:03 Image size of job updated: 976100
	239  -  MemoryUsage of job (MB)
	244432  -  ResidentSetSize of job (KB)
...
006 (6412221.000.000) 05/08 09:36:40 Image size of job updated: 976248
	239  -  MemoryUsage of job (MB)
	244432  -  ResidentSetSize of job (KB)
...
040 (6412221.000.000) 05/08 10:29:22 Started transferring output files
...
040 (6412221.000.000) 05/08 10:29:22 Finished transferring output files
...
009 (6412221.000.000) 05/08 10:29:22 Job was aborted.
	Job removed by SYSTEM_PERIODIC_REMOVE due to wall time exceeded allowed max.
...
000 (6419849.000.000) 05/08 12:58:02 Job submitted from host: <137.138.55.115:9618?addrs=137.138.55.115-9618+[2001-1458-d00-17--12a]-9618&alias=bigbird23.cern.ch&noUDP&sock=schedd_4259_e5f2>
...
040 (6419849.000.000) 05/08 13:27:27 Started transferring input files
	Transferring to host: <128.142.56.142:9618?addrs=128.142.56.142-9618+[2001-1458-301-6--100-8d]-9618&alias=b7s01p9733.cern.ch&noUDP&sock=slot1_14_11791_9379_288992>
...
040 (6419849.000.000) 05/08 13:27:27 Finished transferring input files
...
001 (6419849.000.000) 05/08 13:27:28 Job executing on host: <128.142.56.142:9618?addrs=128.142.56.142-9618+[2001-1458-301-6--100-8d]-9618&alias=b7s01p9733.cern.ch&noUDP&sock=startd_6859_482f>
...
006 (6419849.000.000) 05/08 13:27:36 Image size of job updated: 295244
	189  -  MemoryUsage of job (MB)
	193012  -  ResidentSetSize of job (KB)
...
006 (6419849.000.000) 05/08 13:32:36 Image size of job updated: 975632
	238  -  MemoryUsage of job (MB)
	243384  -  ResidentSetSize of job (KB)
...
006 (6419849.000.000) 05/08 13:37:37 Image size of job updated: 975776
	239  -  MemoryUsage of job (MB)
	243720  -  ResidentSetSize of job (KB)
...
006 (6419849.000.000) 05/08 13:42:38 Image size of job updated: 975776
	239  -  MemoryUsage of job (MB)
	243756  -  ResidentSetSize of job (KB)
...
006 (6419849.000.000) 05/08 13:47:38 Image size of job updated: 975776
	239  -  MemoryUsage of job (MB)
	243780  -  ResidentSetSize of job (KB)
...
006 (6419849.000.000) 05/08 13:52:38 Image size of job updated: 975776
	239  -  MemoryUsage of job (MB)
	243784  -  ResidentSetSize of job (KB)
...
006 (6419849.000.000) 05/08 13:57:39 Image size of job updated: 975776
	239  -  MemoryUsage of job (MB)
	243800  -  ResidentSetSize of job (KB)
...
006 (6419849.000.000) 05/08 14:07:40 Image size of job updated: 975776
	239  -  MemoryUsage of job (MB)
	243824  -  ResidentSetSize of job (KB)
...
006 (6419849.000.000) 05/08 14:12:40 Image size of job updated: 975776
	239  -  MemoryUsage of job (MB)
	243872  -  ResidentSetSize of job (KB)
...
006 (6419849.000.000) 05/08 14:17:41 Image size of job updated: 975776
	239  -  MemoryUsage of job (MB)
	243888  -  ResidentSetSize of job (KB)
...
006 (6419849.000.000) 05/08 14:22:42 Image size of job updated: 975776
	239  -  MemoryUsage of job (MB)
	243896  -  ResidentSetSize of job (KB)
...
006 (6419849.000.000) 05/08 14:32:42 Image size of job updated: 975776
	239  -  MemoryUsage of job (MB)
	243932  -  ResidentSetSize of job (KB)
...
006 (6419849.000.000) 05/08 14:37:43 Image size of job updated: 975776
	239  -  MemoryUsage of job (MB)
	243936  -  ResidentSetSize of job (KB)
...
006 (6419849.000.000) 05/08 14:42:44 Image size of job updated: 975776
	239  -  MemoryUsage of job (MB)
	243944  -  ResidentSetSize of job (KB)
...
006 (6419849.000.000) 05/08 14:52:45 Image size of job updated: 975776
	239  -  MemoryUsage of job (MB)
	243952  -  ResidentSetSize of job (KB)
...
006 (6419849.000.000) 05/08 14:57:46 Image size of job updated: 975776
	239  -  MemoryUsage of job (MB)
	243956  -  ResidentSetSize of job (KB)
...
006 (6419849.000.000) 05/08 15:07:46 Image size of job updated: 975776
	239  -  MemoryUsage of job (MB)
	243960  -  ResidentSetSize of job (KB)
...
006 (6419849.000.000) 05/08 15:17:48 Image size of job updated: 975776
	239  -  MemoryUsage of job (MB)
	243964  -  ResidentSetSize of job (KB)
...
006 (6419849.000.000) 05/08 15:27:48 Image size of job updated: 975776
	239  -  MemoryUsage of job (MB)
	243968  -  ResidentSetSize of job (KB)
...
006 (6419849.000.000) 05/08 15:47:51 Image size of job updated: 975776
	239  -  MemoryUsage of job (MB)
	243976  -  ResidentSetSize of job (KB)
...
006 (6419849.000.000) 05/08 15:52:52 Image size of job updated: 975776
	239  -  MemoryUsage of job (MB)
	243980  -  ResidentSetSize of job (KB)
...
006 (6419849.000.000) 05/08 15:57:52 Image size of job updated: 975776
	239  -  MemoryUsage of job (MB)
	243984  -  ResidentSetSize of job (KB)
...
006 (6419849.000.000) 05/08 16:32:56 Image size of job updated: 975776
	239  -  MemoryUsage of job (MB)
	243988  -  ResidentSetSize of job (KB)
...
006 (6419849.000.000) 05/08 16:52:58 Image size of job updated: 975776
	239  -  MemoryUsage of job (MB)
	243992  -  ResidentSetSize of job (KB)
...
006 (6419849.000.000) 05/08 16:57:58 Image size of job updated: 975776
	239  -  MemoryUsage of job (MB)
	243996  -  ResidentSetSize of job (KB)
...
006 (6419849.000.000) 05/08 17:02:59 Image size of job updated: 975776
	239  -  MemoryUsage of job (MB)
	244004  -  ResidentSetSize of job (KB)
...
006 (6419849.000.000) 05/08 17:58:04 Image size of job updated: 975776
	239  -  MemoryUsage of job (MB)
	244008  -  ResidentSetSize of job (KB)
...
006 (6419849.000.000) 05/08 18:23:07 Image size of job updated: 975776
	239  -  MemoryUsage of job (MB)
	244092  -  ResidentSetSize of job (KB)
...
006 (6419849.000.000) 05/08 18:28:07 Image size of job updated: 975776
	239  -  MemoryUsage of job (MB)
	244100  -  ResidentSetSize of job (KB)
...
006 (6419849.000.000) 05/08 18:33:07 Image size of job updated: 975776
	239  -  MemoryUsage of job (MB)
	244104  -  ResidentSetSize of job (KB)
...
006 (6419849.000.000) 05/08 19:03:10 Image size of job updated: 975776
	239  -  MemoryUsage of job (MB)
	244112  -  ResidentSetSize of job (KB)
...
006 (6419849.000.000) 05/08 19:18:12 Image size of job updated: 975776
	239  -  MemoryUsage of job (MB)
	244116  -  ResidentSetSize of job (KB)
...
006 (6419849.000.000) 05/08 20:08:17 Image size of job updated: 975776
	239  -  MemoryUsage of job (MB)
	244120  -  ResidentSetSize of job (KB)
...
006 (6419849.000.000) 05/08 20:23:18 Image size of job updated: 975776
	239  -  MemoryUsage of job (MB)
	244124  -  ResidentSetSize of job (KB)
...
006 (6419849.000.000) 05/08 22:18:32 Image size of job updated: 975776
	239  -  MemoryUsage of job (MB)
	244168  -  ResidentSetSize of job (KB)
...
006 (6419849.000.000) 05/08 22:38:36 Image size of job updated: 975920
	239  -  MemoryUsage of job (MB)
	244196  -  ResidentSetSize of job (KB)
...
006 (6419849.000.000) 05/08 22:58:38 Image size of job updated: 975920
	239  -  MemoryUsage of job (MB)
	244200  -  ResidentSetSize of job (KB)
...
006 (6419849.000.000) 05/08 23:08:39 Image size of job updated: 975920
	239  -  MemoryUsage of job (MB)
	244208  -  ResidentSetSize of job (KB)
...
006 (6419849.000.000) 05/08 23:18:41 Image size of job updated: 976104
	239  -  MemoryUsage of job (MB)
	244396  -  ResidentSetSize of job (KB)
...
006 (6419849.000.000) 05/08 23:38:43 Image size of job updated: 976104
	239  -  MemoryUsage of job (MB)
	244420  -  ResidentSetSize of job (KB)
...
006 (6419849.000.000) 05/08 23:43:43 Image size of job updated: 976104
	239  -  MemoryUsage of job (MB)
	244440  -  ResidentSetSize of job (KB)
...
006 (6419849.000.000) 05/08 23:48:44 Image size of job updated: 976104
	239  -  MemoryUsage of job (MB)
	244496  -  ResidentSetSize of job (KB)
...
006 (6419849.000.000) 05/09 00:08:46 Image size of job updated: 976268
	239  -  MemoryUsage of job (MB)
	244560  -  ResidentSetSize of job (KB)
...
006 (6419849.000.000) 05/09 01:18:54 Image size of job updated: 976268
	239  -  MemoryUsage of job (MB)
	244564  -  ResidentSetSize of job (KB)
...
006 (6419849.000.000) 05/09 01:23:54 Image size of job updated: 976268
	239  -  MemoryUsage of job (MB)
	244568  -  ResidentSetSize of job (KB)
...
006 (6419849.000.000) 05/09 01:28:54 Image size of job updated: 976268
	239  -  MemoryUsage of job (MB)
	244572  -  ResidentSetSize of job (KB)
...
006 (6419849.000.000) 05/09 03:24:08 Image size of job updated: 976268
	239  -  MemoryUsage of job (MB)
	244576  -  ResidentSetSize of job (KB)
...
006 (6419849.000.000) 05/09 03:49:10 Image size of job updated: 976268
	239  -  MemoryUsage of job (MB)
	244672  -  ResidentSetSize of job (KB)
...
006 (6419849.000.000) 05/09 03:59:12 Image size of job updated: 976268
	239  -  MemoryUsage of job (MB)
	244676  -  ResidentSetSize of job (KB)
...
006 (6419849.000.000) 05/09 05:19:20 Image size of job updated: 976268
	239  -  MemoryUsage of job (MB)
	244680  -  ResidentSetSize of job (KB)
...
006 (6419849.000.000) 05/09 05:34:22 Image size of job updated: 976268
	239  -  MemoryUsage of job (MB)
	244684  -  ResidentSetSize of job (KB)
...
006 (6419849.000.000) 05/09 06:04:24 Image size of job updated: 976268
	239  -  MemoryUsage of job (MB)
	244688  -  ResidentSetSize of job (KB)
...
006 (6419849.000.000) 05/09 07:09:31 Image size of job updated: 976268
	239  -  MemoryUsage of job (MB)
	244692  -  ResidentSetSize of job (KB)
...
006 (6419849.000.000) 05/09 10:29:52 Image size of job updated: 976268
	239  -  MemoryUsage of job (MB)
	244696  -  ResidentSetSize of job (KB)
...
006 (6419849.000.000) 05/09 10:44:53 Image size of job updated: 976268
	239  -  MemoryUsage of job (MB)
	244700  -  ResidentSetSize of job (KB)
...
006 (6419849.000.000) 05/09 11:04:55 Image size of job updated: 976268
	239  -  MemoryUsage of job (MB)
	244704  -  ResidentSetSize of job (KB)
...
006 (6419849.000.000) 05/09 11:14:24 Image size of job updated: 1154620
	239  -  MemoryUsage of job (MB)
	244704  -  ResidentSetSize of job (KB)
...
040 (6419849.000.000) 05/09 11:14:24 Started transferring output files
...
040 (6419849.000.000) 05/09 11:14:24 Finished transferring output files
...
005 (6419849.000.000) 05/09 11:14:27 Job terminated.
	(1) Normal termination (return value 0)
		Usr 0 21:43:34, Sys 0 00:00:43  -  Run Remote Usage
		Usr 0 00:00:00, Sys 0 00:00:00  -  Run Local Usage
		Usr 0 21:43:34, Sys 0 00:00:43  -  Total Remote Usage
		Usr 0 00:00:00, Sys 0 00:00:00  -  Total Local Usage
	145906  -  Run Bytes Sent By Job
	10812  -  Run Bytes Received By Job
	145906  -  Total Bytes Sent By Job
	10812  -  Total Bytes Received By Job
	Partitionable Resources :    Usage  Request Allocated 
	   Cpus                 :     1.00        1         1 
	   Disk (KB)            :   174          12   1457645 
	   Memory (MB)          :   239        2000      2000 

	Job terminated of its own accord at 2024-05-09T09:14:24Z.
...
000 (6787192.000.000) 06/17 22:35:17 Job submitted from host: <137.138.55.115:9618?addrs=137.138.55.115-9618+[2001-1458-d00-17--12a]-9618&alias=bigbird23.cern.ch&noUDP&sock=schedd_23881_f548>
...
040 (6787192.000.000) 06/18 05:43:27 Started transferring input files
	Transferring to host: <128.142.57.31:9618?addrs=128.142.57.31-9618&alias=b7s02p0022.cern.ch&noUDP&sock=slot1_17_6996_1096_171088>
...
040 (6787192.000.000) 06/18 05:43:27 Finished transferring input files
...
001 (6787192.000.000) 06/18 05:43:28 Job executing on host: <128.142.57.31:9618?addrs=128.142.57.31-9618&alias=b7s02p0022.cern.ch&noUDP&sock=startd_6932_5a99>
	SlotName: slot1_17@b7s02p0022.cern.ch
...
006 (6787192.000.000) 06/18 05:43:37 Image size of job updated: 914944
	13  -  MemoryUsage of job (MB)
	12672  -  ResidentSetSize of job (KB)
...
040 (6787192.000.000) 06/18 05:43:42 Started transferring output files
...
040 (6787192.000.000) 06/18 05:43:43 Finished transferring output files
...
005 (6787192.000.000) 06/18 05:43:43 Job terminated.
	(1) Normal termination (return value 1)
		Usr 0 00:00:02, Sys 0 00:00:01  -  Run Remote Usage
		Usr 0 00:00:00, Sys 0 00:00:00  -  Run Local Usage
		Usr 0 00:00:02, Sys 0 00:00:01  -  Total Remote Usage
		Usr 0 00:00:00, Sys 0 00:00:00  -  Total Local Usage
	4961  -  Run Bytes Sent By Job
	10841  -  Run Bytes Received By Job
	4961  -  Total Bytes Sent By Job
	10841  -  Total Bytes Received By Job
	Partitionable Resources :    Usage  Request Allocated 
	   Cpus                 :                 1         1 
	   Disk (KB)            :       29       12   1187412 
	   Memory (MB)          :       13     2000      2000 

	Job terminated of its own accord at 2024-06-18T03:43:42Z with exit-code 1.
...
000 (6794905.000.000) 06/18 09:45:59 Job submitted from host: <137.138.55.115:9618?addrs=137.138.55.115-9618+[2001-1458-d00-17--12a]-9618&alias=bigbird23.cern.ch&noUDP&sock=schedd_23881_f548>
...
040 (6794905.000.000) 06/18 10:48:42 Started transferring input files
	Transferring to host: <128.142.57.34:9618?addrs=128.142.57.34-9618&alias=b7s02p9579.cern.ch&noUDP&sock=slot1_16_6920_8412_169098>
...
040 (6794905.000.000) 06/18 10:48:42 Finished transferring input files
...
001 (6794905.000.000) 06/18 10:48:43 Job executing on host: <128.142.57.34:9618?addrs=128.142.57.34-9618&alias=b7s02p9579.cern.ch&noUDP&sock=startd_6832_c320>
	SlotName: slot1_16@b7s02p9579.cern.ch
...
006 (6794905.000.000) 06/18 10:48:52 Image size of job updated: 275312
	8  -  MemoryUsage of job (MB)
	7700  -  ResidentSetSize of job (KB)
...
006 (6794905.000.000) 06/18 10:53:53 Image size of job updated: 1370568
	357  -  MemoryUsage of job (MB)
	365196  -  ResidentSetSize of job (KB)
...
006 (6794905.000.000) 06/18 10:58:53 Image size of job updated: 1370568
	436  -  MemoryUsage of job (MB)
	446188  -  ResidentSetSize of job (KB)
...
006 (6794905.000.000) 06/18 11:03:53 Image size of job updated: 1370568
	437  -  MemoryUsage of job (MB)
	446520  -  ResidentSetSize of job (KB)
...
006 (6794905.000.000) 06/18 11:08:54 Image size of job updated: 1370568
	437  -  MemoryUsage of job (MB)
	446744  -  ResidentSetSize of job (KB)
...
006 (6794905.000.000) 06/18 11:13:54 Image size of job updated: 1370568
	439  -  MemoryUsage of job (MB)
	448980  -  ResidentSetSize of job (KB)
...
006 (6794905.000.000) 06/18 11:18:54 Image size of job updated: 1370568
	439  -  MemoryUsage of job (MB)
	449212  -  ResidentSetSize of job (KB)
...
006 (6794905.000.000) 06/18 11:23:55 Image size of job updated: 1370568
	457  -  MemoryUsage of job (MB)
	467028  -  ResidentSetSize of job (KB)
...
006 (6794905.000.000) 06/18 11:28:55 Image size of job updated: 1370568
	457  -  MemoryUsage of job (MB)
	467060  -  ResidentSetSize of job (KB)
...
006 (6794905.000.000) 06/18 11:33:55 Image size of job updated: 1370568
	457  -  MemoryUsage of job (MB)
	467180  -  ResidentSetSize of job (KB)
...
006 (6794905.000.000) 06/18 11:38:56 Image size of job updated: 1370568
	463  -  MemoryUsage of job (MB)
	473112  -  ResidentSetSize of job (KB)
...
006 (6794905.000.000) 06/18 11:43:57 Image size of job updated: 1370568
	463  -  MemoryUsage of job (MB)
	473784  -  ResidentSetSize of job (KB)
...
040 (6794905.000.000) 06/18 11:47:13 Started transferring output files
...
040 (6794905.000.000) 06/18 11:47:23 Finished transferring output files
...
005 (6794905.000.000) 06/18 11:49:02 Job terminated.
	(1) Normal termination (return value 1)
		Usr 0 00:54:48, Sys 0 00:00:02  -  Run Remote Usage
		Usr 0 00:00:00, Sys 0 00:00:00  -  Run Local Usage
		Usr 0 00:54:48, Sys 0 00:00:02  -  Total Remote Usage
		Usr 0 00:00:00, Sys 0 00:00:00  -  Total Local Usage
	14995  -  Run Bytes Sent By Job
	10849  -  Run Bytes Received By Job
	14995  -  Total Bytes Sent By Job
	10849  -  Total Bytes Received By Job
	Partitionable Resources :    Usage  Request Allocated 
	   Cpus                 :        0        1         1 
	   Disk (KB)            :       46       12   1226873 
	   Memory (MB)          :      463     2000      2000 

	Job terminated of its own accord at 2024-06-18T09:44:31Z with exit-code 1.
...
