000 (6800247.000.000) 06/18 18:19:53 Job submitted from host: <137.138.55.115:9618?addrs=137.138.55.115-9618+[2001-1458-d00-17--12a]-9618&alias=bigbird23.cern.ch&noUDP&sock=schedd_23881_f548>
...
000 (6800265.000.000) 06/18 18:20:50 Job submitted from host: <137.138.55.115:9618?addrs=137.138.55.115-9618+[2001-1458-d00-17--12a]-9618&alias=bigbird23.cern.ch&noUDP&sock=schedd_23881_f548>
...
000 (6800285.000.000) 06/18 18:22:15 Job submitted from host: <137.138.55.115:9618?addrs=137.138.55.115-9618+[2001-1458-d00-17--12a]-9618&alias=bigbird23.cern.ch&noUDP&sock=schedd_23881_f548>
...
000 (6800289.000.000) 06/18 18:22:32 Job submitted from host: <137.138.55.115:9618?addrs=137.138.55.115-9618+[2001-1458-d00-17--12a]-9618&alias=bigbird23.cern.ch&noUDP&sock=schedd_23881_f548>
...
000 (6800294.000.000) 06/18 18:22:44 Job submitted from host: <137.138.55.115:9618?addrs=137.138.55.115-9618+[2001-1458-d00-17--12a]-9618&alias=bigbird23.cern.ch&noUDP&sock=schedd_23881_f548>
...
000 (6800305.000.000) 06/18 18:23:25 Job submitted from host: <137.138.55.115:9618?addrs=137.138.55.115-9618+[2001-1458-d00-17--12a]-9618&alias=bigbird23.cern.ch&noUDP&sock=schedd_23881_f548>
...
000 (6800313.000.000) 06/18 18:24:05 Job submitted from host: <137.138.55.115:9618?addrs=137.138.55.115-9618+[2001-1458-d00-17--12a]-9618&alias=bigbird23.cern.ch&noUDP&sock=schedd_23881_f548>
...
000 (6800325.000.000) 06/18 18:24:56 Job submitted from host: <137.138.55.115:9618?addrs=137.138.55.115-9618+[2001-1458-d00-17--12a]-9618&alias=bigbird23.cern.ch&noUDP&sock=schedd_23881_f548>
...
040 (6800289.000.000) 06/18 18:49:45 Started transferring input files
	Transferring to host: <128.142.59.33:9618?addrs=128.142.59.33-9618&alias=b7s04p7269.cern.ch&noUDP&sock=slot1_27_6928_2713_171915>
...
040 (6800289.000.000) 06/18 18:49:45 Finished transferring input files
...
040 (6800313.000.000) 06/18 18:49:46 Started transferring input files
	Transferring to host: <128.142.59.71:9618?addrs=128.142.59.71-9618+[2001-1458-301-21--100-46]-9618&alias=b7s04p9413.cern.ch&noUDP&sock=slot1_15_2973_7f52_168683>
...
040 (6800305.000.000) 06/18 18:49:46 Started transferring input files
	Transferring to host: <128.142.56.136:9618?addrs=128.142.56.136-9618&alias=b7s01p6498.cern.ch&noUDP&sock=slot1_19_6931_4433_167726>
...
001 (6800289.000.000) 06/18 18:49:46 Job executing on host: <128.142.59.33:9618?addrs=128.142.59.33-9618&alias=b7s04p7269.cern.ch&noUDP&sock=startd_6863_0690>
	SlotName: slot1_27@b7s04p7269.cern.ch
...
040 (6800313.000.000) 06/18 18:49:46 Finished transferring input files
...
040 (6800305.000.000) 06/18 18:49:46 Finished transferring input files
...
040 (6800285.000.000) 06/18 18:49:47 Started transferring input files
	Transferring to host: <128.142.56.153:9618?addrs=128.142.56.153-9618+[2001-1458-301-6--100-98]-9618&alias=b7s01p5892.cern.ch&noUDP&sock=slot1_6_59237_9342_170342>
...
040 (6800285.000.000) 06/18 18:49:47 Finished transferring input files
...
040 (6800325.000.000) 06/18 18:49:47 Started transferring input files
	Transferring to host: <128.142.59.50:9618?addrs=128.142.59.50-9618&alias=b7s04p0830.cern.ch&noUDP&sock=slot1_15_7236_2a9f_171072>
...
040 (6800325.000.000) 06/18 18:49:47 Finished transferring input files
...
001 (6800305.000.000) 06/18 18:49:47 Job executing on host: <128.142.56.136:9618?addrs=128.142.56.136-9618&alias=b7s01p6498.cern.ch&noUDP&sock=startd_6866_1558>
	SlotName: slot1_19@b7s01p6498.cern.ch
...
001 (6800313.000.000) 06/18 18:49:47 Job executing on host: <128.142.59.71:9618?addrs=128.142.59.71-9618+[2001-1458-301-21--100-46]-9618&alias=b7s04p9413.cern.ch&noUDP&sock=startd_2723_547a>
	SlotName: slot1_15@b7s04p9413.cern.ch
...
001 (6800285.000.000) 06/18 18:49:48 Job executing on host: <128.142.56.153:9618?addrs=128.142.56.153-9618+[2001-1458-301-6--100-98]-9618&alias=b7s01p5892.cern.ch&noUDP&sock=startd_59198_7b8b>
	SlotName: slot1_6@b7s01p5892.cern.ch
...
001 (6800325.000.000) 06/18 18:49:48 Job executing on host: <128.142.59.50:9618?addrs=128.142.59.50-9618&alias=b7s04p0830.cern.ch&noUDP&sock=startd_7172_f953>
	SlotName: slot1_15@b7s04p0830.cern.ch
...
040 (6800294.000.000) 06/18 18:49:53 Started transferring input files
	Transferring to host: <128.142.59.34:9618?addrs=128.142.59.34-9618&alias=b7s04p1611.cern.ch&noUDP&sock=slot1_12_6936_ca13_168519>
...
040 (6800294.000.000) 06/18 18:49:53 Finished transferring input files
...
001 (6800294.000.000) 06/18 18:49:54 Job executing on host: <128.142.59.34:9618?addrs=128.142.59.34-9618&alias=b7s04p1611.cern.ch&noUDP&sock=startd_6872_32ea>
	SlotName: slot1_12@b7s04p1611.cern.ch
...
006 (6800289.000.000) 06/18 18:49:55 Image size of job updated: 754660
	117  -  MemoryUsage of job (MB)
	119296  -  ResidentSetSize of job (KB)
...
006 (6800285.000.000) 06/18 18:49:56 Image size of job updated: 178804
	76  -  MemoryUsage of job (MB)
	76980  -  ResidentSetSize of job (KB)
...
006 (6800325.000.000) 06/18 18:49:56 Image size of job updated: 282904
	136  -  MemoryUsage of job (MB)
	138628  -  ResidentSetSize of job (KB)
...
006 (6800313.000.000) 06/18 18:49:56 Image size of job updated: 371860
	64  -  MemoryUsage of job (MB)
	65432  -  ResidentSetSize of job (KB)
...
006 (6800305.000.000) 06/18 18:49:56 Image size of job updated: 371860
	27  -  MemoryUsage of job (MB)
	27508  -  ResidentSetSize of job (KB)
...
006 (6800294.000.000) 06/18 18:50:02 Image size of job updated: 817456
	47  -  MemoryUsage of job (MB)
	47568  -  ResidentSetSize of job (KB)
...
006 (6800289.000.000) 06/18 18:54:56 Image size of job updated: 1319736
	342  -  MemoryUsage of job (MB)
	349880  -  ResidentSetSize of job (KB)
...
006 (6800285.000.000) 06/18 18:54:56 Image size of job updated: 1319604
	342  -  MemoryUsage of job (MB)
	349676  -  ResidentSetSize of job (KB)
...
006 (6800325.000.000) 06/18 18:54:56 Image size of job updated: 1319736
	342  -  MemoryUsage of job (MB)
	350016  -  ResidentSetSize of job (KB)
...
006 (6800313.000.000) 06/18 18:54:57 Image size of job updated: 1319604
	342  -  MemoryUsage of job (MB)
	349752  -  ResidentSetSize of job (KB)
...
006 (6800305.000.000) 06/18 18:54:57 Image size of job updated: 1319604
	342  -  MemoryUsage of job (MB)
	349652  -  ResidentSetSize of job (KB)
...
006 (6800294.000.000) 06/18 18:55:02 Image size of job updated: 1319740
	342  -  MemoryUsage of job (MB)
	349940  -  ResidentSetSize of job (KB)
...
006 (6800325.000.000) 06/18 18:55:18 Image size of job updated: 1319920
	342  -  MemoryUsage of job (MB)
	350016  -  ResidentSetSize of job (KB)
...
040 (6800325.000.000) 06/18 18:55:18 Started transferring output files
...
040 (6800325.000.000) 06/18 18:55:19 Finished transferring output files
...
005 (6800325.000.000) 06/18 18:55:19 Job terminated.
	(1) Normal termination (return value 1)
		Usr 0 00:05:22, Sys 0 00:00:01  -  Run Remote Usage
		Usr 0 00:00:00, Sys 0 00:00:00  -  Run Local Usage
		Usr 0 00:05:22, Sys 0 00:00:01  -  Total Remote Usage
		Usr 0 00:00:00, Sys 0 00:00:00  -  Total Local Usage
	8073  -  Run Bytes Sent By Job
	10877  -  Run Bytes Received By Job
	8073  -  Total Bytes Sent By Job
	10877  -  Total Bytes Received By Job
	Partitionable Resources :    Usage  Request Allocated 
	   Cpus                 :                 1         1 
	   Disk (KB)            :       32       12   1310096 
	   Memory (MB)          :      342     2000      2000 

	Job terminated of its own accord at 2024-06-18T16:55:18Z with exit-code 1.
...
006 (6800289.000.000) 06/18 18:56:01 Image size of job updated: 1319924
	342  -  MemoryUsage of job (MB)
	349880  -  ResidentSetSize of job (KB)
...
040 (6800289.000.000) 06/18 18:56:01 Started transferring output files
...
040 (6800289.000.000) 06/18 18:56:01 Finished transferring output files
...
005 (6800289.000.000) 06/18 18:56:01 Job terminated.
	(1) Normal termination (return value 1)
		Usr 0 00:06:04, Sys 0 00:00:01  -  Run Remote Usage
		Usr 0 00:00:00, Sys 0 00:00:00  -  Run Local Usage
		Usr 0 00:06:04, Sys 0 00:00:01  -  Total Remote Usage
		Usr 0 00:00:00, Sys 0 00:00:00  -  Total Local Usage
	8073  -  Run Bytes Sent By Job
	10877  -  Run Bytes Received By Job
	8073  -  Total Bytes Sent By Job
	10877  -  Total Bytes Received By Job
	Partitionable Resources :    Usage  Request Allocated 
	   Cpus                 :     1.00        1         1 
	   Disk (KB)            :    39          12   1262789 
	   Memory (MB)          :   342        2000      2000 

	Job terminated of its own accord at 2024-06-18T16:56:01Z with exit-code 1.
...
006 (6800294.000.000) 06/18 18:56:54 Image size of job updated: 1319924
	342  -  MemoryUsage of job (MB)
	349940  -  ResidentSetSize of job (KB)
...
040 (6800294.000.000) 06/18 18:56:54 Started transferring output files
...
040 (6800294.000.000) 06/18 18:56:54 Finished transferring output files
...
005 (6800294.000.000) 06/18 18:56:54 Job terminated.
	(1) Normal termination (return value 1)
		Usr 0 00:06:45, Sys 0 00:00:01  -  Run Remote Usage
		Usr 0 00:00:00, Sys 0 00:00:00  -  Run Local Usage
		Usr 0 00:06:45, Sys 0 00:00:01  -  Total Remote Usage
		Usr 0 00:00:00, Sys 0 00:00:00  -  Total Local Usage
	8073  -  Run Bytes Sent By Job
	10877  -  Run Bytes Received By Job
	8073  -  Total Bytes Sent By Job
	10877  -  Total Bytes Received By Job
	Partitionable Resources :    Usage  Request Allocated 
	   Cpus                 :     0.98        1         1 
	   Disk (KB)            :    39          12   1314092 
	   Memory (MB)          :   342        2000      2000 

	Job terminated of its own accord at 2024-06-18T16:56:54Z with exit-code 1.
...
006 (6800285.000.000) 06/18 18:57:19 Image size of job updated: 1319924
	342  -  MemoryUsage of job (MB)
	349676  -  ResidentSetSize of job (KB)
...
040 (6800285.000.000) 06/18 18:57:19 Started transferring output files
...
040 (6800285.000.000) 06/18 18:57:20 Finished transferring output files
...
005 (6800285.000.000) 06/18 18:57:20 Job terminated.
	(1) Normal termination (return value 1)
		Usr 0 00:07:18, Sys 0 00:00:02  -  Run Remote Usage
		Usr 0 00:00:00, Sys 0 00:00:00  -  Run Local Usage
		Usr 0 00:07:18, Sys 0 00:00:02  -  Total Remote Usage
		Usr 0 00:00:00, Sys 0 00:00:00  -  Total Local Usage
	8073  -  Run Bytes Sent By Job
	10877  -  Run Bytes Received By Job
	8073  -  Total Bytes Sent By Job
	10877  -  Total Bytes Received By Job
	Partitionable Resources :    Usage  Request Allocated 
	   Cpus                 :     1.00        1         1 
	   Disk (KB)            :    40          12   1287152 
	   Memory (MB)          :   342        2000      2000 

	Job terminated of its own accord at 2024-06-18T16:57:19Z with exit-code 1.
...
006 (6800313.000.000) 06/18 18:57:23 Image size of job updated: 1319920
	342  -  MemoryUsage of job (MB)
	349752  -  ResidentSetSize of job (KB)
...
040 (6800313.000.000) 06/18 18:57:23 Started transferring output files
...
040 (6800313.000.000) 06/18 18:57:23 Finished transferring output files
...
005 (6800313.000.000) 06/18 18:57:23 Job terminated.
	(1) Normal termination (return value 1)
		Usr 0 00:07:21, Sys 0 00:00:01  -  Run Remote Usage
		Usr 0 00:00:00, Sys 0 00:00:00  -  Run Local Usage
		Usr 0 00:07:21, Sys 0 00:00:01  -  Total Remote Usage
		Usr 0 00:00:00, Sys 0 00:00:00  -  Total Local Usage
	8073  -  Run Bytes Sent By Job
	10877  -  Run Bytes Received By Job
	8073  -  Total Bytes Sent By Job
	10877  -  Total Bytes Received By Job
	Partitionable Resources :    Usage  Request Allocated 
	   Cpus                 :                 1         1 
	   Disk (KB)            :       32       12   1345259 
	   Memory (MB)          :      342     2000      2000 

	Job terminated of its own accord at 2024-06-18T16:57:23Z with exit-code 1.
...
006 (6800305.000.000) 06/18 18:57:38 Image size of job updated: 1319924
	342  -  MemoryUsage of job (MB)
	349652  -  ResidentSetSize of job (KB)
...
040 (6800305.000.000) 06/18 18:57:38 Started transferring output files
...
040 (6800305.000.000) 06/18 18:57:38 Finished transferring output files
...
005 (6800305.000.000) 06/18 18:57:38 Job terminated.
	(1) Normal termination (return value 1)
		Usr 0 00:07:14, Sys 0 00:00:02  -  Run Remote Usage
		Usr 0 00:00:00, Sys 0 00:00:00  -  Run Local Usage
		Usr 0 00:07:14, Sys 0 00:00:02  -  Total Remote Usage
		Usr 0 00:00:00, Sys 0 00:00:00  -  Total Local Usage
	8073  -  Run Bytes Sent By Job
	10877  -  Run Bytes Received By Job
	8073  -  Total Bytes Sent By Job
	10877  -  Total Bytes Received By Job
	Partitionable Resources :    Usage  Request Allocated 
	   Cpus                 :     1.00        1         1 
	   Disk (KB)            :    39          12   1340390 
	   Memory (MB)          :   342        2000      2000 

	Job terminated of its own accord at 2024-06-18T16:57:38Z with exit-code 1.
...
040 (6800247.000.000) 06/18 18:58:09 Started transferring input files
	Transferring to host: <128.142.59.50:9618?addrs=128.142.59.50-9618&alias=b7s04p0830.cern.ch&noUDP&sock=slot1_15_7236_2a9f_171077>
...
040 (6800247.000.000) 06/18 18:58:09 Finished transferring input files
...
001 (6800247.000.000) 06/18 18:58:10 Job executing on host: <128.142.59.50:9618?addrs=128.142.59.50-9618&alias=b7s04p0830.cern.ch&noUDP&sock=startd_7172_f953>
	SlotName: slot1_15@b7s04p0830.cern.ch
...
006 (6800247.000.000) 06/18 18:58:19 Image size of job updated: 828908
	342  -  MemoryUsage of job (MB)
	349692  -  ResidentSetSize of job (KB)
...
040 (6800265.000.000) 06/18 18:58:24 Started transferring input files
	Transferring to host: <128.142.59.33:9618?addrs=128.142.59.33-9618&alias=b7s04p7269.cern.ch&noUDP&sock=slot1_27_6928_2713_171920>
...
040 (6800265.000.000) 06/18 18:58:24 Finished transferring input files
...
001 (6800265.000.000) 06/18 18:58:25 Job executing on host: <128.142.59.33:9618?addrs=128.142.59.33-9618&alias=b7s04p7269.cern.ch&noUDP&sock=startd_6863_0690>
	SlotName: slot1_27@b7s04p7269.cern.ch
...
006 (6800265.000.000) 06/18 18:58:34 Image size of job updated: 817456
	342  -  MemoryUsage of job (MB)
	349700  -  ResidentSetSize of job (KB)
...
006 (6800247.000.000) 06/18 19:03:20 Image size of job updated: 1319736
	342  -  MemoryUsage of job (MB)
	349844  -  ResidentSetSize of job (KB)
...
006 (6800265.000.000) 06/18 19:03:36 Image size of job updated: 1319748
	342  -  MemoryUsage of job (MB)
	349880  -  ResidentSetSize of job (KB)
...
006 (6800247.000.000) 06/18 19:05:00 Image size of job updated: 1319920
	342  -  MemoryUsage of job (MB)
	349844  -  ResidentSetSize of job (KB)
...
040 (6800247.000.000) 06/18 19:05:00 Started transferring output files
...
040 (6800247.000.000) 06/18 19:05:00 Finished transferring output files
...
005 (6800247.000.000) 06/18 19:05:00 Job terminated.
	(1) Normal termination (return value 1)
		Usr 0 00:06:45, Sys 0 00:00:01  -  Run Remote Usage
		Usr 0 00:00:00, Sys 0 00:00:00  -  Run Local Usage
		Usr 0 00:06:45, Sys 0 00:00:01  -  Total Remote Usage
		Usr 0 00:00:00, Sys 0 00:00:00  -  Total Local Usage
	8073  -  Run Bytes Sent By Job
	10877  -  Run Bytes Received By Job
	8073  -  Total Bytes Sent By Job
	10877  -  Total Bytes Received By Job
	Partitionable Resources :    Usage  Request Allocated 
	   Cpus                 :     0.99        1         1 
	   Disk (KB)            :    40          12   1328301 
	   Memory (MB)          :   342        2000      2000 

	Job terminated of its own accord at 2024-06-18T17:05:00Z with exit-code 1.
...
006 (6800265.000.000) 06/18 19:05:27 Image size of job updated: 1319932
	342  -  MemoryUsage of job (MB)
	349880  -  ResidentSetSize of job (KB)
...
040 (6800265.000.000) 06/18 19:05:27 Started transferring output files
...
040 (6800265.000.000) 06/18 19:05:27 Finished transferring output files
...
005 (6800265.000.000) 06/18 19:05:27 Job terminated.
	(1) Normal termination (return value 1)
		Usr 0 00:06:55, Sys 0 00:00:01  -  Run Remote Usage
		Usr 0 00:00:00, Sys 0 00:00:00  -  Run Local Usage
		Usr 0 00:06:55, Sys 0 00:00:01  -  Total Remote Usage
		Usr 0 00:00:00, Sys 0 00:00:00  -  Total Local Usage
	8073  -  Run Bytes Sent By Job
	10877  -  Run Bytes Received By Job
	8073  -  Total Bytes Sent By Job
	10877  -  Total Bytes Received By Job
	Partitionable Resources :    Usage  Request Allocated 
	   Cpus                 :                 1         1 
	   Disk (KB)            :       33       12   1278296 
	   Memory (MB)          :      342     2000      2000 

	Job terminated of its own accord at 2024-06-18T17:05:27Z with exit-code 1.
...
000 (6801133.000.000) 06/18 20:55:03 Job submitted from host: <137.138.55.115:9618?addrs=137.138.55.115-9618+[2001-1458-d00-17--12a]-9618&alias=bigbird23.cern.ch&noUDP&sock=schedd_23881_f548>
...
000 (6801135.000.000) 06/18 20:56:41 Job submitted from host: <137.138.55.115:9618?addrs=137.138.55.115-9618+[2001-1458-d00-17--12a]-9618&alias=bigbird23.cern.ch&noUDP&sock=schedd_23881_f548>
...
040 (6801133.000.000) 06/18 21:05:53 Started transferring input files
	Transferring to host: <128.142.56.60:9618?addrs=128.142.56.60-9618&alias=b7s01p6491.cern.ch&noUDP&sock=slot1_10_7096_861a_170260>
...
040 (6801135.000.000) 06/18 21:05:53 Started transferring input files
	Transferring to host: <128.142.59.35:9618?addrs=128.142.59.35-9618&alias=b7s04p8034.cern.ch&noUDP&sock=slot1_24_6927_72b3_170157>
...
040 (6801133.000.000) 06/18 21:05:53 Finished transferring input files
...
040 (6801135.000.000) 06/18 21:05:53 Finished transferring input files
...
001 (6801135.000.000) 06/18 21:05:54 Job executing on host: <128.142.59.35:9618?addrs=128.142.59.35-9618&alias=b7s04p8034.cern.ch&noUDP&sock=startd_6864_b628>
	SlotName: slot1_24@b7s04p8034.cern.ch
...
001 (6801133.000.000) 06/18 21:05:54 Job executing on host: <128.142.56.60:9618?addrs=128.142.56.60-9618&alias=b7s01p6491.cern.ch&noUDP&sock=startd_7032_f211>
	SlotName: slot1_10@b7s01p6491.cern.ch
...
006 (6801135.000.000) 06/18 21:06:03 Image size of job updated: 162800
	74  -  MemoryUsage of job (MB)
	75420  -  ResidentSetSize of job (KB)
...
006 (6801133.000.000) 06/18 21:06:03 Image size of job updated: 275844
	129  -  MemoryUsage of job (MB)
	131524  -  ResidentSetSize of job (KB)
...
006 (6801135.000.000) 06/18 21:07:36 Image size of job updated: 1116260
	75  -  MemoryUsage of job (MB)
	76044  -  ResidentSetSize of job (KB)
...
040 (6801135.000.000) 06/18 21:07:36 Started transferring output files
...
040 (6801135.000.000) 06/18 21:07:36 Finished transferring output files
...
005 (6801135.000.000) 06/18 21:07:36 Job terminated.
	(1) Normal termination (return value 0)
		Usr 0 00:01:29, Sys 0 00:00:01  -  Run Remote Usage
		Usr 0 00:00:00, Sys 0 00:00:00  -  Run Local Usage
		Usr 0 00:01:29, Sys 0 00:00:01  -  Total Remote Usage
		Usr 0 00:00:00, Sys 0 00:00:00  -  Total Local Usage
	6673  -  Run Bytes Sent By Job
	10878  -  Run Bytes Received By Job
	6673  -  Total Bytes Sent By Job
	10878  -  Total Bytes Received By Job
	Partitionable Resources :    Usage  Request Allocated 
	   Cpus                 :     0.12        1         1 
	   Disk (KB)            :    38          12   1343458 
	   Memory (MB)          :    75        2000      2000 

	Job terminated of its own accord at 2024-06-18T19:07:36Z with exit-code 0.
...
006 (6801133.000.000) 06/18 21:07:41 Image size of job updated: 933348
	129  -  MemoryUsage of job (MB)
	131524  -  ResidentSetSize of job (KB)
...
040 (6801133.000.000) 06/18 21:07:41 Started transferring output files
...
040 (6801133.000.000) 06/18 21:07:41 Finished transferring output files
...
005 (6801133.000.000) 06/18 21:07:41 Job terminated.
	(1) Normal termination (return value 0)
		Usr 0 00:01:36, Sys 0 00:00:01  -  Run Remote Usage
		Usr 0 00:00:00, Sys 0 00:00:00  -  Run Local Usage
		Usr 0 00:01:36, Sys 0 00:00:01  -  Total Remote Usage
		Usr 0 00:00:00, Sys 0 00:00:00  -  Total Local Usage
	6673  -  Run Bytes Sent By Job
	10878  -  Run Bytes Received By Job
	6673  -  Total Bytes Sent By Job
	10878  -  Total Bytes Received By Job
	Partitionable Resources :    Usage  Request Allocated 
	   Cpus                 :     1.00        1         1 
	   Disk (KB)            :    38          12   2916129 
	   Memory (MB)          :   129        2000      2000 

	Job terminated of its own accord at 2024-06-18T19:07:41Z with exit-code 0.
...
000 (6801163.000.000) 06/18 22:07:02 Job submitted from host: <137.138.55.115:9618?addrs=137.138.55.115-9618+[2001-1458-d00-17--12a]-9618&alias=bigbird23.cern.ch&noUDP&sock=schedd_23881_f548>
...
000 (6801164.000.000) 06/18 22:07:18 Job submitted from host: <137.138.55.115:9618?addrs=137.138.55.115-9618+[2001-1458-d00-17--12a]-9618&alias=bigbird23.cern.ch&noUDP&sock=schedd_23881_f548>
...
000 (6801165.000.000) 06/18 22:07:35 Job submitted from host: <137.138.55.115:9618?addrs=137.138.55.115-9618+[2001-1458-d00-17--12a]-9618&alias=bigbird23.cern.ch&noUDP&sock=schedd_23881_f548>
...
000 (6801167.000.000) 06/18 22:09:33 Job submitted from host: <137.138.55.115:9618?addrs=137.138.55.115-9618+[2001-1458-d00-17--12a]-9618&alias=bigbird23.cern.ch&noUDP&sock=schedd_23881_f548>
...
000 (6801168.000.000) 06/18 22:09:59 Job submitted from host: <137.138.55.115:9618?addrs=137.138.55.115-9618+[2001-1458-d00-17--12a]-9618&alias=bigbird23.cern.ch&noUDP&sock=schedd_23881_f548>
...
040 (6801163.000.000) 06/18 22:15:51 Started transferring input files
	Transferring to host: <128.142.59.15:9618?addrs=128.142.59.15-9618&alias=b7s04p5031.cern.ch&noUDP&sock=slot1_11_6917_66f2_171154>
...
040 (6801163.000.000) 06/18 22:15:51 Finished transferring input files
...
040 (6801167.000.000) 06/18 22:15:52 Started transferring input files
	Transferring to host: <128.142.59.62:9618?addrs=128.142.59.62-9618+[2001-1458-301-21--100-3d]-9618&alias=b7s04p2250.cern.ch&noUDP&sock=slot1_33_5720_01e2_89608>
...
040 (6801167.000.000) 06/18 22:15:52 Finished transferring input files
...
040 (6801168.000.000) 06/18 22:15:52 Started transferring input files
	Transferring to host: <128.142.59.62:9618?addrs=128.142.59.62-9618+[2001-1458-301-21--100-3d]-9618&alias=b7s04p2250.cern.ch&noUDP&sock=slot1_17_5720_01e2_89607>
...
040 (6801164.000.000) 06/18 22:15:52 Started transferring input files
	Transferring to host: <128.142.56.110:9618?addrs=128.142.56.110-9618&alias=b7s01p8520.cern.ch&noUDP&sock=slot1_5_6947_8a34_173319>
...
040 (6801165.000.000) 06/18 22:15:52 Started transferring input files
	Transferring to host: <128.142.59.73:9618?addrs=128.142.59.73-9618+[2001-1458-301-21--100-48]-9618&alias=b7s04p0096.cern.ch&noUDP&sock=slot1_14_3315_77a0_88384>
...
040 (6801168.000.000) 06/18 22:15:52 Finished transferring input files
...
040 (6801164.000.000) 06/18 22:15:52 Finished transferring input files
...
040 (6801165.000.000) 06/18 22:15:52 Finished transferring input files
...
001 (6801163.000.000) 06/18 22:15:52 Job executing on host: <128.142.59.15:9618?addrs=128.142.59.15-9618&alias=b7s04p5031.cern.ch&noUDP&sock=startd_6851_cb6d>
	SlotName: slot1_11@b7s04p5031.cern.ch
...
001 (6801167.000.000) 06/18 22:15:53 Job executing on host: <128.142.59.62:9618?addrs=128.142.59.62-9618+[2001-1458-301-21--100-3d]-9618&alias=b7s04p2250.cern.ch&noUDP&sock=startd_4346_92af>
	SlotName: slot1_33@b7s04p2250.cern.ch
...
001 (6801168.000.000) 06/18 22:15:53 Job executing on host: <128.142.59.62:9618?addrs=128.142.59.62-9618+[2001-1458-301-21--100-3d]-9618&alias=b7s04p2250.cern.ch&noUDP&sock=startd_4346_92af>
	SlotName: slot1_17@b7s04p2250.cern.ch
...
001 (6801164.000.000) 06/18 22:15:53 Job executing on host: <128.142.56.110:9618?addrs=128.142.56.110-9618&alias=b7s01p8520.cern.ch&noUDP&sock=startd_6879_0014>
	SlotName: slot1_5@b7s01p8520.cern.ch
...
001 (6801165.000.000) 06/18 22:15:53 Job executing on host: <128.142.59.73:9618?addrs=128.142.59.73-9618+[2001-1458-301-21--100-48]-9618&alias=b7s04p0096.cern.ch&noUDP&sock=startd_2812_6067>
	SlotName: slot1_14@b7s04p0096.cern.ch
...
006 (6801167.000.000) 06/18 22:16:01 Image size of job updated: 72036
	33  -  MemoryUsage of job (MB)
	33220  -  ResidentSetSize of job (KB)
...
006 (6801168.000.000) 06/18 22:16:01 Image size of job updated: 49192
	33  -  MemoryUsage of job (MB)
	33216  -  ResidentSetSize of job (KB)
...
006 (6801164.000.000) 06/18 22:16:01 Image size of job updated: 526604
	74  -  MemoryUsage of job (MB)
	75528  -  ResidentSetSize of job (KB)
...
006 (6801165.000.000) 06/18 22:16:01 Image size of job updated: 467072
	33  -  MemoryUsage of job (MB)
	33220  -  ResidentSetSize of job (KB)
...
006 (6801163.000.000) 06/18 22:16:01 Image size of job updated: 926176
	63  -  MemoryUsage of job (MB)
	64124  -  ResidentSetSize of job (KB)
...
006 (6801167.000.000) 06/18 22:21:01 Image size of job updated: 1339876
	348  -  MemoryUsage of job (MB)
	356088  -  ResidentSetSize of job (KB)
...
006 (6801168.000.000) 06/18 22:21:01 Image size of job updated: 1339876
	348  -  MemoryUsage of job (MB)
	356156  -  ResidentSetSize of job (KB)
...
006 (6801164.000.000) 06/18 22:21:01 Image size of job updated: 1339876
	348  -  MemoryUsage of job (MB)
	356156  -  ResidentSetSize of job (KB)
...
006 (6801165.000.000) 06/18 22:21:01 Image size of job updated: 1339876
	348  -  MemoryUsage of job (MB)
	356144  -  ResidentSetSize of job (KB)
...
006 (6801163.000.000) 06/18 22:21:02 Image size of job updated: 1339880
	348  -  MemoryUsage of job (MB)
	356160  -  ResidentSetSize of job (KB)
...
006 (6801168.000.000) 06/18 22:26:02 Image size of job updated: 1339876
	348  -  MemoryUsage of job (MB)
	356220  -  ResidentSetSize of job (KB)
...
006 (6801164.000.000) 06/18 22:26:02 Image size of job updated: 1339876
	371  -  MemoryUsage of job (MB)
	379572  -  ResidentSetSize of job (KB)
...
006 (6801165.000.000) 06/18 22:26:02 Image size of job updated: 1339876
	348  -  MemoryUsage of job (MB)
	356192  -  ResidentSetSize of job (KB)
...
006 (6801167.000.000) 06/18 22:26:02 Image size of job updated: 1339876
	349  -  MemoryUsage of job (MB)
	356608  -  ResidentSetSize of job (KB)
...
006 (6801163.000.000) 06/18 22:26:03 Image size of job updated: 1339880
	349  -  MemoryUsage of job (MB)
	356680  -  ResidentSetSize of job (KB)
...
040 (6801164.000.000) 06/18 22:26:14 Started transferring output files
...
040 (6801164.000.000) 06/18 22:26:16 Finished transferring output files
...
005 (6801164.000.000) 06/18 22:26:17 Job terminated.
	(1) Normal termination (return value 0)
		Usr 0 00:10:08, Sys 0 00:00:02  -  Run Remote Usage
		Usr 0 00:00:00, Sys 0 00:00:00  -  Run Local Usage
		Usr 0 00:10:08, Sys 0 00:00:02  -  Total Remote Usage
		Usr 0 00:00:00, Sys 0 00:00:00  -  Total Local Usage
	8568  -  Run Bytes Sent By Job
	10888  -  Run Bytes Received By Job
	8568  -  Total Bytes Sent By Job
	10888  -  Total Bytes Received By Job
	Partitionable Resources :    Usage  Request Allocated 
	   Cpus                 :     1.00        1         1 
	   Disk (KB)            :    39          12   1317498 
	   Memory (MB)          :   371        2000      2000 

	Job terminated of its own accord at 2024-06-18T20:26:14Z with exit-code 0.
...
006 (6801167.000.000) 06/18 22:27:36 Image size of job updated: 1512960
	349  -  MemoryUsage of job (MB)
	356608  -  ResidentSetSize of job (KB)
...
040 (6801167.000.000) 06/18 22:27:36 Started transferring output files
...
040 (6801167.000.000) 06/18 22:27:36 Finished transferring output files
...
005 (6801167.000.000) 06/18 22:27:36 Job terminated.
	(1) Normal termination (return value 0)
		Usr 0 00:11:21, Sys 0 00:00:02  -  Run Remote Usage
		Usr 0 00:00:00, Sys 0 00:00:00  -  Run Local Usage
		Usr 0 00:11:21, Sys 0 00:00:02  -  Total Remote Usage
		Usr 0 00:00:00, Sys 0 00:00:00  -  Total Local Usage
	8568  -  Run Bytes Sent By Job
	10888  -  Run Bytes Received By Job
	8568  -  Total Bytes Sent By Job
	10888  -  Total Bytes Received By Job
	Partitionable Resources :    Usage  Request Allocated 
	   Cpus                 :     1.00        1         1 
	   Disk (KB)            :    40          12   1290144 
	   Memory (MB)          :   349        2000      2000 

	Job terminated of its own accord at 2024-06-18T20:27:36Z with exit-code 0.
...
040 (6801163.000.000) 06/18 22:28:12 Started transferring output files
...
040 (6801163.000.000) 06/18 22:28:13 Finished transferring output files
...
005 (6801163.000.000) 06/18 22:28:13 Job terminated.
	(1) Normal termination (return value 0)
		Usr 0 00:12:01, Sys 0 00:00:02  -  Run Remote Usage
		Usr 0 00:00:00, Sys 0 00:00:00  -  Run Local Usage
		Usr 0 00:12:01, Sys 0 00:00:02  -  Total Remote Usage
		Usr 0 00:00:00, Sys 0 00:00:00  -  Total Local Usage
	8568  -  Run Bytes Sent By Job
	10888  -  Run Bytes Received By Job
	8568  -  Total Bytes Sent By Job
	10888  -  Total Bytes Received By Job
	Partitionable Resources :    Usage  Request Allocated 
	   Cpus                 :     1.00        1         1 
	   Disk (KB)            :    40          12   1308950 
	   Memory (MB)          :   349        2000      2000 

	Job terminated of its own accord at 2024-06-18T20:28:12Z with exit-code 0.
...
040 (6801168.000.000) 06/18 22:28:49 Started transferring output files
...
040 (6801168.000.000) 06/18 22:28:49 Finished transferring output files
...
005 (6801168.000.000) 06/18 22:28:49 Job terminated.
	(1) Normal termination (return value 0)
		Usr 0 00:12:37, Sys 0 00:00:01  -  Run Remote Usage
		Usr 0 00:00:00, Sys 0 00:00:00  -  Run Local Usage
		Usr 0 00:12:37, Sys 0 00:00:01  -  Total Remote Usage
		Usr 0 00:00:00, Sys 0 00:00:00  -  Total Local Usage
	8568  -  Run Bytes Sent By Job
	10888  -  Run Bytes Received By Job
	8568  -  Total Bytes Sent By Job
	10888  -  Total Bytes Received By Job
	Partitionable Resources :    Usage  Request Allocated 
	   Cpus                 :     1.00        1         1 
	   Disk (KB)            :    40          12   1290151 
	   Memory (MB)          :   348        2000      2000 

	Job terminated of its own accord at 2024-06-18T20:28:49Z with exit-code 0.
...
040 (6801165.000.000) 06/18 22:28:58 Started transferring output files
...
040 (6801165.000.000) 06/18 22:28:58 Finished transferring output files
...
005 (6801165.000.000) 06/18 22:28:58 Job terminated.
	(1) Normal termination (return value 0)
		Usr 0 00:12:42, Sys 0 00:00:02  -  Run Remote Usage
		Usr 0 00:00:00, Sys 0 00:00:00  -  Run Local Usage
		Usr 0 00:12:42, Sys 0 00:00:02  -  Total Remote Usage
		Usr 0 00:00:00, Sys 0 00:00:00  -  Total Local Usage
	8568  -  Run Bytes Sent By Job
	10888  -  Run Bytes Received By Job
	8568  -  Total Bytes Sent By Job
	10888  -  Total Bytes Received By Job
	Partitionable Resources :    Usage  Request Allocated 
	   Cpus                 :     1.00        1         1 
	   Disk (KB)            :    40          12   1333151 
	   Memory (MB)          :   348        2000      2000 

	Job terminated of its own accord at 2024-06-18T20:28:58Z with exit-code 0.
...
