000 (7700975.000.000) 11/08 11:24:04 Job submitted from host: <137.138.55.115:9618?addrs=137.138.55.115-9618+[2001-1458-d00-17--12a]-9618&alias=bigbird23.cern.ch&noUDP&sock=schedd_4975_03c1>
...
040 (7700975.000.000) 11/08 11:27:13 Started transferring input files
	Transferring to host: <128.142.192.189:9618?addrs=128.142.192.189-9618+[2001-1458-301-56--100-39]-9618&alias=b9g18p5594.cern.ch&noUDP&sock=slot1_36_7510_396a_42880>
...
040 (7700975.000.000) 11/08 11:27:13 Finished transferring input files
...
001 (7700975.000.000) 11/08 11:27:14 Job executing on host: <128.142.192.189:9618?addrs=128.142.192.189-9618+[2001-1458-301-56--100-39]-9618&alias=b9g18p5594.cern.ch&noUDP&sock=startd_6746_c5fb>
	SlotName: slot1_36@b9g18p5594.cern.ch
	CondorScratchDir = "/pool/condor/dir_3379021"
	Cpus = 1
	Disk = 2893645
	Memory = 2000
...
006 (7700975.000.000) 11/08 11:27:22 Image size of job updated: 486080
	475  -  MemoryUsage of job (MB)
	486080  -  ResidentSetSize of job (KB)
...
006 (7700975.000.000) 11/08 11:32:22 Image size of job updated: 688584
	663  -  MemoryUsage of job (MB)
	678864  -  ResidentSetSize of job (KB)
...
006 (7700975.000.000) 11/08 11:37:23 Image size of job updated: 733828
	691  -  MemoryUsage of job (MB)
	706676  -  ResidentSetSize of job (KB)
...
006 (7700975.000.000) 11/08 11:42:23 Image size of job updated: 779224
	699  -  MemoryUsage of job (MB)
	714868  -  ResidentSetSize of job (KB)
...
006 (7700975.000.000) 11/08 11:47:23 Image size of job updated: 800340
	709  -  MemoryUsage of job (MB)
	725692  -  ResidentSetSize of job (KB)
...
006 (7700975.000.000) 11/08 11:52:24 Image size of job updated: 823808
	770  -  MemoryUsage of job (MB)
	787512  -  ResidentSetSize of job (KB)
...
006 (7700975.000.000) 11/08 11:57:25 Image size of job updated: 869048
	776  -  MemoryUsage of job (MB)
	793656  -  ResidentSetSize of job (KB)
...
006 (7700975.000.000) 11/08 12:02:25 Image size of job updated: 878164
	776  -  MemoryUsage of job (MB)
	793656  -  ResidentSetSize of job (KB)
...
006 (7700975.000.000) 11/08 12:07:26 Image size of job updated: 890440
	776  -  MemoryUsage of job (MB)
	793656  -  ResidentSetSize of job (KB)
...
006 (7700975.000.000) 11/08 12:12:27 Image size of job updated: 909252
	879  -  MemoryUsage of job (MB)
	899524  -  ResidentSetSize of job (KB)
...
006 (7700975.000.000) 11/08 12:17:27 Image size of job updated: 933344
	885  -  MemoryUsage of job (MB)
	905668  -  ResidentSetSize of job (KB)
...
006 (7700975.000.000) 11/08 12:22:28 Image size of job updated: 954216
	892  -  MemoryUsage of job (MB)
	912936  -  ResidentSetSize of job (KB)
...
006 (7700975.000.000) 11/08 12:27:29 Image size of job updated: 966604
	910  -  MemoryUsage of job (MB)
	931392  -  ResidentSetSize of job (KB)
...
006 (7700975.000.000) 11/08 12:32:29 Image size of job updated: 990036
	916  -  MemoryUsage of job (MB)
	937536  -  ResidentSetSize of job (KB)
...
006 (7700975.000.000) 11/08 12:37:29 Image size of job updated: 1013192
	944  -  MemoryUsage of job (MB)
	966452  -  ResidentSetSize of job (KB)
...
006 (7700975.000.000) 11/08 12:42:30 Image size of job updated: 1014144
	950  -  MemoryUsage of job (MB)
	972596  -  ResidentSetSize of job (KB)
...
006 (7700975.000.000) 11/08 12:47:30 Image size of job updated: 1029272
	950  -  MemoryUsage of job (MB)
	972596  -  ResidentSetSize of job (KB)
...
006 (7700975.000.000) 11/08 12:52:30 Image size of job updated: 1064928
	984  -  MemoryUsage of job (MB)
	1007304  -  ResidentSetSize of job (KB)
...
006 (7700975.000.000) 11/08 12:57:31 Image size of job updated: 1064928
	988  -  MemoryUsage of job (MB)
	1011400  -  ResidentSetSize of job (KB)
...
006 (7700975.000.000) 11/08 16:27:53 Image size of job updated: 1064928
	1014  -  MemoryUsage of job (MB)
	1037476  -  ResidentSetSize of job (KB)
...
006 (7700975.000.000) 11/08 16:37:53 Image size of job updated: 1075076
	1014  -  MemoryUsage of job (MB)
	1037476  -  ResidentSetSize of job (KB)
...
006 (7700975.000.000) 11/08 16:42:54 Image size of job updated: 1075732
	1014  -  MemoryUsage of job (MB)
	1037476  -  ResidentSetSize of job (KB)
...
006 (7700975.000.000) 11/08 16:47:54 Image size of job updated: 1080356
	1052  -  MemoryUsage of job (MB)
	1077176  -  ResidentSetSize of job (KB)
...
006 (7700975.000.000) 11/08 16:52:54 Image size of job updated: 1096760
	1052  -  MemoryUsage of job (MB)
	1077176  -  ResidentSetSize of job (KB)
...
006 (7700975.000.000) 11/08 16:57:56 Image size of job updated: 1098008
	1052  -  MemoryUsage of job (MB)
	1077176  -  ResidentSetSize of job (KB)
...
006 (7700975.000.000) 11/08 17:02:56 Image size of job updated: 1104672
	1052  -  MemoryUsage of job (MB)
	1077176  -  ResidentSetSize of job (KB)
...
006 (7700975.000.000) 11/08 17:07:56 Image size of job updated: 1105472
	1052  -  MemoryUsage of job (MB)
	1077176  -  ResidentSetSize of job (KB)
...
006 (7700975.000.000) 11/08 20:11:49 Image size of job updated: 1128824
	1052  -  MemoryUsage of job (MB)
	1077176  -  ResidentSetSize of job (KB)
...
006 (7700975.000.000) 11/08 20:27:14 Image size of job updated: 1129796
	1052  -  MemoryUsage of job (MB)
	1077176  -  ResidentSetSize of job (KB)
...
006 (7700975.000.000) 11/08 20:32:14 Image size of job updated: 1146632
	1116  -  MemoryUsage of job (MB)
	1142440  -  ResidentSetSize of job (KB)
...
006 (7700975.000.000) 11/08 20:37:14 Image size of job updated: 1147684
	1116  -  MemoryUsage of job (MB)
	1142440  -  ResidentSetSize of job (KB)
...
006 (7700975.000.000) 11/08 20:42:16 Image size of job updated: 1152032
	1116  -  MemoryUsage of job (MB)
	1142440  -  ResidentSetSize of job (KB)
...
006 (7700975.000.000) 11/08 20:47:16 Image size of job updated: 1159280
	1116  -  MemoryUsage of job (MB)
	1142440  -  ResidentSetSize of job (KB)
...
006 (7700975.000.000) 11/08 20:52:16 Image size of job updated: 1169116
	1116  -  MemoryUsage of job (MB)
	1142440  -  ResidentSetSize of job (KB)
...
006 (7700975.000.000) 11/08 20:57:17 Image size of job updated: 1172288
	1116  -  MemoryUsage of job (MB)
	1142440  -  ResidentSetSize of job (KB)
...
006 (7700975.000.000) 11/08 21:02:18 Image size of job updated: 1183356
	1132  -  MemoryUsage of job (MB)
	1158804  -  ResidentSetSize of job (KB)
...
006 (7700975.000.000) 11/08 21:07:18 Image size of job updated: 1191180
	1138  -  MemoryUsage of job (MB)
	1165204  -  ResidentSetSize of job (KB)
...
006 (7700975.000.000) 11/08 21:12:19 Image size of job updated: 1191796
	1138  -  MemoryUsage of job (MB)
	1165204  -  ResidentSetSize of job (KB)
...
006 (7700975.000.000) 11/08 21:17:20 Image size of job updated: 1193076
	1138  -  MemoryUsage of job (MB)
	1165204  -  ResidentSetSize of job (KB)
...
006 (7700975.000.000) 11/08 21:22:20 Image size of job updated: 1203816
	1138  -  MemoryUsage of job (MB)
	1165204  -  ResidentSetSize of job (KB)
...
006 (7700975.000.000) 11/08 21:27:20 Image size of job updated: 1204672
	1138  -  MemoryUsage of job (MB)
	1165204  -  ResidentSetSize of job (KB)
...
006 (7700975.000.000) 11/08 21:32:21 Image size of job updated: 1220660
	1138  -  MemoryUsage of job (MB)
	1165204  -  ResidentSetSize of job (KB)
...
006 (7700975.000.000) 11/08 21:42:21 Image size of job updated: 1225968
	1138  -  MemoryUsage of job (MB)
	1165204  -  ResidentSetSize of job (KB)
...
006 (7700975.000.000) 11/08 21:47:22 Image size of job updated: 1231212
	1138  -  MemoryUsage of job (MB)
	1165204  -  ResidentSetSize of job (KB)
...
006 (7700975.000.000) 11/08 21:52:23 Image size of job updated: 1245560
	1138  -  MemoryUsage of job (MB)
	1165204  -  ResidentSetSize of job (KB)
...
006 (7700975.000.000) 11/08 21:57:23 Image size of job updated: 1246812
	1138  -  MemoryUsage of job (MB)
	1165204  -  ResidentSetSize of job (KB)
...
006 (7700975.000.000) 11/08 22:02:24 Image size of job updated: 1263080
	1213  -  MemoryUsage of job (MB)
	1241404  -  ResidentSetSize of job (KB)
...
006 (7700975.000.000) 11/08 22:12:25 Image size of job updated: 1273716
	1213  -  MemoryUsage of job (MB)
	1241404  -  ResidentSetSize of job (KB)
...
006 (7700975.000.000) 11/08 22:17:25 Image size of job updated: 1276136
	1234  -  MemoryUsage of job (MB)
	1263324  -  ResidentSetSize of job (KB)
...
006 (7700975.000.000) 11/08 22:27:26 Image size of job updated: 1280200
	1234  -  MemoryUsage of job (MB)
	1263324  -  ResidentSetSize of job (KB)
...
006 (7700975.000.000) 11/08 22:37:27 Image size of job updated: 1323604
	1234  -  MemoryUsage of job (MB)
	1263324  -  ResidentSetSize of job (KB)
...
006 (7700975.000.000) 11/08 22:42:28 Image size of job updated: 1328624
	1234  -  MemoryUsage of job (MB)
	1263324  -  ResidentSetSize of job (KB)
...
006 (7700975.000.000) 11/08 23:02:30 Image size of job updated: 1328624
	1272  -  MemoryUsage of job (MB)
	1302512  -  ResidentSetSize of job (KB)
...
006 (7700975.000.000) 11/08 23:07:30 Image size of job updated: 1328624
	1276  -  MemoryUsage of job (MB)
	1305824  -  ResidentSetSize of job (KB)
...
006 (7700975.000.000) 11/08 23:17:32 Image size of job updated: 1332992
	1276  -  MemoryUsage of job (MB)
	1305824  -  ResidentSetSize of job (KB)
...
006 (7700975.000.000) 11/08 23:22:32 Image size of job updated: 1338560
	1276  -  MemoryUsage of job (MB)
	1305824  -  ResidentSetSize of job (KB)
...
006 (7700975.000.000) 11/08 23:27:33 Image size of job updated: 1339228
	1276  -  MemoryUsage of job (MB)
	1305824  -  ResidentSetSize of job (KB)
...
006 (7700975.000.000) 11/08 23:32:34 Image size of job updated: 1344068
	1276  -  MemoryUsage of job (MB)
	1305824  -  ResidentSetSize of job (KB)
...
006 (7700975.000.000) 11/08 23:37:34 Image size of job updated: 1345280
	1276  -  MemoryUsage of job (MB)
	1305824  -  ResidentSetSize of job (KB)
...
006 (7700975.000.000) 11/08 23:42:35 Image size of job updated: 1353852
	1315  -  MemoryUsage of job (MB)
	1345656  -  ResidentSetSize of job (KB)
...
006 (7700975.000.000) 11/08 23:47:36 Image size of job updated: 1357720
	1317  -  MemoryUsage of job (MB)
	1348472  -  ResidentSetSize of job (KB)
...
006 (7700975.000.000) 11/08 23:52:36 Image size of job updated: 1366024
	1317  -  MemoryUsage of job (MB)
	1348472  -  ResidentSetSize of job (KB)
...
006 (7700975.000.000) 11/08 23:57:36 Image size of job updated: 1369156
	1317  -  MemoryUsage of job (MB)
	1348472  -  ResidentSetSize of job (KB)
...
006 (7700975.000.000) 11/09 00:02:37 Image size of job updated: 1382268
	1317  -  MemoryUsage of job (MB)
	1348472  -  ResidentSetSize of job (KB)
...
006 (7700975.000.000) 11/09 00:07:37 Image size of job updated: 1400928
	1317  -  MemoryUsage of job (MB)
	1348472  -  ResidentSetSize of job (KB)
...
006 (7700975.000.000) 11/09 00:12:37 Image size of job updated: 1400928
	1329  -  MemoryUsage of job (MB)
	1360088  -  ResidentSetSize of job (KB)
...
006 (7700975.000.000) 11/09 00:17:38 Image size of job updated: 1400928
	1335  -  MemoryUsage of job (MB)
	1366232  -  ResidentSetSize of job (KB)
...
006 (7700975.000.000) 11/09 00:22:39 Image size of job updated: 1401852
	1335  -  MemoryUsage of job (MB)
	1366232  -  ResidentSetSize of job (KB)
...
006 (7700975.000.000) 11/09 00:27:39 Image size of job updated: 1402044
	1335  -  MemoryUsage of job (MB)
	1366232  -  ResidentSetSize of job (KB)
...
006 (7700975.000.000) 11/09 00:32:40 Image size of job updated: 1406112
	1335  -  MemoryUsage of job (MB)
	1366232  -  ResidentSetSize of job (KB)
...
006 (7700975.000.000) 11/09 00:37:41 Image size of job updated: 1411676
	1335  -  MemoryUsage of job (MB)
	1366232  -  ResidentSetSize of job (KB)
...
006 (7700975.000.000) 11/09 00:42:41 Image size of job updated: 1417064
	1335  -  MemoryUsage of job (MB)
	1366232  -  ResidentSetSize of job (KB)
...
006 (7700975.000.000) 11/09 00:47:41 Image size of job updated: 1424040
	1335  -  MemoryUsage of job (MB)
	1366232  -  ResidentSetSize of job (KB)
...
006 (7700975.000.000) 11/09 00:52:42 Image size of job updated: 1428748
	1335  -  MemoryUsage of job (MB)
	1366232  -  ResidentSetSize of job (KB)
...
006 (7700975.000.000) 11/09 00:57:42 Image size of job updated: 1433036
	1342  -  MemoryUsage of job (MB)
	1373800  -  ResidentSetSize of job (KB)
...
006 (7700975.000.000) 11/09 01:02:42 Image size of job updated: 1440580
	1348  -  MemoryUsage of job (MB)
	1379944  -  ResidentSetSize of job (KB)
...
006 (7700975.000.000) 11/09 01:12:44 Image size of job updated: 1464576
	1348  -  MemoryUsage of job (MB)
	1379944  -  ResidentSetSize of job (KB)
...
006 (7700975.000.000) 11/09 01:17:44 Image size of job updated: 1467188
	1348  -  MemoryUsage of job (MB)
	1379944  -  ResidentSetSize of job (KB)
...
006 (7700975.000.000) 11/09 01:27:46 Image size of job updated: 1470364
	1378  -  MemoryUsage of job (MB)
	1410088  -  ResidentSetSize of job (KB)
...
006 (7700975.000.000) 11/09 01:32:46 Image size of job updated: 1470364
	1384  -  MemoryUsage of job (MB)
	1416232  -  ResidentSetSize of job (KB)
...
006 (7700975.000.000) 11/09 01:37:46 Image size of job updated: 1494768
	1384  -  MemoryUsage of job (MB)
	1416232  -  ResidentSetSize of job (KB)
...
006 (7700975.000.000) 11/09 01:42:47 Image size of job updated: 1497576
	1384  -  MemoryUsage of job (MB)
	1416232  -  ResidentSetSize of job (KB)
...
006 (7700975.000.000) 11/09 02:07:49 Image size of job updated: 1512300
	1384  -  MemoryUsage of job (MB)
	1416232  -  ResidentSetSize of job (KB)
...
006 (7700975.000.000) 11/09 02:12:51 Image size of job updated: 1517656
	1384  -  MemoryUsage of job (MB)
	1416232  -  ResidentSetSize of job (KB)
...
006 (7700975.000.000) 11/09 02:27:52 Image size of job updated: 1519148
	1420  -  MemoryUsage of job (MB)
	1453380  -  ResidentSetSize of job (KB)
...
006 (7700975.000.000) 11/09 02:32:53 Image size of job updated: 1523124
	1426  -  MemoryUsage of job (MB)
	1459524  -  ResidentSetSize of job (KB)
...
006 (7700975.000.000) 11/09 02:37:53 Image size of job updated: 1528620
	1426  -  MemoryUsage of job (MB)
	1459524  -  ResidentSetSize of job (KB)
...
006 (7700975.000.000) 11/09 02:42:53 Image size of job updated: 1534880
	1426  -  MemoryUsage of job (MB)
	1459524  -  ResidentSetSize of job (KB)
...
006 (7700975.000.000) 11/09 02:47:54 Image size of job updated: 1542680
	1426  -  MemoryUsage of job (MB)
	1459524  -  ResidentSetSize of job (KB)
...
006 (7700975.000.000) 11/09 02:52:55 Image size of job updated: 1560072
	1481  -  MemoryUsage of job (MB)
	1515896  -  ResidentSetSize of job (KB)
...
006 (7700975.000.000) 11/09 02:57:55 Image size of job updated: 1577540
	1487  -  MemoryUsage of job (MB)
	1522040  -  ResidentSetSize of job (KB)
...
006 (7700975.000.000) 11/09 03:02:55 Image size of job updated: 1579588
	1487  -  MemoryUsage of job (MB)
	1522040  -  ResidentSetSize of job (KB)
...
006 (7700975.000.000) 11/09 03:12:56 Image size of job updated: 1579588
	1495  -  MemoryUsage of job (MB)
	1530244  -  ResidentSetSize of job (KB)
...
006 (7700975.000.000) 11/09 03:17:56 Image size of job updated: 1582296
	1501  -  MemoryUsage of job (MB)
	1536388  -  ResidentSetSize of job (KB)
...
006 (7700975.000.000) 11/09 03:22:58 Image size of job updated: 1598704
	1501  -  MemoryUsage of job (MB)
	1536388  -  ResidentSetSize of job (KB)
...
006 (7700975.000.000) 11/09 03:32:58 Image size of job updated: 1601328
	1553  -  MemoryUsage of job (MB)
	1589588  -  ResidentSetSize of job (KB)
...
006 (7700975.000.000) 11/09 03:37:59 Image size of job updated: 1608596
	1557  -  MemoryUsage of job (MB)
	1593684  -  ResidentSetSize of job (KB)
...
006 (7700975.000.000) 11/09 03:42:59 Image size of job updated: 1612408
	1557  -  MemoryUsage of job (MB)
	1593684  -  ResidentSetSize of job (KB)
...
006 (7700975.000.000) 11/09 03:47:59 Image size of job updated: 1612680
	1557  -  MemoryUsage of job (MB)
	1593684  -  ResidentSetSize of job (KB)
...
006 (7700975.000.000) 11/09 03:58:01 Image size of job updated: 1624428
	1557  -  MemoryUsage of job (MB)
	1593684  -  ResidentSetSize of job (KB)
...
006 (7700975.000.000) 11/09 04:03:01 Image size of job updated: 1624624
	1557  -  MemoryUsage of job (MB)
	1593684  -  ResidentSetSize of job (KB)
...
006 (7700975.000.000) 11/09 04:08:02 Image size of job updated: 1628168
	1557  -  MemoryUsage of job (MB)
	1593684  -  ResidentSetSize of job (KB)
...
006 (7700975.000.000) 11/09 04:13:03 Image size of job updated: 1640688
	1557  -  MemoryUsage of job (MB)
	1593684  -  ResidentSetSize of job (KB)
...
006 (7700975.000.000) 11/09 04:18:03 Image size of job updated: 1641236
	1557  -  MemoryUsage of job (MB)
	1593684  -  ResidentSetSize of job (KB)
...
006 (7700975.000.000) 11/09 04:28:04 Image size of job updated: 1648508
	1557  -  MemoryUsage of job (MB)
	1593684  -  ResidentSetSize of job (KB)
...
006 (7700975.000.000) 11/09 04:33:24 Image size of job updated: 3346220
	1557  -  MemoryUsage of job (MB)
	1593684  -  ResidentSetSize of job (KB)
...
040 (7700975.000.000) 11/09 04:33:25 Started transferring output files
...
040 (7700975.000.000) 11/09 04:33:25 Finished transferring output files
...
005 (7700975.000.000) 11/09 04:33:25 Job terminated.
	(1) Normal termination (return value 0)
		Usr 0 07:32:37, Sys 0 08:15:18  -  Run Remote Usage
		Usr 0 00:00:00, Sys 0 00:00:00  -  Run Local Usage
		Usr 0 07:32:37, Sys 0 08:15:18  -  Total Remote Usage
		Usr 0 00:00:00, Sys 0 00:00:00  -  Total Local Usage
	4807  -  Run Bytes Sent By Job
	10929  -  Run Bytes Received By Job
	4807  -  Total Bytes Sent By Job
	10929  -  Total Bytes Received By Job
	Partitionable Resources :    Usage  Request Allocated 
	   Cpus                 :     0.99        1         1 
	   Disk (KB)            :    38          12   2893645 
	   Memory (MB)          :  1557        2000      2000 

	Job terminated of its own accord at 2024-11-09T03:33:24Z with exit-code 0.
...
000 (7733440.000.000) 11/15 04:35:30 Job submitted from host: <137.138.55.115:9618?addrs=137.138.55.115-9618+[2001-1458-d00-17--12a]-9618&alias=bigbird23.cern.ch&noUDP&sock=schedd_4975_03c1>
...
040 (7733440.000.000) 11/15 05:15:13 Started transferring input files
	Transferring to host: <188.184.185.58:9618?addrs=188.184.185.58-9618+[2001-1458-301-52--100-39]-9618&alias=b9g37p0680.cern.ch&noUDP&sock=slot1_10_5487_d678_11103>
...
040 (7733440.000.000) 11/15 05:15:13 Finished transferring input files
...
001 (7733440.000.000) 11/15 05:15:14 Job executing on host: <188.184.185.58:9618?addrs=188.184.185.58-9618+[2001-1458-301-52--100-39]-9618&alias=b9g37p0680.cern.ch&noUDP&sock=startd_4429_810b>
	SlotName: slot1_10@b9g37p0680.cern.ch
	CondorScratchDir = "/pool/condor/dir_643299"
	Cpus = 1
	Disk = 3796
	GPUs = 0
	Memory = 2000
...
006 (7733440.000.000) 11/15 05:15:22 Image size of job updated: 413980
	405  -  MemoryUsage of job (MB)
	413980  -  ResidentSetSize of job (KB)
...
006 (7733440.000.000) 11/15 05:20:22 Image size of job updated: 661672
	647  -  MemoryUsage of job (MB)
	661672  -  ResidentSetSize of job (KB)
...
006 (7733440.000.000) 11/15 05:25:23 Image size of job updated: 718520
	702  -  MemoryUsage of job (MB)
	718520  -  ResidentSetSize of job (KB)
...
006 (7733440.000.000) 11/15 05:39:59 Image size of job updated: 814080
	795  -  MemoryUsage of job (MB)
	814080  -  ResidentSetSize of job (KB)
...
022 (7733440.000.000) 11/15 05:54:33 Job disconnected, attempting to reconnect
    Socket between submit and execute hosts closed unexpectedly
    Trying to reconnect to slot1_10@b9g37p0680.cern.ch <188.184.185.58:9618?addrs=188.184.185.58-9618+[2001-1458-301-52--100-39]-9618&alias=b9g37p0680.cern.ch&noUDP&sock=startd_4429_810b>
...
023 (7733440.000.000) 11/15 05:54:33 Job reconnected to slot1_10@b9g37p0680.cern.ch
    startd address: <188.184.185.58:9618?addrs=188.184.185.58-9618+[2001-1458-301-52--100-39]-9618&alias=b9g37p0680.cern.ch&noUDP&sock=startd_4429_810b>
    starter address: <188.184.185.58:9618?addrs=188.184.185.58-9618+[2001-1458-301-52--100-39]-9618&alias=b9g37p0680.cern.ch&noUDP&sock=slot1_10_5487_d678_11103>
...
006 (7733440.000.000) 11/15 06:11:11 Image size of job updated: 814080
	845  -  MemoryUsage of job (MB)
	864276  -  ResidentSetSize of job (KB)
...
040 (7733440.000.000) 11/15 08:18:56 Entered queue to transfer input files
	Transferring to host: <188.185.193.76:9618?addrs=188.185.193.76-9618+[2001-1458-303-20--100-48]-9618&alias=b9p19p5184.cern.ch&noUDP&sock=slot1_5_2701473_dd78_10758>
...
040 (7733440.000.000) 11/15 08:32:28 Started transferring input files
	Seconds spent in queue: 812
...
040 (7733440.000.000) 11/15 08:32:28 Finished transferring input files
...
001 (7733440.000.000) 11/15 08:32:29 Job executing on host: <188.185.193.76:9618?addrs=188.185.193.76-9618+[2001-1458-303-20--100-48]-9618&alias=b9p19p5184.cern.ch&noUDP&sock=startd_164447_8ad8>
	SlotName: slot1_5@b9p19p5184.cern.ch
	CondorScratchDir = "/pool/condor/dir_4000755"
	Cpus = 1
	Disk = 2864824
	Memory = 2000
...
006 (7733440.000.000) 11/15 12:43:19 Image size of job updated: 1003824
	977  -  MemoryUsage of job (MB)
	1000000  -  ResidentSetSize of job (KB)
...
006 (7733440.000.000) 11/15 12:48:19 Image size of job updated: 1013260
	977  -  MemoryUsage of job (MB)
	1000000  -  ResidentSetSize of job (KB)
...
006 (7733440.000.000) 11/15 12:53:20 Image size of job updated: 1016404
	977  -  MemoryUsage of job (MB)
	1000000  -  ResidentSetSize of job (KB)
...
006 (7733440.000.000) 11/15 12:58:21 Image size of job updated: 1032400
	977  -  MemoryUsage of job (MB)
	1000000  -  ResidentSetSize of job (KB)
...
006 (7733440.000.000) 11/15 13:03:21 Image size of job updated: 1033024
	977  -  MemoryUsage of job (MB)
	1000000  -  ResidentSetSize of job (KB)
...
006 (7733440.000.000) 11/15 13:08:22 Image size of job updated: 1043776
	977  -  MemoryUsage of job (MB)
	1000000  -  ResidentSetSize of job (KB)
...
006 (7733440.000.000) 11/15 13:13:23 Image size of job updated: 1079032
	977  -  MemoryUsage of job (MB)
	1000000  -  ResidentSetSize of job (KB)
...
006 (7733440.000.000) 11/15 13:28:25 Image size of job updated: 1079344
	977  -  MemoryUsage of job (MB)
	1000000  -  ResidentSetSize of job (KB)
...
006 (7733440.000.000) 11/15 13:38:26 Image size of job updated: 1079344
	996  -  MemoryUsage of job (MB)
	1019872  -  ResidentSetSize of job (KB)
...
006 (7733440.000.000) 11/15 13:43:27 Image size of job updated: 1082284
	1002  -  MemoryUsage of job (MB)
	1026016  -  ResidentSetSize of job (KB)
...
006 (7733440.000.000) 11/15 13:48:27 Image size of job updated: 1084732
	1002  -  MemoryUsage of job (MB)
	1026016  -  ResidentSetSize of job (KB)
...
006 (7733440.000.000) 11/15 13:53:27 Image size of job updated: 1092548
	1002  -  MemoryUsage of job (MB)
	1026016  -  ResidentSetSize of job (KB)
...
006 (7733440.000.000) 11/15 13:58:28 Image size of job updated: 1106720
	1002  -  MemoryUsage of job (MB)
	1026016  -  ResidentSetSize of job (KB)
...
006 (7733440.000.000) 11/15 14:03:28 Image size of job updated: 1111920
	1002  -  MemoryUsage of job (MB)
	1026016  -  ResidentSetSize of job (KB)
...
006 (7733440.000.000) 11/15 14:08:28 Image size of job updated: 1123920
	1078  -  MemoryUsage of job (MB)
	1103516  -  ResidentSetSize of job (KB)
...
006 (7733440.000.000) 11/15 14:13:29 Image size of job updated: 1186372
	1082  -  MemoryUsage of job (MB)
	1107868  -  ResidentSetSize of job (KB)
...
006 (7733440.000.000) 11/15 14:18:30 Image size of job updated: 1186432
	1082  -  MemoryUsage of job (MB)
	1107868  -  ResidentSetSize of job (KB)
...
006 (7733440.000.000) 11/15 14:38:32 Image size of job updated: 1186432
	1085  -  MemoryUsage of job (MB)
	1110804  -  ResidentSetSize of job (KB)
...
006 (7733440.000.000) 11/15 14:43:32 Image size of job updated: 1186432
	1089  -  MemoryUsage of job (MB)
	1114900  -  ResidentSetSize of job (KB)
...
006 (7733440.000.000) 11/15 14:58:33 Image size of job updated: 1198272
	1160  -  MemoryUsage of job (MB)
	1187144  -  ResidentSetSize of job (KB)
...
006 (7733440.000.000) 11/15 15:03:34 Image size of job updated: 1209960
	1160  -  MemoryUsage of job (MB)
	1187144  -  ResidentSetSize of job (KB)
...
006 (7733440.000.000) 11/15 15:08:35 Image size of job updated: 1209960
	1176  -  MemoryUsage of job (MB)
	1203380  -  ResidentSetSize of job (KB)
...
006 (7733440.000.000) 11/15 15:18:36 Image size of job updated: 1218424
	1176  -  MemoryUsage of job (MB)
	1203380  -  ResidentSetSize of job (KB)
...
006 (7733440.000.000) 11/15 15:23:37 Image size of job updated: 1224672
	1176  -  MemoryUsage of job (MB)
	1203380  -  ResidentSetSize of job (KB)
...
006 (7733440.000.000) 11/15 15:28:37 Image size of job updated: 1231648
	1176  -  MemoryUsage of job (MB)
	1203380  -  ResidentSetSize of job (KB)
...
006 (7733440.000.000) 11/15 15:33:37 Image size of job updated: 1238164
	1176  -  MemoryUsage of job (MB)
	1203380  -  ResidentSetSize of job (KB)
...
006 (7733440.000.000) 11/15 15:38:38 Image size of job updated: 1254180
	1176  -  MemoryUsage of job (MB)
	1203380  -  ResidentSetSize of job (KB)
...
006 (7733440.000.000) 11/15 15:43:38 Image size of job updated: 1265748
	1176  -  MemoryUsage of job (MB)
	1203380  -  ResidentSetSize of job (KB)
...
006 (7733440.000.000) 11/15 15:48:38 Image size of job updated: 1266272
	1176  -  MemoryUsage of job (MB)
	1203380  -  ResidentSetSize of job (KB)
...
006 (7733440.000.000) 11/15 15:53:39 Image size of job updated: 1300860
	1176  -  MemoryUsage of job (MB)
	1203380  -  ResidentSetSize of job (KB)
...
006 (7733440.000.000) 11/15 16:28:43 Image size of job updated: 1302972
	1176  -  MemoryUsage of job (MB)
	1203380  -  ResidentSetSize of job (KB)
...
006 (7733440.000.000) 11/15 16:33:43 Image size of job updated: 1314820
	1176  -  MemoryUsage of job (MB)
	1203380  -  ResidentSetSize of job (KB)
...
006 (7733440.000.000) 11/15 16:43:45 Image size of job updated: 1321920
	1231  -  MemoryUsage of job (MB)
	1260140  -  ResidentSetSize of job (KB)
...
006 (7733440.000.000) 11/15 16:48:45 Image size of job updated: 1364764
	1231  -  MemoryUsage of job (MB)
	1260140  -  ResidentSetSize of job (KB)
...
006 (7733440.000.000) 11/15 16:58:47 Image size of job updated: 1368632
	1231  -  MemoryUsage of job (MB)
	1260140  -  ResidentSetSize of job (KB)
...
006 (7733440.000.000) 11/15 17:03:47 Image size of job updated: 1369208
	1231  -  MemoryUsage of job (MB)
	1260140  -  ResidentSetSize of job (KB)
...
006 (7733440.000.000) 11/15 17:18:48 Image size of job updated: 1385860
	1231  -  MemoryUsage of job (MB)
	1260140  -  ResidentSetSize of job (KB)
...
006 (7733440.000.000) 11/15 17:23:48 Image size of job updated: 1385860
	1236  -  MemoryUsage of job (MB)
	1264672  -  ResidentSetSize of job (KB)
...
006 (7733440.000.000) 11/15 17:28:49 Image size of job updated: 1389868
	1240  -  MemoryUsage of job (MB)
	1268768  -  ResidentSetSize of job (KB)
...
006 (7733440.000.000) 11/15 17:48:52 Image size of job updated: 1413636
	1240  -  MemoryUsage of job (MB)
	1268768  -  ResidentSetSize of job (KB)
...
006 (7733440.000.000) 11/15 17:53:52 Image size of job updated: 1413636
	1310  -  MemoryUsage of job (MB)
	1341224  -  ResidentSetSize of job (KB)
...
006 (7733440.000.000) 11/15 17:58:53 Image size of job updated: 1413636
	1334  -  MemoryUsage of job (MB)
	1365832  -  ResidentSetSize of job (KB)
...
006 (7733440.000.000) 11/15 18:08:54 Image size of job updated: 1425952
	1334  -  MemoryUsage of job (MB)
	1365832  -  ResidentSetSize of job (KB)
...
006 (7733440.000.000) 11/15 18:23:55 Image size of job updated: 1425952
	1379  -  MemoryUsage of job (MB)
	1411100  -  ResidentSetSize of job (KB)
...
006 (7733440.000.000) 11/15 18:28:55 Image size of job updated: 1431552
	1387  -  MemoryUsage of job (MB)
	1419292  -  ResidentSetSize of job (KB)
...
006 (7733440.000.000) 11/15 18:33:56 Image size of job updated: 1436148
	1387  -  MemoryUsage of job (MB)
	1419292  -  ResidentSetSize of job (KB)
...
006 (7733440.000.000) 11/15 18:38:56 Image size of job updated: 1448348
	1387  -  MemoryUsage of job (MB)
	1419292  -  ResidentSetSize of job (KB)
...
006 (7733440.000.000) 11/15 18:43:56 Image size of job updated: 1448980
	1387  -  MemoryUsage of job (MB)
	1419292  -  ResidentSetSize of job (KB)
...
006 (7733440.000.000) 11/15 18:48:57 Image size of job updated: 1450068
	1387  -  MemoryUsage of job (MB)
	1419292  -  ResidentSetSize of job (KB)
...
006 (7733440.000.000) 11/15 18:53:58 Image size of job updated: 1467584
	1419  -  MemoryUsage of job (MB)
	1452664  -  ResidentSetSize of job (KB)
...
006 (7733440.000.000) 11/15 18:58:58 Image size of job updated: 1467584
	1421  -  MemoryUsage of job (MB)
	1454968  -  ResidentSetSize of job (KB)
...
006 (7733440.000.000) 11/15 19:09:00 Image size of job updated: 1469536
	1423  -  MemoryUsage of job (MB)
	1456616  -  ResidentSetSize of job (KB)
...
006 (7733440.000.000) 11/15 19:14:00 Image size of job updated: 1470080
	1423  -  MemoryUsage of job (MB)
	1456616  -  ResidentSetSize of job (KB)
...
006 (7733440.000.000) 11/15 19:19:01 Image size of job updated: 1474144
	1423  -  MemoryUsage of job (MB)
	1456616  -  ResidentSetSize of job (KB)
...
006 (7733440.000.000) 11/15 19:24:02 Image size of job updated: 1489988
	1423  -  MemoryUsage of job (MB)
	1456616  -  ResidentSetSize of job (KB)
...
006 (7733440.000.000) 11/15 19:54:04 Image size of job updated: 1493848
	1423  -  MemoryUsage of job (MB)
	1456616  -  ResidentSetSize of job (KB)
...
006 (7733440.000.000) 11/15 20:09:05 Image size of job updated: 1496276
	1423  -  MemoryUsage of job (MB)
	1456616  -  ResidentSetSize of job (KB)
...
006 (7733440.000.000) 11/15 20:19:06 Image size of job updated: 1535580
	1423  -  MemoryUsage of job (MB)
	1456616  -  ResidentSetSize of job (KB)
...
006 (7733440.000.000) 11/15 20:24:07 Image size of job updated: 1535596
	1423  -  MemoryUsage of job (MB)
	1456616  -  ResidentSetSize of job (KB)
...
006 (7733440.000.000) 11/15 20:39:08 Image size of job updated: 1535596
	1430  -  MemoryUsage of job (MB)
	1463684  -  ResidentSetSize of job (KB)
...
006 (7733440.000.000) 11/15 20:54:09 Image size of job updated: 1535596
	1442  -  MemoryUsage of job (MB)
	1476340  -  ResidentSetSize of job (KB)
...
006 (7733440.000.000) 11/15 20:59:10 Image size of job updated: 1539956
	1486  -  MemoryUsage of job (MB)
	1521396  -  ResidentSetSize of job (KB)
...
006 (7733440.000.000) 11/15 21:04:10 Image size of job updated: 1544464
	1486  -  MemoryUsage of job (MB)
	1521396  -  ResidentSetSize of job (KB)
...
006 (7733440.000.000) 11/15 21:09:10 Image size of job updated: 1544464
	1508  -  MemoryUsage of job (MB)
	1543220  -  ResidentSetSize of job (KB)
...
006 (7733440.000.000) 11/15 21:14:11 Image size of job updated: 1545132
	1508  -  MemoryUsage of job (MB)
	1543220  -  ResidentSetSize of job (KB)
...
006 (7733440.000.000) 11/15 21:19:11 Image size of job updated: 1550520
	1508  -  MemoryUsage of job (MB)
	1543220  -  ResidentSetSize of job (KB)
...
006 (7733440.000.000) 11/15 21:24:11 Image size of job updated: 1560072
	1508  -  MemoryUsage of job (MB)
	1543220  -  ResidentSetSize of job (KB)
...
006 (7733440.000.000) 11/15 21:29:12 Image size of job updated: 1582904
	1508  -  MemoryUsage of job (MB)
	1543220  -  ResidentSetSize of job (KB)
...
006 (7733440.000.000) 11/15 21:59:15 Image size of job updated: 1583584
	1508  -  MemoryUsage of job (MB)
	1543220  -  ResidentSetSize of job (KB)
...
006 (7733440.000.000) 11/15 22:04:16 Image size of job updated: 1589236
	1508  -  MemoryUsage of job (MB)
	1543220  -  ResidentSetSize of job (KB)
...
006 (7733440.000.000) 11/15 22:09:16 Image size of job updated: 1592112
	1508  -  MemoryUsage of job (MB)
	1543220  -  ResidentSetSize of job (KB)
...
006 (7733440.000.000) 11/15 22:14:16 Image size of job updated: 1596064
	1508  -  MemoryUsage of job (MB)
	1543220  -  ResidentSetSize of job (KB)
...
006 (7733440.000.000) 11/15 22:19:17 Image size of job updated: 1600024
	1528  -  MemoryUsage of job (MB)
	1563816  -  ResidentSetSize of job (KB)
...
006 (7733440.000.000) 11/15 22:24:17 Image size of job updated: 1705444
	1534  -  MemoryUsage of job (MB)
	1569960  -  ResidentSetSize of job (KB)
...
006 (7733440.000.000) 11/15 22:29:17 Image size of job updated: 1707184
	1534  -  MemoryUsage of job (MB)
	1569960  -  ResidentSetSize of job (KB)
...
006 (7733440.000.000) 11/15 23:04:21 Image size of job updated: 1707184
	1551  -  MemoryUsage of job (MB)
	1588076  -  ResidentSetSize of job (KB)
...
006 (7733440.000.000) 11/15 23:09:22 Image size of job updated: 1707184
	1584  -  MemoryUsage of job (MB)
	1621204  -  ResidentSetSize of job (KB)
...
006 (7733440.000.000) 11/15 23:14:22 Image size of job updated: 1707184
	1588  -  MemoryUsage of job (MB)
	1625300  -  ResidentSetSize of job (KB)
...
006 (7733440.000.000) 11/16 00:19:28 Image size of job updated: 1707184
	1593  -  MemoryUsage of job (MB)
	1630672  -  ResidentSetSize of job (KB)
...
006 (7733440.000.000) 11/16 00:24:28 Image size of job updated: 1710500
	1599  -  MemoryUsage of job (MB)
	1637072  -  ResidentSetSize of job (KB)
...
006 (7733440.000.000) 11/16 00:34:29 Image size of job updated: 1714152
	1599  -  MemoryUsage of job (MB)
	1637072  -  ResidentSetSize of job (KB)
...
006 (7733440.000.000) 11/16 00:39:29 Image size of job updated: 1715820
	1599  -  MemoryUsage of job (MB)
	1637072  -  ResidentSetSize of job (KB)
...
006 (7733440.000.000) 11/16 00:44:30 Image size of job updated: 1726864
	1599  -  MemoryUsage of job (MB)
	1637072  -  ResidentSetSize of job (KB)
...
006 (7733440.000.000) 11/16 00:54:31 Image size of job updated: 1731696
	1650  -  MemoryUsage of job (MB)
	1688648  -  ResidentSetSize of job (KB)
...
006 (7733440.000.000) 11/16 00:59:32 Image size of job updated: 1750844
	1651  -  MemoryUsage of job (MB)
	1689928  -  ResidentSetSize of job (KB)
...
006 (7733440.000.000) 11/16 01:39:36 Image size of job updated: 1753284
	1695  -  MemoryUsage of job (MB)
	1735528  -  ResidentSetSize of job (KB)
...
006 (7733440.000.000) 11/16 01:44:36 Image size of job updated: 1760940
	1695  -  MemoryUsage of job (MB)
	1735528  -  ResidentSetSize of job (KB)
...
006 (7733440.000.000) 11/16 01:49:37 Image size of job updated: 1765164
	1695  -  MemoryUsage of job (MB)
	1735528  -  ResidentSetSize of job (KB)
...
006 (7733440.000.000) 11/16 01:54:37 Image size of job updated: 1768472
	1695  -  MemoryUsage of job (MB)
	1735528  -  ResidentSetSize of job (KB)
...
006 (7733440.000.000) 11/16 01:59:37 Image size of job updated: 1769096
	1695  -  MemoryUsage of job (MB)
	1735528  -  ResidentSetSize of job (KB)
...
006 (7733440.000.000) 11/16 02:04:38 Image size of job updated: 1769744
	1695  -  MemoryUsage of job (MB)
	1735528  -  ResidentSetSize of job (KB)
...
006 (7733440.000.000) 11/16 02:09:39 Image size of job updated: 1777252
	1695  -  MemoryUsage of job (MB)
	1735528  -  ResidentSetSize of job (KB)
...
006 (7733440.000.000) 11/16 02:14:39 Image size of job updated: 1779788
	1695  -  MemoryUsage of job (MB)
	1735528  -  ResidentSetSize of job (KB)
...
006 (7733440.000.000) 11/16 02:19:40 Image size of job updated: 1786100
	1695  -  MemoryUsage of job (MB)
	1735528  -  ResidentSetSize of job (KB)
...
006 (7733440.000.000) 11/16 02:29:41 Image size of job updated: 1788680
	1695  -  MemoryUsage of job (MB)
	1735528  -  ResidentSetSize of job (KB)
...
006 (7733440.000.000) 11/16 02:34:42 Image size of job updated: 1791308
	1695  -  MemoryUsage of job (MB)
	1735528  -  ResidentSetSize of job (KB)
...
006 (7733440.000.000) 11/16 02:39:43 Image size of job updated: 1794332
	1695  -  MemoryUsage of job (MB)
	1735528  -  ResidentSetSize of job (KB)
...
006 (7733440.000.000) 11/16 02:44:43 Image size of job updated: 1797452
	1695  -  MemoryUsage of job (MB)
	1735528  -  ResidentSetSize of job (KB)
...
006 (7733440.000.000) 11/16 02:49:43 Image size of job updated: 1801508
	1695  -  MemoryUsage of job (MB)
	1735528  -  ResidentSetSize of job (KB)
...
006 (7733440.000.000) 11/16 02:54:44 Image size of job updated: 1803484
	1695  -  MemoryUsage of job (MB)
	1735528  -  ResidentSetSize of job (KB)
...
006 (7733440.000.000) 11/16 02:59:44 Image size of job updated: 1807012
	1695  -  MemoryUsage of job (MB)
	1735528  -  ResidentSetSize of job (KB)
...
006 (7733440.000.000) 11/16 03:04:44 Image size of job updated: 1810688
	1695  -  MemoryUsage of job (MB)
	1735528  -  ResidentSetSize of job (KB)
...
006 (7733440.000.000) 11/16 03:09:45 Image size of job updated: 1814044
	1695  -  MemoryUsage of job (MB)
	1735528  -  ResidentSetSize of job (KB)
...
006 (7733440.000.000) 11/16 03:14:46 Image size of job updated: 1816104
	1695  -  MemoryUsage of job (MB)
	1735528  -  ResidentSetSize of job (KB)
...
006 (7733440.000.000) 11/16 03:19:46 Image size of job updated: 1818116
	1695  -  MemoryUsage of job (MB)
	1735528  -  ResidentSetSize of job (KB)
...
006 (7733440.000.000) 11/16 03:24:47 Image size of job updated: 1821800
	1695  -  MemoryUsage of job (MB)
	1735528  -  ResidentSetSize of job (KB)
...
006 (7733440.000.000) 11/16 03:29:48 Image size of job updated: 1822948
	1695  -  MemoryUsage of job (MB)
	1735528  -  ResidentSetSize of job (KB)
...
006 (7733440.000.000) 11/16 03:34:48 Image size of job updated: 1823660
	1695  -  MemoryUsage of job (MB)
	1735528  -  ResidentSetSize of job (KB)
...
006 (7733440.000.000) 11/16 03:39:49 Image size of job updated: 1824992
	1695  -  MemoryUsage of job (MB)
	1735528  -  ResidentSetSize of job (KB)
...
006 (7733440.000.000) 11/16 03:44:50 Image size of job updated: 1827088
	1695  -  MemoryUsage of job (MB)
	1735528  -  ResidentSetSize of job (KB)
...
006 (7733440.000.000) 11/16 03:49:50 Image size of job updated: 1847396
	1695  -  MemoryUsage of job (MB)
	1735528  -  ResidentSetSize of job (KB)
...
006 (7733440.000.000) 11/16 03:54:50 Image size of job updated: 1847456
	1695  -  MemoryUsage of job (MB)
	1735528  -  ResidentSetSize of job (KB)
...
006 (7733440.000.000) 11/16 03:59:51 Image size of job updated: 1847456
	1789  -  MemoryUsage of job (MB)
	1831816  -  ResidentSetSize of job (KB)
...
006 (7733440.000.000) 11/16 04:14:52 Image size of job updated: 1856204
	1789  -  MemoryUsage of job (MB)
	1831816  -  ResidentSetSize of job (KB)
...
006 (7733440.000.000) 11/16 04:24:53 Image size of job updated: 1857096
	1789  -  MemoryUsage of job (MB)
	1831816  -  ResidentSetSize of job (KB)
...
006 (7733440.000.000) 11/16 04:44:56 Image size of job updated: 1877904
	1789  -  MemoryUsage of job (MB)
	1831816  -  ResidentSetSize of job (KB)
...
006 (7733440.000.000) 11/16 05:09:59 Image size of job updated: 1900744
	1789  -  MemoryUsage of job (MB)
	1831816  -  ResidentSetSize of job (KB)
...
006 (7733440.000.000) 11/16 05:25:01 Image size of job updated: 1901244
	1789  -  MemoryUsage of job (MB)
	1831816  -  ResidentSetSize of job (KB)
...
006 (7733440.000.000) 11/16 05:30:01 Image size of job updated: 1904352
	1789  -  MemoryUsage of job (MB)
	1831816  -  ResidentSetSize of job (KB)
...
006 (7733440.000.000) 11/16 05:35:02 Image size of job updated: 1905832
	1789  -  MemoryUsage of job (MB)
	1831816  -  ResidentSetSize of job (KB)
...
006 (7733440.000.000) 11/16 05:40:03 Image size of job updated: 1906288
	1789  -  MemoryUsage of job (MB)
	1831816  -  ResidentSetSize of job (KB)
...
006 (7733440.000.000) 11/16 05:45:03 Image size of job updated: 1906808
	1789  -  MemoryUsage of job (MB)
	1831816  -  ResidentSetSize of job (KB)
...
006 (7733440.000.000) 11/16 05:50:03 Image size of job updated: 1910392
	1789  -  MemoryUsage of job (MB)
	1831816  -  ResidentSetSize of job (KB)
...
006 (7733440.000.000) 11/16 05:55:04 Image size of job updated: 1914348
	1834  -  MemoryUsage of job (MB)
	1877376  -  ResidentSetSize of job (KB)
...
006 (7733440.000.000) 11/16 06:00:04 Image size of job updated: 1920612
	1842  -  MemoryUsage of job (MB)
	1885568  -  ResidentSetSize of job (KB)
...
006 (7733440.000.000) 11/16 06:05:04 Image size of job updated: 1922004
	1842  -  MemoryUsage of job (MB)
	1885568  -  ResidentSetSize of job (KB)
...
006 (7733440.000.000) 11/16 06:10:05 Image size of job updated: 1928924
	1842  -  MemoryUsage of job (MB)
	1885568  -  ResidentSetSize of job (KB)
...
006 (7733440.000.000) 11/16 06:15:06 Image size of job updated: 1959312
	1842  -  MemoryUsage of job (MB)
	1885568  -  ResidentSetSize of job (KB)
...
006 (7733440.000.000) 11/16 06:20:06 Image size of job updated: 1960532
	1842  -  MemoryUsage of job (MB)
	1885568  -  ResidentSetSize of job (KB)
...
006 (7733440.000.000) 11/16 06:25:07 Image size of job updated: 1967788
	1842  -  MemoryUsage of job (MB)
	1885568  -  ResidentSetSize of job (KB)
...
006 (7733440.000.000) 11/16 06:30:08 Image size of job updated: 1971144
	1842  -  MemoryUsage of job (MB)
	1885568  -  ResidentSetSize of job (KB)
...
006 (7733440.000.000) 11/16 06:50:09 Image size of job updated: 1978112
	1842  -  MemoryUsage of job (MB)
	1885568  -  ResidentSetSize of job (KB)
...
006 (7733440.000.000) 11/16 06:55:09 Image size of job updated: 1982368
	1842  -  MemoryUsage of job (MB)
	1885568  -  ResidentSetSize of job (KB)
...
006 (7733440.000.000) 11/16 07:00:09 Image size of job updated: 1990124
	1934  -  MemoryUsage of job (MB)
	1979808  -  ResidentSetSize of job (KB)
...
006 (7733440.000.000) 11/16 07:05:10 Image size of job updated: 1994300
	1934  -  MemoryUsage of job (MB)
	1979808  -  ResidentSetSize of job (KB)
...
006 (7733440.000.000) 11/16 07:20:11 Image size of job updated: 1996776
	1934  -  MemoryUsage of job (MB)
	1979808  -  ResidentSetSize of job (KB)
...
006 (7733440.000.000) 11/16 07:25:12 Image size of job updated: 1998688
	1934  -  MemoryUsage of job (MB)
	1979808  -  ResidentSetSize of job (KB)
...
006 (7733440.000.000) 11/16 07:30:12 Image size of job updated: 2001768
	1934  -  MemoryUsage of job (MB)
	1979808  -  ResidentSetSize of job (KB)
...
006 (7733440.000.000) 11/16 07:35:13 Image size of job updated: 2055740
	1934  -  MemoryUsage of job (MB)
	1979808  -  ResidentSetSize of job (KB)
...
006 (7733440.000.000) 11/16 07:40:14 Image size of job updated: 2056308
	1934  -  MemoryUsage of job (MB)
	1979808  -  ResidentSetSize of job (KB)
...
006 (7733440.000.000) 11/16 07:45:14 Image size of job updated: 2056308
	1941  -  MemoryUsage of job (MB)
	1987440  -  ResidentSetSize of job (KB)
...
006 (7733440.000.000) 11/16 08:10:17 Image size of job updated: 2056308
	1965  -  MemoryUsage of job (MB)
	2011868  -  ResidentSetSize of job (KB)
...
006 (7733440.000.000) 11/16 08:15:17 Image size of job updated: 2056308
	1968  -  MemoryUsage of job (MB)
	2014424  -  ResidentSetSize of job (KB)
...
006 (7733440.000.000) 11/16 09:15:24 Image size of job updated: 2064348
	1968  -  MemoryUsage of job (MB)
	2014424  -  ResidentSetSize of job (KB)
...
006 (7733440.000.000) 11/16 09:25:24 Image size of job updated: 2066656
	1968  -  MemoryUsage of job (MB)
	2014424  -  ResidentSetSize of job (KB)
...
006 (7733440.000.000) 11/16 09:30:25 Image size of job updated: 2069704
	1968  -  MemoryUsage of job (MB)
	2014424  -  ResidentSetSize of job (KB)
...
006 (7733440.000.000) 11/16 09:35:25 Image size of job updated: 2069980
	1968  -  MemoryUsage of job (MB)
	2014424  -  ResidentSetSize of job (KB)
...
006 (7733440.000.000) 11/16 10:55:33 Image size of job updated: 2076620
	1968  -  MemoryUsage of job (MB)
	2014424  -  ResidentSetSize of job (KB)
...
006 (7733440.000.000) 11/16 11:00:33 Image size of job updated: 2083564
	1968  -  MemoryUsage of job (MB)
	2014424  -  ResidentSetSize of job (KB)
...
006 (7733440.000.000) 11/16 11:08:38 Image size of job updated: 2084312
	1968  -  MemoryUsage of job (MB)
	2014424  -  ResidentSetSize of job (KB)
...
006 (7733440.000.000) 11/16 11:17:55 Image size of job updated: 2084312
	2021  -  MemoryUsage of job (MB)
	2068672  -  ResidentSetSize of job (KB)
...
006 (7733440.000.000) 11/16 11:25:20 Image size of job updated: 2091172
	2021  -  MemoryUsage of job (MB)
	2068672  -  ResidentSetSize of job (KB)
...
006 (7733440.000.000) 11/16 11:30:21 Image size of job updated: 2094244
	2021  -  MemoryUsage of job (MB)
	2068672  -  ResidentSetSize of job (KB)
...
006 (7733440.000.000) 11/16 11:35:21 Image size of job updated: 2105872
	2021  -  MemoryUsage of job (MB)
	2068672  -  ResidentSetSize of job (KB)
...
006 (7733440.000.000) 11/16 11:40:22 Image size of job updated: 2105872
	2026  -  MemoryUsage of job (MB)
	2074128  -  ResidentSetSize of job (KB)
...
006 (7733440.000.000) 11/16 11:45:23 Image size of job updated: 2105872
	2032  -  MemoryUsage of job (MB)
	2080272  -  ResidentSetSize of job (KB)
...
006 (7733440.000.000) 11/16 11:50:23 Image size of job updated: 2105872
	2042  -  MemoryUsage of job (MB)
	2090568  -  ResidentSetSize of job (KB)
...
006 (7733440.000.000) 11/16 12:15:26 Image size of job updated: 2105872
	2045  -  MemoryUsage of job (MB)
	2093696  -  ResidentSetSize of job (KB)
...
006 (7733440.000.000) 11/16 12:20:27 Image size of job updated: 2105872
	2049  -  MemoryUsage of job (MB)
	2097256  -  ResidentSetSize of job (KB)
...
006 (7733440.000.000) 11/16 12:30:28 Image size of job updated: 2126860
	2049  -  MemoryUsage of job (MB)
	2097256  -  ResidentSetSize of job (KB)
...
006 (7733440.000.000) 11/16 12:35:29 Image size of job updated: 2127532
	2049  -  MemoryUsage of job (MB)
	2097256  -  ResidentSetSize of job (KB)
...
006 (7733440.000.000) 11/16 12:55:31 Image size of job updated: 2141840
	2049  -  MemoryUsage of job (MB)
	2097256  -  ResidentSetSize of job (KB)
...
006 (7733440.000.000) 11/16 13:10:32 Image size of job updated: 2144012
	2054  -  MemoryUsage of job (MB)
	2102524  -  ResidentSetSize of job (KB)
...
006 (7733440.000.000) 11/16 13:15:34 Image size of job updated: 2152128
	2054  -  MemoryUsage of job (MB)
	2102524  -  ResidentSetSize of job (KB)
...
006 (7733440.000.000) 11/16 13:20:34 Image size of job updated: 2153200
	2054  -  MemoryUsage of job (MB)
	2102524  -  ResidentSetSize of job (KB)
...
006 (7733440.000.000) 11/16 13:25:34 Image size of job updated: 2153200
	2059  -  MemoryUsage of job (MB)
	2107436  -  ResidentSetSize of job (KB)
...
006 (7733440.000.000) 11/16 13:40:41 Image size of job updated: 2162660
	2059  -  MemoryUsage of job (MB)
	2107436  -  ResidentSetSize of job (KB)
...
006 (7733440.000.000) 11/16 14:20:41 Image size of job updated: 2162660
	2074  -  MemoryUsage of job (MB)
	2123408  -  ResidentSetSize of job (KB)
...
006 (7733440.000.000) 11/16 14:25:41 Image size of job updated: 2179908
	2082  -  MemoryUsage of job (MB)
	2131600  -  ResidentSetSize of job (KB)
...
006 (7733440.000.000) 11/16 14:30:41 Image size of job updated: 2182028
	2082  -  MemoryUsage of job (MB)
	2131600  -  ResidentSetSize of job (KB)
...
006 (7733440.000.000) 11/16 14:50:44 Image size of job updated: 2229892
	2082  -  MemoryUsage of job (MB)
	2131600  -  ResidentSetSize of job (KB)
...
006 (7733440.000.000) 11/16 15:35:48 Image size of job updated: 2229892
	2112  -  MemoryUsage of job (MB)
	2161672  -  ResidentSetSize of job (KB)
...
006 (7733440.000.000) 11/16 15:40:49 Image size of job updated: 2229892
	2115  -  MemoryUsage of job (MB)
	2165120  -  ResidentSetSize of job (KB)
...
006 (7733440.000.000) 11/16 15:45:50 Image size of job updated: 2229892
	2119  -  MemoryUsage of job (MB)
	2169216  -  ResidentSetSize of job (KB)
...
006 (7733440.000.000) 11/16 16:56:16 Image size of job updated: 2246412
	2119  -  MemoryUsage of job (MB)
	2169216  -  ResidentSetSize of job (KB)
...
006 (7733440.000.000) 11/16 17:01:17 Image size of job updated: 2247216
	2119  -  MemoryUsage of job (MB)
	2169216  -  ResidentSetSize of job (KB)
...
006 (7733440.000.000) 11/16 17:16:19 Image size of job updated: 2253096
	2119  -  MemoryUsage of job (MB)
	2169216  -  ResidentSetSize of job (KB)
...
006 (7733440.000.000) 11/16 17:21:19 Image size of job updated: 2253780
	2119  -  MemoryUsage of job (MB)
	2169216  -  ResidentSetSize of job (KB)
...
006 (7733440.000.000) 11/16 17:36:21 Image size of job updated: 2282568
	2119  -  MemoryUsage of job (MB)
	2169216  -  ResidentSetSize of job (KB)
...
006 (7733440.000.000) 11/16 17:41:21 Image size of job updated: 2283252
	2119  -  MemoryUsage of job (MB)
	2169216  -  ResidentSetSize of job (KB)
...
006 (7733440.000.000) 11/16 18:26:26 Image size of job updated: 2286296
	2119  -  MemoryUsage of job (MB)
	2169216  -  ResidentSetSize of job (KB)
...
006 (7733440.000.000) 11/16 18:31:26 Image size of job updated: 2287672
	2119  -  MemoryUsage of job (MB)
	2169216  -  ResidentSetSize of job (KB)
...
006 (7733440.000.000) 11/16 18:36:28 Image size of job updated: 2370440
	2119  -  MemoryUsage of job (MB)
	2169216  -  ResidentSetSize of job (KB)
...
006 (7733440.000.000) 11/16 18:56:30 Image size of job updated: 2370440
	2131  -  MemoryUsage of job (MB)
	2181424  -  ResidentSetSize of job (KB)
...
006 (7733440.000.000) 11/16 19:01:30 Image size of job updated: 2370440
	2139  -  MemoryUsage of job (MB)
	2189616  -  ResidentSetSize of job (KB)
...
006 (7733440.000.000) 11/16 20:01:37 Image size of job updated: 2370440
	2159  -  MemoryUsage of job (MB)
	2210620  -  ResidentSetSize of job (KB)
...
006 (7733440.000.000) 11/16 20:06:37 Image size of job updated: 2370440
	2181  -  MemoryUsage of job (MB)
	2233024  -  ResidentSetSize of job (KB)
...
006 (7733440.000.000) 11/16 20:11:38 Image size of job updated: 2370440
	2185  -  MemoryUsage of job (MB)
	2237120  -  ResidentSetSize of job (KB)
...
006 (7733440.000.000) 11/16 21:26:46 Image size of job updated: 2370440
	2293  -  MemoryUsage of job (MB)
	2347176  -  ResidentSetSize of job (KB)
...
006 (7733440.000.000) 11/16 21:31:46 Image size of job updated: 2370440
	2299  -  MemoryUsage of job (MB)
	2353336  -  ResidentSetSize of job (KB)
...
006 (7733440.000.000) 11/16 21:36:47 Image size of job updated: 2370796
	2299  -  MemoryUsage of job (MB)
	2353336  -  ResidentSetSize of job (KB)
...
006 (7733440.000.000) 11/16 21:41:47 Image size of job updated: 2392556
	2299  -  MemoryUsage of job (MB)
	2353336  -  ResidentSetSize of job (KB)
...
006 (7733440.000.000) 11/16 21:46:47 Image size of job updated: 2393028
	2299  -  MemoryUsage of job (MB)
	2353336  -  ResidentSetSize of job (KB)
...
006 (7733440.000.000) 11/16 22:26:52 Image size of job updated: 2394100
	2329  -  MemoryUsage of job (MB)
	2384528  -  ResidentSetSize of job (KB)
...
006 (7733440.000.000) 11/16 22:31:52 Image size of job updated: 2397648
	2337  -  MemoryUsage of job (MB)
	2392720  -  ResidentSetSize of job (KB)
...
006 (7733440.000.000) 11/16 22:36:52 Image size of job updated: 2399680
	2337  -  MemoryUsage of job (MB)
	2392720  -  ResidentSetSize of job (KB)
...
006 (7733440.000.000) 11/16 22:46:54 Image size of job updated: 2405376
	2337  -  MemoryUsage of job (MB)
	2392720  -  ResidentSetSize of job (KB)
...
006 (7733440.000.000) 11/16 22:51:54 Image size of job updated: 2406248
	2337  -  MemoryUsage of job (MB)
	2392720  -  ResidentSetSize of job (KB)
...
006 (7733440.000.000) 11/16 22:56:55 Image size of job updated: 2435624
	2337  -  MemoryUsage of job (MB)
	2392720  -  ResidentSetSize of job (KB)
...
006 (7733440.000.000) 11/16 23:01:56 Image size of job updated: 2436760
	2337  -  MemoryUsage of job (MB)
	2392720  -  ResidentSetSize of job (KB)
...
006 (7733440.000.000) 11/16 23:21:58 Image size of job updated: 2436760
	2358  -  MemoryUsage of job (MB)
	2413680  -  ResidentSetSize of job (KB)
...
006 (7733440.000.000) 11/16 23:26:59 Image size of job updated: 2436760
	2366  -  MemoryUsage of job (MB)
	2421872  -  ResidentSetSize of job (KB)
...
006 (7733440.000.000) 11/16 23:32:00 Image size of job updated: 2444560
	2366  -  MemoryUsage of job (MB)
	2421872  -  ResidentSetSize of job (KB)
...
006 (7733440.000.000) 11/16 23:42:02 Image size of job updated: 2466112
	2366  -  MemoryUsage of job (MB)
	2421872  -  ResidentSetSize of job (KB)
...
006 (7733440.000.000) 11/16 23:47:02 Image size of job updated: 2466776
	2366  -  MemoryUsage of job (MB)
	2421872  -  ResidentSetSize of job (KB)
...
006 (7733440.000.000) 11/16 23:52:02 Image size of job updated: 2469712
	2366  -  MemoryUsage of job (MB)
	2421872  -  ResidentSetSize of job (KB)
...
006 (7733440.000.000) 11/16 23:57:03 Image size of job updated: 2479276
	2366  -  MemoryUsage of job (MB)
	2421872  -  ResidentSetSize of job (KB)
...
006 (7733440.000.000) 11/17 00:02:04 Image size of job updated: 2479700
	2366  -  MemoryUsage of job (MB)
	2421872  -  ResidentSetSize of job (KB)
...
006 (7733440.000.000) 11/17 00:07:04 Image size of job updated: 2484356
	2366  -  MemoryUsage of job (MB)
	2421872  -  ResidentSetSize of job (KB)
...
006 (7733440.000.000) 11/17 00:17:06 Image size of job updated: 2485988
	2366  -  MemoryUsage of job (MB)
	2421872  -  ResidentSetSize of job (KB)
...
006 (7733440.000.000) 11/17 00:22:06 Image size of job updated: 2488412
	2366  -  MemoryUsage of job (MB)
	2421872  -  ResidentSetSize of job (KB)
...
006 (7733440.000.000) 11/17 00:27:07 Image size of job updated: 2489836
	2366  -  MemoryUsage of job (MB)
	2421872  -  ResidentSetSize of job (KB)
...
006 (7733440.000.000) 11/17 00:32:08 Image size of job updated: 2505844
	2366  -  MemoryUsage of job (MB)
	2421872  -  ResidentSetSize of job (KB)
...
006 (7733440.000.000) 11/17 00:42:10 Image size of job updated: 2516432
	2366  -  MemoryUsage of job (MB)
	2421872  -  ResidentSetSize of job (KB)
...
006 (7733440.000.000) 11/17 00:47:10 Image size of job updated: 2517564
	2366  -  MemoryUsage of job (MB)
	2421872  -  ResidentSetSize of job (KB)
...
006 (7733440.000.000) 11/17 01:07:11 Image size of job updated: 2520420
	2394  -  MemoryUsage of job (MB)
	2450764  -  ResidentSetSize of job (KB)
...
006 (7733440.000.000) 11/17 01:12:13 Image size of job updated: 2542528
	2402  -  MemoryUsage of job (MB)
	2458956  -  ResidentSetSize of job (KB)
...
006 (7733440.000.000) 11/17 01:47:17 Image size of job updated: 2544132
	2402  -  MemoryUsage of job (MB)
	2458956  -  ResidentSetSize of job (KB)
...
006 (7733440.000.000) 11/17 01:57:18 Image size of job updated: 2563072
	2402  -  MemoryUsage of job (MB)
	2458956  -  ResidentSetSize of job (KB)
...
006 (7733440.000.000) 11/17 02:02:19 Image size of job updated: 2563460
	2448  -  MemoryUsage of job (MB)
	2505764  -  ResidentSetSize of job (KB)
...
006 (7733440.000.000) 11/17 02:07:20 Image size of job updated: 2563460
	2454  -  MemoryUsage of job (MB)
	2511908  -  ResidentSetSize of job (KB)
...
006 (7733440.000.000) 11/17 02:22:22 Image size of job updated: 2563460
	2466  -  MemoryUsage of job (MB)
	2525116  -  ResidentSetSize of job (KB)
...
006 (7733440.000.000) 11/17 02:42:24 Image size of job updated: 2564176
	2466  -  MemoryUsage of job (MB)
	2525116  -  ResidentSetSize of job (KB)
...
006 (7733440.000.000) 11/17 02:47:24 Image size of job updated: 2565700
	2466  -  MemoryUsage of job (MB)
	2525116  -  ResidentSetSize of job (KB)
...
006 (7733440.000.000) 11/17 02:52:25 Image size of job updated: 2565700
	2484  -  MemoryUsage of job (MB)
	2543272  -  ResidentSetSize of job (KB)
...
006 (7733440.000.000) 11/17 03:07:26 Image size of job updated: 2565820
	2484  -  MemoryUsage of job (MB)
	2543272  -  ResidentSetSize of job (KB)
...
006 (7733440.000.000) 11/17 03:12:27 Image size of job updated: 2583324
	2484  -  MemoryUsage of job (MB)
	2543272  -  ResidentSetSize of job (KB)
...
006 (7733440.000.000) 11/17 03:27:28 Image size of job updated: 2585560
	2484  -  MemoryUsage of job (MB)
	2543272  -  ResidentSetSize of job (KB)
...
006 (7733440.000.000) 11/17 03:42:30 Image size of job updated: 2592528
	2484  -  MemoryUsage of job (MB)
	2543272  -  ResidentSetSize of job (KB)
...
006 (7733440.000.000) 11/17 03:47:31 Image size of job updated: 2592808
	2484  -  MemoryUsage of job (MB)
	2543272  -  ResidentSetSize of job (KB)
...
006 (7733440.000.000) 11/17 03:52:31 Image size of job updated: 2592808
	2522  -  MemoryUsage of job (MB)
	2582412  -  ResidentSetSize of job (KB)
...
006 (7733440.000.000) 11/17 03:57:31 Image size of job updated: 2601884
	2530  -  MemoryUsage of job (MB)
	2590604  -  ResidentSetSize of job (KB)
...
006 (7733440.000.000) 11/17 04:17:33 Image size of job updated: 2602732
	2530  -  MemoryUsage of job (MB)
	2590604  -  ResidentSetSize of job (KB)
...
006 (7733440.000.000) 11/17 04:27:34 Image size of job updated: 2607836
	2530  -  MemoryUsage of job (MB)
	2590604  -  ResidentSetSize of job (KB)
...
006 (7733440.000.000) 11/17 04:42:36 Image size of job updated: 2610680
	2530  -  MemoryUsage of job (MB)
	2590604  -  ResidentSetSize of job (KB)
...
006 (7733440.000.000) 11/17 04:52:37 Image size of job updated: 2636248
	2530  -  MemoryUsage of job (MB)
	2590604  -  ResidentSetSize of job (KB)
...
006 (7733440.000.000) 11/17 04:57:37 Image size of job updated: 2636820
	2530  -  MemoryUsage of job (MB)
	2590604  -  ResidentSetSize of job (KB)
...
006 (7733440.000.000) 11/17 06:27:48 Image size of job updated: 2640308
	2530  -  MemoryUsage of job (MB)
	2590604  -  ResidentSetSize of job (KB)
...
006 (7733440.000.000) 11/17 06:32:48 Image size of job updated: 2649452
	2530  -  MemoryUsage of job (MB)
	2590604  -  ResidentSetSize of job (KB)
...
006 (7733440.000.000) 11/17 07:02:51 Image size of job updated: 2649604
	2530  -  MemoryUsage of job (MB)
	2590604  -  ResidentSetSize of job (KB)
...
006 (7733440.000.000) 11/17 07:07:51 Image size of job updated: 2655548
	2530  -  MemoryUsage of job (MB)
	2590604  -  ResidentSetSize of job (KB)
...
006 (7733440.000.000) 11/17 07:12:51 Image size of job updated: 2655708
	2530  -  MemoryUsage of job (MB)
	2590604  -  ResidentSetSize of job (KB)
...
006 (7733440.000.000) 11/17 07:22:53 Image size of job updated: 2657156
	2530  -  MemoryUsage of job (MB)
	2590604  -  ResidentSetSize of job (KB)
...
006 (7733440.000.000) 11/17 07:27:53 Image size of job updated: 2659616
	2530  -  MemoryUsage of job (MB)
	2590604  -  ResidentSetSize of job (KB)
...
006 (7733440.000.000) 11/17 07:32:54 Image size of job updated: 2661860
	2530  -  MemoryUsage of job (MB)
	2590604  -  ResidentSetSize of job (KB)
...
006 (7733440.000.000) 11/17 07:37:55 Image size of job updated: 2666440
	2530  -  MemoryUsage of job (MB)
	2590604  -  ResidentSetSize of job (KB)
...
006 (7733440.000.000) 11/17 07:42:55 Image size of job updated: 2670376
	2530  -  MemoryUsage of job (MB)
	2590604  -  ResidentSetSize of job (KB)
...
006 (7733440.000.000) 11/17 07:47:56 Image size of job updated: 2670548
	2530  -  MemoryUsage of job (MB)
	2590604  -  ResidentSetSize of job (KB)
...
006 (7733440.000.000) 11/17 07:52:57 Image size of job updated: 2674476
	2530  -  MemoryUsage of job (MB)
	2590604  -  ResidentSetSize of job (KB)
...
006 (7733440.000.000) 11/17 07:57:57 Image size of job updated: 2676184
	2530  -  MemoryUsage of job (MB)
	2590604  -  ResidentSetSize of job (KB)
...
006 (7733440.000.000) 11/17 08:02:57 Image size of job updated: 2676520
	2530  -  MemoryUsage of job (MB)
	2590604  -  ResidentSetSize of job (KB)
...
006 (7733440.000.000) 11/17 08:22:59 Image size of job updated: 2676604
	2530  -  MemoryUsage of job (MB)
	2590604  -  ResidentSetSize of job (KB)
...
006 (7733440.000.000) 11/17 08:28:00 Image size of job updated: 2678316
	2530  -  MemoryUsage of job (MB)
	2590604  -  ResidentSetSize of job (KB)
...
006 (7733440.000.000) 11/17 08:33:00 Image size of job updated: 2680360
	2530  -  MemoryUsage of job (MB)
	2590604  -  ResidentSetSize of job (KB)
...
006 (7733440.000.000) 11/17 08:38:01 Image size of job updated: 2687812
	2530  -  MemoryUsage of job (MB)
	2590604  -  ResidentSetSize of job (KB)
...
006 (7733440.000.000) 11/17 08:43:02 Image size of job updated: 2700892
	2530  -  MemoryUsage of job (MB)
	2590604  -  ResidentSetSize of job (KB)
...
006 (7733440.000.000) 11/17 09:03:04 Image size of job updated: 2700892
	2541  -  MemoryUsage of job (MB)
	2601208  -  ResidentSetSize of job (KB)
...
006 (7733440.000.000) 11/17 09:28:08 Image size of job updated: 2704676
	2541  -  MemoryUsage of job (MB)
	2601208  -  ResidentSetSize of job (KB)
...
006 (7733440.000.000) 11/17 09:33:08 Image size of job updated: 2706692
	2541  -  MemoryUsage of job (MB)
	2601208  -  ResidentSetSize of job (KB)
...
006 (7733440.000.000) 11/17 09:43:09 Image size of job updated: 2748344
	2559  -  MemoryUsage of job (MB)
	2619488  -  ResidentSetSize of job (KB)
...
006 (7733440.000.000) 11/17 09:48:10 Image size of job updated: 2749000
	2560  -  MemoryUsage of job (MB)
	2621280  -  ResidentSetSize of job (KB)
...
006 (7733440.000.000) 11/17 09:53:10 Image size of job updated: 2751244
	2560  -  MemoryUsage of job (MB)
	2621280  -  ResidentSetSize of job (KB)
...
006 (7733440.000.000) 11/17 10:48:16 Image size of job updated: 2751244
	2567  -  MemoryUsage of job (MB)
	2627844  -  ResidentSetSize of job (KB)
...
006 (7733440.000.000) 11/17 10:53:17 Image size of job updated: 2751244
	2571  -  MemoryUsage of job (MB)
	2631940  -  ResidentSetSize of job (KB)
...
006 (7733440.000.000) 11/17 11:18:18 Image size of job updated: 2751244
	2585  -  MemoryUsage of job (MB)
	2646344  -  ResidentSetSize of job (KB)
...
006 (7733440.000.000) 11/17 11:23:19 Image size of job updated: 2751244
	2591  -  MemoryUsage of job (MB)
	2652488  -  ResidentSetSize of job (KB)
...
006 (7733440.000.000) 11/17 11:33:20 Image size of job updated: 2751244
	2649  -  MemoryUsage of job (MB)
	2712512  -  ResidentSetSize of job (KB)
...
006 (7733440.000.000) 11/17 11:38:21 Image size of job updated: 2752896
	2655  -  MemoryUsage of job (MB)
	2718656  -  ResidentSetSize of job (KB)
...
006 (7733440.000.000) 11/17 11:43:22 Image size of job updated: 2771772
	2655  -  MemoryUsage of job (MB)
	2718656  -  ResidentSetSize of job (KB)
...
006 (7733440.000.000) 11/17 11:58:23 Image size of job updated: 2777784
	2655  -  MemoryUsage of job (MB)
	2718656  -  ResidentSetSize of job (KB)
...
006 (7733440.000.000) 11/17 12:03:23 Image size of job updated: 2779024
	2655  -  MemoryUsage of job (MB)
	2718656  -  ResidentSetSize of job (KB)
...
006 (7733440.000.000) 11/17 12:23:25 Image size of job updated: 2783236
	2655  -  MemoryUsage of job (MB)
	2718656  -  ResidentSetSize of job (KB)
...
006 (7733440.000.000) 11/17 12:28:26 Image size of job updated: 2794132
	2655  -  MemoryUsage of job (MB)
	2718656  -  ResidentSetSize of job (KB)
...
006 (7733440.000.000) 11/17 12:33:27 Image size of job updated: 2794692
	2710  -  MemoryUsage of job (MB)
	2774368  -  ResidentSetSize of job (KB)
...
006 (7733440.000.000) 11/17 13:25:45 Image size of job updated: 2802608
	2710  -  MemoryUsage of job (MB)
	2774368  -  ResidentSetSize of job (KB)
...
006 (7733440.000.000) 11/17 13:37:46 Image size of job updated: 2804956
	2710  -  MemoryUsage of job (MB)
	2774368  -  ResidentSetSize of job (KB)
...
006 (7733440.000.000) 11/17 13:42:46 Image size of job updated: 2805628
	2710  -  MemoryUsage of job (MB)
	2774368  -  ResidentSetSize of job (KB)
...
006 (7733440.000.000) 11/17 13:47:46 Image size of job updated: 2808412
	2710  -  MemoryUsage of job (MB)
	2774368  -  ResidentSetSize of job (KB)
...
006 (7733440.000.000) 11/17 13:52:47 Image size of job updated: 2812400
	2710  -  MemoryUsage of job (MB)
	2774368  -  ResidentSetSize of job (KB)
...
006 (7733440.000.000) 11/17 14:00:48 Image size of job updated: 2817920
	2710  -  MemoryUsage of job (MB)
	2774368  -  ResidentSetSize of job (KB)
...
006 (7733440.000.000) 11/17 14:10:17 Image size of job updated: 2820264
	2710  -  MemoryUsage of job (MB)
	2774368  -  ResidentSetSize of job (KB)
...
006 (7733440.000.000) 11/17 14:17:47 Image size of job updated: 2826180
	2714  -  MemoryUsage of job (MB)
	2778572  -  ResidentSetSize of job (KB)
...
006 (7733440.000.000) 11/17 14:22:48 Image size of job updated: 2839520
	2714  -  MemoryUsage of job (MB)
	2778572  -  ResidentSetSize of job (KB)
...
006 (7733440.000.000) 11/17 14:37:50 Image size of job updated: 2841212
	2714  -  MemoryUsage of job (MB)
	2778572  -  ResidentSetSize of job (KB)
...
006 (7733440.000.000) 11/17 14:42:51 Image size of job updated: 2841584
	2714  -  MemoryUsage of job (MB)
	2778572  -  ResidentSetSize of job (KB)
...
006 (7733440.000.000) 11/17 14:47:51 Image size of job updated: 2842464
	2714  -  MemoryUsage of job (MB)
	2778572  -  ResidentSetSize of job (KB)
...
006 (7733440.000.000) 11/17 14:57:52 Image size of job updated: 2843888
	2714  -  MemoryUsage of job (MB)
	2778572  -  ResidentSetSize of job (KB)
...
006 (7733440.000.000) 11/17 15:03:54 Image size of job updated: 2846020
	2714  -  MemoryUsage of job (MB)
	2778572  -  ResidentSetSize of job (KB)
...
006 (7733440.000.000) 11/17 15:07:52 Image size of job updated: 2848412
	2714  -  MemoryUsage of job (MB)
	2778572  -  ResidentSetSize of job (KB)
...
006 (7733440.000.000) 11/17 15:12:53 Image size of job updated: 2850904
	2714  -  MemoryUsage of job (MB)
	2778572  -  ResidentSetSize of job (KB)
...
006 (7733440.000.000) 11/17 15:17:53 Image size of job updated: 2853412
	2714  -  MemoryUsage of job (MB)
	2778572  -  ResidentSetSize of job (KB)
...
006 (7733440.000.000) 11/17 15:23:54 Image size of job updated: 2855848
	2714  -  MemoryUsage of job (MB)
	2778572  -  ResidentSetSize of job (KB)
...
006 (7733440.000.000) 11/17 15:27:54 Image size of job updated: 2857124
	2714  -  MemoryUsage of job (MB)
	2778572  -  ResidentSetSize of job (KB)
...
040 (7733440.000.000) 11/17 15:49:24 Started transferring input files
	Seconds spent in queue: 199828
...
040 (7733440.000.000) 11/17 15:49:24 Finished transferring input files
...
001 (7733440.000.000) 11/17 15:49:25 Job executing on host: <188.185.196.87:9618?addrs=188.185.196.87-9618+[2001-1458-303-23--100-53]-9618&alias=b9p16p3622.cern.ch&noUDP&sock=startd_7355_7f28>
	SlotName: slot1_38@b9p16p3622.cern.ch
	CondorScratchDir = "/pool/condor/dir_2800970"
	Cpus = 1
	Disk = 3838
	GPUs = 0
	Memory = 2000
...
022 (7733440.000.000) 11/17 16:43:45 Job disconnected, attempting to reconnect
    Socket between submit and execute hosts closed unexpectedly
    Trying to reconnect to slot1_38@b9p16p3622.cern.ch <188.185.196.87:9618?addrs=188.185.196.87-9618+[2001-1458-303-23--100-53]-9618&alias=b9p16p3622.cern.ch&noUDP&sock=startd_7355_7f28>
...
023 (7733440.000.000) 11/17 16:43:45 Job reconnected to slot1_38@b9p16p3622.cern.ch
    startd address: <188.185.196.87:9618?addrs=188.185.196.87-9618+[2001-1458-303-23--100-53]-9618&alias=b9p16p3622.cern.ch&noUDP&sock=startd_7355_7f28>
    starter address: <188.185.196.87:9618?addrs=188.185.196.87-9618+[2001-1458-303-23--100-53]-9618&alias=b9p16p3622.cern.ch&noUDP&sock=slot1_38_1483627_2fc4_23196>
...
006 (7733440.000.000) 11/20 14:42:58 Image size of job updated: 3000000
	2939  -  MemoryUsage of job (MB)
	3009340  -  ResidentSetSize of job (KB)
...
006 (7733440.000.000) 11/20 16:08:06 Image size of job updated: 3083968
	3012  -  MemoryUsage of job (MB)
	3083968  -  ResidentSetSize of job (KB)
...
022 (7733440.000.000) 11/20 18:26:56 Job disconnected, attempting to reconnect
    Socket between submit and execute hosts closed unexpectedly
    Trying to reconnect to slot1_38@b9p16p3622.cern.ch <188.185.196.87:9618?addrs=188.185.196.87-9618+[2001-1458-303-23--100-53]-9618&alias=b9p16p3622.cern.ch&noUDP&sock=startd_7355_7f28>
...
023 (7733440.000.000) 11/20 18:26:56 Job reconnected to slot1_38@b9p16p3622.cern.ch
    startd address: <188.185.196.87:9618?addrs=188.185.196.87-9618+[2001-1458-303-23--100-53]-9618&alias=b9p16p3622.cern.ch&noUDP&sock=startd_7355_7f28>
    starter address: <188.185.196.87:9618?addrs=188.185.196.87-9618+[2001-1458-303-23--100-53]-9618&alias=b9p16p3622.cern.ch&noUDP&sock=slot1_38_1483627_2fc4_23196>
...
022 (7733440.000.000) 11/20 18:27:01 Job disconnected, attempting to reconnect
    Socket between submit and execute hosts closed unexpectedly
    Trying to reconnect to slot1_38@b9p16p3622.cern.ch <188.185.196.87:9618?addrs=188.185.196.87-9618+[2001-1458-303-23--100-53]-9618&alias=b9p16p3622.cern.ch&noUDP&sock=startd_7355_7f28>
...
023 (7733440.000.000) 11/20 18:27:01 Job reconnected to slot1_38@b9p16p3622.cern.ch
    startd address: <188.185.196.87:9618?addrs=188.185.196.87-9618+[2001-1458-303-23--100-53]-9618&alias=b9p16p3622.cern.ch&noUDP&sock=startd_7355_7f28>
    starter address: <188.185.196.87:9618?addrs=188.185.196.87-9618+[2001-1458-303-23--100-53]-9618&alias=b9p16p3622.cern.ch&noUDP&sock=slot1_38_1483627_2fc4_23196>
...
022 (7733440.000.000) 11/20 18:27:06 Job disconnected, attempting to reconnect
    Socket between submit and execute hosts closed unexpectedly
    Trying to reconnect to slot1_38@b9p16p3622.cern.ch <188.185.196.87:9618?addrs=188.185.196.87-9618+[2001-1458-303-23--100-53]-9618&alias=b9p16p3622.cern.ch&noUDP&sock=startd_7355_7f28>
...
023 (7733440.000.000) 11/20 18:27:06 Job reconnected to slot1_38@b9p16p3622.cern.ch
    startd address: <188.185.196.87:9618?addrs=188.185.196.87-9618+[2001-1458-303-23--100-53]-9618&alias=b9p16p3622.cern.ch&noUDP&sock=startd_7355_7f28>
    starter address: <188.185.196.87:9618?addrs=188.185.196.87-9618+[2001-1458-303-23--100-53]-9618&alias=b9p16p3622.cern.ch&noUDP&sock=slot1_38_1483627_2fc4_23196>
...
022 (7733440.000.000) 11/20 18:27:11 Job disconnected, attempting to reconnect
    Socket between submit and execute hosts closed unexpectedly
    Trying to reconnect to slot1_38@b9p16p3622.cern.ch <188.185.196.87:9618?addrs=188.185.196.87-9618+[2001-1458-303-23--100-53]-9618&alias=b9p16p3622.cern.ch&noUDP&sock=startd_7355_7f28>
...
023 (7733440.000.000) 11/20 18:27:11 Job reconnected to slot1_38@b9p16p3622.cern.ch
    startd address: <188.185.196.87:9618?addrs=188.185.196.87-9618+[2001-1458-303-23--100-53]-9618&alias=b9p16p3622.cern.ch&noUDP&sock=startd_7355_7f28>
    starter address: <188.185.196.87:9618?addrs=188.185.196.87-9618+[2001-1458-303-23--100-53]-9618&alias=b9p16p3622.cern.ch&noUDP&sock=slot1_38_1483627_2fc4_23196>
...
007 (7733440.000.000) 11/20 18:27:16 Shadow exception!
	Error from slot1_38@b9p16p3622.cern.ch: Repeated attempts to transfer output failed for unknown reasons
	0  -  Run Bytes Sent By Job
	10951  -  Run Bytes Received By Job
...
040 (7733440.000.000) 11/20 18:28:40 Started transferring input files
	Seconds spent in queue: 468584
...
040 (7733440.000.000) 11/20 18:28:40 Finished transferring input files
...
001 (7733440.000.000) 11/20 18:28:41 Job executing on host: <188.185.193.188:9618?addrs=188.185.193.188-9618+[2001-1458-303-20--100-b8]-9618&alias=b9p19p4239.cern.ch&noUDP&sock=startd_7632_7ee4>
	SlotName: slot1_12@b9p19p4239.cern.ch
	CondorScratchDir = "/pool/condor/dir_2087364"
	Cpus = 1
	Disk = 2971294
	Memory = 2000
...
040 (7733440.000.000) 11/21 11:17:12 Started transferring output files
	Seconds spent in queue: 529096
...
040 (7733440.000.000) 11/21 11:17:13 Finished transferring output files
...
005 (7733440.000.000) 11/21 11:17:13 Job terminated.
	(1) Normal termination (return value 1)
		Usr 0 08:59:45, Sys 0 07:09:10  -  Run Remote Usage
		Usr 0 00:00:00, Sys 0 00:00:00  -  Run Local Usage
		Usr 3 00:29:04, Sys 2 23:56:01  -  Total Remote Usage
		Usr 0 00:00:00, Sys 0 00:00:00  -  Total Local Usage
	119070  -  Run Bytes Sent By Job
	10951  -  Run Bytes Received By Job
	119070  -  Total Bytes Sent By Job
	43804  -  Total Bytes Received By Job
	Partitionable Resources :    Usage  Request Allocated 
	   Cpus                 :     0.99        1         1 
	   Disk (KB)            :   151         300   2971294 
	   Memory (MB)          :  3174        2000      2000 

	Job terminated of its own accord at 2024-11-21T10:17:12Z with exit-code 1.
...
