000 (7733450.000.000) 11/15 04:50:22 Job submitted from host: <137.138.55.115:9618?addrs=137.138.55.115-9618+[2001-1458-d00-17--12a]-9618&alias=bigbird23.cern.ch&noUDP&sock=schedd_4975_03c1>
...
040 (7733450.000.000) 11/15 05:15:14 Started transferring input files
	Transferring to host: <128.142.33.10:9618?addrs=128.142.33.10-9618+[2001-1458-301-53--100-7]-9618&alias=b9g34p5473.cern.ch&noUDP&sock=slot1_31_6335_549b_4369>
...
040 (7733450.000.000) 11/15 05:15:14 Finished transferring input files
...
001 (7733450.000.000) 11/15 05:15:15 Job executing on host: <128.142.33.10:9618?addrs=128.142.33.10-9618+[2001-1458-301-53--100-7]-9618&alias=b9g34p5473.cern.ch&noUDP&sock=startd_5617_5f8e>
	SlotName: slot1_31@b9g34p5473.cern.ch
	CondorScratchDir = "/pool/condor/dir_1239741"
	Cpus = 1
	Disk = 3771
	GPUs = 0
	Memory = 2000
...
006 (7733450.000.000) 11/15 05:15:24 Image size of job updated: 477776
	467  -  MemoryUsage of job (MB)
	477776  -  ResidentSetSize of job (KB)
...
006 (7733450.000.000) 11/15 05:20:25 Image size of job updated: 628288
	614  -  MemoryUsage of job (MB)
	628288  -  ResidentSetSize of job (KB)
...
006 (7733450.000.000) 11/15 05:25:26 Image size of job updated: 657936
	643  -  MemoryUsage of job (MB)
	657936  -  ResidentSetSize of job (KB)
...
006 (7733450.000.000) 11/15 05:32:47 Image size of job updated: 682500
	667  -  MemoryUsage of job (MB)
	682500  -  ResidentSetSize of job (KB)
...
006 (7733450.000.000) 11/15 05:39:50 Image size of job updated: 719524
	703  -  MemoryUsage of job (MB)
	719524  -  ResidentSetSize of job (KB)
...
006 (7733450.000.000) 11/15 05:51:15 Image size of job updated: 728560
	712  -  MemoryUsage of job (MB)
	728560  -  ResidentSetSize of job (KB)
...
022 (7733450.000.000) 11/15 05:54:33 Job disconnected, attempting to reconnect
    Socket between submit and execute hosts closed unexpectedly
    Trying to reconnect to slot1_31@b9g34p5473.cern.ch <128.142.33.10:9618?addrs=128.142.33.10-9618+[2001-1458-301-53--100-7]-9618&alias=b9g34p5473.cern.ch&noUDP&sock=startd_5617_5f8e>
...
023 (7733450.000.000) 11/15 05:54:33 Job reconnected to slot1_31@b9g34p5473.cern.ch
    startd address: <128.142.33.10:9618?addrs=128.142.33.10-9618+[2001-1458-301-53--100-7]-9618&alias=b9g34p5473.cern.ch&noUDP&sock=startd_5617_5f8e>
    starter address: <128.142.33.10:9618?addrs=128.142.33.10-9618+[2001-1458-301-53--100-7]-9618&alias=b9g34p5473.cern.ch&noUDP&sock=slot1_31_6335_549b_4369>
...
006 (7733450.000.000) 11/15 06:11:59 Image size of job updated: 728560
	726  -  MemoryUsage of job (MB)
	742636  -  ResidentSetSize of job (KB)
...
040 (7733450.000.000) 11/15 08:18:57 Entered queue to transfer input files
	Transferring to host: <128.142.51.214:9618?addrs=128.142.51.214-9618+[2001-1458-301-3--100-13]-9618&alias=b9g02p5039.cern.ch&noUDP&sock=slot1_33_3882603_ccd6_7977>
...
040 (7733450.000.000) 11/15 08:32:35 Started transferring input files
	Seconds spent in queue: 818
...
040 (7733450.000.000) 11/15 08:32:35 Finished transferring input files
...
001 (7733450.000.000) 11/15 08:32:36 Job executing on host: <128.142.51.214:9618?addrs=128.142.51.214-9618+[2001-1458-301-3--100-13]-9618&alias=b9g02p5039.cern.ch&noUDP&sock=startd_5762_d4ca>
	SlotName: slot1_33@b9g02p5039.cern.ch
	CondorScratchDir = "/pool/condor/dir_1445907"
	Cpus = 1
	Disk = 2932158
	Memory = 2000
...
006 (7733450.000.000) 11/15 08:42:46 Image size of job updated: 770276
	733  -  MemoryUsage of job (MB)
	750000  -  ResidentSetSize of job (KB)
...
006 (7733450.000.000) 11/15 08:47:46 Image size of job updated: 809204
	733  -  MemoryUsage of job (MB)
	750000  -  ResidentSetSize of job (KB)
...
006 (7733450.000.000) 11/15 10:42:59 Image size of job updated: 813292
	733  -  MemoryUsage of job (MB)
	750000  -  ResidentSetSize of job (KB)
...
006 (7733450.000.000) 11/15 10:48:00 Image size of job updated: 938544
	733  -  MemoryUsage of job (MB)
	750000  -  ResidentSetSize of job (KB)
...
006 (7733450.000.000) 11/15 10:53:01 Image size of job updated: 938932
	733  -  MemoryUsage of job (MB)
	750000  -  ResidentSetSize of job (KB)
...
006 (7733450.000.000) 11/15 10:58:01 Image size of job updated: 939284
	736  -  MemoryUsage of job (MB)
	752932  -  ResidentSetSize of job (KB)
...
006 (7733450.000.000) 11/15 11:08:02 Image size of job updated: 939284
	759  -  MemoryUsage of job (MB)
	776288  -  ResidentSetSize of job (KB)
...
006 (7733450.000.000) 11/15 11:13:03 Image size of job updated: 939284
	763  -  MemoryUsage of job (MB)
	780384  -  ResidentSetSize of job (KB)
...
006 (7733450.000.000) 11/15 11:23:04 Image size of job updated: 939284
	855  -  MemoryUsage of job (MB)
	875032  -  ResidentSetSize of job (KB)
...
006 (7733450.000.000) 11/15 11:28:05 Image size of job updated: 939284
	867  -  MemoryUsage of job (MB)
	887320  -  ResidentSetSize of job (KB)
...
006 (7733450.000.000) 11/15 11:33:05 Image size of job updated: 939284
	875  -  MemoryUsage of job (MB)
	895644  -  ResidentSetSize of job (KB)
...
006 (7733450.000.000) 11/15 11:38:06 Image size of job updated: 950396
	881  -  MemoryUsage of job (MB)
	901788  -  ResidentSetSize of job (KB)
...
006 (7733450.000.000) 11/15 11:43:07 Image size of job updated: 950396
	883  -  MemoryUsage of job (MB)
	904180  -  ResidentSetSize of job (KB)
...
006 (7733450.000.000) 11/15 11:48:07 Image size of job updated: 950396
	889  -  MemoryUsage of job (MB)
	910324  -  ResidentSetSize of job (KB)
...
006 (7733450.000.000) 11/15 11:58:09 Image size of job updated: 956872
	889  -  MemoryUsage of job (MB)
	910324  -  ResidentSetSize of job (KB)
...
006 (7733450.000.000) 11/15 12:03:09 Image size of job updated: 957904
	889  -  MemoryUsage of job (MB)
	910324  -  ResidentSetSize of job (KB)
...
006 (7733450.000.000) 11/15 12:08:09 Image size of job updated: 974660
	931  -  MemoryUsage of job (MB)
	952624  -  ResidentSetSize of job (KB)
...
006 (7733450.000.000) 11/15 12:13:10 Image size of job updated: 974660
	933  -  MemoryUsage of job (MB)
	954416  -  ResidentSetSize of job (KB)
...
006 (7733450.000.000) 11/15 12:18:11 Image size of job updated: 974660
	940  -  MemoryUsage of job (MB)
	962384  -  ResidentSetSize of job (KB)
...
006 (7733450.000.000) 11/15 12:23:11 Image size of job updated: 989404
	940  -  MemoryUsage of job (MB)
	962384  -  ResidentSetSize of job (KB)
...
006 (7733450.000.000) 11/15 12:38:13 Image size of job updated: 995228
	940  -  MemoryUsage of job (MB)
	962384  -  ResidentSetSize of job (KB)
...
006 (7733450.000.000) 11/15 12:43:14 Image size of job updated: 997380
	940  -  MemoryUsage of job (MB)
	962384  -  ResidentSetSize of job (KB)
...
006 (7733450.000.000) 11/15 12:48:15 Image size of job updated: 1004404
	940  -  MemoryUsage of job (MB)
	962384  -  ResidentSetSize of job (KB)
...
006 (7733450.000.000) 11/15 12:53:15 Image size of job updated: 1020184
	940  -  MemoryUsage of job (MB)
	962384  -  ResidentSetSize of job (KB)
...
006 (7733450.000.000) 11/15 12:58:15 Image size of job updated: 1027800
	940  -  MemoryUsage of job (MB)
	962384  -  ResidentSetSize of job (KB)
...
006 (7733450.000.000) 11/15 13:08:16 Image size of job updated: 1035780
	940  -  MemoryUsage of job (MB)
	962384  -  ResidentSetSize of job (KB)
...
006 (7733450.000.000) 11/15 13:13:16 Image size of job updated: 1053356
	940  -  MemoryUsage of job (MB)
	962384  -  ResidentSetSize of job (KB)
...
006 (7733450.000.000) 11/15 13:23:17 Image size of job updated: 1056540
	1012  -  MemoryUsage of job (MB)
	1035292  -  ResidentSetSize of job (KB)
...
006 (7733450.000.000) 11/15 13:28:18 Image size of job updated: 1062720
	1016  -  MemoryUsage of job (MB)
	1039388  -  ResidentSetSize of job (KB)
...
006 (7733450.000.000) 11/15 13:33:19 Image size of job updated: 1066300
	1016  -  MemoryUsage of job (MB)
	1039388  -  ResidentSetSize of job (KB)
...
006 (7733450.000.000) 11/15 13:38:19 Image size of job updated: 1071620
	1016  -  MemoryUsage of job (MB)
	1039388  -  ResidentSetSize of job (KB)
...
006 (7733450.000.000) 11/15 13:43:19 Image size of job updated: 1087888
	1016  -  MemoryUsage of job (MB)
	1039388  -  ResidentSetSize of job (KB)
...
006 (7733450.000.000) 11/15 13:53:20 Image size of job updated: 1090768
	1016  -  MemoryUsage of job (MB)
	1039388  -  ResidentSetSize of job (KB)
...
006 (7733450.000.000) 11/15 14:13:22 Image size of job updated: 1098644
	1016  -  MemoryUsage of job (MB)
	1039388  -  ResidentSetSize of job (KB)
...
006 (7733450.000.000) 11/15 14:18:23 Image size of job updated: 1098644
	1063  -  MemoryUsage of job (MB)
	1088320  -  ResidentSetSize of job (KB)
...
006 (7733450.000.000) 11/15 14:28:24 Image size of job updated: 1102852
	1063  -  MemoryUsage of job (MB)
	1088320  -  ResidentSetSize of job (KB)
...
006 (7733450.000.000) 11/15 14:33:24 Image size of job updated: 1108736
	1063  -  MemoryUsage of job (MB)
	1088320  -  ResidentSetSize of job (KB)
...
006 (7733450.000.000) 11/15 14:38:25 Image size of job updated: 1114544
	1068  -  MemoryUsage of job (MB)
	1093392  -  ResidentSetSize of job (KB)
...
006 (7733450.000.000) 11/15 14:43:25 Image size of job updated: 1116656
	1068  -  MemoryUsage of job (MB)
	1093392  -  ResidentSetSize of job (KB)
...
006 (7733450.000.000) 11/15 14:48:25 Image size of job updated: 1122936
	1068  -  MemoryUsage of job (MB)
	1093392  -  ResidentSetSize of job (KB)
...
006 (7733450.000.000) 11/15 14:53:26 Image size of job updated: 1128936
	1068  -  MemoryUsage of job (MB)
	1093392  -  ResidentSetSize of job (KB)
...
006 (7733450.000.000) 11/15 14:58:27 Image size of job updated: 1131792
	1068  -  MemoryUsage of job (MB)
	1093392  -  ResidentSetSize of job (KB)
...
006 (7733450.000.000) 11/15 15:03:27 Image size of job updated: 1135172
	1068  -  MemoryUsage of job (MB)
	1093392  -  ResidentSetSize of job (KB)
...
006 (7733450.000.000) 11/15 15:08:28 Image size of job updated: 1138164
	1068  -  MemoryUsage of job (MB)
	1093392  -  ResidentSetSize of job (KB)
...
006 (7733450.000.000) 11/15 15:13:29 Image size of job updated: 1156272
	1079  -  MemoryUsage of job (MB)
	1104132  -  ResidentSetSize of job (KB)
...
006 (7733450.000.000) 11/15 15:23:30 Image size of job updated: 1172040
	1079  -  MemoryUsage of job (MB)
	1104132  -  ResidentSetSize of job (KB)
...
006 (7733450.000.000) 11/15 15:33:31 Image size of job updated: 1176280
	1079  -  MemoryUsage of job (MB)
	1104132  -  ResidentSetSize of job (KB)
...
006 (7733450.000.000) 11/15 15:38:31 Image size of job updated: 1195108
	1105  -  MemoryUsage of job (MB)
	1130584  -  ResidentSetSize of job (KB)
...
006 (7733450.000.000) 11/15 15:43:32 Image size of job updated: 1195108
	1115  -  MemoryUsage of job (MB)
	1140824  -  ResidentSetSize of job (KB)
...
006 (7733450.000.000) 11/15 16:03:34 Image size of job updated: 1201384
	1115  -  MemoryUsage of job (MB)
	1140824  -  ResidentSetSize of job (KB)
...
006 (7733450.000.000) 11/15 16:08:34 Image size of job updated: 1211108
	1115  -  MemoryUsage of job (MB)
	1140824  -  ResidentSetSize of job (KB)
...
006 (7733450.000.000) 11/15 16:18:36 Image size of job updated: 1244132
	1115  -  MemoryUsage of job (MB)
	1140824  -  ResidentSetSize of job (KB)
...
006 (7733450.000.000) 11/15 16:43:37 Image size of job updated: 1277064
	1115  -  MemoryUsage of job (MB)
	1140824  -  ResidentSetSize of job (KB)
...
006 (7733450.000.000) 11/15 17:03:39 Image size of job updated: 1277064
	1165  -  MemoryUsage of job (MB)
	1192248  -  ResidentSetSize of job (KB)
...
006 (7733450.000.000) 11/15 17:08:40 Image size of job updated: 1277064
	1175  -  MemoryUsage of job (MB)
	1202488  -  ResidentSetSize of job (KB)
...
006 (7733450.000.000) 11/15 17:13:40 Image size of job updated: 1280748
	1190  -  MemoryUsage of job (MB)
	1218300  -  ResidentSetSize of job (KB)
...
006 (7733450.000.000) 11/15 17:18:41 Image size of job updated: 1285620
	1196  -  MemoryUsage of job (MB)
	1224444  -  ResidentSetSize of job (KB)
...
006 (7733450.000.000) 11/15 17:23:42 Image size of job updated: 1316480
	1196  -  MemoryUsage of job (MB)
	1224444  -  ResidentSetSize of job (KB)
...
006 (7733450.000.000) 11/15 17:28:42 Image size of job updated: 1317616
	1196  -  MemoryUsage of job (MB)
	1224444  -  ResidentSetSize of job (KB)
...
006 (7733450.000.000) 11/15 17:33:42 Image size of job updated: 1317616
	1225  -  MemoryUsage of job (MB)
	1254184  -  ResidentSetSize of job (KB)
...
006 (7733450.000.000) 11/15 17:38:43 Image size of job updated: 1331736
	1239  -  MemoryUsage of job (MB)
	1268520  -  ResidentSetSize of job (KB)
...
006 (7733450.000.000) 11/15 18:13:47 Image size of job updated: 1339860
	1239  -  MemoryUsage of job (MB)
	1268520  -  ResidentSetSize of job (KB)
...
006 (7733450.000.000) 11/15 18:23:47 Image size of job updated: 1351356
	1239  -  MemoryUsage of job (MB)
	1268520  -  ResidentSetSize of job (KB)
...
006 (7733450.000.000) 11/15 18:38:49 Image size of job updated: 1361744
	1239  -  MemoryUsage of job (MB)
	1268520  -  ResidentSetSize of job (KB)
...
006 (7733450.000.000) 11/15 18:43:50 Image size of job updated: 1368444
	1239  -  MemoryUsage of job (MB)
	1268520  -  ResidentSetSize of job (KB)
...
006 (7733450.000.000) 11/15 18:48:51 Image size of job updated: 1371952
	1239  -  MemoryUsage of job (MB)
	1268520  -  ResidentSetSize of job (KB)
...
006 (7733450.000.000) 11/15 18:53:51 Image size of job updated: 1376560
	1239  -  MemoryUsage of job (MB)
	1268520  -  ResidentSetSize of job (KB)
...
006 (7733450.000.000) 11/15 18:58:52 Image size of job updated: 1382708
	1239  -  MemoryUsage of job (MB)
	1268520  -  ResidentSetSize of job (KB)
...
006 (7733450.000.000) 11/15 19:03:53 Image size of job updated: 1401304
	1241  -  MemoryUsage of job (MB)
	1270436  -  ResidentSetSize of job (KB)
...
006 (7733450.000.000) 11/15 19:08:53 Image size of job updated: 1401304
	1363  -  MemoryUsage of job (MB)
	1395408  -  ResidentSetSize of job (KB)
...
006 (7733450.000.000) 11/15 19:18:55 Image size of job updated: 1405996
	1363  -  MemoryUsage of job (MB)
	1395408  -  ResidentSetSize of job (KB)
...
006 (7733450.000.000) 11/15 19:23:55 Image size of job updated: 1425120
	1363  -  MemoryUsage of job (MB)
	1395408  -  ResidentSetSize of job (KB)
...
006 (7733450.000.000) 11/15 19:28:55 Image size of job updated: 1431468
	1363  -  MemoryUsage of job (MB)
	1395408  -  ResidentSetSize of job (KB)
...
006 (7733450.000.000) 11/15 19:33:56 Image size of job updated: 1432180
	1363  -  MemoryUsage of job (MB)
	1395408  -  ResidentSetSize of job (KB)
...
006 (7733450.000.000) 11/15 19:38:57 Image size of job updated: 1433648
	1363  -  MemoryUsage of job (MB)
	1395408  -  ResidentSetSize of job (KB)
...
006 (7733450.000.000) 11/15 19:43:57 Image size of job updated: 1445704
	1363  -  MemoryUsage of job (MB)
	1395408  -  ResidentSetSize of job (KB)
...
006 (7733450.000.000) 11/15 19:53:59 Image size of job updated: 1460556
	1363  -  MemoryUsage of job (MB)
	1395408  -  ResidentSetSize of job (KB)
...
006 (7733450.000.000) 11/15 20:03:59 Image size of job updated: 1472608
	1363  -  MemoryUsage of job (MB)
	1395408  -  ResidentSetSize of job (KB)
...
006 (7733450.000.000) 11/15 20:14:01 Image size of job updated: 1479340
	1363  -  MemoryUsage of job (MB)
	1395408  -  ResidentSetSize of job (KB)
...
006 (7733450.000.000) 11/15 20:19:01 Image size of job updated: 1496632
	1363  -  MemoryUsage of job (MB)
	1395408  -  ResidentSetSize of job (KB)
...
006 (7733450.000.000) 11/15 20:24:02 Image size of job updated: 1498784
	1363  -  MemoryUsage of job (MB)
	1395408  -  ResidentSetSize of job (KB)
...
006 (7733450.000.000) 11/15 20:29:03 Image size of job updated: 1520176
	1440  -  MemoryUsage of job (MB)
	1474408  -  ResidentSetSize of job (KB)
...
006 (7733450.000.000) 11/15 20:34:03 Image size of job updated: 1520176
	1445  -  MemoryUsage of job (MB)
	1479016  -  ResidentSetSize of job (KB)
...
006 (7733450.000.000) 11/15 20:44:04 Image size of job updated: 1557428
	1445  -  MemoryUsage of job (MB)
	1479016  -  ResidentSetSize of job (KB)
...
006 (7733450.000.000) 11/15 20:49:04 Image size of job updated: 1558348
	1445  -  MemoryUsage of job (MB)
	1479016  -  ResidentSetSize of job (KB)
...
006 (7733450.000.000) 11/15 21:09:06 Image size of job updated: 1558348
	1475  -  MemoryUsage of job (MB)
	1509704  -  ResidentSetSize of job (KB)
...
006 (7733450.000.000) 11/15 21:14:07 Image size of job updated: 1558348
	1481  -  MemoryUsage of job (MB)
	1515848  -  ResidentSetSize of job (KB)
...
006 (7733450.000.000) 11/15 21:39:09 Image size of job updated: 1585612
	1481  -  MemoryUsage of job (MB)
	1515848  -  ResidentSetSize of job (KB)
...
006 (7733450.000.000) 11/15 22:19:13 Image size of job updated: 1619100
	1481  -  MemoryUsage of job (MB)
	1515848  -  ResidentSetSize of job (KB)
...
006 (7733450.000.000) 11/15 22:29:15 Image size of job updated: 1620396
	1481  -  MemoryUsage of job (MB)
	1515848  -  ResidentSetSize of job (KB)
...
006 (7733450.000.000) 11/15 22:34:15 Image size of job updated: 1622748
	1481  -  MemoryUsage of job (MB)
	1515848  -  ResidentSetSize of job (KB)
...
006 (7733450.000.000) 11/15 22:49:17 Image size of job updated: 1625160
	1542  -  MemoryUsage of job (MB)
	1578912  -  ResidentSetSize of job (KB)
...
006 (7733450.000.000) 11/15 22:54:17 Image size of job updated: 1625160
	1548  -  MemoryUsage of job (MB)
	1585056  -  ResidentSetSize of job (KB)
...
006 (7733450.000.000) 11/15 22:59:18 Image size of job updated: 1629356
	1548  -  MemoryUsage of job (MB)
	1585056  -  ResidentSetSize of job (KB)
...
006 (7733450.000.000) 11/15 23:04:18 Image size of job updated: 1632480
	1548  -  MemoryUsage of job (MB)
	1585056  -  ResidentSetSize of job (KB)
...
006 (7733450.000.000) 11/15 23:09:18 Image size of job updated: 1633380
	1548  -  MemoryUsage of job (MB)
	1585056  -  ResidentSetSize of job (KB)
...
006 (7733450.000.000) 11/15 23:14:19 Image size of job updated: 1645216
	1548  -  MemoryUsage of job (MB)
	1585056  -  ResidentSetSize of job (KB)
...
006 (7733450.000.000) 11/15 23:19:20 Image size of job updated: 1645500
	1548  -  MemoryUsage of job (MB)
	1585056  -  ResidentSetSize of job (KB)
...
006 (7733450.000.000) 11/15 23:24:20 Image size of job updated: 1670492
	1548  -  MemoryUsage of job (MB)
	1585056  -  ResidentSetSize of job (KB)
...
006 (7733450.000.000) 11/15 23:29:20 Image size of job updated: 1672624
	1567  -  MemoryUsage of job (MB)
	1603780  -  ResidentSetSize of job (KB)
...
006 (7733450.000.000) 11/15 23:34:21 Image size of job updated: 1673604
	1573  -  MemoryUsage of job (MB)
	1609924  -  ResidentSetSize of job (KB)
...
006 (7733450.000.000) 11/15 23:44:21 Image size of job updated: 1675396
	1629  -  MemoryUsage of job (MB)
	1667288  -  ResidentSetSize of job (KB)
...
006 (7733450.000.000) 11/15 23:49:22 Image size of job updated: 1680516
	1635  -  MemoryUsage of job (MB)
	1673432  -  ResidentSetSize of job (KB)
...
006 (7733450.000.000) 11/15 23:54:23 Image size of job updated: 1707568
	1635  -  MemoryUsage of job (MB)
	1673432  -  ResidentSetSize of job (KB)
...
006 (7733450.000.000) 11/15 23:59:23 Image size of job updated: 1708928
	1635  -  MemoryUsage of job (MB)
	1673432  -  ResidentSetSize of job (KB)
...
006 (7733450.000.000) 11/16 00:14:24 Image size of job updated: 1716648
	1635  -  MemoryUsage of job (MB)
	1673432  -  ResidentSetSize of job (KB)
...
006 (7733450.000.000) 11/16 00:29:26 Image size of job updated: 1749580
	1635  -  MemoryUsage of job (MB)
	1673432  -  ResidentSetSize of job (KB)
...
006 (7733450.000.000) 11/16 00:34:26 Image size of job updated: 1750840
	1635  -  MemoryUsage of job (MB)
	1673432  -  ResidentSetSize of job (KB)
...
006 (7733450.000.000) 11/16 00:44:28 Image size of job updated: 1750840
	1643  -  MemoryUsage of job (MB)
	1681700  -  ResidentSetSize of job (KB)
...
006 (7733450.000.000) 11/16 00:49:28 Image size of job updated: 1750840
	1647  -  MemoryUsage of job (MB)
	1685804  -  ResidentSetSize of job (KB)
...
006 (7733450.000.000) 11/16 01:09:29 Image size of job updated: 1756740
	1713  -  MemoryUsage of job (MB)
	1753340  -  ResidentSetSize of job (KB)
...
006 (7733450.000.000) 11/16 01:14:30 Image size of job updated: 1757544
	1713  -  MemoryUsage of job (MB)
	1753340  -  ResidentSetSize of job (KB)
...
006 (7733450.000.000) 11/16 01:19:31 Image size of job updated: 1775576
	1713  -  MemoryUsage of job (MB)
	1753340  -  ResidentSetSize of job (KB)
...
006 (7733450.000.000) 11/16 01:24:31 Image size of job updated: 1776304
	1713  -  MemoryUsage of job (MB)
	1753340  -  ResidentSetSize of job (KB)
...
006 (7733450.000.000) 11/16 01:29:32 Image size of job updated: 1787460
	1713  -  MemoryUsage of job (MB)
	1753340  -  ResidentSetSize of job (KB)
...
006 (7733450.000.000) 11/16 01:44:33 Image size of job updated: 1788756
	1713  -  MemoryUsage of job (MB)
	1753340  -  ResidentSetSize of job (KB)
...
006 (7733450.000.000) 11/16 01:49:34 Image size of job updated: 1818636
	1713  -  MemoryUsage of job (MB)
	1753340  -  ResidentSetSize of job (KB)
...
006 (7733450.000.000) 11/16 02:19:37 Image size of job updated: 1818636
	1733  -  MemoryUsage of job (MB)
	1773788  -  ResidentSetSize of job (KB)
...
006 (7733450.000.000) 11/16 02:24:38 Image size of job updated: 1818636
	1739  -  MemoryUsage of job (MB)
	1779932  -  ResidentSetSize of job (KB)
...
006 (7733450.000.000) 11/16 02:29:38 Image size of job updated: 1823592
	1739  -  MemoryUsage of job (MB)
	1779932  -  ResidentSetSize of job (KB)
...
006 (7733450.000.000) 11/16 02:34:38 Image size of job updated: 1836640
	1739  -  MemoryUsage of job (MB)
	1779932  -  ResidentSetSize of job (KB)
...
006 (7733450.000.000) 11/16 02:59:41 Image size of job updated: 1846020
	1739  -  MemoryUsage of job (MB)
	1779932  -  ResidentSetSize of job (KB)
...
006 (7733450.000.000) 11/16 03:04:41 Image size of job updated: 1846888
	1739  -  MemoryUsage of job (MB)
	1779932  -  ResidentSetSize of job (KB)
...
006 (7733450.000.000) 11/16 03:19:43 Image size of job updated: 1858384
	1739  -  MemoryUsage of job (MB)
	1779932  -  ResidentSetSize of job (KB)
...
006 (7733450.000.000) 11/16 03:24:44 Image size of job updated: 1858708
	1755  -  MemoryUsage of job (MB)
	1796384  -  ResidentSetSize of job (KB)
...
006 (7733450.000.000) 11/16 03:29:45 Image size of job updated: 1858708
	1761  -  MemoryUsage of job (MB)
	1802528  -  ResidentSetSize of job (KB)
...
006 (7733450.000.000) 11/16 04:34:51 Image size of job updated: 1877204
	1761  -  MemoryUsage of job (MB)
	1802528  -  ResidentSetSize of job (KB)
...
006 (7733450.000.000) 11/16 04:49:52 Image size of job updated: 1890380
	1823  -  MemoryUsage of job (MB)
	1866252  -  ResidentSetSize of job (KB)
...
006 (7733450.000.000) 11/16 04:54:53 Image size of job updated: 1890380
	1827  -  MemoryUsage of job (MB)
	1870348  -  ResidentSetSize of job (KB)
...
006 (7733450.000.000) 11/16 05:19:55 Image size of job updated: 1900420
	1827  -  MemoryUsage of job (MB)
	1870348  -  ResidentSetSize of job (KB)
...
006 (7733450.000.000) 11/16 05:34:56 Image size of job updated: 1903212
	1827  -  MemoryUsage of job (MB)
	1870348  -  ResidentSetSize of job (KB)
...
006 (7733450.000.000) 11/16 05:39:57 Image size of job updated: 1907184
	1827  -  MemoryUsage of job (MB)
	1870348  -  ResidentSetSize of job (KB)
...
006 (7733450.000.000) 11/16 05:44:58 Image size of job updated: 1938220
	1827  -  MemoryUsage of job (MB)
	1870348  -  ResidentSetSize of job (KB)
...
006 (7733450.000.000) 11/16 05:49:58 Image size of job updated: 1944464
	1827  -  MemoryUsage of job (MB)
	1870348  -  ResidentSetSize of job (KB)
...
006 (7733450.000.000) 11/16 05:54:59 Image size of job updated: 1945844
	1827  -  MemoryUsage of job (MB)
	1870348  -  ResidentSetSize of job (KB)
...
006 (7733450.000.000) 11/16 06:20:01 Image size of job updated: 1961072
	1827  -  MemoryUsage of job (MB)
	1870348  -  ResidentSetSize of job (KB)
...
006 (7733450.000.000) 11/16 06:25:01 Image size of job updated: 1961744
	1827  -  MemoryUsage of job (MB)
	1870348  -  ResidentSetSize of job (KB)
...
006 (7733450.000.000) 11/16 07:20:08 Image size of job updated: 1961744
	1862  -  MemoryUsage of job (MB)
	1905908  -  ResidentSetSize of job (KB)
...
006 (7733450.000.000) 11/16 07:25:09 Image size of job updated: 1961744
	1868  -  MemoryUsage of job (MB)
	1912052  -  ResidentSetSize of job (KB)
...
006 (7733450.000.000) 11/16 07:40:10 Image size of job updated: 1970400
	1868  -  MemoryUsage of job (MB)
	1912052  -  ResidentSetSize of job (KB)
...
006 (7733450.000.000) 11/16 07:45:12 Image size of job updated: 1972984
	1868  -  MemoryUsage of job (MB)
	1912052  -  ResidentSetSize of job (KB)
...
006 (7733450.000.000) 11/16 08:00:13 Image size of job updated: 1972984
	1871  -  MemoryUsage of job (MB)
	1915480  -  ResidentSetSize of job (KB)
...
006 (7733450.000.000) 11/16 08:05:14 Image size of job updated: 1972984
	1877  -  MemoryUsage of job (MB)
	1921624  -  ResidentSetSize of job (KB)
...
006 (7733450.000.000) 11/16 08:20:16 Image size of job updated: 1972984
	1881  -  MemoryUsage of job (MB)
	1925500  -  ResidentSetSize of job (KB)
...
006 (7733450.000.000) 11/16 09:20:22 Image size of job updated: 1973064
	1881  -  MemoryUsage of job (MB)
	1925500  -  ResidentSetSize of job (KB)
...
006 (7733450.000.000) 11/16 09:30:23 Image size of job updated: 1975712
	1881  -  MemoryUsage of job (MB)
	1925500  -  ResidentSetSize of job (KB)
...
006 (7733450.000.000) 11/16 09:35:24 Image size of job updated: 1978868
	1881  -  MemoryUsage of job (MB)
	1925500  -  ResidentSetSize of job (KB)
...
006 (7733450.000.000) 11/16 09:40:25 Image size of job updated: 1985908
	1881  -  MemoryUsage of job (MB)
	1925500  -  ResidentSetSize of job (KB)
...
006 (7733450.000.000) 11/16 09:50:25 Image size of job updated: 1987116
	1881  -  MemoryUsage of job (MB)
	1925500  -  ResidentSetSize of job (KB)
...
006 (7733450.000.000) 11/16 09:55:26 Image size of job updated: 1989856
	1882  -  MemoryUsage of job (MB)
	1926904  -  ResidentSetSize of job (KB)
...
006 (7733450.000.000) 11/16 10:00:26 Image size of job updated: 2000308
	1882  -  MemoryUsage of job (MB)
	1926904  -  ResidentSetSize of job (KB)
...
006 (7733450.000.000) 11/16 10:15:28 Image size of job updated: 2001700
	1882  -  MemoryUsage of job (MB)
	1926904  -  ResidentSetSize of job (KB)
...
006 (7733450.000.000) 11/16 10:20:28 Image size of job updated: 2004352
	1882  -  MemoryUsage of job (MB)
	1926904  -  ResidentSetSize of job (KB)
...
006 (7733450.000.000) 11/16 10:25:29 Image size of job updated: 2025300
	1903  -  MemoryUsage of job (MB)
	1947904  -  ResidentSetSize of job (KB)
...
006 (7733450.000.000) 11/16 10:35:30 Image size of job updated: 2074556
	1903  -  MemoryUsage of job (MB)
	1947904  -  ResidentSetSize of job (KB)
...
006 (7733450.000.000) 11/16 10:40:30 Image size of job updated: 2076920
	1903  -  MemoryUsage of job (MB)
	1947904  -  ResidentSetSize of job (KB)
...
006 (7733450.000.000) 11/16 11:00:32 Image size of job updated: 2076920
	1938  -  MemoryUsage of job (MB)
	1983928  -  ResidentSetSize of job (KB)
...
006 (7733450.000.000) 11/16 11:08:38 Image size of job updated: 2076920
	1946  -  MemoryUsage of job (MB)
	1992120  -  ResidentSetSize of job (KB)
...
006 (7733450.000.000) 11/16 12:20:31 Image size of job updated: 2079420
	1946  -  MemoryUsage of job (MB)
	1992120  -  ResidentSetSize of job (KB)
...
006 (7733450.000.000) 11/16 12:25:32 Image size of job updated: 2085716
	1949  -  MemoryUsage of job (MB)
	1995636  -  ResidentSetSize of job (KB)
...
006 (7733450.000.000) 11/16 12:30:32 Image size of job updated: 2101676
	1955  -  MemoryUsage of job (MB)
	2001780  -  ResidentSetSize of job (KB)
...
006 (7733450.000.000) 11/16 12:40:33 Image size of job updated: 2101676
	1956  -  MemoryUsage of job (MB)
	2002160  -  ResidentSetSize of job (KB)
...
006 (7733450.000.000) 11/16 12:45:33 Image size of job updated: 2101676
	1962  -  MemoryUsage of job (MB)
	2008304  -  ResidentSetSize of job (KB)
...
006 (7733450.000.000) 11/16 12:50:33 Image size of job updated: 2112436
	1962  -  MemoryUsage of job (MB)
	2008304  -  ResidentSetSize of job (KB)
...
006 (7733450.000.000) 11/16 12:55:34 Image size of job updated: 2112436
	2031  -  MemoryUsage of job (MB)
	2078968  -  ResidentSetSize of job (KB)
...
006 (7733450.000.000) 11/16 13:00:35 Image size of job updated: 2112436
	2037  -  MemoryUsage of job (MB)
	2085112  -  ResidentSetSize of job (KB)
...
006 (7733450.000.000) 11/16 13:10:36 Image size of job updated: 2112448
	2037  -  MemoryUsage of job (MB)
	2085112  -  ResidentSetSize of job (KB)
...
006 (7733450.000.000) 11/16 13:15:36 Image size of job updated: 2125552
	2037  -  MemoryUsage of job (MB)
	2085112  -  ResidentSetSize of job (KB)
...
006 (7733450.000.000) 11/16 13:30:37 Image size of job updated: 2126604
	2037  -  MemoryUsage of job (MB)
	2085112  -  ResidentSetSize of job (KB)
...
006 (7733450.000.000) 11/16 13:35:37 Image size of job updated: 2127588
	2037  -  MemoryUsage of job (MB)
	2085112  -  ResidentSetSize of job (KB)
...
006 (7733450.000.000) 11/16 13:45:39 Image size of job updated: 2128584
	2037  -  MemoryUsage of job (MB)
	2085112  -  ResidentSetSize of job (KB)
...
006 (7733450.000.000) 11/16 13:50:40 Image size of job updated: 2131768
	2037  -  MemoryUsage of job (MB)
	2085112  -  ResidentSetSize of job (KB)
...
006 (7733450.000.000) 11/16 13:55:40 Image size of job updated: 2136752
	2037  -  MemoryUsage of job (MB)
	2085112  -  ResidentSetSize of job (KB)
...
006 (7733450.000.000) 11/16 14:00:40 Image size of job updated: 2149680
	2037  -  MemoryUsage of job (MB)
	2085112  -  ResidentSetSize of job (KB)
...
006 (7733450.000.000) 11/16 14:25:44 Image size of job updated: 2149776
	2037  -  MemoryUsage of job (MB)
	2085112  -  ResidentSetSize of job (KB)
...
006 (7733450.000.000) 11/16 14:30:44 Image size of job updated: 2153528
	2037  -  MemoryUsage of job (MB)
	2085112  -  ResidentSetSize of job (KB)
...
006 (7733450.000.000) 11/16 14:35:44 Image size of job updated: 2161304
	2037  -  MemoryUsage of job (MB)
	2085112  -  ResidentSetSize of job (KB)
...
006 (7733450.000.000) 11/16 14:40:45 Image size of job updated: 2161696
	2037  -  MemoryUsage of job (MB)
	2085112  -  ResidentSetSize of job (KB)
...
006 (7733450.000.000) 11/16 14:45:45 Image size of job updated: 2173680
	2037  -  MemoryUsage of job (MB)
	2085112  -  ResidentSetSize of job (KB)
...
006 (7733450.000.000) 11/16 14:50:45 Image size of job updated: 2174564
	2041  -  MemoryUsage of job (MB)
	2089912  -  ResidentSetSize of job (KB)
...
006 (7733450.000.000) 11/16 15:10:48 Image size of job updated: 2177440
	2041  -  MemoryUsage of job (MB)
	2089912  -  ResidentSetSize of job (KB)
...
006 (7733450.000.000) 11/16 15:15:49 Image size of job updated: 2185720
	2041  -  MemoryUsage of job (MB)
	2089912  -  ResidentSetSize of job (KB)
...
006 (7733450.000.000) 11/16 15:20:49 Image size of job updated: 2186816
	2085  -  MemoryUsage of job (MB)
	2134284  -  ResidentSetSize of job (KB)
...
006 (7733450.000.000) 11/16 15:25:49 Image size of job updated: 2189480
	2102  -  MemoryUsage of job (MB)
	2151564  -  ResidentSetSize of job (KB)
...
006 (7733450.000.000) 11/16 15:30:50 Image size of job updated: 2189480
	2108  -  MemoryUsage of job (MB)
	2157708  -  ResidentSetSize of job (KB)
...
006 (7733450.000.000) 11/16 15:35:50 Image size of job updated: 2201476
	2108  -  MemoryUsage of job (MB)
	2157708  -  ResidentSetSize of job (KB)
...
006 (7733450.000.000) 11/16 15:40:50 Image size of job updated: 2201492
	2108  -  MemoryUsage of job (MB)
	2157708  -  ResidentSetSize of job (KB)
...
006 (7733450.000.000) 11/16 15:45:51 Image size of job updated: 2202904
	2108  -  MemoryUsage of job (MB)
	2157708  -  ResidentSetSize of job (KB)
...
006 (7733450.000.000) 11/16 15:55:52 Image size of job updated: 2207400
	2108  -  MemoryUsage of job (MB)
	2157708  -  ResidentSetSize of job (KB)
...
006 (7733450.000.000) 11/16 16:00:53 Image size of job updated: 2217956
	2108  -  MemoryUsage of job (MB)
	2157708  -  ResidentSetSize of job (KB)
...
006 (7733450.000.000) 11/16 16:05:54 Image size of job updated: 2220040
	2108  -  MemoryUsage of job (MB)
	2157708  -  ResidentSetSize of job (KB)
...
006 (7733450.000.000) 11/16 16:17:12 Image size of job updated: 2220324
	2108  -  MemoryUsage of job (MB)
	2157708  -  ResidentSetSize of job (KB)
...
006 (7733450.000.000) 11/16 16:21:05 Image size of job updated: 2262420
	2108  -  MemoryUsage of job (MB)
	2157708  -  ResidentSetSize of job (KB)
...
006 (7733450.000.000) 11/16 16:26:05 Image size of job updated: 2262952
	2108  -  MemoryUsage of job (MB)
	2157708  -  ResidentSetSize of job (KB)
...
006 (7733450.000.000) 11/16 16:31:06 Image size of job updated: 2262952
	2119  -  MemoryUsage of job (MB)
	2169112  -  ResidentSetSize of job (KB)
...
006 (7733450.000.000) 11/16 16:36:07 Image size of job updated: 2262952
	2125  -  MemoryUsage of job (MB)
	2175256  -  ResidentSetSize of job (KB)
...
006 (7733450.000.000) 11/16 16:51:08 Image size of job updated: 2294688
	2125  -  MemoryUsage of job (MB)
	2175256  -  ResidentSetSize of job (KB)
...
006 (7733450.000.000) 11/16 16:56:08 Image size of job updated: 2296480
	2125  -  MemoryUsage of job (MB)
	2175256  -  ResidentSetSize of job (KB)
...
006 (7733450.000.000) 11/16 17:01:08 Image size of job updated: 2296480
	2192  -  MemoryUsage of job (MB)
	2243860  -  ResidentSetSize of job (KB)
...
006 (7733450.000.000) 11/16 17:06:09 Image size of job updated: 2296480
	2196  -  MemoryUsage of job (MB)
	2247956  -  ResidentSetSize of job (KB)
...
006 (7733450.000.000) 11/16 18:11:15 Image size of job updated: 2297812
	2196  -  MemoryUsage of job (MB)
	2247956  -  ResidentSetSize of job (KB)
...
006 (7733450.000.000) 11/16 18:16:15 Image size of job updated: 2298512
	2233  -  MemoryUsage of job (MB)
	2285784  -  ResidentSetSize of job (KB)
...
006 (7733450.000.000) 11/16 18:36:17 Image size of job updated: 2304672
	2233  -  MemoryUsage of job (MB)
	2285784  -  ResidentSetSize of job (KB)
...
006 (7733450.000.000) 11/16 18:41:18 Image size of job updated: 2319528
	2233  -  MemoryUsage of job (MB)
	2285784  -  ResidentSetSize of job (KB)
...
006 (7733450.000.000) 11/16 18:46:18 Image size of job updated: 2320452
	2233  -  MemoryUsage of job (MB)
	2285784  -  ResidentSetSize of job (KB)
...
006 (7733450.000.000) 11/16 19:01:20 Image size of job updated: 2378296
	2233  -  MemoryUsage of job (MB)
	2285784  -  ResidentSetSize of job (KB)
...
006 (7733450.000.000) 11/16 19:26:23 Image size of job updated: 2398624
	2233  -  MemoryUsage of job (MB)
	2285784  -  ResidentSetSize of job (KB)
...
006 (7733450.000.000) 11/16 19:31:24 Image size of job updated: 2400656
	2233  -  MemoryUsage of job (MB)
	2285784  -  ResidentSetSize of job (KB)
...
006 (7733450.000.000) 11/16 19:36:24 Image size of job updated: 2404108
	2233  -  MemoryUsage of job (MB)
	2285784  -  ResidentSetSize of job (KB)
...
006 (7733450.000.000) 11/16 20:11:27 Image size of job updated: 2404108
	2240  -  MemoryUsage of job (MB)
	2293088  -  ResidentSetSize of job (KB)
...
006 (7733450.000.000) 11/16 20:16:28 Image size of job updated: 2404108
	2246  -  MemoryUsage of job (MB)
	2299232  -  ResidentSetSize of job (KB)
...
006 (7733450.000.000) 11/16 20:56:32 Image size of job updated: 2407100
	2246  -  MemoryUsage of job (MB)
	2299232  -  ResidentSetSize of job (KB)
...
006 (7733450.000.000) 11/16 21:01:32 Image size of job updated: 2408844
	2246  -  MemoryUsage of job (MB)
	2299232  -  ResidentSetSize of job (KB)
...
006 (7733450.000.000) 11/16 21:26:35 Image size of job updated: 2409124
	2294  -  MemoryUsage of job (MB)
	2348904  -  ResidentSetSize of job (KB)
...
006 (7733450.000.000) 11/16 21:31:35 Image size of job updated: 2409124
	2300  -  MemoryUsage of job (MB)
	2355048  -  ResidentSetSize of job (KB)
...
006 (7733450.000.000) 11/16 22:41:44 Image size of job updated: 2415200
	2357  -  MemoryUsage of job (MB)
	2412792  -  ResidentSetSize of job (KB)
...
006 (7733450.000.000) 11/16 22:46:45 Image size of job updated: 2416508
	2357  -  MemoryUsage of job (MB)
	2412792  -  ResidentSetSize of job (KB)
...
006 (7733450.000.000) 11/16 22:56:45 Image size of job updated: 2418952
	2357  -  MemoryUsage of job (MB)
	2412792  -  ResidentSetSize of job (KB)
...
006 (7733450.000.000) 11/16 23:01:46 Image size of job updated: 2419584
	2357  -  MemoryUsage of job (MB)
	2412792  -  ResidentSetSize of job (KB)
...
006 (7733450.000.000) 11/16 23:06:46 Image size of job updated: 2423364
	2357  -  MemoryUsage of job (MB)
	2412792  -  ResidentSetSize of job (KB)
...
006 (7733450.000.000) 11/16 23:16:47 Image size of job updated: 2431212
	2357  -  MemoryUsage of job (MB)
	2412792  -  ResidentSetSize of job (KB)
...
006 (7733450.000.000) 11/16 23:21:48 Image size of job updated: 2432756
	2357  -  MemoryUsage of job (MB)
	2412792  -  ResidentSetSize of job (KB)
...
006 (7733450.000.000) 11/16 23:41:50 Image size of job updated: 2445576
	2357  -  MemoryUsage of job (MB)
	2412792  -  ResidentSetSize of job (KB)
...
006 (7733450.000.000) 11/16 23:46:50 Image size of job updated: 2446156
	2357  -  MemoryUsage of job (MB)
	2412792  -  ResidentSetSize of job (KB)
...
006 (7733450.000.000) 11/16 23:51:51 Image size of job updated: 2446372
	2357  -  MemoryUsage of job (MB)
	2412792  -  ResidentSetSize of job (KB)
...
006 (7733450.000.000) 11/17 00:06:52 Image size of job updated: 2448676
	2357  -  MemoryUsage of job (MB)
	2412792  -  ResidentSetSize of job (KB)
...
006 (7733450.000.000) 11/17 00:11:54 Image size of job updated: 2451632
	2357  -  MemoryUsage of job (MB)
	2412792  -  ResidentSetSize of job (KB)
...
006 (7733450.000.000) 11/17 00:16:54 Image size of job updated: 2454944
	2357  -  MemoryUsage of job (MB)
	2412792  -  ResidentSetSize of job (KB)
...
006 (7733450.000.000) 11/17 00:21:54 Image size of job updated: 2461824
	2357  -  MemoryUsage of job (MB)
	2412792  -  ResidentSetSize of job (KB)
...
006 (7733450.000.000) 11/17 00:26:55 Image size of job updated: 2471148
	2357  -  MemoryUsage of job (MB)
	2412792  -  ResidentSetSize of job (KB)
...
006 (7733450.000.000) 11/17 00:36:56 Image size of job updated: 2475972
	2357  -  MemoryUsage of job (MB)
	2412792  -  ResidentSetSize of job (KB)
...
006 (7733450.000.000) 11/17 00:41:56 Image size of job updated: 2476916
	2357  -  MemoryUsage of job (MB)
	2412792  -  ResidentSetSize of job (KB)
...
006 (7733450.000.000) 11/17 01:01:57 Image size of job updated: 2478440
	2357  -  MemoryUsage of job (MB)
	2412792  -  ResidentSetSize of job (KB)
...
006 (7733450.000.000) 11/17 01:06:58 Image size of job updated: 2480656
	2357  -  MemoryUsage of job (MB)
	2412792  -  ResidentSetSize of job (KB)
...
006 (7733450.000.000) 11/17 01:11:59 Image size of job updated: 2482912
	2357  -  MemoryUsage of job (MB)
	2412792  -  ResidentSetSize of job (KB)
...
006 (7733450.000.000) 11/17 01:16:59 Image size of job updated: 2485272
	2357  -  MemoryUsage of job (MB)
	2412792  -  ResidentSetSize of job (KB)
...
006 (7733450.000.000) 11/17 01:22:00 Image size of job updated: 2508220
	2357  -  MemoryUsage of job (MB)
	2412792  -  ResidentSetSize of job (KB)
...
006 (7733450.000.000) 11/17 01:27:01 Image size of job updated: 2510460
	2357  -  MemoryUsage of job (MB)
	2412792  -  ResidentSetSize of job (KB)
...
006 (7733450.000.000) 11/17 01:32:01 Image size of job updated: 2510804
	2357  -  MemoryUsage of job (MB)
	2412792  -  ResidentSetSize of job (KB)
...
006 (7733450.000.000) 11/17 01:37:02 Image size of job updated: 2530280
	2357  -  MemoryUsage of job (MB)
	2412792  -  ResidentSetSize of job (KB)
...
006 (7733450.000.000) 11/17 01:42:03 Image size of job updated: 2531460
	2357  -  MemoryUsage of job (MB)
	2412792  -  ResidentSetSize of job (KB)
...
006 (7733450.000.000) 11/17 01:47:03 Image size of job updated: 2538504
	2357  -  MemoryUsage of job (MB)
	2412792  -  ResidentSetSize of job (KB)
...
006 (7733450.000.000) 11/17 01:52:04 Image size of job updated: 2539508
	2357  -  MemoryUsage of job (MB)
	2412792  -  ResidentSetSize of job (KB)
...
006 (7733450.000.000) 11/17 02:12:06 Image size of job updated: 2539772
	2357  -  MemoryUsage of job (MB)
	2412792  -  ResidentSetSize of job (KB)
...
006 (7733450.000.000) 11/17 02:17:06 Image size of job updated: 2542184
	2357  -  MemoryUsage of job (MB)
	2412792  -  ResidentSetSize of job (KB)
...
006 (7733450.000.000) 11/17 02:22:07 Image size of job updated: 2544752
	2357  -  MemoryUsage of job (MB)
	2412792  -  ResidentSetSize of job (KB)
...
006 (7733450.000.000) 11/17 02:27:07 Image size of job updated: 2547220
	2397  -  MemoryUsage of job (MB)
	2453724  -  ResidentSetSize of job (KB)
...
006 (7733450.000.000) 11/17 02:32:07 Image size of job updated: 2550036
	2401  -  MemoryUsage of job (MB)
	2457820  -  ResidentSetSize of job (KB)
...
006 (7733450.000.000) 11/17 02:37:08 Image size of job updated: 2552532
	2401  -  MemoryUsage of job (MB)
	2457820  -  ResidentSetSize of job (KB)
...
006 (7733450.000.000) 11/17 02:42:09 Image size of job updated: 2556268
	2401  -  MemoryUsage of job (MB)
	2457820  -  ResidentSetSize of job (KB)
...
006 (7733450.000.000) 11/17 02:47:09 Image size of job updated: 2556868
	2401  -  MemoryUsage of job (MB)
	2457820  -  ResidentSetSize of job (KB)
...
006 (7733450.000.000) 11/17 02:52:10 Image size of job updated: 2559184
	2401  -  MemoryUsage of job (MB)
	2457820  -  ResidentSetSize of job (KB)
...
006 (7733450.000.000) 11/17 02:57:11 Image size of job updated: 2560548
	2401  -  MemoryUsage of job (MB)
	2457820  -  ResidentSetSize of job (KB)
...
006 (7733450.000.000) 11/17 03:02:11 Image size of job updated: 2560720
	2456  -  MemoryUsage of job (MB)
	2514032  -  ResidentSetSize of job (KB)
...
006 (7733450.000.000) 11/17 03:07:11 Image size of job updated: 2582720
	2462  -  MemoryUsage of job (MB)
	2520176  -  ResidentSetSize of job (KB)
...
006 (7733450.000.000) 11/17 03:12:12 Image size of job updated: 2583112
	2462  -  MemoryUsage of job (MB)
	2520176  -  ResidentSetSize of job (KB)
...
006 (7733450.000.000) 11/17 05:12:23 Image size of job updated: 2583908
	2462  -  MemoryUsage of job (MB)
	2520176  -  ResidentSetSize of job (KB)
...
006 (7733450.000.000) 11/17 05:17:23 Image size of job updated: 2587140
	2462  -  MemoryUsage of job (MB)
	2520176  -  ResidentSetSize of job (KB)
...
006 (7733450.000.000) 11/17 05:22:24 Image size of job updated: 2590836
	2462  -  MemoryUsage of job (MB)
	2520176  -  ResidentSetSize of job (KB)
...
006 (7733450.000.000) 11/17 05:27:25 Image size of job updated: 2595124
	2462  -  MemoryUsage of job (MB)
	2520176  -  ResidentSetSize of job (KB)
...
006 (7733450.000.000) 11/17 05:32:25 Image size of job updated: 2596200
	2481  -  MemoryUsage of job (MB)
	2539760  -  ResidentSetSize of job (KB)
...
006 (7733450.000.000) 11/17 06:02:29 Image size of job updated: 2624520
	2496  -  MemoryUsage of job (MB)
	2555244  -  ResidentSetSize of job (KB)
...
006 (7733450.000.000) 11/17 06:07:30 Image size of job updated: 2624820
	2498  -  MemoryUsage of job (MB)
	2557292  -  ResidentSetSize of job (KB)
...
006 (7733450.000.000) 11/17 06:37:32 Image size of job updated: 2624820
	2540  -  MemoryUsage of job (MB)
	2600944  -  ResidentSetSize of job (KB)
...
006 (7733450.000.000) 11/17 06:47:33 Image size of job updated: 2652496
	2540  -  MemoryUsage of job (MB)
	2600944  -  ResidentSetSize of job (KB)
...
006 (7733450.000.000) 11/17 06:52:34 Image size of job updated: 2654060
	2540  -  MemoryUsage of job (MB)
	2600944  -  ResidentSetSize of job (KB)
...
006 (7733450.000.000) 11/17 07:32:38 Image size of job updated: 2654060
	2549  -  MemoryUsage of job (MB)
	2609792  -  ResidentSetSize of job (KB)
...
006 (7733450.000.000) 11/17 07:37:38 Image size of job updated: 2660448
	2552  -  MemoryUsage of job (MB)
	2612704  -  ResidentSetSize of job (KB)
...
006 (7733450.000.000) 11/17 07:42:39 Image size of job updated: 2660988
	2552  -  MemoryUsage of job (MB)
	2612704  -  ResidentSetSize of job (KB)
...
006 (7733450.000.000) 11/17 07:47:40 Image size of job updated: 2661508
	2552  -  MemoryUsage of job (MB)
	2612704  -  ResidentSetSize of job (KB)
...
006 (7733450.000.000) 11/17 07:52:40 Image size of job updated: 2663816
	2552  -  MemoryUsage of job (MB)
	2612704  -  ResidentSetSize of job (KB)
...
006 (7733450.000.000) 11/17 07:57:40 Image size of job updated: 2666064
	2552  -  MemoryUsage of job (MB)
	2612704  -  ResidentSetSize of job (KB)
...
006 (7733450.000.000) 11/17 08:02:41 Image size of job updated: 2666448
	2552  -  MemoryUsage of job (MB)
	2612704  -  ResidentSetSize of job (KB)
...
006 (7733450.000.000) 11/17 08:12:41 Image size of job updated: 2672296
	2552  -  MemoryUsage of job (MB)
	2612704  -  ResidentSetSize of job (KB)
...
006 (7733450.000.000) 11/17 08:42:44 Image size of job updated: 2680728
	2552  -  MemoryUsage of job (MB)
	2612704  -  ResidentSetSize of job (KB)
...
006 (7733450.000.000) 11/17 08:47:45 Image size of job updated: 2681184
	2552  -  MemoryUsage of job (MB)
	2612704  -  ResidentSetSize of job (KB)
...
006 (7733450.000.000) 11/17 10:07:53 Image size of job updated: 2687988
	2552  -  MemoryUsage of job (MB)
	2612704  -  ResidentSetSize of job (KB)
...
006 (7733450.000.000) 11/17 10:12:54 Image size of job updated: 2688240
	2552  -  MemoryUsage of job (MB)
	2612704  -  ResidentSetSize of job (KB)
...
006 (7733450.000.000) 11/17 10:22:54 Image size of job updated: 2695308
	2552  -  MemoryUsage of job (MB)
	2612704  -  ResidentSetSize of job (KB)
...
006 (7733450.000.000) 11/17 10:27:55 Image size of job updated: 2696152
	2576  -  MemoryUsage of job (MB)
	2637820  -  ResidentSetSize of job (KB)
...
006 (7733450.000.000) 11/17 10:32:55 Image size of job updated: 2698712
	2582  -  MemoryUsage of job (MB)
	2643964  -  ResidentSetSize of job (KB)
...
006 (7733450.000.000) 11/17 10:37:55 Image size of job updated: 2702768
	2582  -  MemoryUsage of job (MB)
	2643964  -  ResidentSetSize of job (KB)
...
006 (7733450.000.000) 11/17 10:42:56 Image size of job updated: 2704200
	2582  -  MemoryUsage of job (MB)
	2643964  -  ResidentSetSize of job (KB)
...
006 (7733450.000.000) 11/17 10:57:58 Image size of job updated: 2725744
	2582  -  MemoryUsage of job (MB)
	2643964  -  ResidentSetSize of job (KB)
...
006 (7733450.000.000) 11/17 11:02:59 Image size of job updated: 2727636
	2601  -  MemoryUsage of job (MB)
	2662752  -  ResidentSetSize of job (KB)
...
006 (7733450.000.000) 11/17 11:07:59 Image size of job updated: 2729832
	2605  -  MemoryUsage of job (MB)
	2667104  -  ResidentSetSize of job (KB)
...
006 (7733450.000.000) 11/17 11:12:59 Image size of job updated: 2731988
	2605  -  MemoryUsage of job (MB)
	2667104  -  ResidentSetSize of job (KB)
...
006 (7733450.000.000) 11/17 11:18:00 Image size of job updated: 2732200
	2605  -  MemoryUsage of job (MB)
	2667104  -  ResidentSetSize of job (KB)
...
006 (7733450.000.000) 11/17 11:23:00 Image size of job updated: 2732364
	2605  -  MemoryUsage of job (MB)
	2667104  -  ResidentSetSize of job (KB)
...
006 (7733450.000.000) 11/17 11:28:00 Image size of job updated: 2757468
	2605  -  MemoryUsage of job (MB)
	2667104  -  ResidentSetSize of job (KB)
...
006 (7733450.000.000) 11/17 11:33:02 Image size of job updated: 2758196
	2605  -  MemoryUsage of job (MB)
	2667104  -  ResidentSetSize of job (KB)
...
006 (7733450.000.000) 11/17 11:58:04 Image size of job updated: 2758196
	2607  -  MemoryUsage of job (MB)
	2668576  -  ResidentSetSize of job (KB)
...
006 (7733450.000.000) 11/17 12:03:05 Image size of job updated: 2758196
	2608  -  MemoryUsage of job (MB)
	2669600  -  ResidentSetSize of job (KB)
...
006 (7733450.000.000) 11/17 12:53:10 Image size of job updated: 2758760
	2608  -  MemoryUsage of job (MB)
	2669600  -  ResidentSetSize of job (KB)
...
006 (7733450.000.000) 11/17 12:58:11 Image size of job updated: 2760164
	2608  -  MemoryUsage of job (MB)
	2669600  -  ResidentSetSize of job (KB)
...
006 (7733450.000.000) 11/17 13:13:12 Image size of job updated: 2771096
	2608  -  MemoryUsage of job (MB)
	2669600  -  ResidentSetSize of job (KB)
...
006 (7733450.000.000) 11/17 13:18:12 Image size of job updated: 2773152
	2608  -  MemoryUsage of job (MB)
	2669600  -  ResidentSetSize of job (KB)
...
006 (7733450.000.000) 11/17 13:25:48 Image size of job updated: 2773172
	2608  -  MemoryUsage of job (MB)
	2669600  -  ResidentSetSize of job (KB)
...
006 (7733450.000.000) 11/17 13:33:36 Image size of job updated: 2773172
	2686  -  MemoryUsage of job (MB)
	2749788  -  ResidentSetSize of job (KB)
...
006 (7733450.000.000) 11/17 13:39:51 Image size of job updated: 2773172
	2696  -  MemoryUsage of job (MB)
	2760028  -  ResidentSetSize of job (KB)
...
006 (7733450.000.000) 11/17 13:49:52 Image size of job updated: 2809216
	2696  -  MemoryUsage of job (MB)
	2760028  -  ResidentSetSize of job (KB)
...
006 (7733450.000.000) 11/17 13:54:53 Image size of job updated: 2811016
	2696  -  MemoryUsage of job (MB)
	2760028  -  ResidentSetSize of job (KB)
...
006 (7733450.000.000) 11/17 14:00:52 Image size of job updated: 2811916
	2696  -  MemoryUsage of job (MB)
	2760028  -  ResidentSetSize of job (KB)
...
006 (7733450.000.000) 11/17 14:19:56 Image size of job updated: 2823068
	2696  -  MemoryUsage of job (MB)
	2760028  -  ResidentSetSize of job (KB)
...
006 (7733450.000.000) 11/17 14:24:57 Image size of job updated: 2833068
	2696  -  MemoryUsage of job (MB)
	2760028  -  ResidentSetSize of job (KB)
...
006 (7733450.000.000) 11/17 14:29:57 Image size of job updated: 2833068
	2713  -  MemoryUsage of job (MB)
	2777104  -  ResidentSetSize of job (KB)
...
006 (7733450.000.000) 11/17 16:09:28 Image size of job updated: 2848176
	2713  -  MemoryUsage of job (MB)
	2777104  -  ResidentSetSize of job (KB)
...
006 (7733450.000.000) 11/17 17:03:01 Image size of job updated: 2854696
	2713  -  MemoryUsage of job (MB)
	2777104  -  ResidentSetSize of job (KB)
...
040 (7733450.000.000) 11/17 18:06:02 Started transferring input files
	Seconds spent in queue: 208025
...
040 (7733450.000.000) 11/17 18:06:02 Finished transferring input files
...
001 (7733450.000.000) 11/17 18:06:04 Job executing on host: <188.185.198.122:9618?addrs=188.185.198.122-9618+[2001-1458-303-25--100-76]-9618&alias=b9p15p2858.cern.ch&noUDP&sock=startd_6056_7da2>
	SlotName: slot1_33@b9p15p2858.cern.ch
	CondorScratchDir = "/pool/condor/dir_2351695"
	Cpus = 1
	Disk = 2902914
	Memory = 2000
...
040 (7733450.000.000) 11/18 08:15:49 Started transferring input files
	Seconds spent in queue: 259012
...
040 (7733450.000.000) 11/18 08:15:49 Finished transferring input files
...
001 (7733450.000.000) 11/18 08:15:50 Job executing on host: <188.185.194.47:9618?addrs=188.185.194.47-9618+[2001-1458-303-21--100-2b]-9618&alias=b9p20p7602.cern.ch&noUDP&sock=startd_8346_3d83>
	SlotName: slot1_31@b9p20p7602.cern.ch
	CondorScratchDir = "/pool/condor/dir_1544128"
	Cpus = 1
	Disk = 3707
	GPUs = 0
	Memory = 2000
...
006 (7733450.000.000) 11/21 04:53:00 Image size of job updated: 3005360
	2935  -  MemoryUsage of job (MB)
	3005360  -  ResidentSetSize of job (KB)
...
006 (7733450.000.000) 11/21 04:58:01 Image size of job updated: 3005360
	2947  -  MemoryUsage of job (MB)
	3017648  -  ResidentSetSize of job (KB)
...
006 (7733450.000.000) 11/21 06:28:09 Image size of job updated: 3059440
	2988  -  MemoryUsage of job (MB)
	3059440  -  ResidentSetSize of job (KB)
...
006 (7733450.000.000) 11/21 06:33:10 Image size of job updated: 3059440
	2998  -  MemoryUsage of job (MB)
	3069680  -  ResidentSetSize of job (KB)
...
006 (7733450.000.000) 11/21 08:48:24 Image size of job updated: 3092436
	3020  -  MemoryUsage of job (MB)
	3092436  -  ResidentSetSize of job (KB)
...
006 (7733450.000.000) 11/21 08:53:24 Image size of job updated: 3092436
	3030  -  MemoryUsage of job (MB)
	3102676  -  ResidentSetSize of job (KB)
...
006 (7733450.000.000) 11/21 10:23:33 Image size of job updated: 3163528
	3090  -  MemoryUsage of job (MB)
	3163528  -  ResidentSetSize of job (KB)
...
006 (7733450.000.000) 11/21 10:28:34 Image size of job updated: 3163528
	3098  -  MemoryUsage of job (MB)
	3171720  -  ResidentSetSize of job (KB)
...
006 (7733450.000.000) 11/21 14:49:02 Image size of job updated: 3238864
	3163  -  MemoryUsage of job (MB)
	3238864  -  ResidentSetSize of job (KB)
...
006 (7733450.000.000) 11/21 17:54:22 Image size of job updated: 3279816
	3203  -  MemoryUsage of job (MB)
	3279816  -  ResidentSetSize of job (KB)
...
006 (7733450.000.000) 11/21 18:09:24 Image size of job updated: 3308776
	3232  -  MemoryUsage of job (MB)
	3308776  -  ResidentSetSize of job (KB)
...
006 (7733450.000.000) 11/21 18:14:24 Image size of job updated: 3308776
	3240  -  MemoryUsage of job (MB)
	3316968  -  ResidentSetSize of job (KB)
...
006 (7733450.000.000) 11/21 19:29:32 Image size of job updated: 3333128
	3256  -  MemoryUsage of job (MB)
	3333128  -  ResidentSetSize of job (KB)
...
006 (7733450.000.000) 11/21 20:29:38 Image size of job updated: 3379116
	3300  -  MemoryUsage of job (MB)
	3379116  -  ResidentSetSize of job (KB)
...
006 (7733450.000.000) 11/21 20:34:39 Image size of job updated: 3379116
	3302  -  MemoryUsage of job (MB)
	3381164  -  ResidentSetSize of job (KB)
...
006 (7733450.000.000) 11/21 22:34:51 Image size of job updated: 3379192
	3302  -  MemoryUsage of job (MB)
	3381164  -  ResidentSetSize of job (KB)
...
006 (7733450.000.000) 11/22 00:10:01 Image size of job updated: 3394660
	3316  -  MemoryUsage of job (MB)
	3394660  -  ResidentSetSize of job (KB)
...
006 (7733450.000.000) 11/22 00:15:01 Image size of job updated: 3394660
	3336  -  MemoryUsage of job (MB)
	3415140  -  ResidentSetSize of job (KB)
...
006 (7733450.000.000) 11/22 05:20:32 Image size of job updated: 3414596
	3336  -  MemoryUsage of job (MB)
	3415140  -  ResidentSetSize of job (KB)
...
006 (7733450.000.000) 11/22 09:00:53 Image size of job updated: 3473404
	3392  -  MemoryUsage of job (MB)
	3473404  -  ResidentSetSize of job (KB)
...
006 (7733450.000.000) 11/22 09:05:54 Image size of job updated: 3473404
	3402  -  MemoryUsage of job (MB)
	3483644  -  ResidentSetSize of job (KB)
...
006 (7733450.000.000) 11/22 10:41:04 Image size of job updated: 3514048
	3432  -  MemoryUsage of job (MB)
	3514048  -  ResidentSetSize of job (KB)
...
006 (7733450.000.000) 11/22 10:46:04 Image size of job updated: 3514048
	3446  -  MemoryUsage of job (MB)
	3528384  -  ResidentSetSize of job (KB)
...
006 (7733450.000.000) 11/22 11:21:08 Image size of job updated: 3517044
	3446  -  MemoryUsage of job (MB)
	3528384  -  ResidentSetSize of job (KB)
...
006 (7733450.000.000) 11/22 13:46:22 Image size of job updated: 3568840
	3486  -  MemoryUsage of job (MB)
	3568840  -  ResidentSetSize of job (KB)
...
006 (7733450.000.000) 11/22 13:51:22 Image size of job updated: 3568840
	3498  -  MemoryUsage of job (MB)
	3581128  -  ResidentSetSize of job (KB)
...
006 (7733450.000.000) 11/22 13:56:24 Image size of job updated: 3656368
	3571  -  MemoryUsage of job (MB)
	3656368  -  ResidentSetSize of job (KB)
...
006 (7733450.000.000) 11/22 14:01:24 Image size of job updated: 3656368
	3581  -  MemoryUsage of job (MB)
	3666608  -  ResidentSetSize of job (KB)
...
006 (7733450.000.000) 11/22 14:51:29 Image size of job updated: 3680044
	3594  -  MemoryUsage of job (MB)
	3680044  -  ResidentSetSize of job (KB)
...
006 (7733450.000.000) 11/22 17:46:49 Image size of job updated: 3695204
	3609  -  MemoryUsage of job (MB)
	3695204  -  ResidentSetSize of job (KB)
...
006 (7733450.000.000) 11/22 17:51:49 Image size of job updated: 3695204
	3617  -  MemoryUsage of job (MB)
	3703412  -  ResidentSetSize of job (KB)
...
006 (7733450.000.000) 11/22 17:56:49 Image size of job updated: 3757028
	3669  -  MemoryUsage of job (MB)
	3757028  -  ResidentSetSize of job (KB)
...
006 (7733450.000.000) 11/22 20:12:04 Image size of job updated: 3790536
	3702  -  MemoryUsage of job (MB)
	3790536  -  ResidentSetSize of job (KB)
...
006 (7733450.000.000) 11/22 21:57:15 Image size of job updated: 3790536
	3702  -  MemoryUsage of job (MB)
	3790608  -  ResidentSetSize of job (KB)
...
006 (7733450.000.000) 11/23 00:47:30 Image size of job updated: 3849076
	3759  -  MemoryUsage of job (MB)
	3849076  -  ResidentSetSize of job (KB)
...
006 (7733450.000.000) 11/23 00:52:31 Image size of job updated: 3849076
	3773  -  MemoryUsage of job (MB)
	3863412  -  ResidentSetSize of job (KB)
...
006 (7733450.000.000) 11/23 01:32:35 Image size of job updated: 3902916
	3812  -  MemoryUsage of job (MB)
	3902916  -  ResidentSetSize of job (KB)
...
006 (7733450.000.000) 11/23 06:28:05 Image size of job updated: 3921572
	3830  -  MemoryUsage of job (MB)
	3921572  -  ResidentSetSize of job (KB)
...
006 (7733450.000.000) 11/23 06:33:05 Image size of job updated: 3921572
	3839  -  MemoryUsage of job (MB)
	3930788  -  ResidentSetSize of job (KB)
...
006 (7733450.000.000) 11/23 08:58:20 Image size of job updated: 3967048
	3875  -  MemoryUsage of job (MB)
	3967048  -  ResidentSetSize of job (KB)
...
006 (7733450.000.000) 11/23 09:03:21 Image size of job updated: 3967048
	3883  -  MemoryUsage of job (MB)
	3975240  -  ResidentSetSize of job (KB)
...
006 (7733450.000.000) 11/23 09:08:22 Image size of job updated: 4015444
	3922  -  MemoryUsage of job (MB)
	4015444  -  ResidentSetSize of job (KB)
...
006 (7733450.000.000) 11/23 09:13:22 Image size of job updated: 4015444
	3928  -  MemoryUsage of job (MB)
	4021588  -  ResidentSetSize of job (KB)
...
006 (7733450.000.000) 11/23 12:08:39 Image size of job updated: 4051800
	3957  -  MemoryUsage of job (MB)
	4051800  -  ResidentSetSize of job (KB)
...
006 (7733450.000.000) 11/23 12:13:40 Image size of job updated: 4051800
	3965  -  MemoryUsage of job (MB)
	4059756  -  ResidentSetSize of job (KB)
...
006 (7733450.000.000) 11/23 14:43:55 Image size of job updated: 4118788
	4023  -  MemoryUsage of job (MB)
	4118788  -  ResidentSetSize of job (KB)
...
006 (7733450.000.000) 11/23 14:48:55 Image size of job updated: 4118788
	4031  -  MemoryUsage of job (MB)
	4126980  -  ResidentSetSize of job (KB)
...
006 (7733450.000.000) 11/23 18:24:18 Image size of job updated: 4162528
	4065  -  MemoryUsage of job (MB)
	4162528  -  ResidentSetSize of job (KB)
...
006 (7733450.000.000) 11/23 18:29:19 Image size of job updated: 4162528
	4078  -  MemoryUsage of job (MB)
	4175072  -  ResidentSetSize of job (KB)
...
006 (7733450.000.000) 11/23 20:49:33 Image size of job updated: 6571016
	6418  -  MemoryUsage of job (MB)
	6571016  -  ResidentSetSize of job (KB)
...
040 (7733450.000.000) 11/23 20:49:37 Started transferring output files
	Seconds spent in queue: 736240
...
040 (7733450.000.000) 11/23 20:49:38 Finished transferring output files
...
005 (7733450.000.000) 11/23 20:49:38 Job terminated.
	(1) Normal termination (return value 0)
		Usr 2 16:53:01, Sys 2 14:57:05  -  Run Remote Usage
		Usr 0 00:00:00, Sys 0 00:00:00  -  Run Local Usage
		Usr 4 05:51:45, Sys 4 00:12:44  -  Total Remote Usage
		Usr 0 00:00:00, Sys 0 00:00:00  -  Total Local Usage
	254052  -  Run Bytes Sent By Job
	10951  -  Run Bytes Received By Job
	254052  -  Total Bytes Sent By Job
	43804  -  Total Bytes Received By Job
	Partitionable Resources :    Usage  Request Allocated 
	   Cpus                 :     0.98        1         1 
	   Disk (KB)            :   283         125      3707 
	   GPUs                 :                           0 
	   Memory (MB)          :  6418        2000      2000 

	Job terminated of its own accord at 2024-11-23T19:49:37Z with exit-code 0.
...
