000 (7704989.000.000) 11/08 15:26:07 Job submitted from host: <137.138.55.115:9618?addrs=137.138.55.115-9618+[2001-1458-d00-17--12a]-9618&alias=bigbird23.cern.ch&noUDP&sock=schedd_4975_03c1>
...
040 (7704989.000.000) 11/08 15:40:19 Started transferring input files
	Transferring to host: <128.142.131.17:9618?addrs=128.142.131.17-9618+[2001-1458-301-59--100-5]-9618&alias=b9g11p8792.cern.ch&noUDP&sock=slot1_15_887152_96e5_72959>
...
040 (7704989.000.000) 11/08 15:40:19 Finished transferring input files
...
001 (7704989.000.000) 11/08 15:40:20 Job executing on host: <128.142.131.17:9618?addrs=128.142.131.17-9618+[2001-1458-301-59--100-5]-9618&alias=b9g11p8792.cern.ch&noUDP&sock=startd_2598_9723>
	SlotName: slot1_15@b9g11p8792.cern.ch
	CondorScratchDir = "/pool/condor/dir_553549"
	Cpus = 1
	Disk = 1703550
	Memory = 2000
...
006 (7704989.000.000) 11/08 15:40:29 Image size of job updated: 293380
	287  -  MemoryUsage of job (MB)
	293380  -  ResidentSetSize of job (KB)
...
006 (7704989.000.000) 11/08 15:45:31 Image size of job updated: 293380
	288  -  MemoryUsage of job (MB)
	294236  -  ResidentSetSize of job (KB)
...
006 (7704989.000.000) 11/08 15:50:31 Image size of job updated: 296344
	290  -  MemoryUsage of job (MB)
	296344  -  ResidentSetSize of job (KB)
...
006 (7704989.000.000) 11/08 15:55:31 Image size of job updated: 316560
	310  -  MemoryUsage of job (MB)
	316560  -  ResidentSetSize of job (KB)
...
006 (7704989.000.000) 11/08 16:00:32 Image size of job updated: 383652
	375  -  MemoryUsage of job (MB)
	383652  -  ResidentSetSize of job (KB)
...
006 (7704989.000.000) 11/08 16:05:33 Image size of job updated: 383652
	381  -  MemoryUsage of job (MB)
	389796  -  ResidentSetSize of job (KB)
...
006 (7704989.000.000) 11/08 16:10:33 Image size of job updated: 478864
	468  -  MemoryUsage of job (MB)
	478864  -  ResidentSetSize of job (KB)
...
006 (7704989.000.000) 11/08 16:15:34 Image size of job updated: 478864
	481  -  MemoryUsage of job (MB)
	492432  -  ResidentSetSize of job (KB)
...
006 (7704989.000.000) 11/08 16:30:35 Image size of job updated: 562164
	549  -  MemoryUsage of job (MB)
	562164  -  ResidentSetSize of job (KB)
...
006 (7704989.000.000) 11/08 16:35:36 Image size of job updated: 604908
	591  -  MemoryUsage of job (MB)
	604908  -  ResidentSetSize of job (KB)
...
006 (7704989.000.000) 11/08 16:40:36 Image size of job updated: 604908
	596  -  MemoryUsage of job (MB)
	609516  -  ResidentSetSize of job (KB)
...
006 (7704989.000.000) 11/08 16:45:36 Image size of job updated: 632148
	618  -  MemoryUsage of job (MB)
	632148  -  ResidentSetSize of job (KB)
...
006 (7704989.000.000) 11/08 16:50:37 Image size of job updated: 632148
	624  -  MemoryUsage of job (MB)
	638548  -  ResidentSetSize of job (KB)
...
006 (7704989.000.000) 11/08 16:55:38 Image size of job updated: 672340
	657  -  MemoryUsage of job (MB)
	672340  -  ResidentSetSize of job (KB)
...
006 (7704989.000.000) 11/08 17:00:38 Image size of job updated: 672340
	665  -  MemoryUsage of job (MB)
	680532  -  ResidentSetSize of job (KB)
...
006 (7704989.000.000) 11/08 17:10:40 Image size of job updated: 696096
	680  -  MemoryUsage of job (MB)
	696096  -  ResidentSetSize of job (KB)
...
006 (7704989.000.000) 11/08 17:15:40 Image size of job updated: 725656
	709  -  MemoryUsage of job (MB)
	725656  -  ResidentSetSize of job (KB)
...
006 (7704989.000.000) 11/08 17:20:40 Image size of job updated: 725656
	715  -  MemoryUsage of job (MB)
	732056  -  ResidentSetSize of job (KB)
...
006 (7704989.000.000) 11/08 17:40:42 Image size of job updated: 839696
	821  -  MemoryUsage of job (MB)
	839696  -  ResidentSetSize of job (KB)
...
006 (7704989.000.000) 11/08 17:45:42 Image size of job updated: 839696
	829  -  MemoryUsage of job (MB)
	847888  -  ResidentSetSize of job (KB)
...
006 (7704989.000.000) 11/08 18:00:44 Image size of job updated: 844028
	829  -  MemoryUsage of job (MB)
	847888  -  ResidentSetSize of job (KB)
...
006 (7704989.000.000) 11/08 18:05:44 Image size of job updated: 844028
	857  -  MemoryUsage of job (MB)
	876796  -  ResidentSetSize of job (KB)
...
006 (7704989.000.000) 11/08 18:15:46 Image size of job updated: 911944
	891  -  MemoryUsage of job (MB)
	911944  -  ResidentSetSize of job (KB)
...
006 (7704989.000.000) 11/08 18:20:46 Image size of job updated: 911944
	899  -  MemoryUsage of job (MB)
	920136  -  ResidentSetSize of job (KB)
...
006 (7704989.000.000) 11/08 18:45:48 Image size of job updated: 1016484
	993  -  MemoryUsage of job (MB)
	1016484  -  ResidentSetSize of job (KB)
...
006 (7704989.000.000) 11/08 18:50:49 Image size of job updated: 1016484
	995  -  MemoryUsage of job (MB)
	1018296  -  ResidentSetSize of job (KB)
...
006 (7704989.000.000) 11/08 18:55:49 Image size of job updated: 1053536
	1029  -  MemoryUsage of job (MB)
	1053536  -  ResidentSetSize of job (KB)
...
006 (7704989.000.000) 11/08 19:00:50 Image size of job updated: 1053536
	1032  -  MemoryUsage of job (MB)
	1056608  -  ResidentSetSize of job (KB)
...
006 (7704989.000.000) 11/08 19:10:51 Image size of job updated: 1087136
	1062  -  MemoryUsage of job (MB)
	1087136  -  ResidentSetSize of job (KB)
...
006 (7704989.000.000) 11/08 19:15:52 Image size of job updated: 1087136
	1068  -  MemoryUsage of job (MB)
	1093280  -  ResidentSetSize of job (KB)
...
006 (7704989.000.000) 11/08 20:20:58 Image size of job updated: 1098076
	1073  -  MemoryUsage of job (MB)
	1098076  -  ResidentSetSize of job (KB)
...
006 (7704989.000.000) 11/08 20:25:59 Image size of job updated: 1224472
	1196  -  MemoryUsage of job (MB)
	1224472  -  ResidentSetSize of job (KB)
...
006 (7704989.000.000) 11/08 20:30:59 Image size of job updated: 1224472
	1204  -  MemoryUsage of job (MB)
	1232664  -  ResidentSetSize of job (KB)
...
006 (7704989.000.000) 11/08 21:36:05 Image size of job updated: 1335076
	1304  -  MemoryUsage of job (MB)
	1335076  -  ResidentSetSize of job (KB)
...
006 (7704989.000.000) 11/08 21:41:05 Image size of job updated: 1335076
	1320  -  MemoryUsage of job (MB)
	1351460  -  ResidentSetSize of job (KB)
...
006 (7704989.000.000) 11/08 22:11:09 Image size of job updated: 1396388
	1364  -  MemoryUsage of job (MB)
	1396388  -  ResidentSetSize of job (KB)
...
006 (7704989.000.000) 11/08 22:16:10 Image size of job updated: 1430784
	1398  -  MemoryUsage of job (MB)
	1430784  -  ResidentSetSize of job (KB)
...
006 (7704989.000.000) 11/08 22:21:11 Image size of job updated: 1432460
	1406  -  MemoryUsage of job (MB)
	1438752  -  ResidentSetSize of job (KB)
...
006 (7704989.000.000) 11/08 23:31:17 Image size of job updated: 1524768
	1490  -  MemoryUsage of job (MB)
	1524768  -  ResidentSetSize of job (KB)
...
006 (7704989.000.000) 11/08 23:36:17 Image size of job updated: 1524768
	1498  -  MemoryUsage of job (MB)
	1532960  -  ResidentSetSize of job (KB)
...
006 (7704989.000.000) 11/08 23:56:20 Image size of job updated: 1598772
	1562  -  MemoryUsage of job (MB)
	1598772  -  ResidentSetSize of job (KB)
...
006 (7704989.000.000) 11/09 00:01:20 Image size of job updated: 1598772
	1568  -  MemoryUsage of job (MB)
	1605172  -  ResidentSetSize of job (KB)
...
006 (7704989.000.000) 11/09 00:26:23 Image size of job updated: 1693268
	1654  -  MemoryUsage of job (MB)
	1693268  -  ResidentSetSize of job (KB)
...
006 (7704989.000.000) 11/09 00:36:24 Image size of job updated: 1713716
	1674  -  MemoryUsage of job (MB)
	1713716  -  ResidentSetSize of job (KB)
...
006 (7704989.000.000) 11/09 01:16:28 Image size of job updated: 1727052
	1687  -  MemoryUsage of job (MB)
	1727052  -  ResidentSetSize of job (KB)
...
006 (7704989.000.000) 11/09 01:21:29 Image size of job updated: 1727052
	1693  -  MemoryUsage of job (MB)
	1733196  -  ResidentSetSize of job (KB)
...
006 (7704989.000.000) 11/09 02:01:33 Image size of job updated: 1809288
	1767  -  MemoryUsage of job (MB)
	1809288  -  ResidentSetSize of job (KB)
...
006 (7704989.000.000) 11/09 02:06:34 Image size of job updated: 1809288
	1773  -  MemoryUsage of job (MB)
	1815432  -  ResidentSetSize of job (KB)
...
006 (7704989.000.000) 11/09 03:31:43 Image size of job updated: 1968964
	1923  -  MemoryUsage of job (MB)
	1968964  -  ResidentSetSize of job (KB)
...
006 (7704989.000.000) 11/09 03:36:43 Image size of job updated: 1968964
	1930  -  MemoryUsage of job (MB)
	1976132  -  ResidentSetSize of job (KB)
...
006 (7704989.000.000) 11/09 04:56:51 Image size of job updated: 2066204
	2018  -  MemoryUsage of job (MB)
	2066204  -  ResidentSetSize of job (KB)
...
006 (7704989.000.000) 11/09 05:01:51 Image size of job updated: 2066204
	2049  -  MemoryUsage of job (MB)
	2097180  -  ResidentSetSize of job (KB)
...
006 (7704989.000.000) 11/09 05:46:56 Image size of job updated: 2106616
	2058  -  MemoryUsage of job (MB)
	2106616  -  ResidentSetSize of job (KB)
...
006 (7704989.000.000) 11/09 05:51:56 Image size of job updated: 2106616
	2064  -  MemoryUsage of job (MB)
	2112760  -  ResidentSetSize of job (KB)
...
006 (7704989.000.000) 11/09 06:17:00 Image size of job updated: 2201736
	2151  -  MemoryUsage of job (MB)
	2201736  -  ResidentSetSize of job (KB)
...
006 (7704989.000.000) 11/09 06:22:00 Image size of job updated: 2201736
	2155  -  MemoryUsage of job (MB)
	2206356  -  ResidentSetSize of job (KB)
...
006 (7704989.000.000) 11/09 07:32:06 Image size of job updated: 2252796
	2200  -  MemoryUsage of job (MB)
	2252796  -  ResidentSetSize of job (KB)
...
006 (7704989.000.000) 11/09 07:37:08 Image size of job updated: 2252796
	2208  -  MemoryUsage of job (MB)
	2260988  -  ResidentSetSize of job (KB)
...
006 (7704989.000.000) 11/09 08:47:15 Image size of job updated: 2339644
	2285  -  MemoryUsage of job (MB)
	2339644  -  ResidentSetSize of job (KB)
...
006 (7704989.000.000) 11/09 08:52:15 Image size of job updated: 2339644
	2293  -  MemoryUsage of job (MB)
	2347836  -  ResidentSetSize of job (KB)
...
006 (7704989.000.000) 11/09 09:17:18 Image size of job updated: 2341588
	2293  -  MemoryUsage of job (MB)
	2347836  -  ResidentSetSize of job (KB)
...
006 (7704989.000.000) 11/09 09:22:18 Image size of job updated: 2341588
	2303  -  MemoryUsage of job (MB)
	2357972  -  ResidentSetSize of job (KB)
...
006 (7704989.000.000) 11/09 10:02:22 Image size of job updated: 2420324
	2364  -  MemoryUsage of job (MB)
	2420324  -  ResidentSetSize of job (KB)
...
006 (7704989.000.000) 11/09 11:17:29 Image size of job updated: 2464736
	2407  -  MemoryUsage of job (MB)
	2464736  -  ResidentSetSize of job (KB)
...
006 (7704989.000.000) 11/09 11:22:30 Image size of job updated: 2464736
	2415  -  MemoryUsage of job (MB)
	2472928  -  ResidentSetSize of job (KB)
...
006 (7704989.000.000) 11/09 13:22:42 Image size of job updated: 2577116
	2517  -  MemoryUsage of job (MB)
	2577116  -  ResidentSetSize of job (KB)
...
006 (7704989.000.000) 11/09 13:27:43 Image size of job updated: 2577116
	2529  -  MemoryUsage of job (MB)
	2589404  -  ResidentSetSize of job (KB)
...
006 (7704989.000.000) 11/09 13:57:45 Image size of job updated: 2591364
	2531  -  MemoryUsage of job (MB)
	2591364  -  ResidentSetSize of job (KB)
...
006 (7704989.000.000) 11/09 14:02:46 Image size of job updated: 2591364
	2539  -  MemoryUsage of job (MB)
	2599556  -  ResidentSetSize of job (KB)
...
006 (7704989.000.000) 11/09 14:57:51 Image size of job updated: 2614672
	2554  -  MemoryUsage of job (MB)
	2614672  -  ResidentSetSize of job (KB)
...
006 (7704989.000.000) 11/09 15:02:51 Image size of job updated: 2614672
	2562  -  MemoryUsage of job (MB)
	2622864  -  ResidentSetSize of job (KB)
...
006 (7704989.000.000) 11/09 15:12:53 Image size of job updated: 2643988
	2583  -  MemoryUsage of job (MB)
	2643988  -  ResidentSetSize of job (KB)
...
006 (7704989.000.000) 11/09 15:17:53 Image size of job updated: 2643988
	2589  -  MemoryUsage of job (MB)
	2650132  -  ResidentSetSize of job (KB)
...
006 (7704989.000.000) 11/09 15:42:56 Image size of job updated: 2774388
	2710  -  MemoryUsage of job (MB)
	2774388  -  ResidentSetSize of job (KB)
...
006 (7704989.000.000) 11/09 16:28:00 Image size of job updated: 2792964
	2728  -  MemoryUsage of job (MB)
	2792964  -  ResidentSetSize of job (KB)
...
006 (7704989.000.000) 11/09 16:33:01 Image size of job updated: 2792964
	2738  -  MemoryUsage of job (MB)
	2803204  -  ResidentSetSize of job (KB)
...
006 (7704989.000.000) 11/09 18:08:10 Image size of job updated: 2836232
	2770  -  MemoryUsage of job (MB)
	2836232  -  ResidentSetSize of job (KB)
...
006 (7704989.000.000) 11/09 18:13:10 Image size of job updated: 2836232
	2841  -  MemoryUsage of job (MB)
	2908224  -  ResidentSetSize of job (KB)
...
006 (7704989.000.000) 11/09 18:58:16 Image size of job updated: 2943716
	2875  -  MemoryUsage of job (MB)
	2943716  -  ResidentSetSize of job (KB)
...
006 (7704989.000.000) 11/09 19:03:17 Image size of job updated: 2943716
	2881  -  MemoryUsage of job (MB)
	2950116  -  ResidentSetSize of job (KB)
...
006 (7704989.000.000) 11/09 19:08:17 Image size of job updated: 2956600
	2888  -  MemoryUsage of job (MB)
	2956600  -  ResidentSetSize of job (KB)
...
006 (7704989.000.000) 11/09 20:23:24 Image size of job updated: 2973408
	2904  -  MemoryUsage of job (MB)
	2973408  -  ResidentSetSize of job (KB)
...
006 (7704989.000.000) 11/09 23:18:42 Image size of job updated: 3150988
	3078  -  MemoryUsage of job (MB)
	3150988  -  ResidentSetSize of job (KB)
...
006 (7704989.000.000) 11/10 02:34:01 Image size of job updated: 3357204
	3279  -  MemoryUsage of job (MB)
	3357204  -  ResidentSetSize of job (KB)
...
006 (7704989.000.000) 11/10 03:29:06 Image size of job updated: 3357204
	3291  -  MemoryUsage of job (MB)
	3369412  -  ResidentSetSize of job (KB)
...
006 (7704989.000.000) 11/10 04:14:11 Image size of job updated: 3384260
	3305  -  MemoryUsage of job (MB)
	3384260  -  ResidentSetSize of job (KB)
...
006 (7704989.000.000) 11/10 04:19:11 Image size of job updated: 3384260
	3315  -  MemoryUsage of job (MB)
	3394500  -  ResidentSetSize of job (KB)
...
006 (7704989.000.000) 11/10 06:34:25 Image size of job updated: 3388276
	3315  -  MemoryUsage of job (MB)
	3394500  -  ResidentSetSize of job (KB)
...
006 (7704989.000.000) 11/10 06:39:26 Image size of job updated: 3388276
	3317  -  MemoryUsage of job (MB)
	3396468  -  ResidentSetSize of job (KB)
...
006 (7704989.000.000) 11/10 06:44:26 Image size of job updated: 3392344
	3317  -  MemoryUsage of job (MB)
	3396468  -  ResidentSetSize of job (KB)
...
006 (7704989.000.000) 11/10 06:49:26 Image size of job updated: 3392344
	3319  -  MemoryUsage of job (MB)
	3398488  -  ResidentSetSize of job (KB)
...
006 (7704989.000.000) 11/10 08:49:39 Image size of job updated: 3426028
	3346  -  MemoryUsage of job (MB)
	3426028  -  ResidentSetSize of job (KB)
...
006 (7704989.000.000) 11/10 08:54:39 Image size of job updated: 3426028
	3356  -  MemoryUsage of job (MB)
	3436268  -  ResidentSetSize of job (KB)
...
006 (7704989.000.000) 11/10 10:54:51 Image size of job updated: 3541624
	3459  -  MemoryUsage of job (MB)
	3541624  -  ResidentSetSize of job (KB)
...
006 (7704989.000.000) 11/10 10:59:52 Image size of job updated: 3541624
	3467  -  MemoryUsage of job (MB)
	3549816  -  ResidentSetSize of job (KB)
...
006 (7704989.000.000) 11/10 12:10:00 Image size of job updated: 3655120
	3570  -  MemoryUsage of job (MB)
	3655120  -  ResidentSetSize of job (KB)
...
006 (7704989.000.000) 11/10 12:15:00 Image size of job updated: 3655120
	3578  -  MemoryUsage of job (MB)
	3663312  -  ResidentSetSize of job (KB)
...
006 (7704989.000.000) 11/10 13:00:05 Image size of job updated: 3675732
	3590  -  MemoryUsage of job (MB)
	3675732  -  ResidentSetSize of job (KB)
...
006 (7704989.000.000) 11/10 13:35:07 Image size of job updated: 3683976
	3598  -  MemoryUsage of job (MB)
	3683976  -  ResidentSetSize of job (KB)
...
006 (7704989.000.000) 11/10 13:40:08 Image size of job updated: 3683976
	3604  -  MemoryUsage of job (MB)
	3690120  -  ResidentSetSize of job (KB)
...
006 (7704989.000.000) 11/10 14:00:11 Image size of job updated: 3737068
	3650  -  MemoryUsage of job (MB)
	3737068  -  ResidentSetSize of job (KB)
...
006 (7704989.000.000) 11/10 14:05:11 Image size of job updated: 3737068
	3662  -  MemoryUsage of job (MB)
	3749356  -  ResidentSetSize of job (KB)
...
006 (7704989.000.000) 11/10 14:15:12 Image size of job updated: 3771168
	3683  -  MemoryUsage of job (MB)
	3771168  -  ResidentSetSize of job (KB)
...
006 (7704989.000.000) 11/10 14:20:12 Image size of job updated: 3771168
	3689  -  MemoryUsage of job (MB)
	3777312  -  ResidentSetSize of job (KB)
...
006 (7704989.000.000) 11/10 16:05:23 Image size of job updated: 3871920
	3782  -  MemoryUsage of job (MB)
	3871920  -  ResidentSetSize of job (KB)
...
006 (7704989.000.000) 11/10 16:10:24 Image size of job updated: 3871920
	3786  -  MemoryUsage of job (MB)
	3876692  -  ResidentSetSize of job (KB)
...
006 (7704989.000.000) 11/10 16:20:25 Image size of job updated: 3880832
	3790  -  MemoryUsage of job (MB)
	3880832  -  ResidentSetSize of job (KB)
...
006 (7704989.000.000) 11/10 20:05:49 Image size of job updated: 3900264
	3809  -  MemoryUsage of job (MB)
	3900264  -  ResidentSetSize of job (KB)
...
006 (7704989.000.000) 11/10 21:20:58 Image size of job updated: 4097152
	4002  -  MemoryUsage of job (MB)
	4097152  -  ResidentSetSize of job (KB)
...
040 (7704989.000.000) 11/10 22:47:30 Started transferring output files
...
040 (7704989.000.000) 11/10 22:47:30 Finished transferring output files
...
005 (7704989.000.000) 11/10 22:47:31 Job terminated.
	(1) Normal termination (return value 0)
		Usr 1 01:31:53, Sys 1 04:55:03  -  Run Remote Usage
		Usr 0 00:00:00, Sys 0 00:00:00  -  Run Local Usage
		Usr 1 01:31:53, Sys 1 04:55:03  -  Total Remote Usage
		Usr 0 00:00:00, Sys 0 00:00:00  -  Total Local Usage
	63697  -  Run Bytes Sent By Job
	10929  -  Run Bytes Received By Job
	63697  -  Total Bytes Sent By Job
	10929  -  Total Bytes Received By Job
	Partitionable Resources :    Usage  Request Allocated 
	   Cpus                 :     0.98        1         1 
	   Disk (KB)            :    95          12   1703550 
	   Memory (MB)          :  4002        2000      2000 

	Job terminated of its own accord at 2024-11-10T21:47:30Z with exit-code 0.
...
