000 (7693340.000.000) 11/07 18:38:05 Job submitted from host: <137.138.55.115:9618?addrs=137.138.55.115-9618+[2001-1458-d00-17--12a]-9618&alias=bigbird23.cern.ch&noUDP&sock=schedd_4975_03c1>
...
040 (7693340.000.000) 11/07 18:51:43 Started transferring input files
	Transferring to host: <128.142.248.197:9618?addrs=128.142.248.197-9618+[2001-1458-301-73--100-c4]-9618&alias=b9g23p2961.cern.ch&noUDP&sock=slot1_49_2232953_240b_66731>
...
040 (7693340.000.000) 11/07 18:51:44 Finished transferring input files
...
001 (7693340.000.000) 11/07 18:51:45 Job executing on host: <128.142.248.197:9618?addrs=128.142.248.197-9618+[2001-1458-301-73--100-c4]-9618&alias=b9g23p2961.cern.ch&noUDP&sock=startd_5911_0866>
	SlotName: slot1_49@b9g23p2961.cern.ch
	CondorScratchDir = "/pool/condor/dir_1166481"
	Cpus = 1
	Disk = 2897637
	Memory = 2000
...
006 (7693340.000.000) 11/07 18:51:53 Image size of job updated: 1
	0  -  MemoryUsage of job (MB)
	0  -  ResidentSetSize of job (KB)
...
006 (7693340.000.000) 11/07 18:56:53 Image size of job updated: 694456
	645  -  MemoryUsage of job (MB)
	659592  -  ResidentSetSize of job (KB)
...
006 (7693340.000.000) 11/07 19:01:53 Image size of job updated: 734780
	645  -  MemoryUsage of job (MB)
	659592  -  ResidentSetSize of job (KB)
...
006 (7693340.000.000) 11/07 20:07:00 Image size of job updated: 734780
	652  -  MemoryUsage of job (MB)
	666832  -  ResidentSetSize of job (KB)
...
006 (7693340.000.000) 11/07 20:12:01 Image size of job updated: 757800
	670  -  MemoryUsage of job (MB)
	685532  -  ResidentSetSize of job (KB)
...
006 (7693340.000.000) 11/07 20:17:01 Image size of job updated: 764536
	674  -  MemoryUsage of job (MB)
	689628  -  ResidentSetSize of job (KB)
...
006 (7693340.000.000) 11/07 20:27:02 Image size of job updated: 771804
	742  -  MemoryUsage of job (MB)
	759552  -  ResidentSetSize of job (KB)
...
006 (7693340.000.000) 11/07 20:32:03 Image size of job updated: 785144
	744  -  MemoryUsage of job (MB)
	761600  -  ResidentSetSize of job (KB)
...
006 (7693340.000.000) 11/07 20:37:03 Image size of job updated: 802300
	744  -  MemoryUsage of job (MB)
	761600  -  ResidentSetSize of job (KB)
...
006 (7693340.000.000) 11/07 20:42:04 Image size of job updated: 815028
	744  -  MemoryUsage of job (MB)
	761600  -  ResidentSetSize of job (KB)
...
006 (7693340.000.000) 11/07 20:47:05 Image size of job updated: 839352
	751  -  MemoryUsage of job (MB)
	768032  -  ResidentSetSize of job (KB)
...
006 (7693340.000.000) 11/07 20:52:05 Image size of job updated: 840916
	759  -  MemoryUsage of job (MB)
	776312  -  ResidentSetSize of job (KB)
...
006 (7693340.000.000) 11/07 20:57:06 Image size of job updated: 858612
	759  -  MemoryUsage of job (MB)
	776312  -  ResidentSetSize of job (KB)
...
006 (7693340.000.000) 11/07 21:02:07 Image size of job updated: 882192
	759  -  MemoryUsage of job (MB)
	776312  -  ResidentSetSize of job (KB)
...
006 (7693340.000.000) 11/07 21:07:07 Image size of job updated: 884824
	759  -  MemoryUsage of job (MB)
	776312  -  ResidentSetSize of job (KB)
...
006 (7693340.000.000) 11/07 21:12:07 Image size of job updated: 897904
	759  -  MemoryUsage of job (MB)
	776312  -  ResidentSetSize of job (KB)
...
006 (7693340.000.000) 11/07 21:17:08 Image size of job updated: 906368
	759  -  MemoryUsage of job (MB)
	776312  -  ResidentSetSize of job (KB)
...
006 (7693340.000.000) 11/07 21:22:08 Image size of job updated: 922000
	759  -  MemoryUsage of job (MB)
	776312  -  ResidentSetSize of job (KB)
...
006 (7693340.000.000) 11/07 21:27:08 Image size of job updated: 936328
	891  -  MemoryUsage of job (MB)
	911592  -  ResidentSetSize of job (KB)
...
006 (7693340.000.000) 11/07 21:32:09 Image size of job updated: 944580
	905  -  MemoryUsage of job (MB)
	926092  -  ResidentSetSize of job (KB)
...
006 (7693340.000.000) 11/07 21:37:10 Image size of job updated: 955956
	905  -  MemoryUsage of job (MB)
	926092  -  ResidentSetSize of job (KB)
...
006 (7693340.000.000) 11/07 21:42:10 Image size of job updated: 982328
	909  -  MemoryUsage of job (MB)
	929984  -  ResidentSetSize of job (KB)
...
006 (7693340.000.000) 11/07 21:47:11 Image size of job updated: 982368
	915  -  MemoryUsage of job (MB)
	936128  -  ResidentSetSize of job (KB)
...
006 (7693340.000.000) 11/07 21:52:12 Image size of job updated: 995924
	915  -  MemoryUsage of job (MB)
	936128  -  ResidentSetSize of job (KB)
...
006 (7693340.000.000) 11/07 21:57:12 Image size of job updated: 1007708
	915  -  MemoryUsage of job (MB)
	936128  -  ResidentSetSize of job (KB)
...
006 (7693340.000.000) 11/07 22:02:13 Image size of job updated: 1019624
	993  -  MemoryUsage of job (MB)
	1016484  -  ResidentSetSize of job (KB)
...
006 (7693340.000.000) 11/07 22:07:14 Image size of job updated: 1031816
	993  -  MemoryUsage of job (MB)
	1016484  -  ResidentSetSize of job (KB)
...
006 (7693340.000.000) 11/07 22:12:14 Image size of job updated: 1044468
	993  -  MemoryUsage of job (MB)
	1016484  -  ResidentSetSize of job (KB)
...
006 (7693340.000.000) 11/07 22:17:14 Image size of job updated: 1054856
	993  -  MemoryUsage of job (MB)
	1016484  -  ResidentSetSize of job (KB)
...
006 (7693340.000.000) 11/07 22:22:15 Image size of job updated: 1063972
	993  -  MemoryUsage of job (MB)
	1016484  -  ResidentSetSize of job (KB)
...
006 (7693340.000.000) 11/07 22:27:15 Image size of job updated: 1078624
	993  -  MemoryUsage of job (MB)
	1016484  -  ResidentSetSize of job (KB)
...
006 (7693340.000.000) 11/07 22:32:15 Image size of job updated: 1085644
	993  -  MemoryUsage of job (MB)
	1016484  -  ResidentSetSize of job (KB)
...
006 (7693340.000.000) 11/07 22:37:16 Image size of job updated: 1090448
	993  -  MemoryUsage of job (MB)
	1016484  -  ResidentSetSize of job (KB)
...
006 (7693340.000.000) 11/07 22:42:17 Image size of job updated: 1102160
	993  -  MemoryUsage of job (MB)
	1016484  -  ResidentSetSize of job (KB)
...
006 (7693340.000.000) 11/07 22:47:17 Image size of job updated: 1111608
	1001  -  MemoryUsage of job (MB)
	1024928  -  ResidentSetSize of job (KB)
...
006 (7693340.000.000) 11/07 22:52:18 Image size of job updated: 1130932
	1001  -  MemoryUsage of job (MB)
	1024928  -  ResidentSetSize of job (KB)
...
006 (7693340.000.000) 11/07 22:57:19 Image size of job updated: 1140172
	1003  -  MemoryUsage of job (MB)
	1026600  -  ResidentSetSize of job (KB)
...
006 (7693340.000.000) 11/07 23:02:19 Image size of job updated: 1150148
	1003  -  MemoryUsage of job (MB)
	1026600  -  ResidentSetSize of job (KB)
...
006 (7693340.000.000) 11/07 23:07:20 Image size of job updated: 1154020
	1062  -  MemoryUsage of job (MB)
	1087484  -  ResidentSetSize of job (KB)
...
006 (7693340.000.000) 11/07 23:12:21 Image size of job updated: 1165456
	1068  -  MemoryUsage of job (MB)
	1093628  -  ResidentSetSize of job (KB)
...
006 (7693340.000.000) 11/07 23:17:21 Image size of job updated: 1177672
	1068  -  MemoryUsage of job (MB)
	1093628  -  ResidentSetSize of job (KB)
...
006 (7693340.000.000) 11/07 23:22:21 Image size of job updated: 1190860
	1068  -  MemoryUsage of job (MB)
	1093628  -  ResidentSetSize of job (KB)
...
006 (7693340.000.000) 11/07 23:27:22 Image size of job updated: 1196452
	1068  -  MemoryUsage of job (MB)
	1093628  -  ResidentSetSize of job (KB)
...
006 (7693340.000.000) 11/07 23:32:22 Image size of job updated: 1205300
	1068  -  MemoryUsage of job (MB)
	1093628  -  ResidentSetSize of job (KB)
...
006 (7693340.000.000) 11/07 23:37:22 Image size of job updated: 1249644
	1068  -  MemoryUsage of job (MB)
	1093628  -  ResidentSetSize of job (KB)
...
006 (7693340.000.000) 11/07 23:42:23 Image size of job updated: 1251576
	1154  -  MemoryUsage of job (MB)
	1180956  -  ResidentSetSize of job (KB)
...
006 (7693340.000.000) 11/07 23:47:24 Image size of job updated: 1251576
	1158  -  MemoryUsage of job (MB)
	1184904  -  ResidentSetSize of job (KB)
...
006 (7693340.000.000) 11/07 23:57:25 Image size of job updated: 1252736
	1158  -  MemoryUsage of job (MB)
	1184904  -  ResidentSetSize of job (KB)
...
006 (7693340.000.000) 11/08 00:02:26 Image size of job updated: 1269500
	1158  -  MemoryUsage of job (MB)
	1184904  -  ResidentSetSize of job (KB)
...
006 (7693340.000.000) 11/08 00:07:26 Image size of job updated: 1275392
	1158  -  MemoryUsage of job (MB)
	1184904  -  ResidentSetSize of job (KB)
...
006 (7693340.000.000) 11/08 00:12:27 Image size of job updated: 1281408
	1158  -  MemoryUsage of job (MB)
	1184904  -  ResidentSetSize of job (KB)
...
006 (7693340.000.000) 11/08 00:17:28 Image size of job updated: 1298444
	1235  -  MemoryUsage of job (MB)
	1264196  -  ResidentSetSize of job (KB)
...
006 (7693340.000.000) 11/08 00:22:28 Image size of job updated: 1305508
	1243  -  MemoryUsage of job (MB)
	1272388  -  ResidentSetSize of job (KB)
...
006 (7693340.000.000) 11/08 00:27:28 Image size of job updated: 1309640
	1243  -  MemoryUsage of job (MB)
	1272388  -  ResidentSetSize of job (KB)
...
006 (7693340.000.000) 11/08 00:32:29 Image size of job updated: 1317848
	1243  -  MemoryUsage of job (MB)
	1272388  -  ResidentSetSize of job (KB)
...
006 (7693340.000.000) 11/08 00:37:29 Image size of job updated: 1328096
	1243  -  MemoryUsage of job (MB)
	1272388  -  ResidentSetSize of job (KB)
...
006 (7693340.000.000) 11/08 00:42:29 Image size of job updated: 1336888
	1243  -  MemoryUsage of job (MB)
	1272388  -  ResidentSetSize of job (KB)
...
006 (7693340.000.000) 11/08 00:47:30 Image size of job updated: 1345440
	1243  -  MemoryUsage of job (MB)
	1272388  -  ResidentSetSize of job (KB)
...
006 (7693340.000.000) 11/08 00:52:31 Image size of job updated: 1358340
	1293  -  MemoryUsage of job (MB)
	1323528  -  ResidentSetSize of job (KB)
...
006 (7693340.000.000) 11/08 00:57:31 Image size of job updated: 1361516
	1297  -  MemoryUsage of job (MB)
	1327624  -  ResidentSetSize of job (KB)
...
006 (7693340.000.000) 11/08 01:02:32 Image size of job updated: 1365952
	1297  -  MemoryUsage of job (MB)
	1327624  -  ResidentSetSize of job (KB)
...
006 (7693340.000.000) 11/08 01:07:33 Image size of job updated: 1376556
	1297  -  MemoryUsage of job (MB)
	1327624  -  ResidentSetSize of job (KB)
...
006 (7693340.000.000) 11/08 01:12:33 Image size of job updated: 1384384
	1297  -  MemoryUsage of job (MB)
	1327624  -  ResidentSetSize of job (KB)
...
006 (7693340.000.000) 11/08 01:17:33 Image size of job updated: 1411548
	1319  -  MemoryUsage of job (MB)
	1349784  -  ResidentSetSize of job (KB)
...
006 (7693340.000.000) 11/08 01:22:34 Image size of job updated: 1426068
	1345  -  MemoryUsage of job (MB)
	1376620  -  ResidentSetSize of job (KB)
...
006 (7693340.000.000) 11/08 01:27:34 Image size of job updated: 1428824
	1349  -  MemoryUsage of job (MB)
	1380716  -  ResidentSetSize of job (KB)
...
006 (7693340.000.000) 11/08 01:37:36 Image size of job updated: 1434028
	1349  -  MemoryUsage of job (MB)
	1380716  -  ResidentSetSize of job (KB)
...
006 (7693340.000.000) 11/08 01:42:36 Image size of job updated: 1438664
	1349  -  MemoryUsage of job (MB)
	1380716  -  ResidentSetSize of job (KB)
...
006 (7693340.000.000) 11/08 01:47:36 Image size of job updated: 1445604
	1349  -  MemoryUsage of job (MB)
	1380716  -  ResidentSetSize of job (KB)
...
006 (7693340.000.000) 11/08 01:52:37 Image size of job updated: 1453176
	1349  -  MemoryUsage of job (MB)
	1380716  -  ResidentSetSize of job (KB)
...
006 (7693340.000.000) 11/08 01:57:38 Image size of job updated: 1464212
	1349  -  MemoryUsage of job (MB)
	1380716  -  ResidentSetSize of job (KB)
...
006 (7693340.000.000) 11/08 02:02:38 Image size of job updated: 1473804
	1349  -  MemoryUsage of job (MB)
	1380716  -  ResidentSetSize of job (KB)
...
006 (7693340.000.000) 11/08 02:07:39 Image size of job updated: 1505032
	1349  -  MemoryUsage of job (MB)
	1380716  -  ResidentSetSize of job (KB)
...
006 (7693340.000.000) 11/08 02:12:40 Image size of job updated: 1505552
	1349  -  MemoryUsage of job (MB)
	1380716  -  ResidentSetSize of job (KB)
...
006 (7693340.000.000) 11/08 02:17:40 Image size of job updated: 1505552
	1398  -  MemoryUsage of job (MB)
	1431508  -  ResidentSetSize of job (KB)
...
006 (7693340.000.000) 11/08 02:22:40 Image size of job updated: 1512376
	1404  -  MemoryUsage of job (MB)
	1437652  -  ResidentSetSize of job (KB)
...
006 (7693340.000.000) 11/08 02:27:41 Image size of job updated: 1536488
	1404  -  MemoryUsage of job (MB)
	1437652  -  ResidentSetSize of job (KB)
...
006 (7693340.000.000) 11/08 02:37:41 Image size of job updated: 1536488
	1438  -  MemoryUsage of job (MB)
	1472344  -  ResidentSetSize of job (KB)
...
006 (7693340.000.000) 11/08 02:42:42 Image size of job updated: 1555680
	1442  -  MemoryUsage of job (MB)
	1476440  -  ResidentSetSize of job (KB)
...
006 (7693340.000.000) 11/08 02:47:43 Image size of job updated: 1557488
	1442  -  MemoryUsage of job (MB)
	1476440  -  ResidentSetSize of job (KB)
...
006 (7693340.000.000) 11/08 02:52:43 Image size of job updated: 1557488
	1487  -  MemoryUsage of job (MB)
	1522184  -  ResidentSetSize of job (KB)
...
006 (7693340.000.000) 11/08 02:57:44 Image size of job updated: 1559632
	1487  -  MemoryUsage of job (MB)
	1522184  -  ResidentSetSize of job (KB)
...
006 (7693340.000.000) 11/08 03:02:45 Image size of job updated: 1568656
	1487  -  MemoryUsage of job (MB)
	1522184  -  ResidentSetSize of job (KB)
...
006 (7693340.000.000) 11/08 03:07:45 Image size of job updated: 1582684
	1487  -  MemoryUsage of job (MB)
	1522184  -  ResidentSetSize of job (KB)
...
006 (7693340.000.000) 11/08 03:12:46 Image size of job updated: 1586068
	1487  -  MemoryUsage of job (MB)
	1522184  -  ResidentSetSize of job (KB)
...
006 (7693340.000.000) 11/08 03:17:46 Image size of job updated: 1589020
	1487  -  MemoryUsage of job (MB)
	1522184  -  ResidentSetSize of job (KB)
...
006 (7693340.000.000) 11/08 03:22:47 Image size of job updated: 1597176
	1558  -  MemoryUsage of job (MB)
	1594840  -  ResidentSetSize of job (KB)
...
006 (7693340.000.000) 11/08 03:27:48 Image size of job updated: 1611828
	1558  -  MemoryUsage of job (MB)
	1594840  -  ResidentSetSize of job (KB)
...
006 (7693340.000.000) 11/08 03:32:48 Image size of job updated: 1615836
	1558  -  MemoryUsage of job (MB)
	1594840  -  ResidentSetSize of job (KB)
...
006 (7693340.000.000) 11/08 03:37:48 Image size of job updated: 1621476
	1558  -  MemoryUsage of job (MB)
	1594840  -  ResidentSetSize of job (KB)
...
006 (7693340.000.000) 11/08 03:42:49 Image size of job updated: 1635372
	1558  -  MemoryUsage of job (MB)
	1594840  -  ResidentSetSize of job (KB)
...
006 (7693340.000.000) 11/08 03:47:49 Image size of job updated: 1636764
	1558  -  MemoryUsage of job (MB)
	1594840  -  ResidentSetSize of job (KB)
...
006 (7693340.000.000) 11/08 03:52:49 Image size of job updated: 1644060
	1558  -  MemoryUsage of job (MB)
	1595144  -  ResidentSetSize of job (KB)
...
006 (7693340.000.000) 11/08 03:57:50 Image size of job updated: 1653736
	1558  -  MemoryUsage of job (MB)
	1595144  -  ResidentSetSize of job (KB)
...
006 (7693340.000.000) 11/08 04:02:51 Image size of job updated: 1659504
	1558  -  MemoryUsage of job (MB)
	1595144  -  ResidentSetSize of job (KB)
...
006 (7693340.000.000) 11/08 04:07:51 Image size of job updated: 1667416
	1558  -  MemoryUsage of job (MB)
	1595144  -  ResidentSetSize of job (KB)
...
006 (7693340.000.000) 11/08 04:12:52 Image size of job updated: 1683280
	1558  -  MemoryUsage of job (MB)
	1595144  -  ResidentSetSize of job (KB)
...
006 (7693340.000.000) 11/08 04:17:53 Image size of job updated: 1696704
	1558  -  MemoryUsage of job (MB)
	1595144  -  ResidentSetSize of job (KB)
...
006 (7693340.000.000) 11/08 04:22:53 Image size of job updated: 1699548
	1558  -  MemoryUsage of job (MB)
	1595144  -  ResidentSetSize of job (KB)
...
006 (7693340.000.000) 11/08 04:32:54 Image size of job updated: 1709692
	1558  -  MemoryUsage of job (MB)
	1595144  -  ResidentSetSize of job (KB)
...
006 (7693340.000.000) 11/08 04:37:54 Image size of job updated: 1712372
	1558  -  MemoryUsage of job (MB)
	1595144  -  ResidentSetSize of job (KB)
...
006 (7693340.000.000) 11/08 04:42:54 Image size of job updated: 1717192
	1558  -  MemoryUsage of job (MB)
	1595144  -  ResidentSetSize of job (KB)
...
006 (7693340.000.000) 11/08 04:47:55 Image size of job updated: 1725784
	1558  -  MemoryUsage of job (MB)
	1595144  -  ResidentSetSize of job (KB)
...
006 (7693340.000.000) 11/08 04:52:55 Image size of job updated: 1732352
	1558  -  MemoryUsage of job (MB)
	1595144  -  ResidentSetSize of job (KB)
...
006 (7693340.000.000) 11/08 04:57:55 Image size of job updated: 1740500
	1558  -  MemoryUsage of job (MB)
	1595144  -  ResidentSetSize of job (KB)
...
006 (7693340.000.000) 11/08 05:02:56 Image size of job updated: 1748416
	1558  -  MemoryUsage of job (MB)
	1595144  -  ResidentSetSize of job (KB)
...
006 (7693340.000.000) 11/08 05:07:57 Image size of job updated: 1774156
	1649  -  MemoryUsage of job (MB)
	1688008  -  ResidentSetSize of job (KB)
...
006 (7693340.000.000) 11/08 05:12:57 Image size of job updated: 1774648
	1653  -  MemoryUsage of job (MB)
	1692104  -  ResidentSetSize of job (KB)
...
006 (7693340.000.000) 11/08 05:27:59 Image size of job updated: 1782396
	1653  -  MemoryUsage of job (MB)
	1692104  -  ResidentSetSize of job (KB)
...
006 (7693340.000.000) 11/08 05:32:59 Image size of job updated: 1795848
	1653  -  MemoryUsage of job (MB)
	1692104  -  ResidentSetSize of job (KB)
...
006 (7693340.000.000) 11/08 05:38:00 Image size of job updated: 1805692
	1658  -  MemoryUsage of job (MB)
	1697324  -  ResidentSetSize of job (KB)
...
006 (7693340.000.000) 11/08 05:43:00 Image size of job updated: 1818356
	1658  -  MemoryUsage of job (MB)
	1697324  -  ResidentSetSize of job (KB)
...
006 (7693340.000.000) 11/08 06:23:04 Image size of job updated: 1832168
	1658  -  MemoryUsage of job (MB)
	1697324  -  ResidentSetSize of job (KB)
...
006 (7693340.000.000) 11/08 06:28:05 Image size of job updated: 1837000
	1658  -  MemoryUsage of job (MB)
	1697324  -  ResidentSetSize of job (KB)
...
006 (7693340.000.000) 11/08 06:33:05 Image size of job updated: 1838492
	1658  -  MemoryUsage of job (MB)
	1697324  -  ResidentSetSize of job (KB)
...
006 (7693340.000.000) 11/08 06:38:05 Image size of job updated: 1851604
	1658  -  MemoryUsage of job (MB)
	1697324  -  ResidentSetSize of job (KB)
...
006 (7693340.000.000) 11/08 06:43:06 Image size of job updated: 1859832
	1658  -  MemoryUsage of job (MB)
	1697324  -  ResidentSetSize of job (KB)
...
006 (7693340.000.000) 11/08 06:53:06 Image size of job updated: 1880272
	1658  -  MemoryUsage of job (MB)
	1697324  -  ResidentSetSize of job (KB)
...
006 (7693340.000.000) 11/08 06:58:07 Image size of job updated: 1881656
	1746  -  MemoryUsage of job (MB)
	1787804  -  ResidentSetSize of job (KB)
...
006 (7693340.000.000) 11/08 07:03:07 Image size of job updated: 1884832
	1750  -  MemoryUsage of job (MB)
	1791900  -  ResidentSetSize of job (KB)
...
006 (7693340.000.000) 11/08 07:08:07 Image size of job updated: 1895672
	1750  -  MemoryUsage of job (MB)
	1791900  -  ResidentSetSize of job (KB)
...
006 (7693340.000.000) 11/08 07:18:09 Image size of job updated: 1901752
	1750  -  MemoryUsage of job (MB)
	1791900  -  ResidentSetSize of job (KB)
...
006 (7693340.000.000) 11/08 07:23:09 Image size of job updated: 1906012
	1750  -  MemoryUsage of job (MB)
	1791900  -  ResidentSetSize of job (KB)
...
006 (7693340.000.000) 11/08 07:28:10 Image size of job updated: 1922784
	1750  -  MemoryUsage of job (MB)
	1791900  -  ResidentSetSize of job (KB)
...
006 (7693340.000.000) 11/08 07:33:11 Image size of job updated: 1923468
	1770  -  MemoryUsage of job (MB)
	1812184  -  ResidentSetSize of job (KB)
...
006 (7693340.000.000) 11/08 07:38:11 Image size of job updated: 1923680
	1776  -  MemoryUsage of job (MB)
	1818328  -  ResidentSetSize of job (KB)
...
006 (7693340.000.000) 11/08 07:43:11 Image size of job updated: 1928092
	1781  -  MemoryUsage of job (MB)
	1823428  -  ResidentSetSize of job (KB)
...
006 (7693340.000.000) 11/08 07:48:12 Image size of job updated: 1931188
	1787  -  MemoryUsage of job (MB)
	1829572  -  ResidentSetSize of job (KB)
...
006 (7693340.000.000) 11/08 07:53:12 Image size of job updated: 1939096
	1787  -  MemoryUsage of job (MB)
	1829572  -  ResidentSetSize of job (KB)
...
006 (7693340.000.000) 11/08 07:58:12 Image size of job updated: 1945460
	1787  -  MemoryUsage of job (MB)
	1829572  -  ResidentSetSize of job (KB)
...
006 (7693340.000.000) 11/08 08:03:13 Image size of job updated: 1953484
	1787  -  MemoryUsage of job (MB)
	1829572  -  ResidentSetSize of job (KB)
...
006 (7693340.000.000) 11/08 08:08:14 Image size of job updated: 1960264
	1787  -  MemoryUsage of job (MB)
	1829572  -  ResidentSetSize of job (KB)
...
006 (7693340.000.000) 11/08 08:13:14 Image size of job updated: 1975156
	1787  -  MemoryUsage of job (MB)
	1829572  -  ResidentSetSize of job (KB)
...
006 (7693340.000.000) 11/08 08:18:15 Image size of job updated: 1996824
	1787  -  MemoryUsage of job (MB)
	1829572  -  ResidentSetSize of job (KB)
...
006 (7693340.000.000) 11/08 08:23:16 Image size of job updated: 2002224
	1904  -  MemoryUsage of job (MB)
	1948844  -  ResidentSetSize of job (KB)
...
006 (7693340.000.000) 11/08 08:28:16 Image size of job updated: 2002936
	1924  -  MemoryUsage of job (MB)
	1969324  -  ResidentSetSize of job (KB)
...
006 (7693340.000.000) 11/08 08:33:17 Image size of job updated: 2013760
	1924  -  MemoryUsage of job (MB)
	1969324  -  ResidentSetSize of job (KB)
...
006 (7693340.000.000) 11/08 08:38:18 Image size of job updated: 2016184
	1941  -  MemoryUsage of job (MB)
	1986600  -  ResidentSetSize of job (KB)
...
006 (7693340.000.000) 11/08 08:43:18 Image size of job updated: 2016184
	1944  -  MemoryUsage of job (MB)
	1990436  -  ResidentSetSize of job (KB)
...
006 (7693340.000.000) 11/08 09:03:19 Image size of job updated: 2020988
	1944  -  MemoryUsage of job (MB)
	1990436  -  ResidentSetSize of job (KB)
...
006 (7693340.000.000) 11/08 09:08:20 Image size of job updated: 2031804
	1944  -  MemoryUsage of job (MB)
	1990436  -  ResidentSetSize of job (KB)
...
006 (7693340.000.000) 11/08 09:13:21 Image size of job updated: 2040800
	1944  -  MemoryUsage of job (MB)
	1990436  -  ResidentSetSize of job (KB)
...
006 (7693340.000.000) 11/08 09:18:21 Image size of job updated: 2040844
	1944  -  MemoryUsage of job (MB)
	1990436  -  ResidentSetSize of job (KB)
...
006 (7693340.000.000) 11/08 09:28:23 Image size of job updated: 2045668
	1944  -  MemoryUsage of job (MB)
	1990436  -  ResidentSetSize of job (KB)
...
006 (7693340.000.000) 11/08 09:33:23 Image size of job updated: 2052612
	1944  -  MemoryUsage of job (MB)
	1990436  -  ResidentSetSize of job (KB)
...
006 (7693340.000.000) 11/08 09:38:23 Image size of job updated: 2062392
	1944  -  MemoryUsage of job (MB)
	1990436  -  ResidentSetSize of job (KB)
...
006 (7693340.000.000) 11/08 09:43:24 Image size of job updated: 2068968
	1944  -  MemoryUsage of job (MB)
	1990436  -  ResidentSetSize of job (KB)
...
006 (7693340.000.000) 11/08 09:48:24 Image size of job updated: 2076848
	1944  -  MemoryUsage of job (MB)
	1990436  -  ResidentSetSize of job (KB)
...
006 (7693340.000.000) 11/08 09:53:24 Image size of job updated: 2077876
	1944  -  MemoryUsage of job (MB)
	1990436  -  ResidentSetSize of job (KB)
...
006 (7693340.000.000) 11/08 09:58:25 Image size of job updated: 2083564
	1944  -  MemoryUsage of job (MB)
	1990436  -  ResidentSetSize of job (KB)
...
006 (7693340.000.000) 11/08 10:03:26 Image size of job updated: 2089028
	1944  -  MemoryUsage of job (MB)
	1990436  -  ResidentSetSize of job (KB)
...
006 (7693340.000.000) 11/08 10:08:26 Image size of job updated: 2093940
	1944  -  MemoryUsage of job (MB)
	1990436  -  ResidentSetSize of job (KB)
...
006 (7693340.000.000) 11/08 10:13:27 Image size of job updated: 2114364
	1944  -  MemoryUsage of job (MB)
	1990436  -  ResidentSetSize of job (KB)
...
006 (7693340.000.000) 11/08 10:18:28 Image size of job updated: 2117044
	1944  -  MemoryUsage of job (MB)
	1990436  -  ResidentSetSize of job (KB)
...
006 (7693340.000.000) 11/08 10:33:30 Image size of job updated: 2121860
	1947  -  MemoryUsage of job (MB)
	1993388  -  ResidentSetSize of job (KB)
...
006 (7693340.000.000) 11/08 10:38:30 Image size of job updated: 2127428
	1953  -  MemoryUsage of job (MB)
	1999532  -  ResidentSetSize of job (KB)
...
006 (7693340.000.000) 11/08 10:43:31 Image size of job updated: 2130700
	1953  -  MemoryUsage of job (MB)
	1999532  -  ResidentSetSize of job (KB)
...
006 (7693340.000.000) 11/08 10:48:31 Image size of job updated: 2136704
	2028  -  MemoryUsage of job (MB)
	2075788  -  ResidentSetSize of job (KB)
...
006 (7693340.000.000) 11/08 10:53:32 Image size of job updated: 2143876
	2034  -  MemoryUsage of job (MB)
	2082044  -  ResidentSetSize of job (KB)
...
006 (7693340.000.000) 11/08 10:58:33 Image size of job updated: 2147712
	2034  -  MemoryUsage of job (MB)
	2082044  -  ResidentSetSize of job (KB)
...
006 (7693340.000.000) 11/08 11:03:33 Image size of job updated: 2152460
	2034  -  MemoryUsage of job (MB)
	2082044  -  ResidentSetSize of job (KB)
...
006 (7693340.000.000) 11/08 11:08:34 Image size of job updated: 2154976
	2034  -  MemoryUsage of job (MB)
	2082044  -  ResidentSetSize of job (KB)
...
006 (7693340.000.000) 11/08 11:13:34 Image size of job updated: 2160656
	2034  -  MemoryUsage of job (MB)
	2082044  -  ResidentSetSize of job (KB)
...
006 (7693340.000.000) 11/08 11:18:34 Image size of job updated: 2172396
	2034  -  MemoryUsage of job (MB)
	2082044  -  ResidentSetSize of job (KB)
...
006 (7693340.000.000) 11/08 11:19:09 Image size of job updated: 2172536
	2034  -  MemoryUsage of job (MB)
	2082044  -  ResidentSetSize of job (KB)
...
040 (7693340.000.000) 11/08 11:19:09 Started transferring output files
...
040 (7693340.000.000) 11/08 11:19:09 Finished transferring output files
...
004 (7693340.000.000) 11/08 11:19:09 Job was evicted.
	(0) CPU times
		Usr 0 08:16:47, Sys 0 07:11:43  -  Run Remote Usage
		Usr 0 00:00:00, Sys 0 00:00:00  -  Run Local Usage
	2548  -  Run Bytes Sent By Job
	10943  -  Run Bytes Received By Job
	Partitionable Resources :    Usage  Request Allocated 
	   Cpus                 :     0.98        1         1 
	   Disk (KB)            :    37          12   2897637 
	   Memory (MB)          :  2034        2000      2000 
...
009 (7693340.000.000) 11/08 11:19:09 Job was aborted.
	via condor_rm (by user fsalerno)
...
000 (7700972.000.000) 11/08 11:22:45 Job submitted from host: <137.138.55.115:9618?addrs=137.138.55.115-9618+[2001-1458-d00-17--12a]-9618&alias=bigbird23.cern.ch&noUDP&sock=schedd_4975_03c1>
...
040 (7700972.000.000) 11/08 11:22:51 Started transferring input files
	Transferring to host: <128.142.248.110:9618?addrs=128.142.248.110-9618+[2001-1458-301-73--100-15e]-9618&alias=b9g23p2973.cern.ch&noUDP&sock=slot1_24_7763_7c55_3102>
...
040 (7700972.000.000) 11/08 11:22:51 Finished transferring input files
...
001 (7700972.000.000) 11/08 11:22:52 Job executing on host: <128.142.248.110:9618?addrs=128.142.248.110-9618+[2001-1458-301-73--100-15e]-9618&alias=b9g23p2973.cern.ch&noUDP&sock=startd_6738_4939>
	SlotName: slot1_24@b9g23p2973.cern.ch
	CondorScratchDir = "/pool/condor/dir_3949888"
	Cpus = 1
	Disk = 2977852
	Memory = 2000
...
006 (7700972.000.000) 11/08 11:23:00 Image size of job updated: 460688
	450  -  MemoryUsage of job (MB)
	460688  -  ResidentSetSize of job (KB)
...
006 (7700972.000.000) 11/08 11:28:01 Image size of job updated: 731852
	685  -  MemoryUsage of job (MB)
	701124  -  ResidentSetSize of job (KB)
...
006 (7700972.000.000) 11/08 11:33:02 Image size of job updated: 769200
	685  -  MemoryUsage of job (MB)
	701124  -  ResidentSetSize of job (KB)
...
006 (7700972.000.000) 11/08 11:38:03 Image size of job updated: 810556
	792  -  MemoryUsage of job (MB)
	810460  -  ResidentSetSize of job (KB)
...
006 (7700972.000.000) 11/08 11:43:04 Image size of job updated: 869416
	835  -  MemoryUsage of job (MB)
	854820  -  ResidentSetSize of job (KB)
...
006 (7700972.000.000) 11/08 11:48:04 Image size of job updated: 901480
	841  -  MemoryUsage of job (MB)
	860964  -  ResidentSetSize of job (KB)
...
006 (7700972.000.000) 11/08 11:53:04 Image size of job updated: 946532
	841  -  MemoryUsage of job (MB)
	860964  -  ResidentSetSize of job (KB)
...
006 (7700972.000.000) 11/08 11:58:05 Image size of job updated: 986964
	890  -  MemoryUsage of job (MB)
	910940  -  ResidentSetSize of job (KB)
...
006 (7700972.000.000) 11/08 12:03:05 Image size of job updated: 1011252
	898  -  MemoryUsage of job (MB)
	919132  -  ResidentSetSize of job (KB)
...
006 (7700972.000.000) 11/08 12:08:05 Image size of job updated: 1017620
	898  -  MemoryUsage of job (MB)
	919132  -  ResidentSetSize of job (KB)
...
006 (7700972.000.000) 11/08 12:13:06 Image size of job updated: 1032248
	1001  -  MemoryUsage of job (MB)
	1024156  -  ResidentSetSize of job (KB)
...
006 (7700972.000.000) 11/08 12:18:07 Image size of job updated: 1060252
	1003  -  MemoryUsage of job (MB)
	1026172  -  ResidentSetSize of job (KB)
...
006 (7700972.000.000) 11/08 12:23:07 Image size of job updated: 1100508
	1003  -  MemoryUsage of job (MB)
	1026172  -  ResidentSetSize of job (KB)
...
006 (7700972.000.000) 11/08 12:28:08 Image size of job updated: 1112984
	1003  -  MemoryUsage of job (MB)
	1026172  -  ResidentSetSize of job (KB)
...
006 (7700972.000.000) 11/08 12:33:09 Image size of job updated: 1131560
	1053  -  MemoryUsage of job (MB)
	1077376  -  ResidentSetSize of job (KB)
...
006 (7700972.000.000) 11/08 12:38:09 Image size of job updated: 1159392
	1057  -  MemoryUsage of job (MB)
	1081472  -  ResidentSetSize of job (KB)
...
006 (7700972.000.000) 11/08 12:43:09 Image size of job updated: 1206108
	1077  -  MemoryUsage of job (MB)
	1101872  -  ResidentSetSize of job (KB)
...
006 (7700972.000.000) 11/08 12:48:10 Image size of job updated: 1210412
	1161  -  MemoryUsage of job (MB)
	1188480  -  ResidentSetSize of job (KB)
...
006 (7700972.000.000) 11/08 12:53:10 Image size of job updated: 1223636
	1166  -  MemoryUsage of job (MB)
	1193088  -  ResidentSetSize of job (KB)
...
006 (7700972.000.000) 11/08 12:58:10 Image size of job updated: 1225172
	1174  -  MemoryUsage of job (MB)
	1201204  -  ResidentSetSize of job (KB)
...
006 (7700972.000.000) 11/08 15:23:27 Image size of job updated: 1232740
	1174  -  MemoryUsage of job (MB)
	1201204  -  ResidentSetSize of job (KB)
...
006 (7700972.000.000) 11/08 15:28:27 Image size of job updated: 1247464
	1174  -  MemoryUsage of job (MB)
	1201204  -  ResidentSetSize of job (KB)
...
006 (7700972.000.000) 11/08 15:38:29 Image size of job updated: 1254712
	1174  -  MemoryUsage of job (MB)
	1201204  -  ResidentSetSize of job (KB)
...
006 (7700972.000.000) 11/08 15:43:30 Image size of job updated: 1280148
	1174  -  MemoryUsage of job (MB)
	1201204  -  ResidentSetSize of job (KB)
...
006 (7700972.000.000) 11/08 15:48:30 Image size of job updated: 1289720
	1205  -  MemoryUsage of job (MB)
	1233496  -  ResidentSetSize of job (KB)
...
006 (7700972.000.000) 11/08 15:53:30 Image size of job updated: 1298564
	1227  -  MemoryUsage of job (MB)
	1255688  -  ResidentSetSize of job (KB)
...
006 (7700972.000.000) 11/08 15:58:31 Image size of job updated: 1302204
	1231  -  MemoryUsage of job (MB)
	1259784  -  ResidentSetSize of job (KB)
...
006 (7700972.000.000) 11/08 16:03:31 Image size of job updated: 1320220
	1231  -  MemoryUsage of job (MB)
	1259784  -  ResidentSetSize of job (KB)
...
006 (7700972.000.000) 11/08 16:08:31 Image size of job updated: 1327508
	1231  -  MemoryUsage of job (MB)
	1259784  -  ResidentSetSize of job (KB)
...
006 (7700972.000.000) 11/08 16:13:32 Image size of job updated: 1342040
	1238  -  MemoryUsage of job (MB)
	1267180  -  ResidentSetSize of job (KB)
...
006 (7700972.000.000) 11/08 16:18:33 Image size of job updated: 1360824
	1254  -  MemoryUsage of job (MB)
	1283564  -  ResidentSetSize of job (KB)
...
006 (7700972.000.000) 11/08 16:23:33 Image size of job updated: 1361636
	1254  -  MemoryUsage of job (MB)
	1283564  -  ResidentSetSize of job (KB)
...
006 (7700972.000.000) 11/08 16:28:34 Image size of job updated: 1361940
	1254  -  MemoryUsage of job (MB)
	1283564  -  ResidentSetSize of job (KB)
...
006 (7700972.000.000) 11/08 16:33:35 Image size of job updated: 1383616
	1254  -  MemoryUsage of job (MB)
	1283564  -  ResidentSetSize of job (KB)
...
006 (7700972.000.000) 11/08 16:38:35 Image size of job updated: 1383616
	1344  -  MemoryUsage of job (MB)
	1375812  -  ResidentSetSize of job (KB)
...
006 (7700972.000.000) 11/08 16:43:35 Image size of job updated: 1397416
	1344  -  MemoryUsage of job (MB)
	1375812  -  ResidentSetSize of job (KB)
...
006 (7700972.000.000) 11/08 16:48:36 Image size of job updated: 1402616
	1344  -  MemoryUsage of job (MB)
	1375812  -  ResidentSetSize of job (KB)
...
006 (7700972.000.000) 11/08 16:53:36 Image size of job updated: 1424760
	1344  -  MemoryUsage of job (MB)
	1375812  -  ResidentSetSize of job (KB)
...
006 (7700972.000.000) 11/08 16:58:36 Image size of job updated: 1429980
	1344  -  MemoryUsage of job (MB)
	1375812  -  ResidentSetSize of job (KB)
...
006 (7700972.000.000) 11/08 17:08:38 Image size of job updated: 1442232
	1344  -  MemoryUsage of job (MB)
	1375812  -  ResidentSetSize of job (KB)
...
006 (7700972.000.000) 11/08 17:13:38 Image size of job updated: 1450256
	1344  -  MemoryUsage of job (MB)
	1375812  -  ResidentSetSize of job (KB)
...
006 (7700972.000.000) 11/08 17:18:39 Image size of job updated: 1465084
	1344  -  MemoryUsage of job (MB)
	1375812  -  ResidentSetSize of job (KB)
...
006 (7700972.000.000) 11/08 17:23:40 Image size of job updated: 1468252
	1344  -  MemoryUsage of job (MB)
	1375812  -  ResidentSetSize of job (KB)
...
006 (7700972.000.000) 11/08 17:28:40 Image size of job updated: 1474432
	1344  -  MemoryUsage of job (MB)
	1375812  -  ResidentSetSize of job (KB)
...
006 (7700972.000.000) 11/08 17:33:40 Image size of job updated: 1483868
	1344  -  MemoryUsage of job (MB)
	1375812  -  ResidentSetSize of job (KB)
...
006 (7700972.000.000) 11/08 17:38:41 Image size of job updated: 1498304
	1344  -  MemoryUsage of job (MB)
	1375812  -  ResidentSetSize of job (KB)
...
006 (7700972.000.000) 11/08 17:43:41 Image size of job updated: 1501780
	1448  -  MemoryUsage of job (MB)
	1482400  -  ResidentSetSize of job (KB)
...
006 (7700972.000.000) 11/08 17:48:41 Image size of job updated: 1501780
	1450  -  MemoryUsage of job (MB)
	1484448  -  ResidentSetSize of job (KB)
...
006 (7700972.000.000) 11/08 17:53:43 Image size of job updated: 1505056
	1450  -  MemoryUsage of job (MB)
	1484448  -  ResidentSetSize of job (KB)
...
006 (7700972.000.000) 11/08 17:58:43 Image size of job updated: 1520488
	1450  -  MemoryUsage of job (MB)
	1484448  -  ResidentSetSize of job (KB)
...
006 (7700972.000.000) 11/08 18:03:43 Image size of job updated: 1524288
	1450  -  MemoryUsage of job (MB)
	1484448  -  ResidentSetSize of job (KB)
...
006 (7700972.000.000) 11/08 18:08:44 Image size of job updated: 1538908
	1450  -  MemoryUsage of job (MB)
	1484448  -  ResidentSetSize of job (KB)
...
006 (7700972.000.000) 11/08 18:13:45 Image size of job updated: 1547512
	1450  -  MemoryUsage of job (MB)
	1484448  -  ResidentSetSize of job (KB)
...
006 (7700972.000.000) 11/08 18:18:45 Image size of job updated: 1553304
	1450  -  MemoryUsage of job (MB)
	1484448  -  ResidentSetSize of job (KB)
...
006 (7700972.000.000) 11/08 18:23:46 Image size of job updated: 1574552
	1450  -  MemoryUsage of job (MB)
	1484448  -  ResidentSetSize of job (KB)
...
006 (7700972.000.000) 11/08 18:38:47 Image size of job updated: 1610448
	1450  -  MemoryUsage of job (MB)
	1484448  -  ResidentSetSize of job (KB)
...
006 (7700972.000.000) 11/08 18:43:49 Image size of job updated: 1629980
	1450  -  MemoryUsage of job (MB)
	1484448  -  ResidentSetSize of job (KB)
...
006 (7700972.000.000) 11/08 18:48:49 Image size of job updated: 1633780
	1565  -  MemoryUsage of job (MB)
	1601940  -  ResidentSetSize of job (KB)
...
006 (7700972.000.000) 11/08 18:53:49 Image size of job updated: 1633780
	1569  -  MemoryUsage of job (MB)
	1606036  -  ResidentSetSize of job (KB)
...
006 (7700972.000.000) 11/08 18:58:50 Image size of job updated: 1636008
	1569  -  MemoryUsage of job (MB)
	1606036  -  ResidentSetSize of job (KB)
...
006 (7700972.000.000) 11/08 19:03:50 Image size of job updated: 1643652
	1569  -  MemoryUsage of job (MB)
	1606036  -  ResidentSetSize of job (KB)
...
006 (7700972.000.000) 11/08 19:08:51 Image size of job updated: 1653108
	1569  -  MemoryUsage of job (MB)
	1606036  -  ResidentSetSize of job (KB)
...
006 (7700972.000.000) 11/08 19:18:52 Image size of job updated: 1661900
	1569  -  MemoryUsage of job (MB)
	1606036  -  ResidentSetSize of job (KB)
...
006 (7700972.000.000) 11/08 19:23:53 Image size of job updated: 1698552
	1569  -  MemoryUsage of job (MB)
	1606036  -  ResidentSetSize of job (KB)
...
006 (7700972.000.000) 11/08 19:28:54 Image size of job updated: 1704068
	1569  -  MemoryUsage of job (MB)
	1606036  -  ResidentSetSize of job (KB)
...
006 (7700972.000.000) 11/08 19:33:54 Image size of job updated: 1704068
	1598  -  MemoryUsage of job (MB)
	1636228  -  ResidentSetSize of job (KB)
...
006 (7700972.000.000) 11/08 19:38:55 Image size of job updated: 1705664
	1598  -  MemoryUsage of job (MB)
	1636228  -  ResidentSetSize of job (KB)
...
006 (7700972.000.000) 11/08 19:43:55 Image size of job updated: 1717296
	1598  -  MemoryUsage of job (MB)
	1636228  -  ResidentSetSize of job (KB)
...
006 (7700972.000.000) 11/08 19:48:55 Image size of job updated: 1721372
	1598  -  MemoryUsage of job (MB)
	1636228  -  ResidentSetSize of job (KB)
...
006 (7700972.000.000) 11/08 19:53:56 Image size of job updated: 1721372
	1659  -  MemoryUsage of job (MB)
	1697892  -  ResidentSetSize of job (KB)
...
006 (7700972.000.000) 11/08 19:58:57 Image size of job updated: 1727328
	1681  -  MemoryUsage of job (MB)
	1721068  -  ResidentSetSize of job (KB)
...
006 (7700972.000.000) 11/08 20:03:57 Image size of job updated: 1745156
	1685  -  MemoryUsage of job (MB)
	1725164  -  ResidentSetSize of job (KB)
...
006 (7700972.000.000) 11/08 20:18:59 Image size of job updated: 1753368
	1685  -  MemoryUsage of job (MB)
	1725164  -  ResidentSetSize of job (KB)
...
006 (7700972.000.000) 11/08 20:23:59 Image size of job updated: 1760028
	1685  -  MemoryUsage of job (MB)
	1725164  -  ResidentSetSize of job (KB)
...
006 (7700972.000.000) 11/08 20:29:00 Image size of job updated: 1763488
	1685  -  MemoryUsage of job (MB)
	1725164  -  ResidentSetSize of job (KB)
...
006 (7700972.000.000) 11/08 20:34:00 Image size of job updated: 1766592
	1685  -  MemoryUsage of job (MB)
	1725164  -  ResidentSetSize of job (KB)
...
006 (7700972.000.000) 11/08 20:39:00 Image size of job updated: 1778592
	1685  -  MemoryUsage of job (MB)
	1725164  -  ResidentSetSize of job (KB)
...
006 (7700972.000.000) 11/08 20:44:02 Image size of job updated: 1779404
	1685  -  MemoryUsage of job (MB)
	1725164  -  ResidentSetSize of job (KB)
...
006 (7700972.000.000) 11/08 20:49:02 Image size of job updated: 1786000
	1685  -  MemoryUsage of job (MB)
	1725164  -  ResidentSetSize of job (KB)
...
006 (7700972.000.000) 11/08 20:54:02 Image size of job updated: 1807864
	1685  -  MemoryUsage of job (MB)
	1725164  -  ResidentSetSize of job (KB)
...
006 (7700972.000.000) 11/08 21:04:04 Image size of job updated: 1808392
	1685  -  MemoryUsage of job (MB)
	1725164  -  ResidentSetSize of job (KB)
...
006 (7700972.000.000) 11/08 21:09:04 Image size of job updated: 1813332
	1685  -  MemoryUsage of job (MB)
	1725164  -  ResidentSetSize of job (KB)
...
006 (7700972.000.000) 11/08 21:14:04 Image size of job updated: 1832580
	1685  -  MemoryUsage of job (MB)
	1725164  -  ResidentSetSize of job (KB)
...
006 (7700972.000.000) 11/08 21:19:05 Image size of job updated: 1833392
	1716  -  MemoryUsage of job (MB)
	1756624  -  ResidentSetSize of job (KB)
...
006 (7700972.000.000) 11/08 21:24:05 Image size of job updated: 1835520
	1722  -  MemoryUsage of job (MB)
	1762768  -  ResidentSetSize of job (KB)
...
006 (7700972.000.000) 11/08 21:29:05 Image size of job updated: 1854576
	1722  -  MemoryUsage of job (MB)
	1762768  -  ResidentSetSize of job (KB)
...
006 (7700972.000.000) 11/08 21:34:07 Image size of job updated: 1854576
	1742  -  MemoryUsage of job (MB)
	1783444  -  ResidentSetSize of job (KB)
...
006 (7700972.000.000) 11/08 21:39:07 Image size of job updated: 1858028
	1760  -  MemoryUsage of job (MB)
	1801876  -  ResidentSetSize of job (KB)
...
006 (7700972.000.000) 11/08 21:44:07 Image size of job updated: 1868996
	1760  -  MemoryUsage of job (MB)
	1801876  -  ResidentSetSize of job (KB)
...
006 (7700972.000.000) 11/08 21:49:08 Image size of job updated: 1874044
	1760  -  MemoryUsage of job (MB)
	1801876  -  ResidentSetSize of job (KB)
...
006 (7700972.000.000) 11/08 21:54:09 Image size of job updated: 1884216
	1760  -  MemoryUsage of job (MB)
	1801876  -  ResidentSetSize of job (KB)
...
006 (7700972.000.000) 11/08 21:59:09 Image size of job updated: 1890148
	1760  -  MemoryUsage of job (MB)
	1801876  -  ResidentSetSize of job (KB)
...
006 (7700972.000.000) 11/08 22:04:10 Image size of job updated: 1895916
	1760  -  MemoryUsage of job (MB)
	1801876  -  ResidentSetSize of job (KB)
...
006 (7700972.000.000) 11/08 22:09:11 Image size of job updated: 1902420
	1760  -  MemoryUsage of job (MB)
	1801876  -  ResidentSetSize of job (KB)
...
006 (7700972.000.000) 11/08 22:14:11 Image size of job updated: 1913540
	1760  -  MemoryUsage of job (MB)
	1801876  -  ResidentSetSize of job (KB)
...
006 (7700972.000.000) 11/08 22:19:11 Image size of job updated: 1914588
	1760  -  MemoryUsage of job (MB)
	1801876  -  ResidentSetSize of job (KB)
...
006 (7700972.000.000) 11/08 22:44:14 Image size of job updated: 1920484
	1760  -  MemoryUsage of job (MB)
	1801876  -  ResidentSetSize of job (KB)
...
006 (7700972.000.000) 11/08 22:49:14 Image size of job updated: 1936544
	1760  -  MemoryUsage of job (MB)
	1801876  -  ResidentSetSize of job (KB)
...
006 (7700972.000.000) 11/08 22:54:15 Image size of job updated: 1938856
	1760  -  MemoryUsage of job (MB)
	1801876  -  ResidentSetSize of job (KB)
...
006 (7700972.000.000) 11/08 22:59:16 Image size of job updated: 1954756
	1772  -  MemoryUsage of job (MB)
	1814356  -  ResidentSetSize of job (KB)
...
006 (7700972.000.000) 11/08 23:04:16 Image size of job updated: 1959604
	1776  -  MemoryUsage of job (MB)
	1818452  -  ResidentSetSize of job (KB)
...
006 (7700972.000.000) 11/08 23:09:16 Image size of job updated: 1965632
	1776  -  MemoryUsage of job (MB)
	1818452  -  ResidentSetSize of job (KB)
...
006 (7700972.000.000) 11/08 23:14:17 Image size of job updated: 2095948
	1776  -  MemoryUsage of job (MB)
	1818452  -  ResidentSetSize of job (KB)
...
006 (7700972.000.000) 11/08 23:19:17 Image size of job updated: 2099900
	1776  -  MemoryUsage of job (MB)
	1818452  -  ResidentSetSize of job (KB)
...
006 (7700972.000.000) 11/08 23:24:17 Image size of job updated: 2103796
	1776  -  MemoryUsage of job (MB)
	1818452  -  ResidentSetSize of job (KB)
...
006 (7700972.000.000) 11/08 23:29:18 Image size of job updated: 2107852
	2004  -  MemoryUsage of job (MB)
	2051172  -  ResidentSetSize of job (KB)
...
006 (7700972.000.000) 11/08 23:34:18 Image size of job updated: 2111988
	2008  -  MemoryUsage of job (MB)
	2055268  -  ResidentSetSize of job (KB)
...
006 (7700972.000.000) 11/08 23:39:18 Image size of job updated: 2113880
	2008  -  MemoryUsage of job (MB)
	2055268  -  ResidentSetSize of job (KB)
...
006 (7700972.000.000) 11/09 01:09:29 Image size of job updated: 2115476
	2008  -  MemoryUsage of job (MB)
	2055268  -  ResidentSetSize of job (KB)
...
006 (7700972.000.000) 11/09 01:14:29 Image size of job updated: 2116460
	2008  -  MemoryUsage of job (MB)
	2055268  -  ResidentSetSize of job (KB)
...
006 (7700972.000.000) 11/09 01:19:29 Image size of job updated: 2126436
	2008  -  MemoryUsage of job (MB)
	2055268  -  ResidentSetSize of job (KB)
...
006 (7700972.000.000) 11/09 01:29:30 Image size of job updated: 2133160
	2008  -  MemoryUsage of job (MB)
	2055268  -  ResidentSetSize of job (KB)
...
006 (7700972.000.000) 11/09 01:34:30 Image size of job updated: 2142504
	2008  -  MemoryUsage of job (MB)
	2055268  -  ResidentSetSize of job (KB)
...
006 (7700972.000.000) 11/09 01:39:31 Image size of job updated: 2146756
	2008  -  MemoryUsage of job (MB)
	2055268  -  ResidentSetSize of job (KB)
...
006 (7700972.000.000) 11/09 01:44:32 Image size of job updated: 2157752
	2008  -  MemoryUsage of job (MB)
	2055268  -  ResidentSetSize of job (KB)
...
006 (7700972.000.000) 11/09 01:49:32 Image size of job updated: 2160392
	2008  -  MemoryUsage of job (MB)
	2055268  -  ResidentSetSize of job (KB)
...
006 (7700972.000.000) 11/09 01:54:33 Image size of job updated: 2163876
	2076  -  MemoryUsage of job (MB)
	2125168  -  ResidentSetSize of job (KB)
...
006 (7700972.000.000) 11/09 01:59:34 Image size of job updated: 2192868
	2080  -  MemoryUsage of job (MB)
	2129264  -  ResidentSetSize of job (KB)
...
006 (7700972.000.000) 11/09 02:04:34 Image size of job updated: 2193172
	2080  -  MemoryUsage of job (MB)
	2129264  -  ResidentSetSize of job (KB)
...
006 (7700972.000.000) 11/09 02:19:35 Image size of job updated: 2199096
	2080  -  MemoryUsage of job (MB)
	2129264  -  ResidentSetSize of job (KB)
...
006 (7700972.000.000) 11/09 02:24:35 Image size of job updated: 2199300
	2080  -  MemoryUsage of job (MB)
	2129264  -  ResidentSetSize of job (KB)
...
006 (7700972.000.000) 11/09 02:29:36 Image size of job updated: 2215964
	2080  -  MemoryUsage of job (MB)
	2129264  -  ResidentSetSize of job (KB)
...
006 (7700972.000.000) 11/09 02:34:37 Image size of job updated: 2218568
	2080  -  MemoryUsage of job (MB)
	2129264  -  ResidentSetSize of job (KB)
...
006 (7700972.000.000) 11/09 02:39:37 Image size of job updated: 2225128
	2080  -  MemoryUsage of job (MB)
	2129264  -  ResidentSetSize of job (KB)
...
006 (7700972.000.000) 11/09 02:44:38 Image size of job updated: 2268436
	2080  -  MemoryUsage of job (MB)
	2129264  -  ResidentSetSize of job (KB)
...
006 (7700972.000.000) 11/09 02:49:39 Image size of job updated: 2271900
	2080  -  MemoryUsage of job (MB)
	2129264  -  ResidentSetSize of job (KB)
...
006 (7700972.000.000) 11/09 02:59:39 Image size of job updated: 2293192
	2080  -  MemoryUsage of job (MB)
	2129264  -  ResidentSetSize of job (KB)
...
006 (7700972.000.000) 11/09 03:04:40 Image size of job updated: 2299300
	2080  -  MemoryUsage of job (MB)
	2129264  -  ResidentSetSize of job (KB)
...
006 (7700972.000.000) 11/09 03:09:40 Image size of job updated: 2302268
	2080  -  MemoryUsage of job (MB)
	2129264  -  ResidentSetSize of job (KB)
...
006 (7700972.000.000) 11/09 03:34:43 Image size of job updated: 2311888
	2188  -  MemoryUsage of job (MB)
	2239988  -  ResidentSetSize of job (KB)
...
006 (7700972.000.000) 11/09 03:39:44 Image size of job updated: 2319492
	2238  -  MemoryUsage of job (MB)
	2291188  -  ResidentSetSize of job (KB)
...
006 (7700972.000.000) 11/09 03:44:44 Image size of job updated: 2322236
	2238  -  MemoryUsage of job (MB)
	2291188  -  ResidentSetSize of job (KB)
...
006 (7700972.000.000) 11/09 03:54:46 Image size of job updated: 2326292
	2238  -  MemoryUsage of job (MB)
	2291188  -  ResidentSetSize of job (KB)
...
006 (7700972.000.000) 11/09 03:59:46 Image size of job updated: 2327208
	2238  -  MemoryUsage of job (MB)
	2291188  -  ResidentSetSize of job (KB)
...
006 (7700972.000.000) 11/09 04:04:47 Image size of job updated: 2334080
	2238  -  MemoryUsage of job (MB)
	2291188  -  ResidentSetSize of job (KB)
...
006 (7700972.000.000) 11/09 04:09:48 Image size of job updated: 2338396
	2238  -  MemoryUsage of job (MB)
	2291188  -  ResidentSetSize of job (KB)
...
006 (7700972.000.000) 11/09 04:14:48 Image size of job updated: 2342284
	2238  -  MemoryUsage of job (MB)
	2291188  -  ResidentSetSize of job (KB)
...
006 (7700972.000.000) 11/09 04:19:48 Image size of job updated: 2348688
	2238  -  MemoryUsage of job (MB)
	2291188  -  ResidentSetSize of job (KB)
...
006 (7700972.000.000) 11/09 04:24:49 Image size of job updated: 2349012
	2238  -  MemoryUsage of job (MB)
	2291188  -  ResidentSetSize of job (KB)
...
006 (7700972.000.000) 11/09 04:29:49 Image size of job updated: 2355888
	2238  -  MemoryUsage of job (MB)
	2291188  -  ResidentSetSize of job (KB)
...
006 (7700972.000.000) 11/09 04:34:49 Image size of job updated: 2369564
	2238  -  MemoryUsage of job (MB)
	2291188  -  ResidentSetSize of job (KB)
...
006 (7700972.000.000) 11/09 04:49:51 Image size of job updated: 2379448
	2238  -  MemoryUsage of job (MB)
	2291188  -  ResidentSetSize of job (KB)
...
006 (7700972.000.000) 11/09 04:54:52 Image size of job updated: 2398600
	2238  -  MemoryUsage of job (MB)
	2291188  -  ResidentSetSize of job (KB)
...
006 (7700972.000.000) 11/09 04:59:53 Image size of job updated: 2400748
	2238  -  MemoryUsage of job (MB)
	2291188  -  ResidentSetSize of job (KB)
...
006 (7700972.000.000) 11/09 05:14:54 Image size of job updated: 2411072
	2238  -  MemoryUsage of job (MB)
	2291188  -  ResidentSetSize of job (KB)
...
006 (7700972.000.000) 11/09 05:19:54 Image size of job updated: 2414236
	2238  -  MemoryUsage of job (MB)
	2291188  -  ResidentSetSize of job (KB)
...
006 (7700972.000.000) 11/09 05:24:54 Image size of job updated: 2415420
	2302  -  MemoryUsage of job (MB)
	2356900  -  ResidentSetSize of job (KB)
...
006 (7700972.000.000) 11/09 05:29:55 Image size of job updated: 2417388
	2306  -  MemoryUsage of job (MB)
	2360996  -  ResidentSetSize of job (KB)
...
006 (7700972.000.000) 11/09 05:34:56 Image size of job updated: 2426548
	2306  -  MemoryUsage of job (MB)
	2360996  -  ResidentSetSize of job (KB)
...
006 (7700972.000.000) 11/09 05:39:56 Image size of job updated: 2448676
	2328  -  MemoryUsage of job (MB)
	2383348  -  ResidentSetSize of job (KB)
...
006 (7700972.000.000) 11/09 05:44:57 Image size of job updated: 2448676
	2334  -  MemoryUsage of job (MB)
	2389492  -  ResidentSetSize of job (KB)
...
006 (7700972.000.000) 11/09 06:05:00 Image size of job updated: 2452340
	2334  -  MemoryUsage of job (MB)
	2389492  -  ResidentSetSize of job (KB)
...
006 (7700972.000.000) 11/09 06:15:00 Image size of job updated: 2456012
	2334  -  MemoryUsage of job (MB)
	2389492  -  ResidentSetSize of job (KB)
...
006 (7700972.000.000) 11/09 06:20:01 Image size of job updated: 2462260
	2334  -  MemoryUsage of job (MB)
	2389492  -  ResidentSetSize of job (KB)
...
006 (7700972.000.000) 11/09 06:25:01 Image size of job updated: 2467860
	2334  -  MemoryUsage of job (MB)
	2389492  -  ResidentSetSize of job (KB)
...
006 (7700972.000.000) 11/09 06:30:01 Image size of job updated: 2495868
	2334  -  MemoryUsage of job (MB)
	2389492  -  ResidentSetSize of job (KB)
...
006 (7700972.000.000) 11/09 06:35:02 Image size of job updated: 2499756
	2334  -  MemoryUsage of job (MB)
	2389492  -  ResidentSetSize of job (KB)
...
006 (7700972.000.000) 11/09 06:45:03 Image size of job updated: 2503144
	2334  -  MemoryUsage of job (MB)
	2389492  -  ResidentSetSize of job (KB)
...
006 (7700972.000.000) 11/09 06:50:04 Image size of job updated: 2505320
	2334  -  MemoryUsage of job (MB)
	2389492  -  ResidentSetSize of job (KB)
...
006 (7700972.000.000) 11/09 07:00:05 Image size of job updated: 2509264
	2334  -  MemoryUsage of job (MB)
	2389492  -  ResidentSetSize of job (KB)
...
006 (7700972.000.000) 11/09 07:15:06 Image size of job updated: 2513824
	2334  -  MemoryUsage of job (MB)
	2389492  -  ResidentSetSize of job (KB)
...
006 (7700972.000.000) 11/09 07:20:06 Image size of job updated: 2516572
	2334  -  MemoryUsage of job (MB)
	2389492  -  ResidentSetSize of job (KB)
...
006 (7700972.000.000) 11/09 07:25:07 Image size of job updated: 2528240
	2334  -  MemoryUsage of job (MB)
	2389492  -  ResidentSetSize of job (KB)
...
006 (7700972.000.000) 11/09 07:30:08 Image size of job updated: 2532692
	2334  -  MemoryUsage of job (MB)
	2389492  -  ResidentSetSize of job (KB)
...
006 (7700972.000.000) 11/09 07:35:08 Image size of job updated: 2535028
	2334  -  MemoryUsage of job (MB)
	2389492  -  ResidentSetSize of job (KB)
...
006 (7700972.000.000) 11/09 07:40:09 Image size of job updated: 2535996
	2334  -  MemoryUsage of job (MB)
	2389492  -  ResidentSetSize of job (KB)
...
006 (7700972.000.000) 11/09 07:45:10 Image size of job updated: 2553620
	2334  -  MemoryUsage of job (MB)
	2389492  -  ResidentSetSize of job (KB)
...
006 (7700972.000.000) 11/09 07:50:10 Image size of job updated: 2555084
	2334  -  MemoryUsage of job (MB)
	2389492  -  ResidentSetSize of job (KB)
...
006 (7700972.000.000) 11/09 08:00:12 Image size of job updated: 2559188
	2334  -  MemoryUsage of job (MB)
	2389492  -  ResidentSetSize of job (KB)
...
006 (7700972.000.000) 11/09 08:05:12 Image size of job updated: 2561672
	2334  -  MemoryUsage of job (MB)
	2389492  -  ResidentSetSize of job (KB)
...
006 (7700972.000.000) 11/09 08:10:12 Image size of job updated: 2565604
	2334  -  MemoryUsage of job (MB)
	2389492  -  ResidentSetSize of job (KB)
...
006 (7700972.000.000) 11/09 08:15:13 Image size of job updated: 2571504
	2334  -  MemoryUsage of job (MB)
	2389492  -  ResidentSetSize of job (KB)
...
006 (7700972.000.000) 11/09 08:20:13 Image size of job updated: 2572576
	2334  -  MemoryUsage of job (MB)
	2389492  -  ResidentSetSize of job (KB)
...
006 (7700972.000.000) 11/09 08:25:13 Image size of job updated: 2582424
	2334  -  MemoryUsage of job (MB)
	2389492  -  ResidentSetSize of job (KB)
...
006 (7700972.000.000) 11/09 08:30:14 Image size of job updated: 2588996
	2334  -  MemoryUsage of job (MB)
	2389492  -  ResidentSetSize of job (KB)
...
006 (7700972.000.000) 11/09 08:35:15 Image size of job updated: 2588996
	2408  -  MemoryUsage of job (MB)
	2464956  -  ResidentSetSize of job (KB)
...
006 (7700972.000.000) 11/09 08:40:15 Image size of job updated: 2608308
	2414  -  MemoryUsage of job (MB)
	2471100  -  ResidentSetSize of job (KB)
...
006 (7700972.000.000) 11/09 08:45:16 Image size of job updated: 2611408
	2414  -  MemoryUsage of job (MB)
	2471100  -  ResidentSetSize of job (KB)
...
006 (7700972.000.000) 11/09 08:55:17 Image size of job updated: 2618652
	2481  -  MemoryUsage of job (MB)
	2540540  -  ResidentSetSize of job (KB)
...
006 (7700972.000.000) 11/09 09:00:17 Image size of job updated: 2628880
	2487  -  MemoryUsage of job (MB)
	2546684  -  ResidentSetSize of job (KB)
...
006 (7700972.000.000) 11/09 09:05:18 Image size of job updated: 2633296
	2487  -  MemoryUsage of job (MB)
	2546684  -  ResidentSetSize of job (KB)
...
006 (7700972.000.000) 11/09 09:15:18 Image size of job updated: 2633296
	2510  -  MemoryUsage of job (MB)
	2569520  -  ResidentSetSize of job (KB)
...
006 (7700972.000.000) 11/09 09:20:19 Image size of job updated: 2633296
	2553  -  MemoryUsage of job (MB)
	2613912  -  ResidentSetSize of job (KB)
...
006 (7700972.000.000) 11/09 09:25:19 Image size of job updated: 2633296
	2559  -  MemoryUsage of job (MB)
	2620056  -  ResidentSetSize of job (KB)
...
006 (7700972.000.000) 11/09 09:30:19 Image size of job updated: 2638364
	2559  -  MemoryUsage of job (MB)
	2620056  -  ResidentSetSize of job (KB)
...
006 (7700972.000.000) 11/09 09:35:20 Image size of job updated: 2639484
	2559  -  MemoryUsage of job (MB)
	2620056  -  ResidentSetSize of job (KB)
...
006 (7700972.000.000) 11/09 09:40:21 Image size of job updated: 2642192
	2559  -  MemoryUsage of job (MB)
	2620056  -  ResidentSetSize of job (KB)
...
006 (7700972.000.000) 11/09 09:45:21 Image size of job updated: 2644520
	2559  -  MemoryUsage of job (MB)
	2620056  -  ResidentSetSize of job (KB)
...
006 (7700972.000.000) 11/09 09:50:22 Image size of job updated: 2648276
	2559  -  MemoryUsage of job (MB)
	2620056  -  ResidentSetSize of job (KB)
...
006 (7700972.000.000) 11/09 09:55:23 Image size of job updated: 2654196
	2559  -  MemoryUsage of job (MB)
	2620056  -  ResidentSetSize of job (KB)
...
006 (7700972.000.000) 11/09 10:00:23 Image size of job updated: 2665884
	2559  -  MemoryUsage of job (MB)
	2620056  -  ResidentSetSize of job (KB)
...
006 (7700972.000.000) 11/09 10:05:23 Image size of job updated: 2667036
	2559  -  MemoryUsage of job (MB)
	2620056  -  ResidentSetSize of job (KB)
...
006 (7700972.000.000) 11/09 10:10:24 Image size of job updated: 2672084
	2559  -  MemoryUsage of job (MB)
	2620056  -  ResidentSetSize of job (KB)
...
006 (7700972.000.000) 11/09 10:15:24 Image size of job updated: 2694632
	2559  -  MemoryUsage of job (MB)
	2620056  -  ResidentSetSize of job (KB)
...
006 (7700972.000.000) 11/09 10:20:24 Image size of job updated: 2698284
	2559  -  MemoryUsage of job (MB)
	2620056  -  ResidentSetSize of job (KB)
...
006 (7700972.000.000) 11/09 11:15:31 Image size of job updated: 2709752
	2559  -  MemoryUsage of job (MB)
	2620056  -  ResidentSetSize of job (KB)
...
006 (7700972.000.000) 11/09 11:20:31 Image size of job updated: 2711804
	2559  -  MemoryUsage of job (MB)
	2620056  -  ResidentSetSize of job (KB)
...
006 (7700972.000.000) 11/09 11:25:31 Image size of job updated: 2713400
	2559  -  MemoryUsage of job (MB)
	2620056  -  ResidentSetSize of job (KB)
...
006 (7700972.000.000) 11/09 11:30:32 Image size of job updated: 2714492
	2559  -  MemoryUsage of job (MB)
	2620056  -  ResidentSetSize of job (KB)
...
006 (7700972.000.000) 11/09 11:35:33 Image size of job updated: 2716508
	2559  -  MemoryUsage of job (MB)
	2620056  -  ResidentSetSize of job (KB)
...
006 (7700972.000.000) 11/09 11:40:33 Image size of job updated: 2729956
	2559  -  MemoryUsage of job (MB)
	2620056  -  ResidentSetSize of job (KB)
...
006 (7700972.000.000) 11/09 11:45:34 Image size of job updated: 2731836
	2559  -  MemoryUsage of job (MB)
	2620056  -  ResidentSetSize of job (KB)
...
006 (7700972.000.000) 11/09 12:00:36 Image size of job updated: 2737772
	2559  -  MemoryUsage of job (MB)
	2620056  -  ResidentSetSize of job (KB)
...
006 (7700972.000.000) 11/09 12:05:37 Image size of job updated: 2739000
	2559  -  MemoryUsage of job (MB)
	2620056  -  ResidentSetSize of job (KB)
...
006 (7700972.000.000) 11/09 12:10:37 Image size of job updated: 2743476
	2559  -  MemoryUsage of job (MB)
	2620056  -  ResidentSetSize of job (KB)
...
006 (7700972.000.000) 11/09 12:15:38 Image size of job updated: 2748252
	2559  -  MemoryUsage of job (MB)
	2620056  -  ResidentSetSize of job (KB)
...
006 (7700972.000.000) 11/09 12:20:39 Image size of job updated: 2756108
	2559  -  MemoryUsage of job (MB)
	2620056  -  ResidentSetSize of job (KB)
...
006 (7700972.000.000) 11/09 12:30:39 Image size of job updated: 2759512
	2559  -  MemoryUsage of job (MB)
	2620056  -  ResidentSetSize of job (KB)
...
006 (7700972.000.000) 11/09 12:35:40 Image size of job updated: 2764932
	2559  -  MemoryUsage of job (MB)
	2620056  -  ResidentSetSize of job (KB)
...
006 (7700972.000.000) 11/09 12:45:40 Image size of job updated: 2774296
	2559  -  MemoryUsage of job (MB)
	2620056  -  ResidentSetSize of job (KB)
...
006 (7700972.000.000) 11/09 12:55:42 Image size of job updated: 2794040
	2559  -  MemoryUsage of job (MB)
	2620056  -  ResidentSetSize of job (KB)
...
006 (7700972.000.000) 11/09 13:00:42 Image size of job updated: 2797368
	2559  -  MemoryUsage of job (MB)
	2620056  -  ResidentSetSize of job (KB)
...
006 (7700972.000.000) 11/09 13:05:43 Image size of job updated: 2798320
	2559  -  MemoryUsage of job (MB)
	2620056  -  ResidentSetSize of job (KB)
...
006 (7700972.000.000) 11/09 13:10:43 Image size of job updated: 2800768
	2559  -  MemoryUsage of job (MB)
	2620056  -  ResidentSetSize of job (KB)
...
006 (7700972.000.000) 11/09 13:15:43 Image size of job updated: 2800768
	2560  -  MemoryUsage of job (MB)
	2620496  -  ResidentSetSize of job (KB)
...
006 (7700972.000.000) 11/09 13:20:44 Image size of job updated: 2800768
	2566  -  MemoryUsage of job (MB)
	2626640  -  ResidentSetSize of job (KB)
...
006 (7700972.000.000) 11/09 13:25:44 Image size of job updated: 2806168
	2566  -  MemoryUsage of job (MB)
	2626640  -  ResidentSetSize of job (KB)
...
006 (7700972.000.000) 11/09 13:30:44 Image size of job updated: 2808616
	2566  -  MemoryUsage of job (MB)
	2626640  -  ResidentSetSize of job (KB)
...
006 (7700972.000.000) 11/09 13:35:46 Image size of job updated: 2809052
	2566  -  MemoryUsage of job (MB)
	2626640  -  ResidentSetSize of job (KB)
...
006 (7700972.000.000) 11/09 13:40:46 Image size of job updated: 2821036
	2566  -  MemoryUsage of job (MB)
	2626640  -  ResidentSetSize of job (KB)
...
006 (7700972.000.000) 11/09 13:45:46 Image size of job updated: 2825896
	2566  -  MemoryUsage of job (MB)
	2626640  -  ResidentSetSize of job (KB)
...
006 (7700972.000.000) 11/09 13:50:47 Image size of job updated: 2827824
	2566  -  MemoryUsage of job (MB)
	2626640  -  ResidentSetSize of job (KB)
...
006 (7700972.000.000) 11/09 13:55:48 Image size of job updated: 2834576
	2566  -  MemoryUsage of job (MB)
	2626640  -  ResidentSetSize of job (KB)
...
006 (7700972.000.000) 11/09 14:00:48 Image size of job updated: 2837372
	2566  -  MemoryUsage of job (MB)
	2626640  -  ResidentSetSize of job (KB)
...
006 (7700972.000.000) 11/09 14:05:49 Image size of job updated: 2841560
	2566  -  MemoryUsage of job (MB)
	2626640  -  ResidentSetSize of job (KB)
...
006 (7700972.000.000) 11/09 14:10:50 Image size of job updated: 2843348
	2566  -  MemoryUsage of job (MB)
	2626640  -  ResidentSetSize of job (KB)
...
006 (7700972.000.000) 11/09 14:15:50 Image size of job updated: 2843812
	2566  -  MemoryUsage of job (MB)
	2626640  -  ResidentSetSize of job (KB)
...
006 (7700972.000.000) 11/09 14:20:50 Image size of job updated: 2845336
	2566  -  MemoryUsage of job (MB)
	2626640  -  ResidentSetSize of job (KB)
...
006 (7700972.000.000) 11/09 14:25:51 Image size of job updated: 2857840
	2566  -  MemoryUsage of job (MB)
	2626640  -  ResidentSetSize of job (KB)
...
006 (7700972.000.000) 11/09 14:30:51 Image size of job updated: 2860572
	2566  -  MemoryUsage of job (MB)
	2626640  -  ResidentSetSize of job (KB)
...
006 (7700972.000.000) 11/09 14:35:51 Image size of job updated: 2867028
	2566  -  MemoryUsage of job (MB)
	2626640  -  ResidentSetSize of job (KB)
...
006 (7700972.000.000) 11/09 14:40:52 Image size of job updated: 2868628
	2566  -  MemoryUsage of job (MB)
	2626640  -  ResidentSetSize of job (KB)
...
006 (7700972.000.000) 11/09 14:50:53 Image size of job updated: 2869992
	2694  -  MemoryUsage of job (MB)
	2757812  -  ResidentSetSize of job (KB)
...
006 (7700972.000.000) 11/09 14:55:54 Image size of job updated: 2890488
	2698  -  MemoryUsage of job (MB)
	2761944  -  ResidentSetSize of job (KB)
...
006 (7700972.000.000) 11/09 15:00:55 Image size of job updated: 2892972
	2698  -  MemoryUsage of job (MB)
	2761944  -  ResidentSetSize of job (KB)
...
006 (7700972.000.000) 11/09 15:10:55 Image size of job updated: 2896036
	2698  -  MemoryUsage of job (MB)
	2761944  -  ResidentSetSize of job (KB)
...
006 (7700972.000.000) 11/09 15:15:56 Image size of job updated: 2899796
	2698  -  MemoryUsage of job (MB)
	2761944  -  ResidentSetSize of job (KB)
...
006 (7700972.000.000) 11/09 15:20:56 Image size of job updated: 2899796
	2793  -  MemoryUsage of job (MB)
	2859304  -  ResidentSetSize of job (KB)
...
006 (7700972.000.000) 11/09 15:25:56 Image size of job updated: 2899796
	2799  -  MemoryUsage of job (MB)
	2865448  -  ResidentSetSize of job (KB)
...
006 (7700972.000.000) 11/09 15:30:58 Image size of job updated: 2908480
	2799  -  MemoryUsage of job (MB)
	2865448  -  ResidentSetSize of job (KB)
...
006 (7700972.000.000) 11/09 15:35:58 Image size of job updated: 2909716
	2799  -  MemoryUsage of job (MB)
	2865448  -  ResidentSetSize of job (KB)
...
006 (7700972.000.000) 11/09 15:40:58 Image size of job updated: 2911312
	2799  -  MemoryUsage of job (MB)
	2865448  -  ResidentSetSize of job (KB)
...
006 (7700972.000.000) 11/09 15:45:59 Image size of job updated: 2921372
	2799  -  MemoryUsage of job (MB)
	2865448  -  ResidentSetSize of job (KB)
...
006 (7700972.000.000) 11/09 15:56:00 Image size of job updated: 2924384
	2799  -  MemoryUsage of job (MB)
	2865448  -  ResidentSetSize of job (KB)
...
006 (7700972.000.000) 11/09 16:01:01 Image size of job updated: 2925928
	2799  -  MemoryUsage of job (MB)
	2865448  -  ResidentSetSize of job (KB)
...
006 (7700972.000.000) 11/09 16:06:02 Image size of job updated: 2928000
	2799  -  MemoryUsage of job (MB)
	2865448  -  ResidentSetSize of job (KB)
...
006 (7700972.000.000) 11/09 16:11:02 Image size of job updated: 2931728
	2799  -  MemoryUsage of job (MB)
	2865448  -  ResidentSetSize of job (KB)
...
006 (7700972.000.000) 11/09 16:16:03 Image size of job updated: 2934052
	2799  -  MemoryUsage of job (MB)
	2865448  -  ResidentSetSize of job (KB)
...
006 (7700972.000.000) 11/09 16:21:04 Image size of job updated: 2940156
	2799  -  MemoryUsage of job (MB)
	2865448  -  ResidentSetSize of job (KB)
...
006 (7700972.000.000) 11/09 16:26:04 Image size of job updated: 2942844
	2799  -  MemoryUsage of job (MB)
	2865448  -  ResidentSetSize of job (KB)
...
006 (7700972.000.000) 11/09 16:31:04 Image size of job updated: 2944452
	2799  -  MemoryUsage of job (MB)
	2865448  -  ResidentSetSize of job (KB)
...
006 (7700972.000.000) 11/09 16:36:05 Image size of job updated: 2948056
	2799  -  MemoryUsage of job (MB)
	2865448  -  ResidentSetSize of job (KB)
...
006 (7700972.000.000) 11/09 16:41:05 Image size of job updated: 2954828
	2799  -  MemoryUsage of job (MB)
	2865448  -  ResidentSetSize of job (KB)
...
006 (7700972.000.000) 11/09 16:46:05 Image size of job updated: 2965972
	2799  -  MemoryUsage of job (MB)
	2865448  -  ResidentSetSize of job (KB)
...
006 (7700972.000.000) 11/09 16:51:06 Image size of job updated: 2966280
	2799  -  MemoryUsage of job (MB)
	2865448  -  ResidentSetSize of job (KB)
...
006 (7700972.000.000) 11/09 16:56:07 Image size of job updated: 2966688
	2811  -  MemoryUsage of job (MB)
	2878304  -  ResidentSetSize of job (KB)
...
006 (7700972.000.000) 11/09 17:01:07 Image size of job updated: 2970972
	2815  -  MemoryUsage of job (MB)
	2882400  -  ResidentSetSize of job (KB)
...
006 (7700972.000.000) 11/09 17:06:09 Image size of job updated: 2983304
	2815  -  MemoryUsage of job (MB)
	2882400  -  ResidentSetSize of job (KB)
...
006 (7700972.000.000) 11/09 17:11:09 Image size of job updated: 2985052
	2815  -  MemoryUsage of job (MB)
	2882400  -  ResidentSetSize of job (KB)
...
006 (7700972.000.000) 11/09 17:16:09 Image size of job updated: 2987624
	2815  -  MemoryUsage of job (MB)
	2882400  -  ResidentSetSize of job (KB)
...
006 (7700972.000.000) 11/09 17:21:10 Image size of job updated: 2988680
	2815  -  MemoryUsage of job (MB)
	2882400  -  ResidentSetSize of job (KB)
...
006 (7700972.000.000) 11/09 17:31:12 Image size of job updated: 2989572
	2815  -  MemoryUsage of job (MB)
	2882400  -  ResidentSetSize of job (KB)
...
006 (7700972.000.000) 11/09 17:36:12 Image size of job updated: 2993304
	2815  -  MemoryUsage of job (MB)
	2882400  -  ResidentSetSize of job (KB)
...
006 (7700972.000.000) 11/09 17:41:13 Image size of job updated: 3000280
	2815  -  MemoryUsage of job (MB)
	2882400  -  ResidentSetSize of job (KB)
...
006 (7700972.000.000) 11/09 17:46:14 Image size of job updated: 3009632
	2815  -  MemoryUsage of job (MB)
	2882400  -  ResidentSetSize of job (KB)
...
006 (7700972.000.000) 11/09 17:56:14 Image size of job updated: 3009632
	2927  -  MemoryUsage of job (MB)
	2996532  -  ResidentSetSize of job (KB)
...
006 (7700972.000.000) 11/09 18:01:15 Image size of job updated: 3011988
	2931  -  MemoryUsage of job (MB)
	3000628  -  ResidentSetSize of job (KB)
...
006 (7700972.000.000) 11/09 18:11:15 Image size of job updated: 3018268
	2931  -  MemoryUsage of job (MB)
	3000628  -  ResidentSetSize of job (KB)
...
006 (7700972.000.000) 11/09 18:16:16 Image size of job updated: 3027876
	2935  -  MemoryUsage of job (MB)
	3005120  -  ResidentSetSize of job (KB)
...
006 (7700972.000.000) 11/09 18:21:17 Image size of job updated: 3029964
	2941  -  MemoryUsage of job (MB)
	3011264  -  ResidentSetSize of job (KB)
...
006 (7700972.000.000) 11/09 18:26:18 Image size of job updated: 3034092
	2941  -  MemoryUsage of job (MB)
	3011264  -  ResidentSetSize of job (KB)
...
006 (7700972.000.000) 11/09 18:31:18 Image size of job updated: 3035008
	2941  -  MemoryUsage of job (MB)
	3011264  -  ResidentSetSize of job (KB)
...
006 (7700972.000.000) 11/09 18:41:20 Image size of job updated: 3063404
	2945  -  MemoryUsage of job (MB)
	3014908  -  ResidentSetSize of job (KB)
...
006 (7700972.000.000) 11/09 18:46:20 Image size of job updated: 3066904
	2945  -  MemoryUsage of job (MB)
	3014908  -  ResidentSetSize of job (KB)
...
006 (7700972.000.000) 11/09 18:51:20 Image size of job updated: 3067908
	2945  -  MemoryUsage of job (MB)
	3014908  -  ResidentSetSize of job (KB)
...
006 (7700972.000.000) 11/09 19:11:23 Image size of job updated: 3080472
	2945  -  MemoryUsage of job (MB)
	3014908  -  ResidentSetSize of job (KB)
...
006 (7700972.000.000) 11/09 19:16:23 Image size of job updated: 3083684
	2945  -  MemoryUsage of job (MB)
	3014908  -  ResidentSetSize of job (KB)
...
006 (7700972.000.000) 11/09 19:26:25 Image size of job updated: 3083684
	3000  -  MemoryUsage of job (MB)
	3071512  -  ResidentSetSize of job (KB)
...
006 (7700972.000.000) 11/09 19:31:25 Image size of job updated: 3084552
	3006  -  MemoryUsage of job (MB)
	3077656  -  ResidentSetSize of job (KB)
...
006 (7700972.000.000) 11/09 19:36:26 Image size of job updated: 3103876
	3006  -  MemoryUsage of job (MB)
	3077656  -  ResidentSetSize of job (KB)
...
006 (7700972.000.000) 11/09 19:41:27 Image size of job updated: 3106812
	3006  -  MemoryUsage of job (MB)
	3077656  -  ResidentSetSize of job (KB)
...
006 (7700972.000.000) 11/09 20:16:31 Image size of job updated: 3111912
	3006  -  MemoryUsage of job (MB)
	3077656  -  ResidentSetSize of job (KB)
...
006 (7700972.000.000) 11/09 20:21:32 Image size of job updated: 3120920
	3006  -  MemoryUsage of job (MB)
	3077656  -  ResidentSetSize of job (KB)
...
006 (7700972.000.000) 11/09 20:26:32 Image size of job updated: 3128060
	3006  -  MemoryUsage of job (MB)
	3077656  -  ResidentSetSize of job (KB)
...
006 (7700972.000.000) 11/09 20:31:32 Image size of job updated: 3131696
	3006  -  MemoryUsage of job (MB)
	3077656  -  ResidentSetSize of job (KB)
...
006 (7700972.000.000) 11/09 20:46:33 Image size of job updated: 3154084
	3006  -  MemoryUsage of job (MB)
	3077656  -  ResidentSetSize of job (KB)
...
006 (7700972.000.000) 11/09 20:51:34 Image size of job updated: 3154912
	3006  -  MemoryUsage of job (MB)
	3077656  -  ResidentSetSize of job (KB)
...
006 (7700972.000.000) 11/09 20:56:34 Image size of job updated: 3155840
	3006  -  MemoryUsage of job (MB)
	3077656  -  ResidentSetSize of job (KB)
...
006 (7700972.000.000) 11/09 21:46:41 Image size of job updated: 3161996
	3006  -  MemoryUsage of job (MB)
	3077656  -  ResidentSetSize of job (KB)
...
006 (7700972.000.000) 11/09 21:51:42 Image size of job updated: 3165488
	3006  -  MemoryUsage of job (MB)
	3077656  -  ResidentSetSize of job (KB)
...
006 (7700972.000.000) 11/09 21:56:43 Image size of job updated: 3165736
	3006  -  MemoryUsage of job (MB)
	3077656  -  ResidentSetSize of job (KB)
...
006 (7700972.000.000) 11/09 23:01:49 Image size of job updated: 3168640
	3006  -  MemoryUsage of job (MB)
	3077656  -  ResidentSetSize of job (KB)
...
006 (7700972.000.000) 11/09 23:06:50 Image size of job updated: 3169112
	3006  -  MemoryUsage of job (MB)
	3077656  -  ResidentSetSize of job (KB)
...
006 (7700972.000.000) 11/09 23:31:52 Image size of job updated: 3178200
	3074  -  MemoryUsage of job (MB)
	3147568  -  ResidentSetSize of job (KB)
...
006 (7700972.000.000) 11/09 23:36:53 Image size of job updated: 3179292
	3094  -  MemoryUsage of job (MB)
	3168084  -  ResidentSetSize of job (KB)
...
006 (7700972.000.000) 11/09 23:41:54 Image size of job updated: 3185476
	3094  -  MemoryUsage of job (MB)
	3168084  -  ResidentSetSize of job (KB)
...
006 (7700972.000.000) 11/09 23:46:54 Image size of job updated: 3186464
	3094  -  MemoryUsage of job (MB)
	3168084  -  ResidentSetSize of job (KB)
...
006 (7700972.000.000) 11/09 23:51:54 Image size of job updated: 3192884
	3094  -  MemoryUsage of job (MB)
	3168084  -  ResidentSetSize of job (KB)
...
006 (7700972.000.000) 11/09 23:56:55 Image size of job updated: 3233888
	3094  -  MemoryUsage of job (MB)
	3168084  -  ResidentSetSize of job (KB)
...
006 (7700972.000.000) 11/10 00:01:55 Image size of job updated: 3237128
	3094  -  MemoryUsage of job (MB)
	3168084  -  ResidentSetSize of job (KB)
...
006 (7700972.000.000) 11/10 00:06:55 Image size of job updated: 3240108
	3094  -  MemoryUsage of job (MB)
	3168084  -  ResidentSetSize of job (KB)
...
006 (7700972.000.000) 11/10 00:26:58 Image size of job updated: 3240564
	3094  -  MemoryUsage of job (MB)
	3168084  -  ResidentSetSize of job (KB)
...
006 (7700972.000.000) 11/10 00:57:02 Image size of job updated: 3241956
	3094  -  MemoryUsage of job (MB)
	3168084  -  ResidentSetSize of job (KB)
...
006 (7700972.000.000) 11/10 01:07:03 Image size of job updated: 3247112
	3094  -  MemoryUsage of job (MB)
	3168084  -  ResidentSetSize of job (KB)
...
006 (7700972.000.000) 11/10 01:12:03 Image size of job updated: 3248540
	3094  -  MemoryUsage of job (MB)
	3168084  -  ResidentSetSize of job (KB)
...
006 (7700972.000.000) 11/10 01:22:04 Image size of job updated: 3251236
	3094  -  MemoryUsage of job (MB)
	3168084  -  ResidentSetSize of job (KB)
...
006 (7700972.000.000) 11/10 01:27:04 Image size of job updated: 3255560
	3177  -  MemoryUsage of job (MB)
	3252752  -  ResidentSetSize of job (KB)
...
006 (7700972.000.000) 11/10 01:32:04 Image size of job updated: 3262336
	3180  -  MemoryUsage of job (MB)
	3255568  -  ResidentSetSize of job (KB)
...
006 (7700972.000.000) 11/10 01:37:04 Image size of job updated: 3273260
	3180  -  MemoryUsage of job (MB)
	3255568  -  ResidentSetSize of job (KB)
...
006 (7700972.000.000) 11/10 01:42:06 Image size of job updated: 3275596
	3180  -  MemoryUsage of job (MB)
	3255568  -  ResidentSetSize of job (KB)
...
006 (7700972.000.000) 11/10 02:07:08 Image size of job updated: 3275768
	3180  -  MemoryUsage of job (MB)
	3255568  -  ResidentSetSize of job (KB)
...
006 (7700972.000.000) 11/10 02:12:09 Image size of job updated: 3279188
	3180  -  MemoryUsage of job (MB)
	3255568  -  ResidentSetSize of job (KB)
...
006 (7700972.000.000) 11/10 02:17:10 Image size of job updated: 3355340
	3180  -  MemoryUsage of job (MB)
	3255568  -  ResidentSetSize of job (KB)
...
006 (7700972.000.000) 11/10 02:22:10 Image size of job updated: 3358372
	3180  -  MemoryUsage of job (MB)
	3255568  -  ResidentSetSize of job (KB)
...
006 (7700972.000.000) 11/10 02:27:10 Image size of job updated: 3361360
	3180  -  MemoryUsage of job (MB)
	3255568  -  ResidentSetSize of job (KB)
...
006 (7700972.000.000) 11/10 02:32:11 Image size of job updated: 3363604
	3204  -  MemoryUsage of job (MB)
	3280292  -  ResidentSetSize of job (KB)
...
006 (7700972.000.000) 11/10 02:37:11 Image size of job updated: 3363604
	3208  -  MemoryUsage of job (MB)
	3284644  -  ResidentSetSize of job (KB)
...
006 (7700972.000.000) 11/10 03:32:16 Image size of job updated: 3363604
	3218  -  MemoryUsage of job (MB)
	3295188  -  ResidentSetSize of job (KB)
...
006 (7700972.000.000) 11/10 03:37:17 Image size of job updated: 3363604
	3220  -  MemoryUsage of job (MB)
	3297080  -  ResidentSetSize of job (KB)
...
006 (7700972.000.000) 11/10 03:47:18 Image size of job updated: 3363892
	3220  -  MemoryUsage of job (MB)
	3297080  -  ResidentSetSize of job (KB)
...
006 (7700972.000.000) 11/10 03:52:19 Image size of job updated: 3377332
	3220  -  MemoryUsage of job (MB)
	3297080  -  ResidentSetSize of job (KB)
...
006 (7700972.000.000) 11/10 03:57:19 Image size of job updated: 3377836
	3220  -  MemoryUsage of job (MB)
	3297080  -  ResidentSetSize of job (KB)
...
006 (7700972.000.000) 11/10 04:02:19 Image size of job updated: 3380228
	3220  -  MemoryUsage of job (MB)
	3297080  -  ResidentSetSize of job (KB)
...
006 (7700972.000.000) 11/10 04:07:20 Image size of job updated: 3386612
	3220  -  MemoryUsage of job (MB)
	3297080  -  ResidentSetSize of job (KB)
...
006 (7700972.000.000) 11/10 04:12:20 Image size of job updated: 3388504
	3220  -  MemoryUsage of job (MB)
	3297080  -  ResidentSetSize of job (KB)
...
006 (7700972.000.000) 11/10 04:17:20 Image size of job updated: 3398612
	3220  -  MemoryUsage of job (MB)
	3297080  -  ResidentSetSize of job (KB)
...
006 (7700972.000.000) 11/10 04:22:21 Image size of job updated: 3401876
	3220  -  MemoryUsage of job (MB)
	3297080  -  ResidentSetSize of job (KB)
...
006 (7700972.000.000) 11/10 04:42:24 Image size of job updated: 3402288
	3220  -  MemoryUsage of job (MB)
	3297080  -  ResidentSetSize of job (KB)
...
006 (7700972.000.000) 11/10 04:47:24 Image size of job updated: 3403704
	3220  -  MemoryUsage of job (MB)
	3297080  -  ResidentSetSize of job (KB)
...
006 (7700972.000.000) 11/10 04:52:24 Image size of job updated: 3403772
	3220  -  MemoryUsage of job (MB)
	3297080  -  ResidentSetSize of job (KB)
...
006 (7700972.000.000) 11/10 04:57:25 Image size of job updated: 3408536
	3220  -  MemoryUsage of job (MB)
	3297080  -  ResidentSetSize of job (KB)
...
006 (7700972.000.000) 11/10 05:07:25 Image size of job updated: 3429660
	3220  -  MemoryUsage of job (MB)
	3297080  -  ResidentSetSize of job (KB)
...
006 (7700972.000.000) 11/10 05:12:26 Image size of job updated: 3432680
	3220  -  MemoryUsage of job (MB)
	3297080  -  ResidentSetSize of job (KB)
...
006 (7700972.000.000) 11/10 05:17:27 Image size of job updated: 3433272
	3220  -  MemoryUsage of job (MB)
	3297080  -  ResidentSetSize of job (KB)
...
006 (7700972.000.000) 11/10 05:42:30 Image size of job updated: 3435840
	3220  -  MemoryUsage of job (MB)
	3297080  -  ResidentSetSize of job (KB)
...
006 (7700972.000.000) 11/10 05:47:31 Image size of job updated: 3449532
	3220  -  MemoryUsage of job (MB)
	3297080  -  ResidentSetSize of job (KB)
...
006 (7700972.000.000) 11/10 05:52:31 Image size of job updated: 3450652
	3220  -  MemoryUsage of job (MB)
	3297080  -  ResidentSetSize of job (KB)
...
006 (7700972.000.000) 11/10 05:57:31 Image size of job updated: 3450756
	3220  -  MemoryUsage of job (MB)
	3297080  -  ResidentSetSize of job (KB)
...
006 (7700972.000.000) 11/10 06:07:32 Image size of job updated: 3455576
	3220  -  MemoryUsage of job (MB)
	3297080  -  ResidentSetSize of job (KB)
...
006 (7700972.000.000) 11/10 06:12:32 Image size of job updated: 3467300
	3220  -  MemoryUsage of job (MB)
	3297080  -  ResidentSetSize of job (KB)
...
006 (7700972.000.000) 11/10 06:17:33 Image size of job updated: 3469612
	3220  -  MemoryUsage of job (MB)
	3297080  -  ResidentSetSize of job (KB)
...
006 (7700972.000.000) 11/10 06:22:34 Image size of job updated: 3470008
	3291  -  MemoryUsage of job (MB)
	3369696  -  ResidentSetSize of job (KB)
...
006 (7700972.000.000) 11/10 06:27:34 Image size of job updated: 3470008
	3297  -  MemoryUsage of job (MB)
	3375840  -  ResidentSetSize of job (KB)
...
006 (7700972.000.000) 11/10 06:37:36 Image size of job updated: 3500724
	3297  -  MemoryUsage of job (MB)
	3375840  -  ResidentSetSize of job (KB)
...
006 (7700972.000.000) 11/10 06:42:36 Image size of job updated: 3502560
	3297  -  MemoryUsage of job (MB)
	3375840  -  ResidentSetSize of job (KB)
...
006 (7700972.000.000) 11/10 06:47:36 Image size of job updated: 3504196
	3297  -  MemoryUsage of job (MB)
	3375840  -  ResidentSetSize of job (KB)
...
006 (7700972.000.000) 11/10 06:52:37 Image size of job updated: 3504964
	3297  -  MemoryUsage of job (MB)
	3375840  -  ResidentSetSize of job (KB)
...
006 (7700972.000.000) 11/10 07:22:39 Image size of job updated: 3506844
	3297  -  MemoryUsage of job (MB)
	3375840  -  ResidentSetSize of job (KB)
...
006 (7700972.000.000) 11/10 07:27:40 Image size of job updated: 3507096
	3297  -  MemoryUsage of job (MB)
	3375840  -  ResidentSetSize of job (KB)
...
006 (7700972.000.000) 11/10 07:32:40 Image size of job updated: 3516704
	3297  -  MemoryUsage of job (MB)
	3375840  -  ResidentSetSize of job (KB)
...
006 (7700972.000.000) 11/10 07:37:41 Image size of job updated: 3520732
	3297  -  MemoryUsage of job (MB)
	3375840  -  ResidentSetSize of job (KB)
...
006 (7700972.000.000) 11/10 08:02:43 Image size of job updated: 3524636
	3297  -  MemoryUsage of job (MB)
	3375840  -  ResidentSetSize of job (KB)
...
006 (7700972.000.000) 11/10 08:07:43 Image size of job updated: 3527284
	3297  -  MemoryUsage of job (MB)
	3375840  -  ResidentSetSize of job (KB)
...
006 (7700972.000.000) 11/10 08:12:44 Image size of job updated: 3528152
	3297  -  MemoryUsage of job (MB)
	3375840  -  ResidentSetSize of job (KB)
...
006 (7700972.000.000) 11/10 08:37:47 Image size of job updated: 3537036
	3297  -  MemoryUsage of job (MB)
	3375840  -  ResidentSetSize of job (KB)
...
006 (7700972.000.000) 11/10 08:42:47 Image size of job updated: 3539972
	3297  -  MemoryUsage of job (MB)
	3375840  -  ResidentSetSize of job (KB)
...
006 (7700972.000.000) 11/10 08:47:48 Image size of job updated: 3541056
	3385  -  MemoryUsage of job (MB)
	3466212  -  ResidentSetSize of job (KB)
...
006 (7700972.000.000) 11/10 08:52:48 Image size of job updated: 3541056
	3399  -  MemoryUsage of job (MB)
	3480548  -  ResidentSetSize of job (KB)
...
006 (7700972.000.000) 11/10 09:07:50 Image size of job updated: 3541056
	3432  -  MemoryUsage of job (MB)
	3513428  -  ResidentSetSize of job (KB)
...
006 (7700972.000.000) 11/10 09:12:50 Image size of job updated: 3541056
	3438  -  MemoryUsage of job (MB)
	3519572  -  ResidentSetSize of job (KB)
...
006 (7700972.000.000) 11/10 09:17:51 Image size of job updated: 3550928
	3438  -  MemoryUsage of job (MB)
	3519572  -  ResidentSetSize of job (KB)
...
006 (7700972.000.000) 11/10 09:22:52 Image size of job updated: 3554036
	3438  -  MemoryUsage of job (MB)
	3519572  -  ResidentSetSize of job (KB)
...
006 (7700972.000.000) 11/10 09:27:52 Image size of job updated: 3558580
	3438  -  MemoryUsage of job (MB)
	3519572  -  ResidentSetSize of job (KB)
...
006 (7700972.000.000) 11/10 09:32:53 Image size of job updated: 3560616
	3438  -  MemoryUsage of job (MB)
	3519572  -  ResidentSetSize of job (KB)
...
006 (7700972.000.000) 11/10 09:37:54 Image size of job updated: 3563284
	3438  -  MemoryUsage of job (MB)
	3519572  -  ResidentSetSize of job (KB)
...
006 (7700972.000.000) 11/10 10:07:56 Image size of job updated: 3568820
	3438  -  MemoryUsage of job (MB)
	3519572  -  ResidentSetSize of job (KB)
...
006 (7700972.000.000) 11/10 10:12:57 Image size of job updated: 3578404
	3438  -  MemoryUsage of job (MB)
	3519572  -  ResidentSetSize of job (KB)
...
006 (7700972.000.000) 11/10 10:17:57 Image size of job updated: 3579128
	3438  -  MemoryUsage of job (MB)
	3519572  -  ResidentSetSize of job (KB)
...
006 (7700972.000.000) 11/10 10:27:59 Image size of job updated: 3583812
	3438  -  MemoryUsage of job (MB)
	3519572  -  ResidentSetSize of job (KB)
...
006 (7700972.000.000) 11/10 10:31:26 Image size of job updated: 7136148
	3438  -  MemoryUsage of job (MB)
	3519572  -  ResidentSetSize of job (KB)
...
040 (7700972.000.000) 11/10 10:31:26 Started transferring output files
...
040 (7700972.000.000) 11/10 10:31:27 Finished transferring output files
...
005 (7700972.000.000) 11/10 10:31:27 Job terminated.
	(1) Normal termination (return value 0)
		Usr 0 23:58:12, Sys 0 22:08:15  -  Run Remote Usage
		Usr 0 00:00:00, Sys 0 00:00:00  -  Run Local Usage
		Usr 0 23:58:12, Sys 0 22:08:15  -  Total Remote Usage
		Usr 0 00:00:00, Sys 0 00:00:00  -  Total Local Usage
	4807  -  Run Bytes Sent By Job
	10929  -  Run Bytes Received By Job
	4807  -  Total Bytes Sent By Job
	10929  -  Total Bytes Received By Job
	Partitionable Resources :    Usage  Request Allocated 
	   Cpus                 :     0.97        1         1 
	   Disk (KB)            :    38          12   2977852 
	   Memory (MB)          :  3438        2000      2000 

	Job terminated of its own accord at 2024-11-10T09:31:26Z with exit-code 0.
...
