000 (7704988.000.000) 11/08 15:25:43 Job submitted from host: <137.138.55.115:9618?addrs=137.138.55.115-9618+[2001-1458-d00-17--12a]-9618&alias=bigbird23.cern.ch&noUDP&sock=schedd_4975_03c1>
...
040 (7704988.000.000) 11/08 15:40:19 Started transferring input files
	Transferring to host: <128.142.131.156:9618?addrs=128.142.131.156-9618+[2001-1458-301-59--100-90]-9618&alias=b9g11p4104.cern.ch&noUDP&sock=slot1_27_952874_af15_200839>
...
040 (7704988.000.000) 11/08 15:40:19 Finished transferring input files
...
001 (7704988.000.000) 11/08 15:40:20 Job executing on host: <128.142.131.156:9618?addrs=128.142.131.156-9618+[2001-1458-301-59--100-90]-9618&alias=b9g11p4104.cern.ch&noUDP&sock=startd_2617_9f70>
	SlotName: slot1_27@b9g11p4104.cern.ch
	CondorScratchDir = "/pool/condor/dir_2294511"
	Cpus = 1
	Disk = 1729639
	Memory = 2000
...
006 (7704988.000.000) 11/08 15:40:29 Image size of job updated: 131052
	128  -  MemoryUsage of job (MB)
	131052  -  ResidentSetSize of job (KB)
...
006 (7704988.000.000) 11/08 15:45:31 Image size of job updated: 249016
	244  -  MemoryUsage of job (MB)
	249016  -  ResidentSetSize of job (KB)
...
006 (7704988.000.000) 11/08 15:50:31 Image size of job updated: 270244
	264  -  MemoryUsage of job (MB)
	270244  -  ResidentSetSize of job (KB)
...
006 (7704988.000.000) 11/08 15:55:31 Image size of job updated: 325524
	318  -  MemoryUsage of job (MB)
	325524  -  ResidentSetSize of job (KB)
...
006 (7704988.000.000) 11/08 16:00:32 Image size of job updated: 325988
	319  -  MemoryUsage of job (MB)
	325988  -  ResidentSetSize of job (KB)
...
006 (7704988.000.000) 11/08 16:05:33 Image size of job updated: 325988
	325  -  MemoryUsage of job (MB)
	332132  -  ResidentSetSize of job (KB)
...
006 (7704988.000.000) 11/08 16:10:33 Image size of job updated: 328768
	325  -  MemoryUsage of job (MB)
	332132  -  ResidentSetSize of job (KB)
...
006 (7704988.000.000) 11/08 16:15:34 Image size of job updated: 338876
	331  -  MemoryUsage of job (MB)
	338876  -  ResidentSetSize of job (KB)
...
006 (7704988.000.000) 11/08 16:20:35 Image size of job updated: 349972
	342  -  MemoryUsage of job (MB)
	349972  -  ResidentSetSize of job (KB)
...
006 (7704988.000.000) 11/08 16:25:35 Image size of job updated: 413292
	404  -  MemoryUsage of job (MB)
	413292  -  ResidentSetSize of job (KB)
...
006 (7704988.000.000) 11/08 16:30:35 Image size of job updated: 413292
	412  -  MemoryUsage of job (MB)
	421484  -  ResidentSetSize of job (KB)
...
006 (7704988.000.000) 11/08 16:35:36 Image size of job updated: 431488
	422  -  MemoryUsage of job (MB)
	431488  -  ResidentSetSize of job (KB)
...
006 (7704988.000.000) 11/08 16:45:36 Image size of job updated: 453692
	444  -  MemoryUsage of job (MB)
	453692  -  ResidentSetSize of job (KB)
...
006 (7704988.000.000) 11/08 16:50:37 Image size of job updated: 503456
	492  -  MemoryUsage of job (MB)
	503456  -  ResidentSetSize of job (KB)
...
006 (7704988.000.000) 11/08 17:25:41 Image size of job updated: 570808
	558  -  MemoryUsage of job (MB)
	570808  -  ResidentSetSize of job (KB)
...
006 (7704988.000.000) 11/08 17:30:41 Image size of job updated: 570808
	566  -  MemoryUsage of job (MB)
	579000  -  ResidentSetSize of job (KB)
...
006 (7704988.000.000) 11/08 17:35:41 Image size of job updated: 589648
	576  -  MemoryUsage of job (MB)
	589648  -  ResidentSetSize of job (KB)
...
006 (7704988.000.000) 11/08 17:40:42 Image size of job updated: 589648
	583  -  MemoryUsage of job (MB)
	596048  -  ResidentSetSize of job (KB)
...
006 (7704988.000.000) 11/08 17:55:43 Image size of job updated: 671892
	657  -  MemoryUsage of job (MB)
	671892  -  ResidentSetSize of job (KB)
...
006 (7704988.000.000) 11/08 18:45:48 Image size of job updated: 671892
	659  -  MemoryUsage of job (MB)
	674544  -  ResidentSetSize of job (KB)
...
006 (7704988.000.000) 11/08 19:05:51 Image size of job updated: 674540
	659  -  MemoryUsage of job (MB)
	674544  -  ResidentSetSize of job (KB)
...
006 (7704988.000.000) 11/08 19:10:51 Image size of job updated: 710392
	694  -  MemoryUsage of job (MB)
	710392  -  ResidentSetSize of job (KB)
...
006 (7704988.000.000) 11/08 19:15:51 Image size of job updated: 735936
	719  -  MemoryUsage of job (MB)
	735936  -  ResidentSetSize of job (KB)
...
006 (7704988.000.000) 11/08 19:20:52 Image size of job updated: 735936
	725  -  MemoryUsage of job (MB)
	742080  -  ResidentSetSize of job (KB)
...
006 (7704988.000.000) 11/08 19:25:52 Image size of job updated: 791164
	773  -  MemoryUsage of job (MB)
	791164  -  ResidentSetSize of job (KB)
...
006 (7704988.000.000) 11/08 19:30:52 Image size of job updated: 791164
	781  -  MemoryUsage of job (MB)
	799356  -  ResidentSetSize of job (KB)
...
006 (7704988.000.000) 11/08 19:35:53 Image size of job updated: 806632
	795  -  MemoryUsage of job (MB)
	813732  -  ResidentSetSize of job (KB)
...
006 (7704988.000.000) 11/08 19:40:53 Image size of job updated: 806632
	796  -  MemoryUsage of job (MB)
	814824  -  ResidentSetSize of job (KB)
...
006 (7704988.000.000) 11/08 20:00:55 Image size of job updated: 860120
	840  -  MemoryUsage of job (MB)
	860120  -  ResidentSetSize of job (KB)
...
006 (7704988.000.000) 11/08 20:05:56 Image size of job updated: 860120
	846  -  MemoryUsage of job (MB)
	866264  -  ResidentSetSize of job (KB)
...
006 (7704988.000.000) 11/08 20:41:00 Image size of job updated: 948256
	927  -  MemoryUsage of job (MB)
	948256  -  ResidentSetSize of job (KB)
...
006 (7704988.000.000) 11/08 20:46:00 Image size of job updated: 948256
	935  -  MemoryUsage of job (MB)
	956448  -  ResidentSetSize of job (KB)
...
006 (7704988.000.000) 11/08 21:31:05 Image size of job updated: 996820
	974  -  MemoryUsage of job (MB)
	996820  -  ResidentSetSize of job (KB)
...
006 (7704988.000.000) 11/08 21:36:05 Image size of job updated: 996820
	980  -  MemoryUsage of job (MB)
	1002964  -  ResidentSetSize of job (KB)
...
006 (7704988.000.000) 11/08 21:46:07 Image size of job updated: 1046204
	1022  -  MemoryUsage of job (MB)
	1046204  -  ResidentSetSize of job (KB)
...
006 (7704988.000.000) 11/08 21:51:07 Image size of job updated: 1074164
	1049  -  MemoryUsage of job (MB)
	1074164  -  ResidentSetSize of job (KB)
...
006 (7704988.000.000) 11/08 21:56:07 Image size of job updated: 1074164
	1051  -  MemoryUsage of job (MB)
	1076212  -  ResidentSetSize of job (KB)
...
006 (7704988.000.000) 11/08 23:26:17 Image size of job updated: 1117772
	1092  -  MemoryUsage of job (MB)
	1117772  -  ResidentSetSize of job (KB)
...
006 (7704988.000.000) 11/08 23:31:17 Image size of job updated: 1150792
	1124  -  MemoryUsage of job (MB)
	1150792  -  ResidentSetSize of job (KB)
...
006 (7704988.000.000) 11/08 23:36:17 Image size of job updated: 1150792
	1128  -  MemoryUsage of job (MB)
	1154888  -  ResidentSetSize of job (KB)
...
006 (7704988.000.000) 11/08 23:46:19 Image size of job updated: 1163540
	1137  -  MemoryUsage of job (MB)
	1163540  -  ResidentSetSize of job (KB)
...
006 (7704988.000.000) 11/08 23:51:19 Image size of job updated: 1163540
	1145  -  MemoryUsage of job (MB)
	1171732  -  ResidentSetSize of job (KB)
...
006 (7704988.000.000) 11/09 00:26:23 Image size of job updated: 1225036
	1197  -  MemoryUsage of job (MB)
	1225036  -  ResidentSetSize of job (KB)
...
006 (7704988.000.000) 11/09 00:31:24 Image size of job updated: 1225036
	1203  -  MemoryUsage of job (MB)
	1231436  -  ResidentSetSize of job (KB)
...
006 (7704988.000.000) 11/09 02:26:36 Image size of job updated: 1238620
	1210  -  MemoryUsage of job (MB)
	1238620  -  ResidentSetSize of job (KB)
...
006 (7704988.000.000) 11/09 02:31:36 Image size of job updated: 1238620
	1216  -  MemoryUsage of job (MB)
	1244764  -  ResidentSetSize of job (KB)
...
006 (7704988.000.000) 11/09 02:41:38 Image size of job updated: 1367408
	1336  -  MemoryUsage of job (MB)
	1367408  -  ResidentSetSize of job (KB)
...
006 (7704988.000.000) 11/09 02:46:38 Image size of job updated: 1367408
	1342  -  MemoryUsage of job (MB)
	1373552  -  ResidentSetSize of job (KB)
...
006 (7704988.000.000) 11/09 03:06:39 Image size of job updated: 1368024
	1342  -  MemoryUsage of job (MB)
	1373552  -  ResidentSetSize of job (KB)
...
006 (7704988.000.000) 11/09 03:11:40 Image size of job updated: 1383280
	1351  -  MemoryUsage of job (MB)
	1383280  -  ResidentSetSize of job (KB)
...
006 (7704988.000.000) 11/09 03:16:41 Image size of job updated: 1383280
	1357  -  MemoryUsage of job (MB)
	1389424  -  ResidentSetSize of job (KB)
...
006 (7704988.000.000) 11/09 03:51:44 Image size of job updated: 1405252
	1373  -  MemoryUsage of job (MB)
	1405252  -  ResidentSetSize of job (KB)
...
006 (7704988.000.000) 11/09 04:26:48 Image size of job updated: 1472844
	1439  -  MemoryUsage of job (MB)
	1472844  -  ResidentSetSize of job (KB)
...
006 (7704988.000.000) 11/09 04:31:49 Image size of job updated: 1472844
	1447  -  MemoryUsage of job (MB)
	1481036  -  ResidentSetSize of job (KB)
...
006 (7704988.000.000) 11/09 05:06:52 Image size of job updated: 1476996
	1447  -  MemoryUsage of job (MB)
	1481036  -  ResidentSetSize of job (KB)
...
006 (7704988.000.000) 11/09 05:11:53 Image size of job updated: 1476996
	1451  -  MemoryUsage of job (MB)
	1485188  -  ResidentSetSize of job (KB)
...
006 (7704988.000.000) 11/09 06:06:58 Image size of job updated: 1515520
	1480  -  MemoryUsage of job (MB)
	1515520  -  ResidentSetSize of job (KB)
...
006 (7704988.000.000) 11/09 06:11:59 Image size of job updated: 1515520
	1492  -  MemoryUsage of job (MB)
	1527808  -  ResidentSetSize of job (KB)
...
006 (7704988.000.000) 11/09 06:17:00 Image size of job updated: 1593460
	1557  -  MemoryUsage of job (MB)
	1593460  -  ResidentSetSize of job (KB)
...
006 (7704988.000.000) 11/09 06:22:00 Image size of job updated: 1593460
	1562  -  MemoryUsage of job (MB)
	1598580  -  ResidentSetSize of job (KB)
...
006 (7704988.000.000) 11/09 08:22:12 Image size of job updated: 1663832
	1625  -  MemoryUsage of job (MB)
	1663832  -  ResidentSetSize of job (KB)
...
006 (7704988.000.000) 11/09 08:27:13 Image size of job updated: 1671828
	1633  -  MemoryUsage of job (MB)
	1671828  -  ResidentSetSize of job (KB)
...
006 (7704988.000.000) 11/09 08:32:13 Image size of job updated: 1671828
	1639  -  MemoryUsage of job (MB)
	1677972  -  ResidentSetSize of job (KB)
...
006 (7704988.000.000) 11/09 10:17:24 Image size of job updated: 1730048
	1690  -  MemoryUsage of job (MB)
	1730048  -  ResidentSetSize of job (KB)
...
006 (7704988.000.000) 11/09 10:22:25 Image size of job updated: 1730048
	1698  -  MemoryUsage of job (MB)
	1738240  -  ResidentSetSize of job (KB)
...
006 (7704988.000.000) 11/09 11:02:28 Image size of job updated: 1813532
	1772  -  MemoryUsage of job (MB)
	1813532  -  ResidentSetSize of job (KB)
...
006 (7704988.000.000) 11/09 11:07:30 Image size of job updated: 1813532
	1780  -  MemoryUsage of job (MB)
	1821724  -  ResidentSetSize of job (KB)
...
006 (7704988.000.000) 11/09 11:27:32 Image size of job updated: 1834696
	1792  -  MemoryUsage of job (MB)
	1834696  -  ResidentSetSize of job (KB)
...
006 (7704988.000.000) 11/09 12:27:37 Image size of job updated: 1875320
	1832  -  MemoryUsage of job (MB)
	1875320  -  ResidentSetSize of job (KB)
...
006 (7704988.000.000) 11/09 14:42:52 Image size of job updated: 1920524
	1876  -  MemoryUsage of job (MB)
	1920524  -  ResidentSetSize of job (KB)
...
006 (7704988.000.000) 11/09 14:47:52 Image size of job updated: 1920524
	1884  -  MemoryUsage of job (MB)
	1928716  -  ResidentSetSize of job (KB)
...
006 (7704988.000.000) 11/09 16:23:03 Image size of job updated: 1984500
	1938  -  MemoryUsage of job (MB)
	1984500  -  ResidentSetSize of job (KB)
...
006 (7704988.000.000) 11/09 16:28:03 Image size of job updated: 1984500
	1944  -  MemoryUsage of job (MB)
	1990644  -  ResidentSetSize of job (KB)
...
006 (7704988.000.000) 11/09 17:23:09 Image size of job updated: 2020448
	1974  -  MemoryUsage of job (MB)
	2020448  -  ResidentSetSize of job (KB)
...
006 (7704988.000.000) 11/09 17:28:09 Image size of job updated: 2020448
	1982  -  MemoryUsage of job (MB)
	2028640  -  ResidentSetSize of job (KB)
...
006 (7704988.000.000) 11/09 18:03:12 Image size of job updated: 2040724
	1993  -  MemoryUsage of job (MB)
	2040724  -  ResidentSetSize of job (KB)
...
006 (7704988.000.000) 11/09 18:08:13 Image size of job updated: 2040724
	1999  -  MemoryUsage of job (MB)
	2046868  -  ResidentSetSize of job (KB)
...
006 (7704988.000.000) 11/09 18:33:16 Image size of job updated: 2051132
	2004  -  MemoryUsage of job (MB)
	2051132  -  ResidentSetSize of job (KB)
...
006 (7704988.000.000) 11/09 18:38:16 Image size of job updated: 2051132
	2010  -  MemoryUsage of job (MB)
	2057276  -  ResidentSetSize of job (KB)
...
006 (7704988.000.000) 11/09 19:08:19 Image size of job updated: 2080876
	2033  -  MemoryUsage of job (MB)
	2080876  -  ResidentSetSize of job (KB)
...
006 (7704988.000.000) 11/09 19:13:20 Image size of job updated: 2080876
	2041  -  MemoryUsage of job (MB)
	2089068  -  ResidentSetSize of job (KB)
...
006 (7704988.000.000) 11/09 21:48:36 Image size of job updated: 2234752
	2183  -  MemoryUsage of job (MB)
	2234752  -  ResidentSetSize of job (KB)
...
006 (7704988.000.000) 11/09 21:53:36 Image size of job updated: 2234752
	2197  -  MemoryUsage of job (MB)
	2249088  -  ResidentSetSize of job (KB)
...
006 (7704988.000.000) 11/09 21:58:37 Image size of job updated: 2239864
	2197  -  MemoryUsage of job (MB)
	2249088  -  ResidentSetSize of job (KB)
...
040 (7704988.000.000) 11/09 22:57:42 Started transferring output files
...
040 (7704988.000.000) 11/09 22:57:42 Finished transferring output files
...
005 (7704988.000.000) 11/09 22:57:43 Job terminated.
	(1) Normal termination (return value 0)
		Usr 0 15:49:29, Sys 0 15:06:52  -  Run Remote Usage
		Usr 0 00:00:00, Sys 0 00:00:00  -  Run Local Usage
		Usr 0 15:49:29, Sys 0 15:06:52  -  Total Remote Usage
		Usr 0 00:00:00, Sys 0 00:00:00  -  Total Local Usage
	63697  -  Run Bytes Sent By Job
	10929  -  Run Bytes Received By Job
	63697  -  Total Bytes Sent By Job
	10929  -  Total Bytes Received By Job
	Partitionable Resources :    Usage  Request Allocated 
	   Cpus                 :     0.98        1         1 
	   Disk (KB)            :    95          12   1729639 
	   Memory (MB)          :  2197        2000      2000 

	Job terminated of its own accord at 2024-11-09T21:57:42Z with exit-code 0.
...
000 (7733437.000.000) 11/15 04:35:23 Job submitted from host: <137.138.55.115:9618?addrs=137.138.55.115-9618+[2001-1458-d00-17--12a]-9618&alias=bigbird23.cern.ch&noUDP&sock=schedd_4975_03c1>
...
040 (7733437.000.000) 11/15 05:15:13 Started transferring input files
	Transferring to host: <128.142.33.44:9618?addrs=128.142.33.44-9618+[2001-1458-301-53--100-29]-9618&alias=b9g34p8457.cern.ch&noUDP&sock=slot1_13_4399_3e4c_11155>
...
040 (7733437.000.000) 11/15 05:15:13 Finished transferring input files
...
001 (7733437.000.000) 11/15 05:15:14 Job executing on host: <128.142.33.44:9618?addrs=128.142.33.44-9618+[2001-1458-301-53--100-29]-9618&alias=b9g34p8457.cern.ch&noUDP&sock=startd_3531_8cff>
	SlotName: slot1_13@b9g34p8457.cern.ch
	CondorScratchDir = "/pool/condor/dir_834777"
	Cpus = 1
	Disk = 3631
	GPUs = 0
	Memory = 2000
...
006 (7733437.000.000) 11/15 05:15:23 Image size of job updated: 452760
	443  -  MemoryUsage of job (MB)
	452760  -  ResidentSetSize of job (KB)
...
006 (7733437.000.000) 11/15 05:20:24 Image size of job updated: 637404
	623  -  MemoryUsage of job (MB)
	637404  -  ResidentSetSize of job (KB)
...
006 (7733437.000.000) 11/15 05:25:25 Image size of job updated: 664220
	649  -  MemoryUsage of job (MB)
	664220  -  ResidentSetSize of job (KB)
...
006 (7733437.000.000) 11/15 05:32:47 Image size of job updated: 778692
	761  -  MemoryUsage of job (MB)
	778692  -  ResidentSetSize of job (KB)
...
006 (7733437.000.000) 11/15 05:39:53 Image size of job updated: 781748
	764  -  MemoryUsage of job (MB)
	781748  -  ResidentSetSize of job (KB)
...
006 (7733437.000.000) 11/15 05:51:14 Image size of job updated: 781748
	772  -  MemoryUsage of job (MB)
	789940  -  ResidentSetSize of job (KB)
...
022 (7733437.000.000) 11/15 05:54:33 Job disconnected, attempting to reconnect
    Socket between submit and execute hosts closed unexpectedly
    Trying to reconnect to slot1_13@b9g34p8457.cern.ch <128.142.33.44:9618?addrs=128.142.33.44-9618+[2001-1458-301-53--100-29]-9618&alias=b9g34p8457.cern.ch&noUDP&sock=startd_3531_8cff>
...
023 (7733437.000.000) 11/15 05:54:33 Job reconnected to slot1_13@b9g34p8457.cern.ch
    startd address: <128.142.33.44:9618?addrs=128.142.33.44-9618+[2001-1458-301-53--100-29]-9618&alias=b9g34p8457.cern.ch&noUDP&sock=startd_3531_8cff>
    starter address: <128.142.33.44:9618?addrs=128.142.33.44-9618+[2001-1458-301-53--100-29]-9618&alias=b9g34p8457.cern.ch&noUDP&sock=slot1_13_4399_3e4c_11155>
...
040 (7733437.000.000) 11/15 08:03:14 Started transferring input files
	Transferring to host: <188.185.209.85:9618?addrs=188.185.209.85-9618+[2001-1458-303-11--100-52]-9618&alias=b9p11p4111.cern.ch&noUDP&sock=slot1_14_4652_8136_96263>
...
040 (7733437.000.000) 11/15 08:03:14 Finished transferring input files
...
001 (7733437.000.000) 11/15 08:03:15 Job executing on host: <188.185.209.85:9618?addrs=188.185.209.85-9618+[2001-1458-303-11--100-52]-9618&alias=b9p11p4111.cern.ch&noUDP&sock=startd_3872_72cb>
	SlotName: slot1_14@b9p11p4111.cern.ch
	CondorScratchDir = "/pool/condor/dir_3256487"
	Cpus = 1
	Disk = 2808507
	Memory = 2000
...
006 (7733437.000.000) 11/15 08:38:26 Image size of job updated: 1003624
	977  -  MemoryUsage of job (MB)
	1000000  -  ResidentSetSize of job (KB)
...
006 (7733437.000.000) 11/15 08:43:26 Image size of job updated: 1040524
	977  -  MemoryUsage of job (MB)
	1000000  -  ResidentSetSize of job (KB)
...
006 (7733437.000.000) 11/15 08:48:27 Image size of job updated: 1052760
	977  -  MemoryUsage of job (MB)
	1000000  -  ResidentSetSize of job (KB)
...
006 (7733437.000.000) 11/15 09:43:33 Image size of job updated: 1066416
	977  -  MemoryUsage of job (MB)
	1000000  -  ResidentSetSize of job (KB)
...
006 (7733437.000.000) 11/15 09:48:33 Image size of job updated: 1066416
	996  -  MemoryUsage of job (MB)
	1019192  -  ResidentSetSize of job (KB)
...
006 (7733437.000.000) 11/15 09:53:34 Image size of job updated: 1093988
	1010  -  MemoryUsage of job (MB)
	1033784  -  ResidentSetSize of job (KB)
...
006 (7733437.000.000) 11/15 10:03:35 Image size of job updated: 1094604
	1010  -  MemoryUsage of job (MB)
	1033784  -  ResidentSetSize of job (KB)
...
006 (7733437.000.000) 11/15 10:08:35 Image size of job updated: 1102136
	1028  -  MemoryUsage of job (MB)
	1052364  -  ResidentSetSize of job (KB)
...
006 (7733437.000.000) 11/15 10:13:36 Image size of job updated: 1118216
	1044  -  MemoryUsage of job (MB)
	1068748  -  ResidentSetSize of job (KB)
...
006 (7733437.000.000) 11/15 10:18:37 Image size of job updated: 1137844
	1044  -  MemoryUsage of job (MB)
	1068748  -  ResidentSetSize of job (KB)
...
006 (7733437.000.000) 11/15 10:23:37 Image size of job updated: 1164084
	1044  -  MemoryUsage of job (MB)
	1068748  -  ResidentSetSize of job (KB)
...
006 (7733437.000.000) 11/15 10:28:37 Image size of job updated: 1195676
	1044  -  MemoryUsage of job (MB)
	1068748  -  ResidentSetSize of job (KB)
...
006 (7733437.000.000) 11/15 10:33:38 Image size of job updated: 1233192
	1044  -  MemoryUsage of job (MB)
	1068748  -  ResidentSetSize of job (KB)
...
006 (7733437.000.000) 11/15 10:38:38 Image size of job updated: 1253116
	1044  -  MemoryUsage of job (MB)
	1068748  -  ResidentSetSize of job (KB)
...
006 (7733437.000.000) 11/15 10:48:39 Image size of job updated: 1253116
	1160  -  MemoryUsage of job (MB)
	1187316  -  ResidentSetSize of job (KB)
...
006 (7733437.000.000) 11/15 10:53:40 Image size of job updated: 1256792
	1188  -  MemoryUsage of job (MB)
	1215988  -  ResidentSetSize of job (KB)
...
006 (7733437.000.000) 11/15 10:58:40 Image size of job updated: 1281724
	1188  -  MemoryUsage of job (MB)
	1215988  -  ResidentSetSize of job (KB)
...
006 (7733437.000.000) 11/15 11:03:40 Image size of job updated: 1294812
	1188  -  MemoryUsage of job (MB)
	1215988  -  ResidentSetSize of job (KB)
...
006 (7733437.000.000) 11/15 11:08:42 Image size of job updated: 1322040
	1188  -  MemoryUsage of job (MB)
	1215988  -  ResidentSetSize of job (KB)
...
006 (7733437.000.000) 11/15 11:13:42 Image size of job updated: 1333284
	1188  -  MemoryUsage of job (MB)
	1215988  -  ResidentSetSize of job (KB)
...
006 (7733437.000.000) 11/15 11:18:42 Image size of job updated: 1345052
	1188  -  MemoryUsage of job (MB)
	1215988  -  ResidentSetSize of job (KB)
...
006 (7733437.000.000) 11/15 11:23:43 Image size of job updated: 1377044
	1188  -  MemoryUsage of job (MB)
	1215988  -  ResidentSetSize of job (KB)
...
006 (7733437.000.000) 11/15 11:33:44 Image size of job updated: 1397428
	1188  -  MemoryUsage of job (MB)
	1215988  -  ResidentSetSize of job (KB)
...
006 (7733437.000.000) 11/15 11:38:45 Image size of job updated: 1423008
	1196  -  MemoryUsage of job (MB)
	1224428  -  ResidentSetSize of job (KB)
...
006 (7733437.000.000) 11/15 11:43:46 Image size of job updated: 1429020
	1196  -  MemoryUsage of job (MB)
	1224428  -  ResidentSetSize of job (KB)
...
006 (7733437.000.000) 11/15 11:53:46 Image size of job updated: 1456784
	1196  -  MemoryUsage of job (MB)
	1224428  -  ResidentSetSize of job (KB)
...
006 (7733437.000.000) 11/15 11:58:47 Image size of job updated: 1476816
	1196  -  MemoryUsage of job (MB)
	1224428  -  ResidentSetSize of job (KB)
...
006 (7733437.000.000) 11/15 12:08:47 Image size of job updated: 1489812
	1196  -  MemoryUsage of job (MB)
	1224428  -  ResidentSetSize of job (KB)
...
006 (7733437.000.000) 11/15 12:13:48 Image size of job updated: 1507044
	1265  -  MemoryUsage of job (MB)
	1294776  -  ResidentSetSize of job (KB)
...
006 (7733437.000.000) 11/15 12:18:49 Image size of job updated: 1524312
	1281  -  MemoryUsage of job (MB)
	1311160  -  ResidentSetSize of job (KB)
...
006 (7733437.000.000) 11/15 12:23:49 Image size of job updated: 1527324
	1281  -  MemoryUsage of job (MB)
	1311160  -  ResidentSetSize of job (KB)
...
006 (7733437.000.000) 11/15 12:28:50 Image size of job updated: 1582464
	1281  -  MemoryUsage of job (MB)
	1311160  -  ResidentSetSize of job (KB)
...
006 (7733437.000.000) 11/15 12:33:51 Image size of job updated: 1582464
	1475  -  MemoryUsage of job (MB)
	1510080  -  ResidentSetSize of job (KB)
...
006 (7733437.000.000) 11/15 12:38:51 Image size of job updated: 1582464
	1491  -  MemoryUsage of job (MB)
	1526464  -  ResidentSetSize of job (KB)
...
006 (7733437.000.000) 11/15 12:43:51 Image size of job updated: 1583816
	1491  -  MemoryUsage of job (MB)
	1526464  -  ResidentSetSize of job (KB)
...
006 (7733437.000.000) 11/15 12:48:52 Image size of job updated: 1594316
	1491  -  MemoryUsage of job (MB)
	1526464  -  ResidentSetSize of job (KB)
...
006 (7733437.000.000) 11/15 12:53:53 Image size of job updated: 1607160
	1491  -  MemoryUsage of job (MB)
	1526464  -  ResidentSetSize of job (KB)
...
006 (7733437.000.000) 11/15 12:58:53 Image size of job updated: 1616840
	1539  -  MemoryUsage of job (MB)
	1575708  -  ResidentSetSize of job (KB)
...
006 (7733437.000.000) 11/15 13:03:54 Image size of job updated: 1616840
	1541  -  MemoryUsage of job (MB)
	1577500  -  ResidentSetSize of job (KB)
...
006 (7733437.000.000) 11/15 13:18:55 Image size of job updated: 1619604
	1541  -  MemoryUsage of job (MB)
	1577500  -  ResidentSetSize of job (KB)
...
006 (7733437.000.000) 11/15 13:23:56 Image size of job updated: 1630692
	1541  -  MemoryUsage of job (MB)
	1577500  -  ResidentSetSize of job (KB)
...
006 (7733437.000.000) 11/15 13:28:56 Image size of job updated: 1640092
	1541  -  MemoryUsage of job (MB)
	1577500  -  ResidentSetSize of job (KB)
...
006 (7733437.000.000) 11/15 13:33:57 Image size of job updated: 1645988
	1597  -  MemoryUsage of job (MB)
	1635076  -  ResidentSetSize of job (KB)
...
006 (7733437.000.000) 11/15 13:38:58 Image size of job updated: 1689892
	1606  -  MemoryUsage of job (MB)
	1644284  -  ResidentSetSize of job (KB)
...
006 (7733437.000.000) 11/15 13:43:58 Image size of job updated: 1693300
	1606  -  MemoryUsage of job (MB)
	1644284  -  ResidentSetSize of job (KB)
...
006 (7733437.000.000) 11/15 13:58:59 Image size of job updated: 1705496
	1606  -  MemoryUsage of job (MB)
	1644284  -  ResidentSetSize of job (KB)
...
006 (7733437.000.000) 11/15 14:03:59 Image size of job updated: 1714740
	1606  -  MemoryUsage of job (MB)
	1644284  -  ResidentSetSize of job (KB)
...
006 (7733437.000.000) 11/15 14:09:00 Image size of job updated: 1764000
	1606  -  MemoryUsage of job (MB)
	1644284  -  ResidentSetSize of job (KB)
...
006 (7733437.000.000) 11/15 14:14:01 Image size of job updated: 1765668
	1606  -  MemoryUsage of job (MB)
	1644284  -  ResidentSetSize of job (KB)
...
006 (7733437.000.000) 11/15 14:29:03 Image size of job updated: 1784248
	1606  -  MemoryUsage of job (MB)
	1644284  -  ResidentSetSize of job (KB)
...
006 (7733437.000.000) 11/15 14:34:03 Image size of job updated: 1784248
	1693  -  MemoryUsage of job (MB)
	1732728  -  ResidentSetSize of job (KB)
...
006 (7733437.000.000) 11/15 14:39:03 Image size of job updated: 1873716
	1695  -  MemoryUsage of job (MB)
	1734776  -  ResidentSetSize of job (KB)
...
006 (7733437.000.000) 11/15 14:44:04 Image size of job updated: 1878232
	1695  -  MemoryUsage of job (MB)
	1734776  -  ResidentSetSize of job (KB)
...
006 (7733437.000.000) 11/15 15:44:10 Image size of job updated: 1894428
	1809  -  MemoryUsage of job (MB)
	1852140  -  ResidentSetSize of job (KB)
...
006 (7733437.000.000) 11/15 15:49:11 Image size of job updated: 1895420
	1826  -  MemoryUsage of job (MB)
	1869116  -  ResidentSetSize of job (KB)
...
006 (7733437.000.000) 11/15 15:54:11 Image size of job updated: 1895420
	1830  -  MemoryUsage of job (MB)
	1873212  -  ResidentSetSize of job (KB)
...
006 (7733437.000.000) 11/15 15:59:11 Image size of job updated: 1907288
	1830  -  MemoryUsage of job (MB)
	1873212  -  ResidentSetSize of job (KB)
...
006 (7733437.000.000) 11/15 16:04:12 Image size of job updated: 1914088
	1830  -  MemoryUsage of job (MB)
	1873212  -  ResidentSetSize of job (KB)
...
006 (7733437.000.000) 11/15 16:09:13 Image size of job updated: 1940508
	1830  -  MemoryUsage of job (MB)
	1873212  -  ResidentSetSize of job (KB)
...
006 (7733437.000.000) 11/15 16:14:13 Image size of job updated: 1954820
	1830  -  MemoryUsage of job (MB)
	1873212  -  ResidentSetSize of job (KB)
...
006 (7733437.000.000) 11/15 16:19:14 Image size of job updated: 1954820
	1898  -  MemoryUsage of job (MB)
	1943144  -  ResidentSetSize of job (KB)
...
006 (7733437.000.000) 11/15 16:24:15 Image size of job updated: 1958824
	1898  -  MemoryUsage of job (MB)
	1943144  -  ResidentSetSize of job (KB)
...
006 (7733437.000.000) 11/15 16:29:15 Image size of job updated: 1965132
	1898  -  MemoryUsage of job (MB)
	1943144  -  ResidentSetSize of job (KB)
...
006 (7733437.000.000) 11/15 16:34:16 Image size of job updated: 1973412
	1898  -  MemoryUsage of job (MB)
	1943144  -  ResidentSetSize of job (KB)
...
006 (7733437.000.000) 11/15 16:39:17 Image size of job updated: 1985984
	1898  -  MemoryUsage of job (MB)
	1943144  -  ResidentSetSize of job (KB)
...
006 (7733437.000.000) 11/15 16:44:17 Image size of job updated: 1991908
	1898  -  MemoryUsage of job (MB)
	1943144  -  ResidentSetSize of job (KB)
...
006 (7733437.000.000) 11/15 16:49:17 Image size of job updated: 2016632
	1898  -  MemoryUsage of job (MB)
	1943144  -  ResidentSetSize of job (KB)
...
006 (7733437.000.000) 11/15 16:54:18 Image size of job updated: 2030304
	1898  -  MemoryUsage of job (MB)
	1943144  -  ResidentSetSize of job (KB)
...
006 (7733437.000.000) 11/15 16:59:18 Image size of job updated: 2053140
	1898  -  MemoryUsage of job (MB)
	1943144  -  ResidentSetSize of job (KB)
...
006 (7733437.000.000) 11/15 17:09:19 Image size of job updated: 2078856
	1946  -  MemoryUsage of job (MB)
	1992020  -  ResidentSetSize of job (KB)
...
006 (7733437.000.000) 11/15 17:19:20 Image size of job updated: 2078856
	1989  -  MemoryUsage of job (MB)
	2036452  -  ResidentSetSize of job (KB)
...
006 (7733437.000.000) 11/15 17:24:21 Image size of job updated: 2078856
	2007  -  MemoryUsage of job (MB)
	2054884  -  ResidentSetSize of job (KB)
...
006 (7733437.000.000) 11/15 17:29:22 Image size of job updated: 2090500
	2007  -  MemoryUsage of job (MB)
	2054884  -  ResidentSetSize of job (KB)
...
006 (7733437.000.000) 11/15 17:34:22 Image size of job updated: 2198404
	2007  -  MemoryUsage of job (MB)
	2054884  -  ResidentSetSize of job (KB)
...
006 (7733437.000.000) 11/15 18:19:28 Image size of job updated: 2198404
	2126  -  MemoryUsage of job (MB)
	2176652  -  ResidentSetSize of job (KB)
...
006 (7733437.000.000) 11/15 18:24:28 Image size of job updated: 2198404
	2142  -  MemoryUsage of job (MB)
	2193036  -  ResidentSetSize of job (KB)
...
006 (7733437.000.000) 11/15 18:29:28 Image size of job updated: 2229244
	2142  -  MemoryUsage of job (MB)
	2193036  -  ResidentSetSize of job (KB)
...
006 (7733437.000.000) 11/15 18:49:30 Image size of job updated: 2233500
	2142  -  MemoryUsage of job (MB)
	2193036  -  ResidentSetSize of job (KB)
...
006 (7733437.000.000) 11/15 18:54:31 Image size of job updated: 2238192
	2142  -  MemoryUsage of job (MB)
	2193036  -  ResidentSetSize of job (KB)
...
006 (7733437.000.000) 11/15 18:59:31 Image size of job updated: 2255908
	2142  -  MemoryUsage of job (MB)
	2193036  -  ResidentSetSize of job (KB)
...
006 (7733437.000.000) 11/15 19:04:32 Image size of job updated: 2281684
	2142  -  MemoryUsage of job (MB)
	2193036  -  ResidentSetSize of job (KB)
...
006 (7733437.000.000) 11/15 19:09:33 Image size of job updated: 2293044
	2142  -  MemoryUsage of job (MB)
	2193036  -  ResidentSetSize of job (KB)
...
006 (7733437.000.000) 11/15 19:14:33 Image size of job updated: 2301692
	2151  -  MemoryUsage of job (MB)
	2201700  -  ResidentSetSize of job (KB)
...
006 (7733437.000.000) 11/15 19:19:33 Image size of job updated: 2301692
	2167  -  MemoryUsage of job (MB)
	2218084  -  ResidentSetSize of job (KB)
...
006 (7733437.000.000) 11/15 19:24:34 Image size of job updated: 2302652
	2167  -  MemoryUsage of job (MB)
	2218084  -  ResidentSetSize of job (KB)
...
006 (7733437.000.000) 11/15 19:29:34 Image size of job updated: 2310020
	2167  -  MemoryUsage of job (MB)
	2218084  -  ResidentSetSize of job (KB)
...
006 (7733437.000.000) 11/15 19:34:34 Image size of job updated: 2329580
	2167  -  MemoryUsage of job (MB)
	2218084  -  ResidentSetSize of job (KB)
...
006 (7733437.000.000) 11/15 19:39:35 Image size of job updated: 2331176
	2174  -  MemoryUsage of job (MB)
	2225932  -  ResidentSetSize of job (KB)
...
006 (7733437.000.000) 11/15 19:44:36 Image size of job updated: 2331892
	2192  -  MemoryUsage of job (MB)
	2244364  -  ResidentSetSize of job (KB)
...
006 (7733437.000.000) 11/15 19:49:36 Image size of job updated: 2342980
	2192  -  MemoryUsage of job (MB)
	2244364  -  ResidentSetSize of job (KB)
...
006 (7733437.000.000) 11/15 19:54:36 Image size of job updated: 2358712
	2192  -  MemoryUsage of job (MB)
	2244364  -  ResidentSetSize of job (KB)
...
006 (7733437.000.000) 11/15 19:59:37 Image size of job updated: 2367480
	2192  -  MemoryUsage of job (MB)
	2244364  -  ResidentSetSize of job (KB)
...
006 (7733437.000.000) 11/15 20:04:37 Image size of job updated: 2450684
	2192  -  MemoryUsage of job (MB)
	2244364  -  ResidentSetSize of job (KB)
...
006 (7733437.000.000) 11/15 20:09:37 Image size of job updated: 2450684
	2193  -  MemoryUsage of job (MB)
	2244684  -  ResidentSetSize of job (KB)
...
006 (7733437.000.000) 11/15 20:14:38 Image size of job updated: 2450684
	2209  -  MemoryUsage of job (MB)
	2261324  -  ResidentSetSize of job (KB)
...
006 (7733437.000.000) 11/15 20:44:40 Image size of job updated: 2450684
	2302  -  MemoryUsage of job (MB)
	2356668  -  ResidentSetSize of job (KB)
...
006 (7733437.000.000) 11/15 20:49:41 Image size of job updated: 2455052
	2376  -  MemoryUsage of job (MB)
	2432904  -  ResidentSetSize of job (KB)
...
006 (7733437.000.000) 11/15 20:54:42 Image size of job updated: 2455220
	2392  -  MemoryUsage of job (MB)
	2449288  -  ResidentSetSize of job (KB)
...
006 (7733437.000.000) 11/15 20:59:42 Image size of job updated: 2456720
	2392  -  MemoryUsage of job (MB)
	2449288  -  ResidentSetSize of job (KB)
...
006 (7733437.000.000) 11/15 21:04:43 Image size of job updated: 2465324
	2392  -  MemoryUsage of job (MB)
	2449288  -  ResidentSetSize of job (KB)
...
006 (7733437.000.000) 11/15 21:09:44 Image size of job updated: 2473624
	2392  -  MemoryUsage of job (MB)
	2449288  -  ResidentSetSize of job (KB)
...
006 (7733437.000.000) 11/15 21:14:44 Image size of job updated: 2481984
	2392  -  MemoryUsage of job (MB)
	2449288  -  ResidentSetSize of job (KB)
...
006 (7733437.000.000) 11/15 21:19:44 Image size of job updated: 2503820
	2408  -  MemoryUsage of job (MB)
	2465680  -  ResidentSetSize of job (KB)
...
006 (7733437.000.000) 11/15 21:24:45 Image size of job updated: 2529260
	2408  -  MemoryUsage of job (MB)
	2465680  -  ResidentSetSize of job (KB)
...
006 (7733437.000.000) 11/15 21:39:47 Image size of job updated: 2541336
	2408  -  MemoryUsage of job (MB)
	2465680  -  ResidentSetSize of job (KB)
...
006 (7733437.000.000) 11/15 21:44:48 Image size of job updated: 2567132
	2408  -  MemoryUsage of job (MB)
	2465680  -  ResidentSetSize of job (KB)
...
006 (7733437.000.000) 11/15 21:49:48 Image size of job updated: 2568640
	2456  -  MemoryUsage of job (MB)
	2514084  -  ResidentSetSize of job (KB)
...
006 (7733437.000.000) 11/15 21:54:48 Image size of job updated: 2568640
	2465  -  MemoryUsage of job (MB)
	2524048  -  ResidentSetSize of job (KB)
...
006 (7733437.000.000) 11/15 21:59:49 Image size of job updated: 2582976
	2465  -  MemoryUsage of job (MB)
	2524048  -  ResidentSetSize of job (KB)
...
006 (7733437.000.000) 11/15 22:09:49 Image size of job updated: 2594600
	2465  -  MemoryUsage of job (MB)
	2524048  -  ResidentSetSize of job (KB)
...
006 (7733437.000.000) 11/15 22:14:50 Image size of job updated: 2614344
	2465  -  MemoryUsage of job (MB)
	2524048  -  ResidentSetSize of job (KB)
...
006 (7733437.000.000) 11/15 22:19:51 Image size of job updated: 2615508
	2465  -  MemoryUsage of job (MB)
	2524048  -  ResidentSetSize of job (KB)
...
006 (7733437.000.000) 11/15 22:24:51 Image size of job updated: 2620752
	2465  -  MemoryUsage of job (MB)
	2524048  -  ResidentSetSize of job (KB)
...
006 (7733437.000.000) 11/15 22:29:51 Image size of job updated: 2622740
	2525  -  MemoryUsage of job (MB)
	2584980  -  ResidentSetSize of job (KB)
...
006 (7733437.000.000) 11/15 22:34:52 Image size of job updated: 2630676
	2525  -  MemoryUsage of job (MB)
	2584980  -  ResidentSetSize of job (KB)
...
006 (7733437.000.000) 11/15 22:39:53 Image size of job updated: 2639104
	2525  -  MemoryUsage of job (MB)
	2584980  -  ResidentSetSize of job (KB)
...
006 (7733437.000.000) 11/15 22:44:53 Image size of job updated: 2647304
	2525  -  MemoryUsage of job (MB)
	2584980  -  ResidentSetSize of job (KB)
...
006 (7733437.000.000) 11/15 22:49:53 Image size of job updated: 2668652
	2525  -  MemoryUsage of job (MB)
	2584980  -  ResidentSetSize of job (KB)
...
006 (7733437.000.000) 11/15 23:04:55 Image size of job updated: 2687504
	2525  -  MemoryUsage of job (MB)
	2584980  -  ResidentSetSize of job (KB)
...
006 (7733437.000.000) 11/15 23:09:56 Image size of job updated: 2688172
	2525  -  MemoryUsage of job (MB)
	2584980  -  ResidentSetSize of job (KB)
...
006 (7733437.000.000) 11/15 23:14:57 Image size of job updated: 2730552
	2525  -  MemoryUsage of job (MB)
	2584980  -  ResidentSetSize of job (KB)
...
006 (7733437.000.000) 11/15 23:39:59 Image size of job updated: 2744880
	2526  -  MemoryUsage of job (MB)
	2585792  -  ResidentSetSize of job (KB)
...
006 (7733437.000.000) 11/15 23:45:00 Image size of job updated: 2744880
	2620  -  MemoryUsage of job (MB)
	2682304  -  ResidentSetSize of job (KB)
...
006 (7733437.000.000) 11/15 23:50:01 Image size of job updated: 2766244
	2620  -  MemoryUsage of job (MB)
	2682304  -  ResidentSetSize of job (KB)
...
006 (7733437.000.000) 11/15 23:55:01 Image size of job updated: 2767308
	2656  -  MemoryUsage of job (MB)
	2718760  -  ResidentSetSize of job (KB)
...
006 (7733437.000.000) 11/16 00:00:02 Image size of job updated: 2815984
	2656  -  MemoryUsage of job (MB)
	2718760  -  ResidentSetSize of job (KB)
...
006 (7733437.000.000) 11/16 00:05:03 Image size of job updated: 2818024
	2656  -  MemoryUsage of job (MB)
	2718760  -  ResidentSetSize of job (KB)
...
006 (7733437.000.000) 11/16 00:20:04 Image size of job updated: 2854448
	2656  -  MemoryUsage of job (MB)
	2718760  -  ResidentSetSize of job (KB)
...
006 (7733437.000.000) 11/16 00:25:04 Image size of job updated: 2858192
	2656  -  MemoryUsage of job (MB)
	2718760  -  ResidentSetSize of job (KB)
...
006 (7733437.000.000) 11/16 01:15:10 Image size of job updated: 2867952
	2656  -  MemoryUsage of job (MB)
	2718760  -  ResidentSetSize of job (KB)
...
006 (7733437.000.000) 11/16 01:25:10 Image size of job updated: 2879932
	2670  -  MemoryUsage of job (MB)
	2733744  -  ResidentSetSize of job (KB)
...
006 (7733437.000.000) 11/16 01:30:11 Image size of job updated: 2882996
	2754  -  MemoryUsage of job (MB)
	2820016  -  ResidentSetSize of job (KB)
...
006 (7733437.000.000) 11/16 01:35:12 Image size of job updated: 2913576
	2754  -  MemoryUsage of job (MB)
	2820016  -  ResidentSetSize of job (KB)
...
006 (7733437.000.000) 11/16 01:40:12 Image size of job updated: 2913784
	2754  -  MemoryUsage of job (MB)
	2820016  -  ResidentSetSize of job (KB)
...
006 (7733437.000.000) 11/16 01:50:14 Image size of job updated: 2913784
	2799  -  MemoryUsage of job (MB)
	2865888  -  ResidentSetSize of job (KB)
...
006 (7733437.000.000) 11/16 01:55:14 Image size of job updated: 3053776
	2860  -  MemoryUsage of job (MB)
	2928452  -  ResidentSetSize of job (KB)
...
006 (7733437.000.000) 11/16 02:00:14 Image size of job updated: 3058128
	2928  -  MemoryUsage of job (MB)
	2998084  -  ResidentSetSize of job (KB)
...
006 (7733437.000.000) 11/16 02:05:16 Image size of job updated: 3060596
	2928  -  MemoryUsage of job (MB)
	2998084  -  ResidentSetSize of job (KB)
...
006 (7733437.000.000) 11/16 03:35:25 Image size of job updated: 3072452
	2928  -  MemoryUsage of job (MB)
	2998084  -  ResidentSetSize of job (KB)
...
006 (7733437.000.000) 11/16 03:40:25 Image size of job updated: 3072452
	2974  -  MemoryUsage of job (MB)
	3045204  -  ResidentSetSize of job (KB)
...
006 (7733437.000.000) 11/16 03:55:27 Image size of job updated: 3082540
	2974  -  MemoryUsage of job (MB)
	3045204  -  ResidentSetSize of job (KB)
...
006 (7733437.000.000) 11/16 04:05:29 Image size of job updated: 3100224
	2974  -  MemoryUsage of job (MB)
	3045204  -  ResidentSetSize of job (KB)
...
006 (7733437.000.000) 11/16 04:10:29 Image size of job updated: 3118512
	2974  -  MemoryUsage of job (MB)
	3045204  -  ResidentSetSize of job (KB)
...
006 (7733437.000.000) 11/16 04:25:30 Image size of job updated: 3126456
	2974  -  MemoryUsage of job (MB)
	3045204  -  ResidentSetSize of job (KB)
...
006 (7733437.000.000) 11/16 04:30:30 Image size of job updated: 3143416
	2974  -  MemoryUsage of job (MB)
	3045204  -  ResidentSetSize of job (KB)
...
006 (7733437.000.000) 11/16 04:50:32 Image size of job updated: 3143608
	2982  -  MemoryUsage of job (MB)
	3053284  -  ResidentSetSize of job (KB)
...
006 (7733437.000.000) 11/16 04:55:33 Image size of job updated: 3150896
	2982  -  MemoryUsage of job (MB)
	3053284  -  ResidentSetSize of job (KB)
...
006 (7733437.000.000) 11/16 05:00:33 Image size of job updated: 3157180
	2982  -  MemoryUsage of job (MB)
	3053284  -  ResidentSetSize of job (KB)
...
006 (7733437.000.000) 11/16 05:05:33 Image size of job updated: 3163688
	2982  -  MemoryUsage of job (MB)
	3053284  -  ResidentSetSize of job (KB)
...
006 (7733437.000.000) 11/16 05:10:34 Image size of job updated: 3192600
	2982  -  MemoryUsage of job (MB)
	3053284  -  ResidentSetSize of job (KB)
...
006 (7733437.000.000) 11/16 05:15:35 Image size of job updated: 3213020
	3028  -  MemoryUsage of job (MB)
	3100164  -  ResidentSetSize of job (KB)
...
006 (7733437.000.000) 11/16 05:40:37 Image size of job updated: 3220664
	3028  -  MemoryUsage of job (MB)
	3100164  -  ResidentSetSize of job (KB)
...
006 (7733437.000.000) 11/16 05:45:38 Image size of job updated: 3220664
	3047  -  MemoryUsage of job (MB)
	3119412  -  ResidentSetSize of job (KB)
...
006 (7733437.000.000) 11/16 05:55:39 Image size of job updated: 3239388
	3047  -  MemoryUsage of job (MB)
	3119412  -  ResidentSetSize of job (KB)
...
006 (7733437.000.000) 11/16 06:00:39 Image size of job updated: 3242200
	3047  -  MemoryUsage of job (MB)
	3119412  -  ResidentSetSize of job (KB)
...
006 (7733437.000.000) 11/16 06:05:40 Image size of job updated: 3252988
	3047  -  MemoryUsage of job (MB)
	3119412  -  ResidentSetSize of job (KB)
...
006 (7733437.000.000) 11/16 06:10:41 Image size of job updated: 3257100
	3047  -  MemoryUsage of job (MB)
	3119412  -  ResidentSetSize of job (KB)
...
006 (7733437.000.000) 11/16 06:15:41 Image size of job updated: 3262500
	3082  -  MemoryUsage of job (MB)
	3155720  -  ResidentSetSize of job (KB)
...
006 (7733437.000.000) 11/16 06:20:42 Image size of job updated: 3262500
	3096  -  MemoryUsage of job (MB)
	3170056  -  ResidentSetSize of job (KB)
...
006 (7733437.000.000) 11/16 06:25:43 Image size of job updated: 3264744
	3096  -  MemoryUsage of job (MB)
	3170056  -  ResidentSetSize of job (KB)
...
006 (7733437.000.000) 11/16 06:30:43 Image size of job updated: 3274888
	3096  -  MemoryUsage of job (MB)
	3170056  -  ResidentSetSize of job (KB)
...
006 (7733437.000.000) 11/16 06:35:43 Image size of job updated: 3283664
	3096  -  MemoryUsage of job (MB)
	3170056  -  ResidentSetSize of job (KB)
...
006 (7733437.000.000) 11/16 06:40:43 Image size of job updated: 3304832
	3096  -  MemoryUsage of job (MB)
	3170056  -  ResidentSetSize of job (KB)
...
006 (7733437.000.000) 11/16 06:55:44 Image size of job updated: 3318516
	3096  -  MemoryUsage of job (MB)
	3170056  -  ResidentSetSize of job (KB)
...
006 (7733437.000.000) 11/16 07:00:44 Image size of job updated: 3337140
	3096  -  MemoryUsage of job (MB)
	3170056  -  ResidentSetSize of job (KB)
...
006 (7733437.000.000) 11/16 07:10:46 Image size of job updated: 3345296
	3096  -  MemoryUsage of job (MB)
	3170056  -  ResidentSetSize of job (KB)
...
006 (7733437.000.000) 11/16 07:30:48 Image size of job updated: 3360836
	3096  -  MemoryUsage of job (MB)
	3170056  -  ResidentSetSize of job (KB)
...
006 (7733437.000.000) 11/16 07:35:48 Image size of job updated: 3374512
	3096  -  MemoryUsage of job (MB)
	3170056  -  ResidentSetSize of job (KB)
...
006 (7733437.000.000) 11/16 07:40:49 Image size of job updated: 3393140
	3096  -  MemoryUsage of job (MB)
	3170056  -  ResidentSetSize of job (KB)
...
006 (7733437.000.000) 11/16 07:55:51 Image size of job updated: 3406004
	3096  -  MemoryUsage of job (MB)
	3170056  -  ResidentSetSize of job (KB)
...
006 (7733437.000.000) 11/16 08:00:52 Image size of job updated: 3406004
	3118  -  MemoryUsage of job (MB)
	3192540  -  ResidentSetSize of job (KB)
...
006 (7733437.000.000) 11/16 08:05:52 Image size of job updated: 3406004
	3132  -  MemoryUsage of job (MB)
	3206876  -  ResidentSetSize of job (KB)
...
006 (7733437.000.000) 11/16 08:15:53 Image size of job updated: 3407484
	3132  -  MemoryUsage of job (MB)
	3206876  -  ResidentSetSize of job (KB)
...
006 (7733437.000.000) 11/16 08:20:53 Image size of job updated: 3414868
	3132  -  MemoryUsage of job (MB)
	3206876  -  ResidentSetSize of job (KB)
...
006 (7733437.000.000) 11/16 08:25:53 Image size of job updated: 3470992
	3132  -  MemoryUsage of job (MB)
	3206876  -  ResidentSetSize of job (KB)
...
006 (7733437.000.000) 11/16 08:30:54 Image size of job updated: 3472500
	3132  -  MemoryUsage of job (MB)
	3206876  -  ResidentSetSize of job (KB)
...
006 (7733437.000.000) 11/16 09:10:57 Image size of job updated: 3482588
	3132  -  MemoryUsage of job (MB)
	3206876  -  ResidentSetSize of job (KB)
...
006 (7733437.000.000) 11/16 09:15:57 Image size of job updated: 3483692
	3132  -  MemoryUsage of job (MB)
	3206876  -  ResidentSetSize of job (KB)
...
006 (7733437.000.000) 11/16 09:25:59 Image size of job updated: 3502864
	3290  -  MemoryUsage of job (MB)
	3368540  -  ResidentSetSize of job (KB)
...
006 (7733437.000.000) 11/16 09:30:59 Image size of job updated: 3502864
	3310  -  MemoryUsage of job (MB)
	3389020  -  ResidentSetSize of job (KB)
...
006 (7733437.000.000) 11/16 09:41:00 Image size of job updated: 3510156
	3310  -  MemoryUsage of job (MB)
	3389020  -  ResidentSetSize of job (KB)
...
006 (7733437.000.000) 11/16 09:51:00 Image size of job updated: 3521652
	3327  -  MemoryUsage of job (MB)
	3406468  -  ResidentSetSize of job (KB)
...
006 (7733437.000.000) 11/16 09:56:01 Image size of job updated: 3525876
	3351  -  MemoryUsage of job (MB)
	3431044  -  ResidentSetSize of job (KB)
...
006 (7733437.000.000) 11/16 10:01:02 Image size of job updated: 3551244
	3351  -  MemoryUsage of job (MB)
	3431044  -  ResidentSetSize of job (KB)
...
006 (7733437.000.000) 11/16 10:06:02 Image size of job updated: 3551888
	3351  -  MemoryUsage of job (MB)
	3431044  -  ResidentSetSize of job (KB)
...
006 (7733437.000.000) 11/16 10:11:03 Image size of job updated: 3551888
	3446  -  MemoryUsage of job (MB)
	3528316  -  ResidentSetSize of job (KB)
...
006 (7733437.000.000) 11/16 10:16:04 Image size of job updated: 3558984
	3446  -  MemoryUsage of job (MB)
	3528316  -  ResidentSetSize of job (KB)
...
006 (7733437.000.000) 11/16 10:21:04 Image size of job updated: 3559748
	3467  -  MemoryUsage of job (MB)
	3549740  -  ResidentSetSize of job (KB)
...
006 (7733437.000.000) 11/16 10:31:05 Image size of job updated: 3568540
	3467  -  MemoryUsage of job (MB)
	3549740  -  ResidentSetSize of job (KB)
...
006 (7733437.000.000) 11/16 10:36:06 Image size of job updated: 3570152
	3467  -  MemoryUsage of job (MB)
	3549740  -  ResidentSetSize of job (KB)
...
006 (7733437.000.000) 11/16 10:46:07 Image size of job updated: 3578504
	3467  -  MemoryUsage of job (MB)
	3549740  -  ResidentSetSize of job (KB)
...
006 (7733437.000.000) 11/16 10:51:08 Image size of job updated: 3607060
	3467  -  MemoryUsage of job (MB)
	3549740  -  ResidentSetSize of job (KB)
...
006 (7733437.000.000) 11/16 10:56:08 Image size of job updated: 3607580
	3467  -  MemoryUsage of job (MB)
	3549740  -  ResidentSetSize of job (KB)
...
006 (7733437.000.000) 11/16 11:09:41 Image size of job updated: 3608248
	3467  -  MemoryUsage of job (MB)
	3549740  -  ResidentSetSize of job (KB)
...
006 (7733437.000.000) 11/16 11:20:17 Image size of job updated: 3618784
	3467  -  MemoryUsage of job (MB)
	3549740  -  ResidentSetSize of job (KB)
...
006 (7733437.000.000) 11/16 11:28:46 Image size of job updated: 3631812
	3467  -  MemoryUsage of job (MB)
	3549740  -  ResidentSetSize of job (KB)
...
006 (7733437.000.000) 11/16 11:38:52 Image size of job updated: 3632664
	3467  -  MemoryUsage of job (MB)
	3549740  -  ResidentSetSize of job (KB)
...
006 (7733437.000.000) 11/16 11:43:52 Image size of job updated: 3636552
	3467  -  MemoryUsage of job (MB)
	3549740  -  ResidentSetSize of job (KB)
...
006 (7733437.000.000) 11/16 11:48:53 Image size of job updated: 3641440
	3467  -  MemoryUsage of job (MB)
	3549740  -  ResidentSetSize of job (KB)
...
006 (7733437.000.000) 11/16 11:53:53 Image size of job updated: 3649396
	3467  -  MemoryUsage of job (MB)
	3549740  -  ResidentSetSize of job (KB)
...
006 (7733437.000.000) 11/16 11:58:53 Image size of job updated: 3651396
	3467  -  MemoryUsage of job (MB)
	3549740  -  ResidentSetSize of job (KB)
...
006 (7733437.000.000) 11/16 12:03:54 Image size of job updated: 3657124
	3467  -  MemoryUsage of job (MB)
	3549740  -  ResidentSetSize of job (KB)
...
006 (7733437.000.000) 11/16 12:08:55 Image size of job updated: 3695976
	3467  -  MemoryUsage of job (MB)
	3549740  -  ResidentSetSize of job (KB)
...
006 (7733437.000.000) 11/16 13:19:02 Image size of job updated: 3695976
	3515  -  MemoryUsage of job (MB)
	3598836  -  ResidentSetSize of job (KB)
...
006 (7733437.000.000) 11/16 13:24:02 Image size of job updated: 3699980
	3597  -  MemoryUsage of job (MB)
	3683060  -  ResidentSetSize of job (KB)
...
006 (7733437.000.000) 11/16 13:29:03 Image size of job updated: 3700692
	3597  -  MemoryUsage of job (MB)
	3683060  -  ResidentSetSize of job (KB)
...
006 (7733437.000.000) 11/16 13:34:04 Image size of job updated: 3713956
	3597  -  MemoryUsage of job (MB)
	3683060  -  ResidentSetSize of job (KB)
...
006 (7733437.000.000) 11/16 13:39:04 Image size of job updated: 3715864
	3597  -  MemoryUsage of job (MB)
	3683060  -  ResidentSetSize of job (KB)
...
006 (7733437.000.000) 11/16 13:49:06 Image size of job updated: 3728996
	3597  -  MemoryUsage of job (MB)
	3683060  -  ResidentSetSize of job (KB)
...
006 (7733437.000.000) 11/16 13:54:06 Image size of job updated: 3743172
	3597  -  MemoryUsage of job (MB)
	3683060  -  ResidentSetSize of job (KB)
...
006 (7733437.000.000) 11/16 13:59:06 Image size of job updated: 3777704
	3597  -  MemoryUsage of job (MB)
	3683060  -  ResidentSetSize of job (KB)
...
006 (7733437.000.000) 11/16 14:04:07 Image size of job updated: 3780336
	3597  -  MemoryUsage of job (MB)
	3683060  -  ResidentSetSize of job (KB)
...
006 (7733437.000.000) 11/16 14:49:12 Image size of job updated: 3782552
	3597  -  MemoryUsage of job (MB)
	3683060  -  ResidentSetSize of job (KB)
...
006 (7733437.000.000) 11/16 14:54:13 Image size of job updated: 3783072
	3597  -  MemoryUsage of job (MB)
	3683060  -  ResidentSetSize of job (KB)
...
006 (7733437.000.000) 11/16 14:59:13 Image size of job updated: 3814760
	3678  -  MemoryUsage of job (MB)
	3766236  -  ResidentSetSize of job (KB)
...
006 (7733437.000.000) 11/16 15:04:13 Image size of job updated: 3816396
	3692  -  MemoryUsage of job (MB)
	3780572  -  ResidentSetSize of job (KB)
...
006 (7733437.000.000) 11/16 15:24:16 Image size of job updated: 3821052
	3692  -  MemoryUsage of job (MB)
	3780572  -  ResidentSetSize of job (KB)
...
006 (7733437.000.000) 11/16 15:29:17 Image size of job updated: 3821188
	3692  -  MemoryUsage of job (MB)
	3780572  -  ResidentSetSize of job (KB)
...
006 (7733437.000.000) 11/16 15:34:17 Image size of job updated: 3825348
	3692  -  MemoryUsage of job (MB)
	3780572  -  ResidentSetSize of job (KB)
...
006 (7733437.000.000) 11/16 15:39:17 Image size of job updated: 3827980
	3692  -  MemoryUsage of job (MB)
	3780572  -  ResidentSetSize of job (KB)
...
006 (7733437.000.000) 11/16 15:44:18 Image size of job updated: 3836500
	3692  -  MemoryUsage of job (MB)
	3780572  -  ResidentSetSize of job (KB)
...
006 (7733437.000.000) 11/16 15:49:18 Image size of job updated: 7392504
	7220  -  MemoryUsage of job (MB)
	7392504  -  ResidentSetSize of job (KB)
...
006 (7733437.000.000) 11/16 15:49:26 Image size of job updated: 7778360
	7221  -  MemoryUsage of job (MB)
	7393528  -  ResidentSetSize of job (KB)
...
040 (7733437.000.000) 11/16 15:49:26 Started transferring output files
...
040 (7733437.000.000) 11/16 15:49:26 Finished transferring output files
...
005 (7733437.000.000) 11/16 15:49:26 Job terminated.
	(1) Normal termination (return value 0)
		Usr 0 15:15:36, Sys 0 16:10:33  -  Run Remote Usage
		Usr 0 00:00:00, Sys 0 00:00:00  -  Run Local Usage
		Usr 0 16:34:47, Sys 0 16:47:37  -  Total Remote Usage
		Usr 0 00:00:00, Sys 0 00:00:00  -  Total Local Usage
	169243  -  Run Bytes Sent By Job
	10951  -  Run Bytes Received By Job
	169243  -  Total Bytes Sent By Job
	21902  -  Total Bytes Received By Job
	Partitionable Resources :    Usage  Request Allocated 
	   Cpus                 :     0.99        1         1 
	   Disk (KB)            :   205          75   2808507 
	   Memory (MB)          :  7221        2000      2000 

	Job terminated of its own accord at 2024-11-16T14:49:26Z with exit-code 0.
...
