000 (7712862.000.000) 11/10 22:58:17 Job submitted from host: <137.138.55.115:9618?addrs=137.138.55.115-9618+[2001-1458-d00-17--12a]-9618&alias=bigbird23.cern.ch&noUDP&sock=schedd_4975_03c1>
...
040 (7712862.000.000) 11/10 23:00:09 Started transferring input files
	Transferring to host: <128.142.33.57:9618?addrs=128.142.33.57-9618+[2001-1458-301-53--100-36]-9618&alias=b9g34p9084.cern.ch&noUDP&sock=slot1_9_2350995_688c_14007>
...
040 (7712862.000.000) 11/10 23:00:09 Finished transferring input files
...
001 (7712862.000.000) 11/10 23:00:10 Job executing on host: <128.142.33.57:9618?addrs=128.142.33.57-9618+[2001-1458-301-53--100-36]-9618&alias=b9g34p9084.cern.ch&noUDP&sock=startd_6339_9aef>
	SlotName: slot1_9@b9g34p9084.cern.ch
	CondorScratchDir = "/pool/condor/dir_1262035"
	Cpus = 1
	Disk = 2899086
	Memory = 2000
...
006 (7712862.000.000) 11/10 23:00:18 Image size of job updated: 1
	0  -  MemoryUsage of job (MB)
	0  -  ResidentSetSize of job (KB)
...
006 (7712862.000.000) 11/10 23:05:18 Image size of job updated: 689932
	660  -  MemoryUsage of job (MB)
	675476  -  ResidentSetSize of job (KB)
...
006 (7712862.000.000) 11/10 23:10:18 Image size of job updated: 745520
	706  -  MemoryUsage of job (MB)
	722016  -  ResidentSetSize of job (KB)
...
006 (7712862.000.000) 11/10 23:15:19 Image size of job updated: 792392
	745  -  MemoryUsage of job (MB)
	762072  -  ResidentSetSize of job (KB)
...
006 (7712862.000.000) 11/10 23:20:20 Image size of job updated: 810952
	746  -  MemoryUsage of job (MB)
	763856  -  ResidentSetSize of job (KB)
...
006 (7712862.000.000) 11/10 23:25:20 Image size of job updated: 810952
	752  -  MemoryUsage of job (MB)
	770000  -  ResidentSetSize of job (KB)
...
006 (7712862.000.000) 11/10 23:30:21 Image size of job updated: 813452
	789  -  MemoryUsage of job (MB)
	807176  -  ResidentSetSize of job (KB)
...
006 (7712862.000.000) 11/10 23:35:22 Image size of job updated: 825864
	789  -  MemoryUsage of job (MB)
	807176  -  ResidentSetSize of job (KB)
...
006 (7712862.000.000) 11/10 23:40:22 Image size of job updated: 838104
	794  -  MemoryUsage of job (MB)
	812776  -  ResidentSetSize of job (KB)
...
006 (7712862.000.000) 11/10 23:45:22 Image size of job updated: 850160
	804  -  MemoryUsage of job (MB)
	822700  -  ResidentSetSize of job (KB)
...
006 (7712862.000.000) 11/10 23:50:23 Image size of job updated: 850780
	810  -  MemoryUsage of job (MB)
	828844  -  ResidentSetSize of job (KB)
...
006 (7712862.000.000) 11/12 08:03:36 Image size of job updated: 851900
	810  -  MemoryUsage of job (MB)
	828844  -  ResidentSetSize of job (KB)
...
006 (7712862.000.000) 11/12 08:08:36 Image size of job updated: 854388
	810  -  MemoryUsage of job (MB)
	828844  -  ResidentSetSize of job (KB)
...
006 (7712862.000.000) 11/12 08:13:36 Image size of job updated: 855804
	810  -  MemoryUsage of job (MB)
	828844  -  ResidentSetSize of job (KB)
...
006 (7712862.000.000) 11/12 08:18:37 Image size of job updated: 857264
	810  -  MemoryUsage of job (MB)
	828844  -  ResidentSetSize of job (KB)
...
006 (7712862.000.000) 11/12 08:23:37 Image size of job updated: 858616
	810  -  MemoryUsage of job (MB)
	828844  -  ResidentSetSize of job (KB)
...
006 (7712862.000.000) 11/12 08:28:37 Image size of job updated: 1835252
	810  -  MemoryUsage of job (MB)
	828844  -  ResidentSetSize of job (KB)
...
040 (7712862.000.000) 11/12 08:28:39 Started transferring output files
...
040 (7712862.000.000) 11/12 08:29:03 Finished transferring output files
...
005 (7712862.000.000) 11/12 08:29:04 Job terminated.
	(1) Normal termination (return value 0)
		Usr 0 13:17:11, Sys 0 19:24:10  -  Run Remote Usage
		Usr 0 00:00:00, Sys 0 00:00:00  -  Run Local Usage
		Usr 0 13:17:11, Sys 0 19:24:10  -  Total Remote Usage
		Usr 0 00:00:00, Sys 0 00:00:00  -  Total Local Usage
	468332224  -  Run Bytes Sent By Job
	10939  -  Run Bytes Received By Job
	468332224  -  Total Bytes Sent By Job
	10939  -  Total Bytes Received By Job
	Partitionable Resources :     Usage  Request Allocated 
	   Cpus                 :      0.99        1         1 
	   Disk (KB)            : 457388          12   2899086 
	   Memory (MB)          :    810        2000      2000 

	Job terminated of its own accord at 2024-11-12T07:28:38Z with exit-code 0.
...
