000 (7733449.000.000) 11/15 04:50:16 Job submitted from host: <137.138.55.115:9618?addrs=137.138.55.115-9618+[2001-1458-d00-17--12a]-9618&alias=bigbird23.cern.ch&noUDP&sock=schedd_4975_03c1>
...
040 (7733449.000.000) 11/15 05:15:14 Started transferring input files
	Transferring to host: <128.142.33.47:9618?addrs=128.142.33.47-9618+[2001-1458-301-53--100-2c]-9618&alias=b9g34p6522.cern.ch&noUDP&sock=slot1_30_2288190_9ab2_2504>
...
040 (7733449.000.000) 11/15 05:15:14 Finished transferring input files
...
001 (7733449.000.000) 11/15 05:15:15 Job executing on host: <128.142.33.47:9618?addrs=128.142.33.47-9618+[2001-1458-301-53--100-2c]-9618&alias=b9g34p6522.cern.ch&noUDP&sock=startd_4008_bbac>
	SlotName: slot1_30@b9g34p6522.cern.ch
	CondorScratchDir = "/pool/condor/dir_2961835"
	Cpus = 1
	Disk = 2806965
	Memory = 2000
...
006 (7733449.000.000) 11/15 05:15:24 Image size of job updated: 490840
	480  -  MemoryUsage of job (MB)
	490840  -  ResidentSetSize of job (KB)
...
006 (7733449.000.000) 11/15 05:20:25 Image size of job updated: 722880
	680  -  MemoryUsage of job (MB)
	696136  -  ResidentSetSize of job (KB)
...
006 (7733449.000.000) 11/15 05:25:26 Image size of job updated: 758184
	702  -  MemoryUsage of job (MB)
	718756  -  ResidentSetSize of job (KB)
...
006 (7733449.000.000) 11/15 05:32:47 Image size of job updated: 778532
	708  -  MemoryUsage of job (MB)
	724900  -  ResidentSetSize of job (KB)
...
006 (7733449.000.000) 11/15 05:39:50 Image size of job updated: 848532
	827  -  MemoryUsage of job (MB)
	845904  -  ResidentSetSize of job (KB)
...
006 (7733449.000.000) 11/15 05:51:15 Image size of job updated: 878096
	827  -  MemoryUsage of job (MB)
	845904  -  ResidentSetSize of job (KB)
...
022 (7733449.000.000) 11/15 05:54:33 Job disconnected, attempting to reconnect
    Socket between submit and execute hosts closed unexpectedly
    Trying to reconnect to slot1_30@b9g34p6522.cern.ch <128.142.33.47:9618?addrs=128.142.33.47-9618+[2001-1458-301-53--100-2c]-9618&alias=b9g34p6522.cern.ch&noUDP&sock=startd_4008_bbac>
...
023 (7733449.000.000) 11/15 05:54:33 Job reconnected to slot1_30@b9g34p6522.cern.ch
    startd address: <128.142.33.47:9618?addrs=128.142.33.47-9618+[2001-1458-301-53--100-2c]-9618&alias=b9g34p6522.cern.ch&noUDP&sock=startd_4008_bbac>
    starter address: <128.142.33.47:9618?addrs=128.142.33.47-9618+[2001-1458-301-53--100-2c]-9618&alias=b9g34p6522.cern.ch&noUDP&sock=slot1_30_2288190_9ab2_2504>
...
006 (7733449.000.000) 11/15 06:11:59 Image size of job updated: 926792
	827  -  MemoryUsage of job (MB)
	845904  -  ResidentSetSize of job (KB)
...
040 (7733449.000.000) 11/15 08:18:56 Entered queue to transfer input files
	Transferring to host: <188.185.196.147:9618?addrs=188.185.196.147-9618+[2001-1458-303-23--100-8f]-9618&alias=b9p16p3585.cern.ch&noUDP&sock=slot1_33_2818922_4f80_34856>
...
040 (7733449.000.000) 11/15 08:32:31 Started transferring input files
	Seconds spent in queue: 815
...
040 (7733449.000.000) 11/15 08:32:31 Finished transferring input files
...
001 (7733449.000.000) 11/15 08:32:32 Job executing on host: <188.185.196.147:9618?addrs=188.185.196.147-9618+[2001-1458-303-23--100-8f]-9618&alias=b9p16p3585.cern.ch&noUDP&sock=startd_5373_0273>
	SlotName: slot1_33@b9p16p3585.cern.ch
	CondorScratchDir = "/pool/condor/dir_211363"
	Cpus = 1
	Disk = 2945676
	Memory = 2000
...
006 (7733449.000.000) 11/15 12:43:20 Image size of job updated: 1003168
	977  -  MemoryUsage of job (MB)
	1000000  -  ResidentSetSize of job (KB)
...
006 (7733449.000.000) 11/15 12:48:21 Image size of job updated: 1016720
	977  -  MemoryUsage of job (MB)
	1000000  -  ResidentSetSize of job (KB)
...
006 (7733449.000.000) 11/15 12:53:21 Image size of job updated: 1031476
	977  -  MemoryUsage of job (MB)
	1000000  -  ResidentSetSize of job (KB)
...
006 (7733449.000.000) 11/15 12:58:21 Image size of job updated: 1034120
	977  -  MemoryUsage of job (MB)
	1000000  -  ResidentSetSize of job (KB)
...
006 (7733449.000.000) 11/15 13:03:22 Image size of job updated: 1051844
	977  -  MemoryUsage of job (MB)
	1000000  -  ResidentSetSize of job (KB)
...
006 (7733449.000.000) 11/15 13:08:23 Image size of job updated: 1052000
	977  -  MemoryUsage of job (MB)
	1000000  -  ResidentSetSize of job (KB)
...
006 (7733449.000.000) 11/15 13:13:23 Image size of job updated: 1061644
	1029  -  MemoryUsage of job (MB)
	1052980  -  ResidentSetSize of job (KB)
...
006 (7733449.000.000) 11/15 13:18:24 Image size of job updated: 1095940
	1031  -  MemoryUsage of job (MB)
	1055532  -  ResidentSetSize of job (KB)
...
006 (7733449.000.000) 11/15 13:33:26 Image size of job updated: 1098364
	1031  -  MemoryUsage of job (MB)
	1055532  -  ResidentSetSize of job (KB)
...
006 (7733449.000.000) 11/15 13:38:27 Image size of job updated: 1120908
	1031  -  MemoryUsage of job (MB)
	1055532  -  ResidentSetSize of job (KB)
...
006 (7733449.000.000) 11/15 14:03:28 Image size of job updated: 1128252
	1031  -  MemoryUsage of job (MB)
	1055532  -  ResidentSetSize of job (KB)
...
006 (7733449.000.000) 11/15 14:08:29 Image size of job updated: 1132092
	1031  -  MemoryUsage of job (MB)
	1055532  -  ResidentSetSize of job (KB)
...
006 (7733449.000.000) 11/15 14:13:30 Image size of job updated: 1147932
	1031  -  MemoryUsage of job (MB)
	1055532  -  ResidentSetSize of job (KB)
...
006 (7733449.000.000) 11/15 14:18:30 Image size of job updated: 1207796
	1031  -  MemoryUsage of job (MB)
	1055532  -  ResidentSetSize of job (KB)
...
006 (7733449.000.000) 11/15 14:23:31 Image size of job updated: 1209208
	1031  -  MemoryUsage of job (MB)
	1055532  -  ResidentSetSize of job (KB)
...
006 (7733449.000.000) 11/15 14:33:32 Image size of job updated: 1216816
	1031  -  MemoryUsage of job (MB)
	1055532  -  ResidentSetSize of job (KB)
...
006 (7733449.000.000) 11/15 14:38:32 Image size of job updated: 1216816
	1036  -  MemoryUsage of job (MB)
	1060680  -  ResidentSetSize of job (KB)
...
006 (7733449.000.000) 11/15 14:43:33 Image size of job updated: 1216816
	1043  -  MemoryUsage of job (MB)
	1067080  -  ResidentSetSize of job (KB)
...
006 (7733449.000.000) 11/15 14:48:33 Image size of job updated: 1219268
	1043  -  MemoryUsage of job (MB)
	1067080  -  ResidentSetSize of job (KB)
...
006 (7733449.000.000) 11/15 14:53:33 Image size of job updated: 1231992
	1043  -  MemoryUsage of job (MB)
	1067080  -  ResidentSetSize of job (KB)
...
006 (7733449.000.000) 11/15 14:58:34 Image size of job updated: 1237072
	1043  -  MemoryUsage of job (MB)
	1067080  -  ResidentSetSize of job (KB)
...
006 (7733449.000.000) 11/15 15:03:35 Image size of job updated: 1253468
	1043  -  MemoryUsage of job (MB)
	1067080  -  ResidentSetSize of job (KB)
...
006 (7733449.000.000) 11/15 15:18:37 Image size of job updated: 1261776
	1043  -  MemoryUsage of job (MB)
	1067080  -  ResidentSetSize of job (KB)
...
006 (7733449.000.000) 11/15 15:23:37 Image size of job updated: 1267480
	1084  -  MemoryUsage of job (MB)
	1109656  -  ResidentSetSize of job (KB)
...
006 (7733449.000.000) 11/15 15:28:38 Image size of job updated: 1273108
	1146  -  MemoryUsage of job (MB)
	1173416  -  ResidentSetSize of job (KB)
...
006 (7733449.000.000) 11/15 15:33:39 Image size of job updated: 1281932
	1150  -  MemoryUsage of job (MB)
	1177512  -  ResidentSetSize of job (KB)
...
006 (7733449.000.000) 11/15 15:38:39 Image size of job updated: 1301368
	1150  -  MemoryUsage of job (MB)
	1177512  -  ResidentSetSize of job (KB)
...
006 (7733449.000.000) 11/15 15:58:40 Image size of job updated: 1301368
	1249  -  MemoryUsage of job (MB)
	1278424  -  ResidentSetSize of job (KB)
...
006 (7733449.000.000) 11/15 16:03:41 Image size of job updated: 1304712
	1249  -  MemoryUsage of job (MB)
	1278424  -  ResidentSetSize of job (KB)
...
006 (7733449.000.000) 11/15 16:08:42 Image size of job updated: 1309684
	1249  -  MemoryUsage of job (MB)
	1278424  -  ResidentSetSize of job (KB)
...
006 (7733449.000.000) 11/15 16:13:42 Image size of job updated: 1317180
	1249  -  MemoryUsage of job (MB)
	1278424  -  ResidentSetSize of job (KB)
...
006 (7733449.000.000) 11/15 16:18:42 Image size of job updated: 1317180
	1280  -  MemoryUsage of job (MB)
	1310552  -  ResidentSetSize of job (KB)
...
006 (7733449.000.000) 11/15 16:23:43 Image size of job updated: 1336808
	1284  -  MemoryUsage of job (MB)
	1314648  -  ResidentSetSize of job (KB)
...
006 (7733449.000.000) 11/15 16:33:43 Image size of job updated: 1384740
	1284  -  MemoryUsage of job (MB)
	1314648  -  ResidentSetSize of job (KB)
...
006 (7733449.000.000) 11/15 16:38:45 Image size of job updated: 1386736
	1284  -  MemoryUsage of job (MB)
	1314648  -  ResidentSetSize of job (KB)
...
006 (7733449.000.000) 11/15 16:58:47 Image size of job updated: 1402064
	1284  -  MemoryUsage of job (MB)
	1314648  -  ResidentSetSize of job (KB)
...
006 (7733449.000.000) 11/15 17:08:47 Image size of job updated: 1402260
	1284  -  MemoryUsage of job (MB)
	1314648  -  ResidentSetSize of job (KB)
...
006 (7733449.000.000) 11/15 17:23:48 Image size of job updated: 1426036
	1326  -  MemoryUsage of job (MB)
	1357520  -  ResidentSetSize of job (KB)
...
006 (7733449.000.000) 11/15 17:28:49 Image size of job updated: 1426036
	1332  -  MemoryUsage of job (MB)
	1363664  -  ResidentSetSize of job (KB)
...
006 (7733449.000.000) 11/15 17:33:50 Image size of job updated: 1437868
	1332  -  MemoryUsage of job (MB)
	1363664  -  ResidentSetSize of job (KB)
...
006 (7733449.000.000) 11/15 17:38:50 Image size of job updated: 1438532
	1365  -  MemoryUsage of job (MB)
	1397224  -  ResidentSetSize of job (KB)
...
006 (7733449.000.000) 11/15 17:43:51 Image size of job updated: 1438532
	1389  -  MemoryUsage of job (MB)
	1421800  -  ResidentSetSize of job (KB)
...
006 (7733449.000.000) 11/15 17:48:52 Image size of job updated: 1444160
	1389  -  MemoryUsage of job (MB)
	1421800  -  ResidentSetSize of job (KB)
...
006 (7733449.000.000) 11/15 17:53:52 Image size of job updated: 1446424
	1389  -  MemoryUsage of job (MB)
	1421800  -  ResidentSetSize of job (KB)
...
006 (7733449.000.000) 11/15 17:58:52 Image size of job updated: 1461404
	1389  -  MemoryUsage of job (MB)
	1421800  -  ResidentSetSize of job (KB)
...
006 (7733449.000.000) 11/15 18:03:53 Image size of job updated: 1461516
	1389  -  MemoryUsage of job (MB)
	1421800  -  ResidentSetSize of job (KB)
...
006 (7733449.000.000) 11/15 18:08:54 Image size of job updated: 1480348
	1389  -  MemoryUsage of job (MB)
	1421800  -  ResidentSetSize of job (KB)
...
006 (7733449.000.000) 11/15 18:23:55 Image size of job updated: 1482784
	1389  -  MemoryUsage of job (MB)
	1421800  -  ResidentSetSize of job (KB)
...
006 (7733449.000.000) 11/15 18:28:56 Image size of job updated: 1495748
	1389  -  MemoryUsage of job (MB)
	1421800  -  ResidentSetSize of job (KB)
...
006 (7733449.000.000) 11/15 18:33:56 Image size of job updated: 1502472
	1389  -  MemoryUsage of job (MB)
	1421800  -  ResidentSetSize of job (KB)
...
006 (7733449.000.000) 11/15 18:48:58 Image size of job updated: 1507604
	1389  -  MemoryUsage of job (MB)
	1421800  -  ResidentSetSize of job (KB)
...
006 (7733449.000.000) 11/15 18:53:58 Image size of job updated: 1531648
	1389  -  MemoryUsage of job (MB)
	1421800  -  ResidentSetSize of job (KB)
...
006 (7733449.000.000) 11/15 19:09:00 Image size of job updated: 1534176
	1484  -  MemoryUsage of job (MB)
	1519072  -  ResidentSetSize of job (KB)
...
006 (7733449.000.000) 11/15 19:19:01 Image size of job updated: 1589728
	1484  -  MemoryUsage of job (MB)
	1519072  -  ResidentSetSize of job (KB)
...
006 (7733449.000.000) 11/15 19:39:03 Image size of job updated: 1589728
	1489  -  MemoryUsage of job (MB)
	1524640  -  ResidentSetSize of job (KB)
...
006 (7733449.000.000) 11/15 19:44:03 Image size of job updated: 1589728
	1495  -  MemoryUsage of job (MB)
	1530784  -  ResidentSetSize of job (KB)
...
006 (7733449.000.000) 11/15 19:54:05 Image size of job updated: 1591424
	1495  -  MemoryUsage of job (MB)
	1530784  -  ResidentSetSize of job (KB)
...
006 (7733449.000.000) 11/15 19:59:05 Image size of job updated: 1595928
	1495  -  MemoryUsage of job (MB)
	1530784  -  ResidentSetSize of job (KB)
...
006 (7733449.000.000) 11/15 20:09:07 Image size of job updated: 1596544
	1551  -  MemoryUsage of job (MB)
	1587756  -  ResidentSetSize of job (KB)
...
006 (7733449.000.000) 11/15 20:14:07 Image size of job updated: 1601996
	1556  -  MemoryUsage of job (MB)
	1592620  -  ResidentSetSize of job (KB)
...
006 (7733449.000.000) 11/15 20:19:07 Image size of job updated: 1611672
	1556  -  MemoryUsage of job (MB)
	1592620  -  ResidentSetSize of job (KB)
...
006 (7733449.000.000) 11/15 20:24:09 Image size of job updated: 1634376
	1557  -  MemoryUsage of job (MB)
	1593896  -  ResidentSetSize of job (KB)
...
006 (7733449.000.000) 11/15 20:29:09 Image size of job updated: 1634376
	1563  -  MemoryUsage of job (MB)
	1600040  -  ResidentSetSize of job (KB)
...
006 (7733449.000.000) 11/15 20:49:11 Image size of job updated: 1634960
	1563  -  MemoryUsage of job (MB)
	1600040  -  ResidentSetSize of job (KB)
...
006 (7733449.000.000) 11/15 20:54:11 Image size of job updated: 1640488
	1563  -  MemoryUsage of job (MB)
	1600068  -  ResidentSetSize of job (KB)
...
006 (7733449.000.000) 11/15 20:59:12 Image size of job updated: 1643840
	1563  -  MemoryUsage of job (MB)
	1600068  -  ResidentSetSize of job (KB)
...
006 (7733449.000.000) 11/15 21:04:12 Image size of job updated: 1648260
	1563  -  MemoryUsage of job (MB)
	1600068  -  ResidentSetSize of job (KB)
...
006 (7733449.000.000) 11/15 21:09:12 Image size of job updated: 1652576
	1564  -  MemoryUsage of job (MB)
	1601468  -  ResidentSetSize of job (KB)
...
006 (7733449.000.000) 11/15 21:14:13 Image size of job updated: 1735056
	1570  -  MemoryUsage of job (MB)
	1607612  -  ResidentSetSize of job (KB)
...
006 (7733449.000.000) 11/15 21:19:13 Image size of job updated: 1735996
	1570  -  MemoryUsage of job (MB)
	1607612  -  ResidentSetSize of job (KB)
...
006 (7733449.000.000) 11/15 22:14:19 Image size of job updated: 1735996
	1604  -  MemoryUsage of job (MB)
	1641508  -  ResidentSetSize of job (KB)
...
006 (7733449.000.000) 11/15 22:19:20 Image size of job updated: 1735996
	1610  -  MemoryUsage of job (MB)
	1647652  -  ResidentSetSize of job (KB)
...
006 (7733449.000.000) 11/15 22:34:21 Image size of job updated: 1736712
	1610  -  MemoryUsage of job (MB)
	1647652  -  ResidentSetSize of job (KB)
...
006 (7733449.000.000) 11/15 22:39:22 Image size of job updated: 1738136
	1610  -  MemoryUsage of job (MB)
	1647652  -  ResidentSetSize of job (KB)
...
006 (7733449.000.000) 11/15 22:54:24 Image size of job updated: 1741156
	1610  -  MemoryUsage of job (MB)
	1647652  -  ResidentSetSize of job (KB)
...
006 (7733449.000.000) 11/15 22:59:25 Image size of job updated: 1744912
	1610  -  MemoryUsage of job (MB)
	1647652  -  ResidentSetSize of job (KB)
...
006 (7733449.000.000) 11/15 23:04:25 Image size of job updated: 1759936
	1610  -  MemoryUsage of job (MB)
	1647652  -  ResidentSetSize of job (KB)
...
006 (7733449.000.000) 11/15 23:09:25 Image size of job updated: 1760424
	1610  -  MemoryUsage of job (MB)
	1647652  -  ResidentSetSize of job (KB)
...
006 (7733449.000.000) 11/15 23:19:26 Image size of job updated: 1764588
	1610  -  MemoryUsage of job (MB)
	1647652  -  ResidentSetSize of job (KB)
...
006 (7733449.000.000) 11/15 23:24:26 Image size of job updated: 1768260
	1610  -  MemoryUsage of job (MB)
	1647652  -  ResidentSetSize of job (KB)
...
006 (7733449.000.000) 11/15 23:29:27 Image size of job updated: 1776716
	1610  -  MemoryUsage of job (MB)
	1647652  -  ResidentSetSize of job (KB)
...
006 (7733449.000.000) 11/15 23:34:28 Image size of job updated: 1777668
	1610  -  MemoryUsage of job (MB)
	1647652  -  ResidentSetSize of job (KB)
...
006 (7733449.000.000) 11/15 23:39:28 Image size of job updated: 1798500
	1610  -  MemoryUsage of job (MB)
	1647652  -  ResidentSetSize of job (KB)
...
006 (7733449.000.000) 11/15 23:44:29 Image size of job updated: 1798932
	1610  -  MemoryUsage of job (MB)
	1647652  -  ResidentSetSize of job (KB)
...
006 (7733449.000.000) 11/15 23:49:30 Image size of job updated: 1798932
	1661  -  MemoryUsage of job (MB)
	1700340  -  ResidentSetSize of job (KB)
...
006 (7733449.000.000) 11/15 23:54:30 Image size of job updated: 1798932
	1667  -  MemoryUsage of job (MB)
	1706484  -  ResidentSetSize of job (KB)
...
006 (7733449.000.000) 11/16 00:04:31 Image size of job updated: 1801636
	1667  -  MemoryUsage of job (MB)
	1706484  -  ResidentSetSize of job (KB)
...
006 (7733449.000.000) 11/16 00:09:31 Image size of job updated: 1808800
	1667  -  MemoryUsage of job (MB)
	1706484  -  ResidentSetSize of job (KB)
...
006 (7733449.000.000) 11/16 00:14:31 Image size of job updated: 1816624
	1667  -  MemoryUsage of job (MB)
	1706484  -  ResidentSetSize of job (KB)
...
006 (7733449.000.000) 11/16 00:19:32 Image size of job updated: 1820696
	1667  -  MemoryUsage of job (MB)
	1706484  -  ResidentSetSize of job (KB)
...
006 (7733449.000.000) 11/16 00:24:33 Image size of job updated: 1824660
	1667  -  MemoryUsage of job (MB)
	1706484  -  ResidentSetSize of job (KB)
...
006 (7733449.000.000) 11/16 00:29:33 Image size of job updated: 1824772
	1667  -  MemoryUsage of job (MB)
	1706484  -  ResidentSetSize of job (KB)
...
006 (7733449.000.000) 11/16 00:34:34 Image size of job updated: 1832948
	1667  -  MemoryUsage of job (MB)
	1706484  -  ResidentSetSize of job (KB)
...
006 (7733449.000.000) 11/16 00:39:35 Image size of job updated: 1840996
	1667  -  MemoryUsage of job (MB)
	1706484  -  ResidentSetSize of job (KB)
...
006 (7733449.000.000) 11/16 00:44:35 Image size of job updated: 1841748
	1667  -  MemoryUsage of job (MB)
	1706484  -  ResidentSetSize of job (KB)
...
006 (7733449.000.000) 11/16 00:49:35 Image size of job updated: 1844236
	1667  -  MemoryUsage of job (MB)
	1706484  -  ResidentSetSize of job (KB)
...
006 (7733449.000.000) 11/16 00:54:36 Image size of job updated: 1849992
	1667  -  MemoryUsage of job (MB)
	1706484  -  ResidentSetSize of job (KB)
...
006 (7733449.000.000) 11/16 00:59:36 Image size of job updated: 1854192
	1667  -  MemoryUsage of job (MB)
	1706484  -  ResidentSetSize of job (KB)
...
006 (7733449.000.000) 11/16 01:04:36 Image size of job updated: 1859040
	1667  -  MemoryUsage of job (MB)
	1706484  -  ResidentSetSize of job (KB)
...
006 (7733449.000.000) 11/16 01:09:37 Image size of job updated: 1863448
	1667  -  MemoryUsage of job (MB)
	1706484  -  ResidentSetSize of job (KB)
...
006 (7733449.000.000) 11/16 01:14:38 Image size of job updated: 1868040
	1667  -  MemoryUsage of job (MB)
	1706484  -  ResidentSetSize of job (KB)
...
006 (7733449.000.000) 11/16 01:19:38 Image size of job updated: 1872400
	1667  -  MemoryUsage of job (MB)
	1706484  -  ResidentSetSize of job (KB)
...
006 (7733449.000.000) 11/16 01:24:39 Image size of job updated: 1877648
	1667  -  MemoryUsage of job (MB)
	1706484  -  ResidentSetSize of job (KB)
...
006 (7733449.000.000) 11/16 01:29:40 Image size of job updated: 1882708
	1667  -  MemoryUsage of job (MB)
	1706484  -  ResidentSetSize of job (KB)
...
006 (7733449.000.000) 11/16 01:34:40 Image size of job updated: 1888108
	1667  -  MemoryUsage of job (MB)
	1706484  -  ResidentSetSize of job (KB)
...
006 (7733449.000.000) 11/16 01:39:40 Image size of job updated: 1900484
	1667  -  MemoryUsage of job (MB)
	1706484  -  ResidentSetSize of job (KB)
...
006 (7733449.000.000) 11/16 01:49:41 Image size of job updated: 1909508
	1667  -  MemoryUsage of job (MB)
	1706484  -  ResidentSetSize of job (KB)
...
006 (7733449.000.000) 11/16 01:54:41 Image size of job updated: 1909876
	1667  -  MemoryUsage of job (MB)
	1706484  -  ResidentSetSize of job (KB)
...
006 (7733449.000.000) 11/16 01:59:43 Image size of job updated: 1910180
	1667  -  MemoryUsage of job (MB)
	1706484  -  ResidentSetSize of job (KB)
...
006 (7733449.000.000) 11/16 02:04:43 Image size of job updated: 1910180
	1701  -  MemoryUsage of job (MB)
	1741736  -  ResidentSetSize of job (KB)
...
006 (7733449.000.000) 11/16 02:09:43 Image size of job updated: 1929688
	1858  -  MemoryUsage of job (MB)
	1902372  -  ResidentSetSize of job (KB)
...
006 (7733449.000.000) 11/16 02:14:44 Image size of job updated: 1929688
	1864  -  MemoryUsage of job (MB)
	1908516  -  ResidentSetSize of job (KB)
...
006 (7733449.000.000) 11/16 02:29:45 Image size of job updated: 1951696
	1864  -  MemoryUsage of job (MB)
	1908516  -  ResidentSetSize of job (KB)
...
006 (7733449.000.000) 11/16 02:39:47 Image size of job updated: 1952248
	1864  -  MemoryUsage of job (MB)
	1908516  -  ResidentSetSize of job (KB)
...
006 (7733449.000.000) 11/16 02:44:47 Image size of job updated: 1955620
	1864  -  MemoryUsage of job (MB)
	1908516  -  ResidentSetSize of job (KB)
...
006 (7733449.000.000) 11/16 02:49:48 Image size of job updated: 1957180
	1864  -  MemoryUsage of job (MB)
	1908516  -  ResidentSetSize of job (KB)
...
006 (7733449.000.000) 11/16 02:54:50 Image size of job updated: 1957484
	1864  -  MemoryUsage of job (MB)
	1908516  -  ResidentSetSize of job (KB)
...
006 (7733449.000.000) 11/16 02:59:50 Image size of job updated: 1964336
	1864  -  MemoryUsage of job (MB)
	1908516  -  ResidentSetSize of job (KB)
...
006 (7733449.000.000) 11/16 03:04:50 Image size of job updated: 1966768
	1864  -  MemoryUsage of job (MB)
	1908516  -  ResidentSetSize of job (KB)
...
006 (7733449.000.000) 11/16 03:09:51 Image size of job updated: 1972096
	1864  -  MemoryUsage of job (MB)
	1908516  -  ResidentSetSize of job (KB)
...
006 (7733449.000.000) 11/16 03:14:52 Image size of job updated: 1979812
	1864  -  MemoryUsage of job (MB)
	1908516  -  ResidentSetSize of job (KB)
...
006 (7733449.000.000) 11/16 03:19:52 Image size of job updated: 2006852
	1864  -  MemoryUsage of job (MB)
	1908516  -  ResidentSetSize of job (KB)
...
006 (7733449.000.000) 11/16 03:24:53 Image size of job updated: 2008912
	1864  -  MemoryUsage of job (MB)
	1908516  -  ResidentSetSize of job (KB)
...
006 (7733449.000.000) 11/16 03:39:54 Image size of job updated: 2008912
	1911  -  MemoryUsage of job (MB)
	1956592  -  ResidentSetSize of job (KB)
...
006 (7733449.000.000) 11/16 03:44:55 Image size of job updated: 2008912
	1915  -  MemoryUsage of job (MB)
	1960688  -  ResidentSetSize of job (KB)
...
006 (7733449.000.000) 11/16 03:54:55 Image size of job updated: 2009028
	1915  -  MemoryUsage of job (MB)
	1960688  -  ResidentSetSize of job (KB)
...
006 (7733449.000.000) 11/16 03:59:56 Image size of job updated: 2013540
	1915  -  MemoryUsage of job (MB)
	1960688  -  ResidentSetSize of job (KB)
...
006 (7733449.000.000) 11/16 04:04:57 Image size of job updated: 2024264
	1915  -  MemoryUsage of job (MB)
	1960688  -  ResidentSetSize of job (KB)
...
006 (7733449.000.000) 11/16 04:09:57 Image size of job updated: 2025172
	1915  -  MemoryUsage of job (MB)
	1960688  -  ResidentSetSize of job (KB)
...
006 (7733449.000.000) 11/16 04:24:59 Image size of job updated: 2028360
	1915  -  MemoryUsage of job (MB)
	1960688  -  ResidentSetSize of job (KB)
...
006 (7733449.000.000) 11/16 04:29:59 Image size of job updated: 2031804
	1915  -  MemoryUsage of job (MB)
	1960688  -  ResidentSetSize of job (KB)
...
006 (7733449.000.000) 11/16 04:35:00 Image size of job updated: 2102296
	1915  -  MemoryUsage of job (MB)
	1960688  -  ResidentSetSize of job (KB)
...
006 (7733449.000.000) 11/16 04:40:00 Image size of job updated: 2103328
	1915  -  MemoryUsage of job (MB)
	1960688  -  ResidentSetSize of job (KB)
...
006 (7733449.000.000) 11/16 05:10:02 Image size of job updated: 2103328
	1999  -  MemoryUsage of job (MB)
	2046464  -  ResidentSetSize of job (KB)
...
006 (7733449.000.000) 11/16 05:15:03 Image size of job updated: 2103328
	2005  -  MemoryUsage of job (MB)
	2052608  -  ResidentSetSize of job (KB)
...
006 (7733449.000.000) 11/16 06:05:08 Image size of job updated: 2109508
	2005  -  MemoryUsage of job (MB)
	2052608  -  ResidentSetSize of job (KB)
...
006 (7733449.000.000) 11/16 06:15:09 Image size of job updated: 2111904
	2005  -  MemoryUsage of job (MB)
	2052608  -  ResidentSetSize of job (KB)
...
006 (7733449.000.000) 11/16 06:20:09 Image size of job updated: 2115416
	2005  -  MemoryUsage of job (MB)
	2052608  -  ResidentSetSize of job (KB)
...
006 (7733449.000.000) 11/16 06:25:09 Image size of job updated: 2115784
	2005  -  MemoryUsage of job (MB)
	2052608  -  ResidentSetSize of job (KB)
...
006 (7733449.000.000) 11/16 06:30:10 Image size of job updated: 2119644
	2005  -  MemoryUsage of job (MB)
	2052608  -  ResidentSetSize of job (KB)
...
006 (7733449.000.000) 11/16 06:35:11 Image size of job updated: 2123788
	2005  -  MemoryUsage of job (MB)
	2052608  -  ResidentSetSize of job (KB)
...
006 (7733449.000.000) 11/16 06:40:12 Image size of job updated: 2127960
	2005  -  MemoryUsage of job (MB)
	2052608  -  ResidentSetSize of job (KB)
...
006 (7733449.000.000) 11/16 06:45:13 Image size of job updated: 2148516
	2005  -  MemoryUsage of job (MB)
	2052608  -  ResidentSetSize of job (KB)
...
006 (7733449.000.000) 11/16 06:50:13 Image size of job updated: 2148516
	2056  -  MemoryUsage of job (MB)
	2105032  -  ResidentSetSize of job (KB)
...
006 (7733449.000.000) 11/16 06:55:13 Image size of job updated: 2148516
	2060  -  MemoryUsage of job (MB)
	2109128  -  ResidentSetSize of job (KB)
...
006 (7733449.000.000) 11/16 07:05:14 Image size of job updated: 2152340
	2060  -  MemoryUsage of job (MB)
	2109128  -  ResidentSetSize of job (KB)
...
006 (7733449.000.000) 11/16 07:10:14 Image size of job updated: 2165328
	2060  -  MemoryUsage of job (MB)
	2109128  -  ResidentSetSize of job (KB)
...
006 (7733449.000.000) 11/16 07:15:15 Image size of job updated: 2166616
	2060  -  MemoryUsage of job (MB)
	2109128  -  ResidentSetSize of job (KB)
...
006 (7733449.000.000) 11/16 07:30:16 Image size of job updated: 2167336
	2060  -  MemoryUsage of job (MB)
	2109128  -  ResidentSetSize of job (KB)
...
006 (7733449.000.000) 11/16 07:35:17 Image size of job updated: 2176124
	2060  -  MemoryUsage of job (MB)
	2109128  -  ResidentSetSize of job (KB)
...
006 (7733449.000.000) 11/16 07:40:18 Image size of job updated: 2185788
	2060  -  MemoryUsage of job (MB)
	2109128  -  ResidentSetSize of job (KB)
...
006 (7733449.000.000) 11/16 08:00:20 Image size of job updated: 2189152
	2060  -  MemoryUsage of job (MB)
	2109128  -  ResidentSetSize of job (KB)
...
006 (7733449.000.000) 11/16 08:05:20 Image size of job updated: 2193208
	2094  -  MemoryUsage of job (MB)
	2144076  -  ResidentSetSize of job (KB)
...
006 (7733449.000.000) 11/16 08:10:21 Image size of job updated: 2207604
	2098  -  MemoryUsage of job (MB)
	2148172  -  ResidentSetSize of job (KB)
...
006 (7733449.000.000) 11/16 08:15:21 Image size of job updated: 2208368
	2098  -  MemoryUsage of job (MB)
	2148172  -  ResidentSetSize of job (KB)
...
006 (7733449.000.000) 11/16 08:30:22 Image size of job updated: 2221268
	2098  -  MemoryUsage of job (MB)
	2148172  -  ResidentSetSize of job (KB)
...
006 (7733449.000.000) 11/16 08:35:22 Image size of job updated: 2222084
	2098  -  MemoryUsage of job (MB)
	2148172  -  ResidentSetSize of job (KB)
...
006 (7733449.000.000) 11/16 08:55:25 Image size of job updated: 2225104
	2098  -  MemoryUsage of job (MB)
	2148172  -  ResidentSetSize of job (KB)
...
006 (7733449.000.000) 11/16 09:00:26 Image size of job updated: 2228312
	2098  -  MemoryUsage of job (MB)
	2148172  -  ResidentSetSize of job (KB)
...
006 (7733449.000.000) 11/16 09:05:26 Image size of job updated: 2248432
	2098  -  MemoryUsage of job (MB)
	2148172  -  ResidentSetSize of job (KB)
...
006 (7733449.000.000) 11/16 09:10:26 Image size of job updated: 2248744
	2098  -  MemoryUsage of job (MB)
	2148172  -  ResidentSetSize of job (KB)
...
006 (7733449.000.000) 11/16 09:30:28 Image size of job updated: 2261784
	2098  -  MemoryUsage of job (MB)
	2148172  -  ResidentSetSize of job (KB)
...
006 (7733449.000.000) 11/16 09:35:29 Image size of job updated: 2262272
	2098  -  MemoryUsage of job (MB)
	2148172  -  ResidentSetSize of job (KB)
...
006 (7733449.000.000) 11/16 09:45:30 Image size of job updated: 2264204
	2098  -  MemoryUsage of job (MB)
	2148172  -  ResidentSetSize of job (KB)
...
006 (7733449.000.000) 11/16 09:50:31 Image size of job updated: 2273924
	2098  -  MemoryUsage of job (MB)
	2148172  -  ResidentSetSize of job (KB)
...
006 (7733449.000.000) 11/16 09:55:31 Image size of job updated: 2274280
	2184  -  MemoryUsage of job (MB)
	2235408  -  ResidentSetSize of job (KB)
...
006 (7733449.000.000) 11/16 10:10:32 Image size of job updated: 2274280
	2215  -  MemoryUsage of job (MB)
	2267164  -  ResidentSetSize of job (KB)
...
006 (7733449.000.000) 11/16 10:15:32 Image size of job updated: 2274280
	2215  -  MemoryUsage of job (MB)
	2267168  -  ResidentSetSize of job (KB)
...
006 (7733449.000.000) 11/16 10:20:33 Image size of job updated: 2286276
	2215  -  MemoryUsage of job (MB)
	2267168  -  ResidentSetSize of job (KB)
...
006 (7733449.000.000) 11/16 10:55:37 Image size of job updated: 2296440
	2215  -  MemoryUsage of job (MB)
	2267168  -  ResidentSetSize of job (KB)
...
006 (7733449.000.000) 11/16 11:00:38 Image size of job updated: 2298808
	2215  -  MemoryUsage of job (MB)
	2267168  -  ResidentSetSize of job (KB)
...
006 (7733449.000.000) 11/16 11:08:38 Image size of job updated: 2299700
	2215  -  MemoryUsage of job (MB)
	2267168  -  ResidentSetSize of job (KB)
...
006 (7733449.000.000) 11/16 11:17:40 Image size of job updated: 2330088
	2215  -  MemoryUsage of job (MB)
	2267168  -  ResidentSetSize of job (KB)
...
006 (7733449.000.000) 11/16 14:20:11 Image size of job updated: 2345700
	2215  -  MemoryUsage of job (MB)
	2267168  -  ResidentSetSize of job (KB)
...
006 (7733449.000.000) 11/16 14:25:11 Image size of job updated: 2346868
	2215  -  MemoryUsage of job (MB)
	2267168  -  ResidentSetSize of job (KB)
...
006 (7733449.000.000) 11/16 15:20:16 Image size of job updated: 2347404
	2215  -  MemoryUsage of job (MB)
	2267168  -  ResidentSetSize of job (KB)
...
006 (7733449.000.000) 11/16 15:25:17 Image size of job updated: 2431288
	2215  -  MemoryUsage of job (MB)
	2267168  -  ResidentSetSize of job (KB)
...
006 (7733449.000.000) 11/16 18:02:55 Image size of job updated: 2431288
	2328  -  MemoryUsage of job (MB)
	2383824  -  ResidentSetSize of job (KB)
...
006 (7733449.000.000) 11/16 18:37:59 Image size of job updated: 2434280
	2328  -  MemoryUsage of job (MB)
	2383824  -  ResidentSetSize of job (KB)
...
006 (7733449.000.000) 11/16 18:42:59 Image size of job updated: 2434908
	2328  -  MemoryUsage of job (MB)
	2383824  -  ResidentSetSize of job (KB)
...
006 (7733449.000.000) 11/16 18:47:59 Image size of job updated: 2437616
	2328  -  MemoryUsage of job (MB)
	2383824  -  ResidentSetSize of job (KB)
...
006 (7733449.000.000) 11/16 18:53:00 Image size of job updated: 2440332
	2348  -  MemoryUsage of job (MB)
	2403592  -  ResidentSetSize of job (KB)
...
006 (7733449.000.000) 11/16 18:58:00 Image size of job updated: 2461488
	2354  -  MemoryUsage of job (MB)
	2409736  -  ResidentSetSize of job (KB)
...
006 (7733449.000.000) 11/16 19:23:03 Image size of job updated: 2463220
	2354  -  MemoryUsage of job (MB)
	2409736  -  ResidentSetSize of job (KB)
...
006 (7733449.000.000) 11/16 19:33:04 Image size of job updated: 2466328
	2354  -  MemoryUsage of job (MB)
	2409736  -  ResidentSetSize of job (KB)
...
006 (7733449.000.000) 11/16 19:43:05 Image size of job updated: 2467876
	2354  -  MemoryUsage of job (MB)
	2409736  -  ResidentSetSize of job (KB)
...
006 (7733449.000.000) 11/16 19:48:05 Image size of job updated: 2471228
	2354  -  MemoryUsage of job (MB)
	2409736  -  ResidentSetSize of job (KB)
...
006 (7733449.000.000) 11/16 19:53:05 Image size of job updated: 2473708
	2387  -  MemoryUsage of job (MB)
	2443580  -  ResidentSetSize of job (KB)
...
006 (7733449.000.000) 11/16 19:58:07 Image size of job updated: 2473776
	2393  -  MemoryUsage of job (MB)
	2449724  -  ResidentSetSize of job (KB)
...
006 (7733449.000.000) 11/16 20:08:07 Image size of job updated: 2481848
	2393  -  MemoryUsage of job (MB)
	2449724  -  ResidentSetSize of job (KB)
...
006 (7733449.000.000) 11/16 20:18:09 Image size of job updated: 2500464
	2393  -  MemoryUsage of job (MB)
	2449724  -  ResidentSetSize of job (KB)
...
006 (7733449.000.000) 11/16 20:23:09 Image size of job updated: 2501060
	2393  -  MemoryUsage of job (MB)
	2449724  -  ResidentSetSize of job (KB)
...
006 (7733449.000.000) 11/16 20:53:12 Image size of job updated: 2508600
	2393  -  MemoryUsage of job (MB)
	2449724  -  ResidentSetSize of job (KB)
...
006 (7733449.000.000) 11/16 20:58:12 Image size of job updated: 2508740
	2393  -  MemoryUsage of job (MB)
	2449736  -  ResidentSetSize of job (KB)
...
006 (7733449.000.000) 11/16 21:03:14 Image size of job updated: 2508740
	2399  -  MemoryUsage of job (MB)
	2455880  -  ResidentSetSize of job (KB)
...
006 (7733449.000.000) 11/16 21:08:14 Image size of job updated: 2530024
	2399  -  MemoryUsage of job (MB)
	2455880  -  ResidentSetSize of job (KB)
...
006 (7733449.000.000) 11/16 21:13:14 Image size of job updated: 2530892
	2399  -  MemoryUsage of job (MB)
	2455880  -  ResidentSetSize of job (KB)
...
006 (7733449.000.000) 11/16 21:23:16 Image size of job updated: 2530892
	2413  -  MemoryUsage of job (MB)
	2470656  -  ResidentSetSize of job (KB)
...
006 (7733449.000.000) 11/16 21:28:16 Image size of job updated: 2530892
	2417  -  MemoryUsage of job (MB)
	2474752  -  ResidentSetSize of job (KB)
...
006 (7733449.000.000) 11/16 21:48:18 Image size of job updated: 2531568
	2417  -  MemoryUsage of job (MB)
	2474752  -  ResidentSetSize of job (KB)
...
006 (7733449.000.000) 11/16 21:53:19 Image size of job updated: 2534116
	2417  -  MemoryUsage of job (MB)
	2474752  -  ResidentSetSize of job (KB)
...
006 (7733449.000.000) 11/16 22:03:19 Image size of job updated: 2548612
	2417  -  MemoryUsage of job (MB)
	2474752  -  ResidentSetSize of job (KB)
...
006 (7733449.000.000) 11/16 22:18:21 Image size of job updated: 2554088
	2417  -  MemoryUsage of job (MB)
	2474752  -  ResidentSetSize of job (KB)
...
006 (7733449.000.000) 11/16 22:23:22 Image size of job updated: 2554580
	2417  -  MemoryUsage of job (MB)
	2474752  -  ResidentSetSize of job (KB)
...
006 (7733449.000.000) 11/16 22:38:23 Image size of job updated: 2554580
	2482  -  MemoryUsage of job (MB)
	2540820  -  ResidentSetSize of job (KB)
...
006 (7733449.000.000) 11/16 22:43:24 Image size of job updated: 2554580
	2490  -  MemoryUsage of job (MB)
	2549012  -  ResidentSetSize of job (KB)
...
006 (7733449.000.000) 11/16 22:48:24 Image size of job updated: 2575984
	2490  -  MemoryUsage of job (MB)
	2549012  -  ResidentSetSize of job (KB)
...
006 (7733449.000.000) 11/16 22:53:24 Image size of job updated: 2576732
	2490  -  MemoryUsage of job (MB)
	2549012  -  ResidentSetSize of job (KB)
...
006 (7733449.000.000) 11/16 23:33:29 Image size of job updated: 2577488
	2490  -  MemoryUsage of job (MB)
	2549012  -  ResidentSetSize of job (KB)
...
006 (7733449.000.000) 11/16 23:43:31 Image size of job updated: 2595264
	2490  -  MemoryUsage of job (MB)
	2549012  -  ResidentSetSize of job (KB)
...
006 (7733449.000.000) 11/16 23:48:32 Image size of job updated: 2596244
	2490  -  MemoryUsage of job (MB)
	2549012  -  ResidentSetSize of job (KB)
...
006 (7733449.000.000) 11/17 00:23:36 Image size of job updated: 2597216
	2490  -  MemoryUsage of job (MB)
	2549012  -  ResidentSetSize of job (KB)
...
006 (7733449.000.000) 11/17 00:28:37 Image size of job updated: 2611408
	2490  -  MemoryUsage of job (MB)
	2549012  -  ResidentSetSize of job (KB)
...
006 (7733449.000.000) 11/17 00:33:38 Image size of job updated: 2613168
	2490  -  MemoryUsage of job (MB)
	2549012  -  ResidentSetSize of job (KB)
...
006 (7733449.000.000) 11/17 00:38:38 Image size of job updated: 2613428
	2490  -  MemoryUsage of job (MB)
	2549012  -  ResidentSetSize of job (KB)
...
006 (7733449.000.000) 11/17 00:48:39 Image size of job updated: 2613428
	2538  -  MemoryUsage of job (MB)
	2598772  -  ResidentSetSize of job (KB)
...
006 (7733449.000.000) 11/17 00:53:40 Image size of job updated: 2613428
	2542  -  MemoryUsage of job (MB)
	2602868  -  ResidentSetSize of job (KB)
...
006 (7733449.000.000) 11/17 00:58:40 Image size of job updated: 2615740
	2542  -  MemoryUsage of job (MB)
	2602868  -  ResidentSetSize of job (KB)
...
006 (7733449.000.000) 11/17 01:03:41 Image size of job updated: 2629820
	2542  -  MemoryUsage of job (MB)
	2602868  -  ResidentSetSize of job (KB)
...
006 (7733449.000.000) 11/17 01:13:42 Image size of job updated: 2631836
	2542  -  MemoryUsage of job (MB)
	2602868  -  ResidentSetSize of job (KB)
...
006 (7733449.000.000) 11/17 01:18:42 Image size of job updated: 2632180
	2542  -  MemoryUsage of job (MB)
	2602868  -  ResidentSetSize of job (KB)
...
006 (7733449.000.000) 11/17 01:33:43 Image size of job updated: 2633324
	2542  -  MemoryUsage of job (MB)
	2602868  -  ResidentSetSize of job (KB)
...
006 (7733449.000.000) 11/17 02:18:48 Image size of job updated: 2633460
	2542  -  MemoryUsage of job (MB)
	2602868  -  ResidentSetSize of job (KB)
...
006 (7733449.000.000) 11/17 02:23:49 Image size of job updated: 2636344
	2542  -  MemoryUsage of job (MB)
	2602868  -  ResidentSetSize of job (KB)
...
006 (7733449.000.000) 11/17 02:28:49 Image size of job updated: 2636656
	2542  -  MemoryUsage of job (MB)
	2602868  -  ResidentSetSize of job (KB)
...
006 (7733449.000.000) 11/17 02:33:49 Image size of job updated: 2641912
	2542  -  MemoryUsage of job (MB)
	2602868  -  ResidentSetSize of job (KB)
...
006 (7733449.000.000) 11/17 02:43:50 Image size of job updated: 2666464
	2542  -  MemoryUsage of job (MB)
	2602868  -  ResidentSetSize of job (KB)
...
006 (7733449.000.000) 11/17 02:48:50 Image size of job updated: 2666776
	2542  -  MemoryUsage of job (MB)
	2602868  -  ResidentSetSize of job (KB)
...
006 (7733449.000.000) 11/17 02:53:51 Image size of job updated: 2666776
	2571  -  MemoryUsage of job (MB)
	2632592  -  ResidentSetSize of job (KB)
...
006 (7733449.000.000) 11/17 03:33:55 Image size of job updated: 2682668
	2571  -  MemoryUsage of job (MB)
	2632592  -  ResidentSetSize of job (KB)
...
006 (7733449.000.000) 11/17 04:03:58 Image size of job updated: 2683372
	2571  -  MemoryUsage of job (MB)
	2632592  -  ResidentSetSize of job (KB)
...
006 (7733449.000.000) 11/17 04:13:59 Image size of job updated: 2689292
	2571  -  MemoryUsage of job (MB)
	2632592  -  ResidentSetSize of job (KB)
...
006 (7733449.000.000) 11/17 04:19:00 Image size of job updated: 2693660
	2571  -  MemoryUsage of job (MB)
	2632592  -  ResidentSetSize of job (KB)
...
006 (7733449.000.000) 11/17 04:24:00 Image size of job updated: 2702636
	2571  -  MemoryUsage of job (MB)
	2632592  -  ResidentSetSize of job (KB)
...
006 (7733449.000.000) 11/17 04:29:01 Image size of job updated: 2703220
	2571  -  MemoryUsage of job (MB)
	2632592  -  ResidentSetSize of job (KB)
...
006 (7733449.000.000) 11/17 04:54:03 Image size of job updated: 2703220
	2613  -  MemoryUsage of job (MB)
	2674844  -  ResidentSetSize of job (KB)
...
006 (7733449.000.000) 11/17 04:59:03 Image size of job updated: 2705084
	2621  -  MemoryUsage of job (MB)
	2683036  -  ResidentSetSize of job (KB)
...
006 (7733449.000.000) 11/17 05:04:04 Image size of job updated: 2711008
	2621  -  MemoryUsage of job (MB)
	2683036  -  ResidentSetSize of job (KB)
...
006 (7733449.000.000) 11/17 05:19:05 Image size of job updated: 2712676
	2621  -  MemoryUsage of job (MB)
	2683036  -  ResidentSetSize of job (KB)
...
006 (7733449.000.000) 11/17 05:24:06 Image size of job updated: 2715060
	2621  -  MemoryUsage of job (MB)
	2683036  -  ResidentSetSize of job (KB)
...
006 (7733449.000.000) 11/17 05:29:06 Image size of job updated: 2717156
	2621  -  MemoryUsage of job (MB)
	2683036  -  ResidentSetSize of job (KB)
...
006 (7733449.000.000) 11/17 05:34:06 Image size of job updated: 2721748
	2621  -  MemoryUsage of job (MB)
	2683036  -  ResidentSetSize of job (KB)
...
006 (7733449.000.000) 11/17 05:39:07 Image size of job updated: 2725692
	2621  -  MemoryUsage of job (MB)
	2683036  -  ResidentSetSize of job (KB)
...
006 (7733449.000.000) 11/17 05:44:08 Image size of job updated: 2725844
	2621  -  MemoryUsage of job (MB)
	2683036  -  ResidentSetSize of job (KB)
...
006 (7733449.000.000) 11/17 05:49:08 Image size of job updated: 2729580
	2621  -  MemoryUsage of job (MB)
	2683036  -  ResidentSetSize of job (KB)
...
006 (7733449.000.000) 11/17 05:54:09 Image size of job updated: 2729824
	2621  -  MemoryUsage of job (MB)
	2683036  -  ResidentSetSize of job (KB)
...
006 (7733449.000.000) 11/17 05:59:10 Image size of job updated: 2730456
	2621  -  MemoryUsage of job (MB)
	2683036  -  ResidentSetSize of job (KB)
...
022 (7733449.000.000) 11/17 06:20:18 Job disconnected, attempting to reconnect
    Socket between submit and execute hosts closed unexpectedly
    Trying to reconnect to slot1_33@b9p16p3585.cern.ch <188.185.196.147:9618?addrs=188.185.196.147-9618+[2001-1458-303-23--100-8f]-9618&alias=b9p16p3585.cern.ch&noUDP&sock=startd_5373_0273>
...
024 (7733449.000.000) 11/17 07:50:18 Job reconnection failed
    Job disconnected too long: JobLeaseDuration (5400 seconds) expired
    Can not reconnect to slot1_33@b9p16p3585.cern.ch, rescheduling job
...
040 (7733449.000.000) 11/17 07:51:37 Started transferring input files
	Seconds spent in queue: 171161
...
040 (7733449.000.000) 11/17 07:51:37 Finished transferring input files
...
001 (7733449.000.000) 11/17 07:51:38 Job executing on host: <188.185.193.139:9618?addrs=188.185.193.139-9618+[2001-1458-303-20--100-87]-9618&alias=b9p19p7149.cern.ch&noUDP&sock=startd_164005_5dfb>
	SlotName: slot1_23@b9p19p7149.cern.ch
	CondorScratchDir = "/pool/condor/dir_3288795"
	Cpus = 1
	Disk = 2939938
	Memory = 2000
...
006 (7733449.000.000) 11/19 11:43:29 Image size of job updated: 2755092
	2686  -  MemoryUsage of job (MB)
	2750000  -  ResidentSetSize of job (KB)
...
006 (7733449.000.000) 11/19 12:28:33 Image size of job updated: 2759644
	2686  -  MemoryUsage of job (MB)
	2750000  -  ResidentSetSize of job (KB)
...
006 (7733449.000.000) 11/19 12:38:34 Image size of job updated: 2760128
	2686  -  MemoryUsage of job (MB)
	2750000  -  ResidentSetSize of job (KB)
...
006 (7733449.000.000) 11/19 12:43:34 Image size of job updated: 2802644
	2686  -  MemoryUsage of job (MB)
	2750000  -  ResidentSetSize of job (KB)
...
006 (7733449.000.000) 11/19 14:28:45 Image size of job updated: 2803380
	2686  -  MemoryUsage of job (MB)
	2750000  -  ResidentSetSize of job (KB)
...
006 (7733449.000.000) 11/19 14:33:46 Image size of job updated: 2804564
	2686  -  MemoryUsage of job (MB)
	2750000  -  ResidentSetSize of job (KB)
...
006 (7733449.000.000) 11/19 14:38:46 Image size of job updated: 2808436
	2686  -  MemoryUsage of job (MB)
	2750000  -  ResidentSetSize of job (KB)
...
006 (7733449.000.000) 11/19 14:43:47 Image size of job updated: 2822300
	2686  -  MemoryUsage of job (MB)
	2750000  -  ResidentSetSize of job (KB)
...
006 (7733449.000.000) 11/19 14:48:48 Image size of job updated: 2823356
	2686  -  MemoryUsage of job (MB)
	2750000  -  ResidentSetSize of job (KB)
...
006 (7733449.000.000) 11/19 20:59:33 Image size of job updated: 2823688
	2686  -  MemoryUsage of job (MB)
	2750000  -  ResidentSetSize of job (KB)
...
006 (7733449.000.000) 11/19 21:24:35 Image size of job updated: 2830488
	2686  -  MemoryUsage of job (MB)
	2750000  -  ResidentSetSize of job (KB)
...
006 (7733449.000.000) 11/19 21:29:36 Image size of job updated: 2842232
	2686  -  MemoryUsage of job (MB)
	2750000  -  ResidentSetSize of job (KB)
...
006 (7733449.000.000) 11/19 21:34:36 Image size of job updated: 2842916
	2686  -  MemoryUsage of job (MB)
	2750000  -  ResidentSetSize of job (KB)
...
006 (7733449.000.000) 11/19 21:39:37 Image size of job updated: 2859616
	2734  -  MemoryUsage of job (MB)
	2798860  -  ResidentSetSize of job (KB)
...
006 (7733449.000.000) 11/19 22:44:44 Image size of job updated: 2883596
	2734  -  MemoryUsage of job (MB)
	2798860  -  ResidentSetSize of job (KB)
...
006 (7733449.000.000) 11/19 23:39:49 Image size of job updated: 2883596
	2801  -  MemoryUsage of job (MB)
	2867932  -  ResidentSetSize of job (KB)
...
006 (7733449.000.000) 11/19 23:44:49 Image size of job updated: 2883596
	2803  -  MemoryUsage of job (MB)
	2869980  -  ResidentSetSize of job (KB)
...
006 (7733449.000.000) 11/20 00:19:53 Image size of job updated: 2913160
	2803  -  MemoryUsage of job (MB)
	2869980  -  ResidentSetSize of job (KB)
...
006 (7733449.000.000) 11/20 00:24:53 Image size of job updated: 2914508
	2803  -  MemoryUsage of job (MB)
	2869980  -  ResidentSetSize of job (KB)
...
006 (7733449.000.000) 11/20 00:29:53 Image size of job updated: 2915280
	2803  -  MemoryUsage of job (MB)
	2869980  -  ResidentSetSize of job (KB)
...
006 (7733449.000.000) 11/20 02:00:03 Image size of job updated: 2925420
	2803  -  MemoryUsage of job (MB)
	2869980  -  ResidentSetSize of job (KB)
...
006 (7733449.000.000) 11/20 02:30:06 Image size of job updated: 2926384
	2803  -  MemoryUsage of job (MB)
	2869980  -  ResidentSetSize of job (KB)
...
006 (7733449.000.000) 11/20 02:35:06 Image size of job updated: 2926560
	2803  -  MemoryUsage of job (MB)
	2869980  -  ResidentSetSize of job (KB)
...
006 (7733449.000.000) 11/20 02:40:06 Image size of job updated: 2955640
	2803  -  MemoryUsage of job (MB)
	2869980  -  ResidentSetSize of job (KB)
...
006 (7733449.000.000) 11/20 02:45:07 Image size of job updated: 2956040
	2803  -  MemoryUsage of job (MB)
	2869980  -  ResidentSetSize of job (KB)
...
006 (7733449.000.000) 11/20 03:20:11 Image size of job updated: 2956040
	2811  -  MemoryUsage of job (MB)
	2877604  -  ResidentSetSize of job (KB)
...
006 (7733449.000.000) 11/20 03:30:11 Image size of job updated: 2956040
	2852  -  MemoryUsage of job (MB)
	2920356  -  ResidentSetSize of job (KB)
...
006 (7733449.000.000) 11/20 03:35:12 Image size of job updated: 2956040
	2856  -  MemoryUsage of job (MB)
	2924452  -  ResidentSetSize of job (KB)
...
006 (7733449.000.000) 11/20 03:55:14 Image size of job updated: 2956040
	2864  -  MemoryUsage of job (MB)
	2931776  -  ResidentSetSize of job (KB)
...
006 (7733449.000.000) 11/20 04:10:16 Image size of job updated: 2962096
	2864  -  MemoryUsage of job (MB)
	2931776  -  ResidentSetSize of job (KB)
...
006 (7733449.000.000) 11/20 04:20:17 Image size of job updated: 3007120
	2864  -  MemoryUsage of job (MB)
	2931776  -  ResidentSetSize of job (KB)
...
006 (7733449.000.000) 11/20 04:25:18 Image size of job updated: 3008736
	2864  -  MemoryUsage of job (MB)
	2931776  -  ResidentSetSize of job (KB)
...
006 (7733449.000.000) 11/20 04:35:18 Image size of job updated: 3012528
	2864  -  MemoryUsage of job (MB)
	2931776  -  ResidentSetSize of job (KB)
...
006 (7733449.000.000) 11/20 04:40:19 Image size of job updated: 3012684
	2864  -  MemoryUsage of job (MB)
	2931776  -  ResidentSetSize of job (KB)
...
006 (7733449.000.000) 11/20 05:30:24 Image size of job updated: 3012684
	2873  -  MemoryUsage of job (MB)
	2941204  -  ResidentSetSize of job (KB)
...
006 (7733449.000.000) 11/20 05:35:24 Image size of job updated: 3012684
	2873  -  MemoryUsage of job (MB)
	2941208  -  ResidentSetSize of job (KB)
...
006 (7733449.000.000) 11/20 05:55:26 Image size of job updated: 3012684
	2902  -  MemoryUsage of job (MB)
	2970944  -  ResidentSetSize of job (KB)
...
006 (7733449.000.000) 11/20 06:50:32 Image size of job updated: 3013240
	2902  -  MemoryUsage of job (MB)
	2970944  -  ResidentSetSize of job (KB)
...
006 (7733449.000.000) 11/20 06:55:33 Image size of job updated: 3014012
	2902  -  MemoryUsage of job (MB)
	2970944  -  ResidentSetSize of job (KB)
...
006 (7733449.000.000) 11/20 07:20:35 Image size of job updated: 3014980
	2902  -  MemoryUsage of job (MB)
	2970944  -  ResidentSetSize of job (KB)
...
006 (7733449.000.000) 11/20 07:25:36 Image size of job updated: 3017556
	2902  -  MemoryUsage of job (MB)
	2970944  -  ResidentSetSize of job (KB)
...
006 (7733449.000.000) 11/20 07:30:36 Image size of job updated: 3025392
	2902  -  MemoryUsage of job (MB)
	2970944  -  ResidentSetSize of job (KB)
...
006 (7733449.000.000) 11/20 07:35:36 Image size of job updated: 3026624
	2902  -  MemoryUsage of job (MB)
	2970944  -  ResidentSetSize of job (KB)
...
006 (7733449.000.000) 11/20 07:40:37 Image size of job updated: 3026888
	2902  -  MemoryUsage of job (MB)
	2970944  -  ResidentSetSize of job (KB)
...
006 (7733449.000.000) 11/20 07:55:39 Image size of job updated: 3027696
	2902  -  MemoryUsage of job (MB)
	2970944  -  ResidentSetSize of job (KB)
...
006 (7733449.000.000) 11/20 08:00:40 Image size of job updated: 3048276
	2902  -  MemoryUsage of job (MB)
	2970944  -  ResidentSetSize of job (KB)
...
006 (7733449.000.000) 11/20 08:05:40 Image size of job updated: 3048376
	2902  -  MemoryUsage of job (MB)
	2970944  -  ResidentSetSize of job (KB)
...
006 (7733449.000.000) 11/20 08:40:43 Image size of job updated: 3065088
	2902  -  MemoryUsage of job (MB)
	2970944  -  ResidentSetSize of job (KB)
...
006 (7733449.000.000) 11/20 08:55:44 Image size of job updated: 3084908
	2912  -  MemoryUsage of job (MB)
	2981112  -  ResidentSetSize of job (KB)
...
006 (7733449.000.000) 11/20 09:00:45 Image size of job updated: 3086584
	2918  -  MemoryUsage of job (MB)
	2987256  -  ResidentSetSize of job (KB)
...
006 (7733449.000.000) 11/20 09:05:46 Image size of job updated: 3087404
	2918  -  MemoryUsage of job (MB)
	2987256  -  ResidentSetSize of job (KB)
...
006 (7733449.000.000) 11/20 10:45:56 Image size of job updated: 3101992
	2918  -  MemoryUsage of job (MB)
	2987256  -  ResidentSetSize of job (KB)
...
006 (7733449.000.000) 11/20 10:50:56 Image size of job updated: 3102488
	2918  -  MemoryUsage of job (MB)
	2987256  -  ResidentSetSize of job (KB)
...
006 (7733449.000.000) 11/20 11:21:00 Image size of job updated: 3102488
	2995  -  MemoryUsage of job (MB)
	3066092  -  ResidentSetSize of job (KB)
...
006 (7733449.000.000) 11/20 11:31:01 Image size of job updated: 3108020
	2995  -  MemoryUsage of job (MB)
	3066092  -  ResidentSetSize of job (KB)
...
006 (7733449.000.000) 11/20 11:41:01 Image size of job updated: 3117000
	2995  -  MemoryUsage of job (MB)
	3066092  -  ResidentSetSize of job (KB)
...
006 (7733449.000.000) 11/20 11:46:02 Image size of job updated: 3117804
	2995  -  MemoryUsage of job (MB)
	3066092  -  ResidentSetSize of job (KB)
...
006 (7733449.000.000) 11/20 11:51:03 Image size of job updated: 3118044
	2995  -  MemoryUsage of job (MB)
	3066092  -  ResidentSetSize of job (KB)
...
006 (7733449.000.000) 11/20 11:56:03 Image size of job updated: 3119128
	2995  -  MemoryUsage of job (MB)
	3066092  -  ResidentSetSize of job (KB)
...
006 (7733449.000.000) 11/20 12:01:04 Image size of job updated: 3120096
	2995  -  MemoryUsage of job (MB)
	3066092  -  ResidentSetSize of job (KB)
...
006 (7733449.000.000) 11/20 12:01:28 Image size of job updated: 6463272
	2995  -  MemoryUsage of job (MB)
	3066092  -  ResidentSetSize of job (KB)
...
040 (7733449.000.000) 11/20 12:01:28 Started transferring output files
	Seconds spent in queue: 445352
...
040 (7733449.000.000) 11/20 12:01:29 Finished transferring output files
...
005 (7733449.000.000) 11/20 12:01:29 Job terminated.
	(1) Normal termination (return value 0)
		Usr 1 12:18:16, Sys 1 13:24:10  -  Run Remote Usage
		Usr 0 00:00:00, Sys 0 00:00:00  -  Run Local Usage
		Usr 2 12:52:08, Sys 2 11:46:26  -  Total Remote Usage
		Usr 0 00:00:00, Sys 0 00:00:00  -  Total Local Usage
	254052  -  Run Bytes Sent By Job
	10951  -  Run Bytes Received By Job
	254052  -  Total Bytes Sent By Job
	32853  -  Total Bytes Received By Job
	Partitionable Resources :    Usage  Request Allocated 
	   Cpus                 :     0.99        1         1 
	   Disk (KB)            :   283         250   2939938 
	   Memory (MB)          :  2995        2000      2000 

	Job terminated of its own accord at 2024-11-20T11:01:28Z with exit-code 0.
...
