000 (7693356.000.000) 11/07 18:38:30 Job submitted from host: <137.138.55.115:9618?addrs=137.138.55.115-9618+[2001-1458-d00-17--12a]-9618&alias=bigbird23.cern.ch&noUDP&sock=schedd_4975_03c1>
...
040 (7693356.000.000) 11/07 18:53:20 Started transferring input files
	Transferring to host: <188.185.194.49:9618?addrs=188.185.194.49-9618+[2001-1458-303-21--100-2d]-9618&alias=b9p20p4971.cern.ch&noUDP&sock=slot1_4_1853588_2de9_43397>
...
040 (7693356.000.000) 11/07 18:53:20 Finished transferring input files
...
001 (7693356.000.000) 11/07 18:53:21 Job executing on host: <188.185.194.49:9618?addrs=188.185.194.49-9618+[2001-1458-303-21--100-2d]-9618&alias=b9p20p4971.cern.ch&noUDP&sock=startd_5253_b315>
	SlotName: slot1_4@b9p20p4971.cern.ch
	CondorScratchDir = "/pool/condor/dir_1028116"
	Cpus = 1
	Disk = 2864274
	Memory = 2000
...
006 (7693356.000.000) 11/07 18:53:30 Image size of job updated: 462044
	452  -  MemoryUsage of job (MB)
	462040  -  ResidentSetSize of job (KB)
...
006 (7693356.000.000) 11/07 18:58:31 Image size of job updated: 687296
	668  -  MemoryUsage of job (MB)
	683736  -  ResidentSetSize of job (KB)
...
006 (7693356.000.000) 11/07 19:03:32 Image size of job updated: 700100
	668  -  MemoryUsage of job (MB)
	683736  -  ResidentSetSize of job (KB)
...
006 (7693356.000.000) 11/07 20:23:40 Image size of job updated: 700100
	674  -  MemoryUsage of job (MB)
	689808  -  ResidentSetSize of job (KB)
...
006 (7693356.000.000) 11/07 20:28:41 Image size of job updated: 707928
	674  -  MemoryUsage of job (MB)
	689808  -  ResidentSetSize of job (KB)
...
006 (7693356.000.000) 11/07 20:33:42 Image size of job updated: 718748
	674  -  MemoryUsage of job (MB)
	689808  -  ResidentSetSize of job (KB)
...
006 (7693356.000.000) 11/07 20:38:42 Image size of job updated: 732304
	674  -  MemoryUsage of job (MB)
	689808  -  ResidentSetSize of job (KB)
...
006 (7693356.000.000) 11/07 20:43:43 Image size of job updated: 740080
	674  -  MemoryUsage of job (MB)
	689808  -  ResidentSetSize of job (KB)
...
006 (7693356.000.000) 11/07 20:48:44 Image size of job updated: 753940
	674  -  MemoryUsage of job (MB)
	689808  -  ResidentSetSize of job (KB)
...
006 (7693356.000.000) 11/07 20:53:44 Image size of job updated: 798116
	674  -  MemoryUsage of job (MB)
	689808  -  ResidentSetSize of job (KB)
...
006 (7693356.000.000) 11/07 20:58:44 Image size of job updated: 798616
	723  -  MemoryUsage of job (MB)
	739664  -  ResidentSetSize of job (KB)
...
006 (7693356.000.000) 11/07 21:03:45 Image size of job updated: 798616
	729  -  MemoryUsage of job (MB)
	745808  -  ResidentSetSize of job (KB)
...
006 (7693356.000.000) 11/07 21:08:46 Image size of job updated: 805812
	729  -  MemoryUsage of job (MB)
	745808  -  ResidentSetSize of job (KB)
...
006 (7693356.000.000) 11/07 21:13:46 Image size of job updated: 814960
	729  -  MemoryUsage of job (MB)
	745808  -  ResidentSetSize of job (KB)
...
006 (7693356.000.000) 11/07 21:18:47 Image size of job updated: 824092
	729  -  MemoryUsage of job (MB)
	745808  -  ResidentSetSize of job (KB)
...
006 (7693356.000.000) 11/07 21:23:48 Image size of job updated: 838944
	729  -  MemoryUsage of job (MB)
	745808  -  ResidentSetSize of job (KB)
...
006 (7693356.000.000) 11/07 21:28:48 Image size of job updated: 864316
	729  -  MemoryUsage of job (MB)
	745808  -  ResidentSetSize of job (KB)
...
006 (7693356.000.000) 11/07 21:33:48 Image size of job updated: 885804
	729  -  MemoryUsage of job (MB)
	745808  -  ResidentSetSize of job (KB)
...
006 (7693356.000.000) 11/07 21:38:49 Image size of job updated: 901748
	729  -  MemoryUsage of job (MB)
	745808  -  ResidentSetSize of job (KB)
...
006 (7693356.000.000) 11/07 21:48:50 Image size of job updated: 907048
	729  -  MemoryUsage of job (MB)
	745808  -  ResidentSetSize of job (KB)
...
006 (7693356.000.000) 11/07 21:53:51 Image size of job updated: 915296
	729  -  MemoryUsage of job (MB)
	745808  -  ResidentSetSize of job (KB)
...
006 (7693356.000.000) 11/07 21:58:52 Image size of job updated: 944160
	886  -  MemoryUsage of job (MB)
	906608  -  ResidentSetSize of job (KB)
...
006 (7693356.000.000) 11/07 22:03:52 Image size of job updated: 957672
	892  -  MemoryUsage of job (MB)
	912752  -  ResidentSetSize of job (KB)
...
006 (7693356.000.000) 11/07 22:08:52 Image size of job updated: 959696
	892  -  MemoryUsage of job (MB)
	912752  -  ResidentSetSize of job (KB)
...
006 (7693356.000.000) 11/07 22:13:53 Image size of job updated: 966364
	892  -  MemoryUsage of job (MB)
	912752  -  ResidentSetSize of job (KB)
...
006 (7693356.000.000) 11/07 22:18:53 Image size of job updated: 966364
	917  -  MemoryUsage of job (MB)
	938924  -  ResidentSetSize of job (KB)
...
006 (7693356.000.000) 11/07 22:23:53 Image size of job updated: 973536
	921  -  MemoryUsage of job (MB)
	943020  -  ResidentSetSize of job (KB)
...
006 (7693356.000.000) 11/07 22:28:54 Image size of job updated: 987752
	921  -  MemoryUsage of job (MB)
	943020  -  ResidentSetSize of job (KB)
...
006 (7693356.000.000) 11/07 22:33:55 Image size of job updated: 1000676
	921  -  MemoryUsage of job (MB)
	943020  -  ResidentSetSize of job (KB)
...
006 (7693356.000.000) 11/07 22:38:55 Image size of job updated: 1011744
	921  -  MemoryUsage of job (MB)
	943020  -  ResidentSetSize of job (KB)
...
006 (7693356.000.000) 11/07 22:43:56 Image size of job updated: 1017780
	921  -  MemoryUsage of job (MB)
	943020  -  ResidentSetSize of job (KB)
...
006 (7693356.000.000) 11/07 22:48:57 Image size of job updated: 1024356
	921  -  MemoryUsage of job (MB)
	943020  -  ResidentSetSize of job (KB)
...
006 (7693356.000.000) 11/07 22:53:57 Image size of job updated: 1042472
	921  -  MemoryUsage of job (MB)
	943020  -  ResidentSetSize of job (KB)
...
006 (7693356.000.000) 11/07 22:58:57 Image size of job updated: 1044700
	921  -  MemoryUsage of job (MB)
	943020  -  ResidentSetSize of job (KB)
...
006 (7693356.000.000) 11/07 23:03:58 Image size of job updated: 1052248
	1004  -  MemoryUsage of job (MB)
	1027204  -  ResidentSetSize of job (KB)
...
006 (7693356.000.000) 11/07 23:08:59 Image size of job updated: 1059316
	1010  -  MemoryUsage of job (MB)
	1033592  -  ResidentSetSize of job (KB)
...
006 (7693356.000.000) 11/07 23:13:59 Image size of job updated: 1081560
	1010  -  MemoryUsage of job (MB)
	1033592  -  ResidentSetSize of job (KB)
...
006 (7693356.000.000) 11/07 23:49:03 Image size of job updated: 1092356
	1010  -  MemoryUsage of job (MB)
	1033592  -  ResidentSetSize of job (KB)
...
006 (7693356.000.000) 11/07 23:54:04 Image size of job updated: 1100644
	1010  -  MemoryUsage of job (MB)
	1033592  -  ResidentSetSize of job (KB)
...
006 (7693356.000.000) 11/07 23:59:05 Image size of job updated: 1109612
	1010  -  MemoryUsage of job (MB)
	1033592  -  ResidentSetSize of job (KB)
...
006 (7693356.000.000) 11/08 00:04:05 Image size of job updated: 1123532
	1010  -  MemoryUsage of job (MB)
	1033592  -  ResidentSetSize of job (KB)
...
006 (7693356.000.000) 11/08 00:09:06 Image size of job updated: 1128984
	1019  -  MemoryUsage of job (MB)
	1042552  -  ResidentSetSize of job (KB)
...
006 (7693356.000.000) 11/08 00:14:07 Image size of job updated: 1129628
	1023  -  MemoryUsage of job (MB)
	1046648  -  ResidentSetSize of job (KB)
...
006 (7693356.000.000) 11/08 00:19:07 Image size of job updated: 1143248
	1087  -  MemoryUsage of job (MB)
	1112920  -  ResidentSetSize of job (KB)
...
006 (7693356.000.000) 11/08 00:24:07 Image size of job updated: 1144480
	1091  -  MemoryUsage of job (MB)
	1117016  -  ResidentSetSize of job (KB)
...
006 (7693356.000.000) 11/08 00:34:09 Image size of job updated: 1149160
	1091  -  MemoryUsage of job (MB)
	1117016  -  ResidentSetSize of job (KB)
...
006 (7693356.000.000) 11/08 00:39:09 Image size of job updated: 1158420
	1091  -  MemoryUsage of job (MB)
	1117016  -  ResidentSetSize of job (KB)
...
006 (7693356.000.000) 11/08 00:44:10 Image size of job updated: 1188876
	1091  -  MemoryUsage of job (MB)
	1117016  -  ResidentSetSize of job (KB)
...
006 (7693356.000.000) 11/08 00:49:11 Image size of job updated: 1189420
	1091  -  MemoryUsage of job (MB)
	1117016  -  ResidentSetSize of job (KB)
...
006 (7693356.000.000) 11/08 00:54:11 Image size of job updated: 1199816
	1094  -  MemoryUsage of job (MB)
	1120224  -  ResidentSetSize of job (KB)
...
006 (7693356.000.000) 11/08 00:59:12 Image size of job updated: 1199816
	1100  -  MemoryUsage of job (MB)
	1126368  -  ResidentSetSize of job (KB)
...
006 (7693356.000.000) 11/08 01:29:14 Image size of job updated: 1201320
	1100  -  MemoryUsage of job (MB)
	1126368  -  ResidentSetSize of job (KB)
...
006 (7693356.000.000) 11/08 01:34:15 Image size of job updated: 1208664
	1100  -  MemoryUsage of job (MB)
	1126368  -  ResidentSetSize of job (KB)
...
006 (7693356.000.000) 11/08 01:39:16 Image size of job updated: 1209640
	1100  -  MemoryUsage of job (MB)
	1126368  -  ResidentSetSize of job (KB)
...
006 (7693356.000.000) 11/08 01:44:16 Image size of job updated: 1216812
	1100  -  MemoryUsage of job (MB)
	1126368  -  ResidentSetSize of job (KB)
...
006 (7693356.000.000) 11/08 01:49:17 Image size of job updated: 1230904
	1100  -  MemoryUsage of job (MB)
	1126368  -  ResidentSetSize of job (KB)
...
006 (7693356.000.000) 11/08 01:59:18 Image size of job updated: 1232552
	1100  -  MemoryUsage of job (MB)
	1126368  -  ResidentSetSize of job (KB)
...
006 (7693356.000.000) 11/08 02:04:18 Image size of job updated: 1241664
	1172  -  MemoryUsage of job (MB)
	1200084  -  ResidentSetSize of job (KB)
...
006 (7693356.000.000) 11/08 02:09:19 Image size of job updated: 1245540
	1172  -  MemoryUsage of job (MB)
	1200084  -  ResidentSetSize of job (KB)
...
006 (7693356.000.000) 11/08 02:14:19 Image size of job updated: 1248608
	1172  -  MemoryUsage of job (MB)
	1200084  -  ResidentSetSize of job (KB)
...
006 (7693356.000.000) 11/08 02:19:19 Image size of job updated: 1260608
	1172  -  MemoryUsage of job (MB)
	1200084  -  ResidentSetSize of job (KB)
...
006 (7693356.000.000) 11/08 02:24:20 Image size of job updated: 1274200
	1172  -  MemoryUsage of job (MB)
	1200084  -  ResidentSetSize of job (KB)
...
006 (7693356.000.000) 11/08 02:29:21 Image size of job updated: 1274236
	1172  -  MemoryUsage of job (MB)
	1200084  -  ResidentSetSize of job (KB)
...
006 (7693356.000.000) 11/08 02:34:21 Image size of job updated: 1277644
	1172  -  MemoryUsage of job (MB)
	1200084  -  ResidentSetSize of job (KB)
...
006 (7693356.000.000) 11/08 02:39:22 Image size of job updated: 1280656
	1172  -  MemoryUsage of job (MB)
	1200084  -  ResidentSetSize of job (KB)
...
006 (7693356.000.000) 11/08 02:44:23 Image size of job updated: 1286412
	1172  -  MemoryUsage of job (MB)
	1200084  -  ResidentSetSize of job (KB)
...
006 (7693356.000.000) 11/08 02:49:23 Image size of job updated: 1347960
	1172  -  MemoryUsage of job (MB)
	1200084  -  ResidentSetSize of job (KB)
...
006 (7693356.000.000) 11/08 02:54:23 Image size of job updated: 1351612
	1220  -  MemoryUsage of job (MB)
	1248456  -  ResidentSetSize of job (KB)
...
006 (7693356.000.000) 11/08 02:59:24 Image size of job updated: 1353144
	1220  -  MemoryUsage of job (MB)
	1248456  -  ResidentSetSize of job (KB)
...
006 (7693356.000.000) 11/08 03:09:24 Image size of job updated: 1353144
	1223  -  MemoryUsage of job (MB)
	1251760  -  ResidentSetSize of job (KB)
...
006 (7693356.000.000) 11/08 03:14:25 Image size of job updated: 1353144
	1247  -  MemoryUsage of job (MB)
	1276336  -  ResidentSetSize of job (KB)
...
006 (7693356.000.000) 11/08 03:59:29 Image size of job updated: 1364400
	1247  -  MemoryUsage of job (MB)
	1276336  -  ResidentSetSize of job (KB)
...
006 (7693356.000.000) 11/08 04:09:30 Image size of job updated: 1366364
	1247  -  MemoryUsage of job (MB)
	1276336  -  ResidentSetSize of job (KB)
...
006 (7693356.000.000) 11/08 04:14:31 Image size of job updated: 1373520
	1247  -  MemoryUsage of job (MB)
	1276336  -  ResidentSetSize of job (KB)
...
006 (7693356.000.000) 11/08 04:19:32 Image size of job updated: 1386532
	1247  -  MemoryUsage of job (MB)
	1276336  -  ResidentSetSize of job (KB)
...
006 (7693356.000.000) 11/08 04:24:32 Image size of job updated: 1391012
	1247  -  MemoryUsage of job (MB)
	1276336  -  ResidentSetSize of job (KB)
...
006 (7693356.000.000) 11/08 04:34:33 Image size of job updated: 1392832
	1247  -  MemoryUsage of job (MB)
	1276336  -  ResidentSetSize of job (KB)
...
006 (7693356.000.000) 11/08 04:39:33 Image size of job updated: 1396500
	1247  -  MemoryUsage of job (MB)
	1276336  -  ResidentSetSize of job (KB)
...
006 (7693356.000.000) 11/08 04:44:33 Image size of job updated: 1401284
	1247  -  MemoryUsage of job (MB)
	1276336  -  ResidentSetSize of job (KB)
...
006 (7693356.000.000) 11/08 04:49:34 Image size of job updated: 1403532
	1274  -  MemoryUsage of job (MB)
	1304404  -  ResidentSetSize of job (KB)
...
006 (7693356.000.000) 11/08 04:54:35 Image size of job updated: 1424024
	1278  -  MemoryUsage of job (MB)
	1308500  -  ResidentSetSize of job (KB)
...
006 (7693356.000.000) 11/08 04:59:35 Image size of job updated: 1427588
	1278  -  MemoryUsage of job (MB)
	1308500  -  ResidentSetSize of job (KB)
...
006 (7693356.000.000) 11/08 05:04:36 Image size of job updated: 1430476
	1278  -  MemoryUsage of job (MB)
	1308500  -  ResidentSetSize of job (KB)
...
006 (7693356.000.000) 11/08 05:24:38 Image size of job updated: 1432312
	1278  -  MemoryUsage of job (MB)
	1308500  -  ResidentSetSize of job (KB)
...
006 (7693356.000.000) 11/08 05:29:38 Image size of job updated: 1436336
	1278  -  MemoryUsage of job (MB)
	1308500  -  ResidentSetSize of job (KB)
...
006 (7693356.000.000) 11/08 05:34:38 Image size of job updated: 1446128
	1278  -  MemoryUsage of job (MB)
	1308500  -  ResidentSetSize of job (KB)
...
006 (7693356.000.000) 11/08 05:39:39 Image size of job updated: 1457272
	1278  -  MemoryUsage of job (MB)
	1308500  -  ResidentSetSize of job (KB)
...
006 (7693356.000.000) 11/08 05:44:40 Image size of job updated: 1460264
	1278  -  MemoryUsage of job (MB)
	1308500  -  ResidentSetSize of job (KB)
...
006 (7693356.000.000) 11/08 05:54:41 Image size of job updated: 1465832
	1278  -  MemoryUsage of job (MB)
	1308500  -  ResidentSetSize of job (KB)
...
006 (7693356.000.000) 11/08 05:59:42 Image size of job updated: 1467124
	1278  -  MemoryUsage of job (MB)
	1308500  -  ResidentSetSize of job (KB)
...
006 (7693356.000.000) 11/08 06:09:42 Image size of job updated: 1476632
	1278  -  MemoryUsage of job (MB)
	1308500  -  ResidentSetSize of job (KB)
...
006 (7693356.000.000) 11/08 06:14:43 Image size of job updated: 1478072
	1287  -  MemoryUsage of job (MB)
	1316892  -  ResidentSetSize of job (KB)
...
006 (7693356.000.000) 11/08 06:19:43 Image size of job updated: 1478072
	1293  -  MemoryUsage of job (MB)
	1323036  -  ResidentSetSize of job (KB)
...
006 (7693356.000.000) 11/08 06:24:43 Image size of job updated: 1481296
	1432  -  MemoryUsage of job (MB)
	1465484  -  ResidentSetSize of job (KB)
...
006 (7693356.000.000) 11/08 06:29:45 Image size of job updated: 1505348
	1432  -  MemoryUsage of job (MB)
	1465484  -  ResidentSetSize of job (KB)
...
006 (7693356.000.000) 11/08 06:39:45 Image size of job updated: 1506272
	1432  -  MemoryUsage of job (MB)
	1465484  -  ResidentSetSize of job (KB)
...
006 (7693356.000.000) 11/08 06:44:46 Image size of job updated: 1507212
	1432  -  MemoryUsage of job (MB)
	1465484  -  ResidentSetSize of job (KB)
...
006 (7693356.000.000) 11/08 06:49:47 Image size of job updated: 1511928
	1432  -  MemoryUsage of job (MB)
	1465484  -  ResidentSetSize of job (KB)
...
006 (7693356.000.000) 11/08 06:54:47 Image size of job updated: 1515312
	1432  -  MemoryUsage of job (MB)
	1465484  -  ResidentSetSize of job (KB)
...
006 (7693356.000.000) 11/08 06:59:48 Image size of job updated: 1528560
	1432  -  MemoryUsage of job (MB)
	1465484  -  ResidentSetSize of job (KB)
...
006 (7693356.000.000) 11/08 07:04:49 Image size of job updated: 1529472
	1432  -  MemoryUsage of job (MB)
	1465484  -  ResidentSetSize of job (KB)
...
006 (7693356.000.000) 11/08 07:09:49 Image size of job updated: 1536252
	1432  -  MemoryUsage of job (MB)
	1465484  -  ResidentSetSize of job (KB)
...
006 (7693356.000.000) 11/08 07:14:49 Image size of job updated: 1536576
	1432  -  MemoryUsage of job (MB)
	1465484  -  ResidentSetSize of job (KB)
...
006 (7693356.000.000) 11/08 07:19:50 Image size of job updated: 1539036
	1432  -  MemoryUsage of job (MB)
	1465484  -  ResidentSetSize of job (KB)
...
006 (7693356.000.000) 11/08 07:24:50 Image size of job updated: 1563040
	1435  -  MemoryUsage of job (MB)
	1469292  -  ResidentSetSize of job (KB)
...
006 (7693356.000.000) 11/08 07:29:50 Image size of job updated: 1563424
	1435  -  MemoryUsage of job (MB)
	1469292  -  ResidentSetSize of job (KB)
...
006 (7693356.000.000) 11/08 07:34:51 Image size of job updated: 1563816
	1435  -  MemoryUsage of job (MB)
	1469292  -  ResidentSetSize of job (KB)
...
006 (7693356.000.000) 11/08 07:44:52 Image size of job updated: 1566780
	1435  -  MemoryUsage of job (MB)
	1469292  -  ResidentSetSize of job (KB)
...
006 (7693356.000.000) 11/08 08:04:54 Image size of job updated: 1574668
	1435  -  MemoryUsage of job (MB)
	1469292  -  ResidentSetSize of job (KB)
...
006 (7693356.000.000) 11/08 08:19:55 Image size of job updated: 1574688
	1435  -  MemoryUsage of job (MB)
	1469292  -  ResidentSetSize of job (KB)
...
006 (7693356.000.000) 11/08 08:24:57 Image size of job updated: 1578932
	1435  -  MemoryUsage of job (MB)
	1469292  -  ResidentSetSize of job (KB)
...
006 (7693356.000.000) 11/08 08:29:57 Image size of job updated: 1602948
	1435  -  MemoryUsage of job (MB)
	1469292  -  ResidentSetSize of job (KB)
...
006 (7693356.000.000) 11/08 08:34:57 Image size of job updated: 1603216
	1447  -  MemoryUsage of job (MB)
	1481408  -  ResidentSetSize of job (KB)
...
006 (7693356.000.000) 11/08 08:39:58 Image size of job updated: 1603216
	1516  -  MemoryUsage of job (MB)
	1552036  -  ResidentSetSize of job (KB)
...
006 (7693356.000.000) 11/08 08:44:59 Image size of job updated: 1604376
	1520  -  MemoryUsage of job (MB)
	1556132  -  ResidentSetSize of job (KB)
...
006 (7693356.000.000) 11/08 08:55:00 Image size of job updated: 1609176
	1520  -  MemoryUsage of job (MB)
	1556132  -  ResidentSetSize of job (KB)
...
006 (7693356.000.000) 11/08 09:00:01 Image size of job updated: 1611316
	1520  -  MemoryUsage of job (MB)
	1556132  -  ResidentSetSize of job (KB)
...
006 (7693356.000.000) 11/08 09:05:01 Image size of job updated: 1617312
	1520  -  MemoryUsage of job (MB)
	1556132  -  ResidentSetSize of job (KB)
...
006 (7693356.000.000) 11/08 09:10:01 Image size of job updated: 1622208
	1520  -  MemoryUsage of job (MB)
	1556132  -  ResidentSetSize of job (KB)
...
006 (7693356.000.000) 11/08 09:15:02 Image size of job updated: 1628512
	1520  -  MemoryUsage of job (MB)
	1556132  -  ResidentSetSize of job (KB)
...
006 (7693356.000.000) 11/08 09:20:02 Image size of job updated: 1629700
	1520  -  MemoryUsage of job (MB)
	1556132  -  ResidentSetSize of job (KB)
...
006 (7693356.000.000) 11/08 09:25:02 Image size of job updated: 1636696
	1520  -  MemoryUsage of job (MB)
	1556132  -  ResidentSetSize of job (KB)
...
006 (7693356.000.000) 11/08 09:30:03 Image size of job updated: 1641416
	1520  -  MemoryUsage of job (MB)
	1556132  -  ResidentSetSize of job (KB)
...
006 (7693356.000.000) 11/08 09:40:04 Image size of job updated: 1653664
	1520  -  MemoryUsage of job (MB)
	1556132  -  ResidentSetSize of job (KB)
...
006 (7693356.000.000) 11/08 09:50:06 Image size of job updated: 1658352
	1520  -  MemoryUsage of job (MB)
	1556132  -  ResidentSetSize of job (KB)
...
006 (7693356.000.000) 11/08 09:55:06 Image size of job updated: 1667880
	1548  -  MemoryUsage of job (MB)
	1584436  -  ResidentSetSize of job (KB)
...
006 (7693356.000.000) 11/08 10:00:06 Image size of job updated: 1667880
	1552  -  MemoryUsage of job (MB)
	1588532  -  ResidentSetSize of job (KB)
...
006 (7693356.000.000) 11/08 10:05:07 Image size of job updated: 1722968
	1552  -  MemoryUsage of job (MB)
	1588532  -  ResidentSetSize of job (KB)
...
006 (7693356.000.000) 11/08 10:10:07 Image size of job updated: 1726352
	1552  -  MemoryUsage of job (MB)
	1588532  -  ResidentSetSize of job (KB)
...
006 (7693356.000.000) 11/08 10:15:07 Image size of job updated: 1727560
	1552  -  MemoryUsage of job (MB)
	1588532  -  ResidentSetSize of job (KB)
...
006 (7693356.000.000) 11/08 11:05:14 Image size of job updated: 1727560
	1567  -  MemoryUsage of job (MB)
	1604252  -  ResidentSetSize of job (KB)
...
006 (7693356.000.000) 11/08 11:10:15 Image size of job updated: 1738600
	1667  -  MemoryUsage of job (MB)
	1706908  -  ResidentSetSize of job (KB)
...
006 (7693356.000.000) 11/08 11:15:15 Image size of job updated: 1743892
	1667  -  MemoryUsage of job (MB)
	1706908  -  ResidentSetSize of job (KB)
...
006 (7693356.000.000) 11/08 11:19:09 Image size of job updated: 1744808
	1667  -  MemoryUsage of job (MB)
	1706908  -  ResidentSetSize of job (KB)
...
040 (7693356.000.000) 11/08 11:19:09 Started transferring output files
...
040 (7693356.000.000) 11/08 11:19:09 Finished transferring output files
...
004 (7693356.000.000) 11/08 11:19:09 Job was evicted.
	(0) CPU times
		Usr 0 08:28:09, Sys 0 07:46:32  -  Run Remote Usage
		Usr 0 00:00:00, Sys 0 00:00:00  -  Run Local Usage
	2548  -  Run Bytes Sent By Job
	10943  -  Run Bytes Received By Job
	Partitionable Resources :    Usage  Request Allocated 
	   Cpus                 :     0.98        1         1 
	   Disk (KB)            :    37          12   2864274 
	   Memory (MB)          :  1667        2000      2000 
...
009 (7693356.000.000) 11/08 11:19:09 Job was aborted.
	via condor_rm (by user fsalerno)
...
000 (7700970.000.000) 11/08 11:21:57 Job submitted from host: <137.138.55.115:9618?addrs=137.138.55.115-9618+[2001-1458-d00-17--12a]-9618&alias=bigbird23.cern.ch&noUDP&sock=schedd_4975_03c1>
...
040 (7700970.000.000) 11/08 11:22:50 Started transferring input files
	Transferring to host: <188.184.185.100:9618?addrs=188.184.185.100-9618+[2001-1458-301-52--100-63]-9618&alias=b9g37p3129.cern.ch&noUDP&sock=slot1_14_7710_2473_4565>
...
040 (7700970.000.000) 11/08 11:22:50 Finished transferring input files
...
001 (7700970.000.000) 11/08 11:22:51 Job executing on host: <188.184.185.100:9618?addrs=188.184.185.100-9618+[2001-1458-301-52--100-63]-9618&alias=b9g37p3129.cern.ch&noUDP&sock=startd_6739_f8d1>
	SlotName: slot1_14@b9g37p3129.cern.ch
	CondorScratchDir = "/pool/condor/dir_3831392"
	Cpus = 1
	Disk = 3734
	GPUs = 0
	Memory = 2000
...
006 (7700970.000.000) 11/08 11:22:59 Image size of job updated: 238000
	233  -  MemoryUsage of job (MB)
	238000  -  ResidentSetSize of job (KB)
...
006 (7700970.000.000) 11/08 11:27:59 Image size of job updated: 663680
	649  -  MemoryUsage of job (MB)
	663680  -  ResidentSetSize of job (KB)
...
006 (7700970.000.000) 11/08 11:38:01 Image size of job updated: 672740
	657  -  MemoryUsage of job (MB)
	672740  -  ResidentSetSize of job (KB)
...
006 (7700970.000.000) 11/08 11:43:02 Image size of job updated: 676560
	663  -  MemoryUsage of job (MB)
	678884  -  ResidentSetSize of job (KB)
...
006 (7700970.000.000) 11/08 11:48:02 Image size of job updated: 705124
	689  -  MemoryUsage of job (MB)
	705124  -  ResidentSetSize of job (KB)
...
006 (7700970.000.000) 11/08 11:53:03 Image size of job updated: 732860
	716  -  MemoryUsage of job (MB)
	732860  -  ResidentSetSize of job (KB)
...
006 (7700970.000.000) 11/08 11:58:04 Image size of job updated: 740264
	723  -  MemoryUsage of job (MB)
	740264  -  ResidentSetSize of job (KB)
...
006 (7700970.000.000) 11/08 12:03:05 Image size of job updated: 773500
	756  -  MemoryUsage of job (MB)
	773500  -  ResidentSetSize of job (KB)
...
006 (7700970.000.000) 11/08 12:08:05 Image size of job updated: 773500
	764  -  MemoryUsage of job (MB)
	781692  -  ResidentSetSize of job (KB)
...
006 (7700970.000.000) 11/08 12:13:06 Image size of job updated: 782068
	764  -  MemoryUsage of job (MB)
	782068  -  ResidentSetSize of job (KB)
...
006 (7700970.000.000) 11/08 12:18:07 Image size of job updated: 791924
	774  -  MemoryUsage of job (MB)
	791924  -  ResidentSetSize of job (KB)
...
006 (7700970.000.000) 11/08 12:23:07 Image size of job updated: 859976
	840  -  MemoryUsage of job (MB)
	859976  -  ResidentSetSize of job (KB)
...
006 (7700970.000.000) 11/08 12:28:07 Image size of job updated: 859976
	848  -  MemoryUsage of job (MB)
	868168  -  ResidentSetSize of job (KB)
...
006 (7700970.000.000) 11/08 12:33:08 Image size of job updated: 914236
	893  -  MemoryUsage of job (MB)
	914236  -  ResidentSetSize of job (KB)
...
006 (7700970.000.000) 11/08 12:38:08 Image size of job updated: 948484
	927  -  MemoryUsage of job (MB)
	948484  -  ResidentSetSize of job (KB)
...
006 (7700970.000.000) 11/08 12:43:08 Image size of job updated: 948484
	933  -  MemoryUsage of job (MB)
	954628  -  ResidentSetSize of job (KB)
...
006 (7700970.000.000) 11/08 15:43:28 Image size of job updated: 982884
	960  -  MemoryUsage of job (MB)
	982884  -  ResidentSetSize of job (KB)
...
006 (7700970.000.000) 11/08 15:48:28 Image size of job updated: 982884
	973  -  MemoryUsage of job (MB)
	995336  -  ResidentSetSize of job (KB)
...
006 (7700970.000.000) 11/08 16:53:34 Image size of job updated: 1102364
	1077  -  MemoryUsage of job (MB)
	1102364  -  ResidentSetSize of job (KB)
...
006 (7700970.000.000) 11/08 17:13:36 Image size of job updated: 1140456
	1114  -  MemoryUsage of job (MB)
	1140456  -  ResidentSetSize of job (KB)
...
006 (7700970.000.000) 11/08 17:33:38 Image size of job updated: 1156412
	1130  -  MemoryUsage of job (MB)
	1156412  -  ResidentSetSize of job (KB)
...
006 (7700970.000.000) 11/08 17:38:40 Image size of job updated: 1156412
	1132  -  MemoryUsage of job (MB)
	1158460  -  ResidentSetSize of job (KB)
...
006 (7700970.000.000) 11/08 19:33:52 Image size of job updated: 1200972
	1173  -  MemoryUsage of job (MB)
	1200972  -  ResidentSetSize of job (KB)
...
006 (7700970.000.000) 11/08 19:38:53 Image size of job updated: 1200972
	1183  -  MemoryUsage of job (MB)
	1211212  -  ResidentSetSize of job (KB)
...
006 (7700970.000.000) 11/08 20:08:56 Image size of job updated: 1324968
	1294  -  MemoryUsage of job (MB)
	1324968  -  ResidentSetSize of job (KB)
...
006 (7700970.000.000) 11/08 20:33:59 Image size of job updated: 1340308
	1309  -  MemoryUsage of job (MB)
	1340308  -  ResidentSetSize of job (KB)
...
006 (7700970.000.000) 11/08 20:38:59 Image size of job updated: 1340308
	1315  -  MemoryUsage of job (MB)
	1346452  -  ResidentSetSize of job (KB)
...
006 (7700970.000.000) 11/08 23:04:13 Image size of job updated: 1360464
	1329  -  MemoryUsage of job (MB)
	1360464  -  ResidentSetSize of job (KB)
...
006 (7700970.000.000) 11/08 23:09:14 Image size of job updated: 1360464
	1339  -  MemoryUsage of job (MB)
	1370704  -  ResidentSetSize of job (KB)
...
006 (7700970.000.000) 11/08 23:19:15 Image size of job updated: 1386672
	1355  -  MemoryUsage of job (MB)
	1386672  -  ResidentSetSize of job (KB)
...
006 (7700970.000.000) 11/08 23:24:15 Image size of job updated: 1386672
	1365  -  MemoryUsage of job (MB)
	1396912  -  ResidentSetSize of job (KB)
...
006 (7700970.000.000) 11/08 23:59:18 Image size of job updated: 1503648
	1469  -  MemoryUsage of job (MB)
	1503648  -  ResidentSetSize of job (KB)
...
006 (7700970.000.000) 11/09 02:34:17 Image size of job updated: 1505804
	1471  -  MemoryUsage of job (MB)
	1505804  -  ResidentSetSize of job (KB)
...
006 (7700970.000.000) 11/09 05:44:37 Image size of job updated: 1599632
	1563  -  MemoryUsage of job (MB)
	1599632  -  ResidentSetSize of job (KB)
...
006 (7700970.000.000) 11/09 05:49:37 Image size of job updated: 1599632
	1571  -  MemoryUsage of job (MB)
	1607824  -  ResidentSetSize of job (KB)
...
006 (7700970.000.000) 11/09 07:14:47 Image size of job updated: 1689372
	1650  -  MemoryUsage of job (MB)
	1689372  -  ResidentSetSize of job (KB)
...
006 (7700970.000.000) 11/09 08:34:56 Image size of job updated: 1699276
	1660  -  MemoryUsage of job (MB)
	1699276  -  ResidentSetSize of job (KB)
...
006 (7700970.000.000) 11/09 08:39:56 Image size of job updated: 1699276
	1670  -  MemoryUsage of job (MB)
	1709516  -  ResidentSetSize of job (KB)
...
040 (7700970.000.000) 11/09 09:10:23 Started transferring output files
...
040 (7700970.000.000) 11/09 09:10:24 Finished transferring output files
...
005 (7700970.000.000) 11/09 09:10:24 Job terminated.
	(1) Normal termination (return value 0)
		Usr 0 10:11:00, Sys 0 11:10:51  -  Run Remote Usage
		Usr 0 00:00:00, Sys 0 00:00:00  -  Run Local Usage
		Usr 0 10:11:00, Sys 0 11:10:51  -  Total Remote Usage
		Usr 0 00:00:00, Sys 0 00:00:00  -  Total Local Usage
	4807  -  Run Bytes Sent By Job
	10929  -  Run Bytes Received By Job
	4807  -  Total Bytes Sent By Job
	10929  -  Total Bytes Received By Job
	Partitionable Resources :    Usage  Request Allocated 
	   Cpus                 :     0.99        1         1 
	   Disk (KB)            :    38          12      3734 
	   GPUs                 :                           0 
	   Memory (MB)          :  1670        2000      2000 

	Job terminated of its own accord at 2024-11-09T08:10:23Z with exit-code 0.
...
000 (7733438.000.000) 11/15 04:35:23 Job submitted from host: <137.138.55.115:9618?addrs=137.138.55.115-9618+[2001-1458-d00-17--12a]-9618&alias=bigbird23.cern.ch&noUDP&sock=schedd_4975_03c1>
...
040 (7733438.000.000) 11/15 05:15:12 Started transferring input files
	Transferring to host: <128.142.33.32:9618?addrs=128.142.33.32-9618+[2001-1458-301-53--100-1d]-9618&alias=b9g34p0623.cern.ch&noUDP&sock=slot1_11_4945_f322_6931>
...
040 (7733438.000.000) 11/15 05:15:12 Finished transferring input files
...
001 (7733438.000.000) 11/15 05:15:13 Job executing on host: <128.142.33.32:9618?addrs=128.142.33.32-9618+[2001-1458-301-53--100-1d]-9618&alias=b9g34p0623.cern.ch&noUDP&sock=startd_4007_0c14>
	SlotName: slot1_11@b9g34p0623.cern.ch
	CondorScratchDir = "/pool/condor/dir_4125701"
	Cpus = 1
	Disk = 2829553
	Memory = 2000
...
006 (7733438.000.000) 11/15 05:15:22 Image size of job updated: 469200
	459  -  MemoryUsage of job (MB)
	469196  -  ResidentSetSize of job (KB)
...
006 (7733438.000.000) 11/15 05:20:23 Image size of job updated: 700748
	644  -  MemoryUsage of job (MB)
	658584  -  ResidentSetSize of job (KB)
...
006 (7733438.000.000) 11/15 05:25:24 Image size of job updated: 728400
	691  -  MemoryUsage of job (MB)
	707132  -  ResidentSetSize of job (KB)
...
006 (7733438.000.000) 11/15 05:32:47 Image size of job updated: 754088
	711  -  MemoryUsage of job (MB)
	727344  -  ResidentSetSize of job (KB)
...
006 (7733438.000.000) 11/15 05:39:55 Image size of job updated: 794076
	762  -  MemoryUsage of job (MB)
	779500  -  ResidentSetSize of job (KB)
...
006 (7733438.000.000) 11/15 05:51:13 Image size of job updated: 848408
	762  -  MemoryUsage of job (MB)
	779500  -  ResidentSetSize of job (KB)
...
022 (7733438.000.000) 11/15 05:54:30 Job disconnected, attempting to reconnect
    Socket between submit and execute hosts closed unexpectedly
    Trying to reconnect to slot1_11@b9g34p0623.cern.ch <128.142.33.32:9618?addrs=128.142.33.32-9618+[2001-1458-301-53--100-1d]-9618&alias=b9g34p0623.cern.ch&noUDP&sock=startd_4007_0c14>
...
023 (7733438.000.000) 11/15 05:54:30 Job reconnected to slot1_11@b9g34p0623.cern.ch
    startd address: <128.142.33.32:9618?addrs=128.142.33.32-9618+[2001-1458-301-53--100-1d]-9618&alias=b9g34p0623.cern.ch&noUDP&sock=startd_4007_0c14>
    starter address: <128.142.33.32:9618?addrs=128.142.33.32-9618+[2001-1458-301-53--100-1d]-9618&alias=b9g34p0623.cern.ch&noUDP&sock=slot1_11_4945_f322_6931>
...
006 (7733438.000.000) 11/15 06:11:24 Image size of job updated: 856184
	762  -  MemoryUsage of job (MB)
	779500  -  ResidentSetSize of job (KB)
...
040 (7733438.000.000) 11/15 08:18:54 Entered queue to transfer input files
	Transferring to host: <188.185.198.105:9618?addrs=188.185.198.105-9618+[2001-1458-303-25--100-65]-9618&alias=b9p15p7236.cern.ch&noUDP&sock=slot1_44_2911549_6956_26409>
...
040 (7733438.000.000) 11/15 08:32:26 Started transferring input files
	Seconds spent in queue: 812
...
040 (7733438.000.000) 11/15 08:32:26 Finished transferring input files
...
001 (7733438.000.000) 11/15 08:32:27 Job executing on host: <188.185.198.105:9618?addrs=188.185.198.105-9618+[2001-1458-303-25--100-65]-9618&alias=b9p15p7236.cern.ch&noUDP&sock=startd_9392_b593>
	SlotName: slot1_44@b9p15p7236.cern.ch
	CondorScratchDir = "/pool/condor/dir_2444612"
	Cpus = 1
	Disk = 3815
	GPUs = 0
	Memory = 2000
...
006 (7733438.000.000) 11/15 15:58:29 Image size of job updated: 1028472
	1005  -  MemoryUsage of job (MB)
	1028472  -  ResidentSetSize of job (KB)
...
006 (7733438.000.000) 11/15 16:48:34 Image size of job updated: 1096732
	1072  -  MemoryUsage of job (MB)
	1096732  -  ResidentSetSize of job (KB)
...
006 (7733438.000.000) 11/15 18:13:43 Image size of job updated: 1112552
	1087  -  MemoryUsage of job (MB)
	1112552  -  ResidentSetSize of job (KB)
...
006 (7733438.000.000) 11/15 18:18:44 Image size of job updated: 1112552
	1093  -  MemoryUsage of job (MB)
	1118696  -  ResidentSetSize of job (KB)
...
006 (7733438.000.000) 11/15 18:48:46 Image size of job updated: 1229848
	1202  -  MemoryUsage of job (MB)
	1229848  -  ResidentSetSize of job (KB)
...
006 (7733438.000.000) 11/15 18:53:47 Image size of job updated: 1229848
	1216  -  MemoryUsage of job (MB)
	1244184  -  ResidentSetSize of job (KB)
...
006 (7733438.000.000) 11/15 19:08:49 Image size of job updated: 1308948
	1279  -  MemoryUsage of job (MB)
	1308948  -  ResidentSetSize of job (KB)
...
006 (7733438.000.000) 11/15 19:13:50 Image size of job updated: 1308948
	1295  -  MemoryUsage of job (MB)
	1325396  -  ResidentSetSize of job (KB)
...
006 (7733438.000.000) 11/15 20:13:55 Image size of job updated: 1309132
	1295  -  MemoryUsage of job (MB)
	1325396  -  ResidentSetSize of job (KB)
...
006 (7733438.000.000) 11/15 20:53:59 Image size of job updated: 1453436
	1420  -  MemoryUsage of job (MB)
	1453436  -  ResidentSetSize of job (KB)
...
006 (7733438.000.000) 11/15 22:19:08 Image size of job updated: 1461332
	1428  -  MemoryUsage of job (MB)
	1461332  -  ResidentSetSize of job (KB)
...
006 (7733438.000.000) 11/15 22:24:08 Image size of job updated: 1461332
	1438  -  MemoryUsage of job (MB)
	1471572  -  ResidentSetSize of job (KB)
...
006 (7733438.000.000) 11/15 23:19:14 Image size of job updated: 1480252
	1446  -  MemoryUsage of job (MB)
	1480252  -  ResidentSetSize of job (KB)
...
006 (7733438.000.000) 11/15 23:24:14 Image size of job updated: 1480252
	1458  -  MemoryUsage of job (MB)
	1492540  -  ResidentSetSize of job (KB)
...
006 (7733438.000.000) 11/16 00:19:19 Image size of job updated: 1501772
	1467  -  MemoryUsage of job (MB)
	1501772  -  ResidentSetSize of job (KB)
...
006 (7733438.000.000) 11/16 00:24:20 Image size of job updated: 1501772
	1475  -  MemoryUsage of job (MB)
	1509964  -  ResidentSetSize of job (KB)
...
006 (7733438.000.000) 11/16 00:59:22 Image size of job updated: 1528348
	1493  -  MemoryUsage of job (MB)
	1528348  -  ResidentSetSize of job (KB)
...
006 (7733438.000.000) 11/16 01:04:22 Image size of job updated: 1528348
	1501  -  MemoryUsage of job (MB)
	1536540  -  ResidentSetSize of job (KB)
...
006 (7733438.000.000) 11/16 01:19:24 Image size of job updated: 1578888
	1542  -  MemoryUsage of job (MB)
	1578888  -  ResidentSetSize of job (KB)
...
006 (7733438.000.000) 11/16 01:24:24 Image size of job updated: 1578888
	1550  -  MemoryUsage of job (MB)
	1587132  -  ResidentSetSize of job (KB)
...
006 (7733438.000.000) 11/16 01:54:26 Image size of job updated: 1606096
	1569  -  MemoryUsage of job (MB)
	1606096  -  ResidentSetSize of job (KB)
...
006 (7733438.000.000) 11/16 01:59:27 Image size of job updated: 1606096
	1579  -  MemoryUsage of job (MB)
	1616336  -  ResidentSetSize of job (KB)
...
006 (7733438.000.000) 11/16 02:29:30 Image size of job updated: 1671736
	1633  -  MemoryUsage of job (MB)
	1671736  -  ResidentSetSize of job (KB)
...
006 (7733438.000.000) 11/16 02:39:31 Image size of job updated: 1671736
	1639  -  MemoryUsage of job (MB)
	1677376  -  ResidentSetSize of job (KB)
...
006 (7733438.000.000) 11/16 03:44:37 Image size of job updated: 1794088
	1753  -  MemoryUsage of job (MB)
	1794088  -  ResidentSetSize of job (KB)
...
006 (7733438.000.000) 11/16 07:29:59 Image size of job updated: 1849304
	1806  -  MemoryUsage of job (MB)
	1849304  -  ResidentSetSize of job (KB)
...
006 (7733438.000.000) 11/16 07:35:00 Image size of job updated: 1849304
	1816  -  MemoryUsage of job (MB)
	1859544  -  ResidentSetSize of job (KB)
...
006 (7733438.000.000) 11/16 08:15:04 Image size of job updated: 1928476
	1884  -  MemoryUsage of job (MB)
	1928476  -  ResidentSetSize of job (KB)
...
006 (7733438.000.000) 11/16 08:20:04 Image size of job updated: 1928476
	1894  -  MemoryUsage of job (MB)
	1938716  -  ResidentSetSize of job (KB)
...
006 (7733438.000.000) 11/16 09:00:09 Image size of job updated: 2009564
	1963  -  MemoryUsage of job (MB)
	2009564  -  ResidentSetSize of job (KB)
...
006 (7733438.000.000) 11/16 09:05:10 Image size of job updated: 2009564
	1971  -  MemoryUsage of job (MB)
	2017756  -  ResidentSetSize of job (KB)
...
006 (7733438.000.000) 11/16 09:55:15 Image size of job updated: 2031308
	1984  -  MemoryUsage of job (MB)
	2031308  -  ResidentSetSize of job (KB)
...
006 (7733438.000.000) 11/16 11:26:19 Image size of job updated: 2083048
	2035  -  MemoryUsage of job (MB)
	2083048  -  ResidentSetSize of job (KB)
...
006 (7733438.000.000) 11/16 11:46:20 Image size of job updated: 2090920
	2042  -  MemoryUsage of job (MB)
	2090920  -  ResidentSetSize of job (KB)
...
006 (7733438.000.000) 11/16 11:51:22 Image size of job updated: 2090920
	2056  -  MemoryUsage of job (MB)
	2105256  -  ResidentSetSize of job (KB)
...
006 (7733438.000.000) 11/16 12:11:24 Image size of job updated: 2137332
	2088  -  MemoryUsage of job (MB)
	2137332  -  ResidentSetSize of job (KB)
...
006 (7733438.000.000) 11/16 13:31:33 Image size of job updated: 2154088
	2104  -  MemoryUsage of job (MB)
	2154088  -  ResidentSetSize of job (KB)
...
006 (7733438.000.000) 11/16 13:36:33 Image size of job updated: 2154088
	2110  -  MemoryUsage of job (MB)
	2160232  -  ResidentSetSize of job (KB)
...
006 (7733438.000.000) 11/16 14:13:15 Image size of job updated: 2200040
	2149  -  MemoryUsage of job (MB)
	2200040  -  ResidentSetSize of job (KB)
...
006 (7733438.000.000) 11/16 14:33:11 Image size of job updated: 2200040
	2152  -  MemoryUsage of job (MB)
	2203572  -  ResidentSetSize of job (KB)
...
006 (7733438.000.000) 11/16 18:43:17 Image size of job updated: 2356936
	2302  -  MemoryUsage of job (MB)
	2356936  -  ResidentSetSize of job (KB)
...
006 (7733438.000.000) 11/16 18:48:17 Image size of job updated: 2356936
	2306  -  MemoryUsage of job (MB)
	2361032  -  ResidentSetSize of job (KB)
...
006 (7733438.000.000) 11/16 20:33:28 Image size of job updated: 2356936
	2308  -  MemoryUsage of job (MB)
	2362876  -  ResidentSetSize of job (KB)
...
006 (7733438.000.000) 11/17 00:58:55 Image size of job updated: 2356936
	2308  -  MemoryUsage of job (MB)
	2362996  -  ResidentSetSize of job (KB)
...
006 (7733438.000.000) 11/17 01:43:59 Image size of job updated: 2411948
	2356  -  MemoryUsage of job (MB)
	2411948  -  ResidentSetSize of job (KB)
...
006 (7733438.000.000) 11/17 01:49:00 Image size of job updated: 2411948
	2364  -  MemoryUsage of job (MB)
	2420272  -  ResidentSetSize of job (KB)
...
006 (7733438.000.000) 11/17 02:19:04 Image size of job updated: 2481808
	2424  -  MemoryUsage of job (MB)
	2481808  -  ResidentSetSize of job (KB)
...
006 (7733438.000.000) 11/17 02:24:04 Image size of job updated: 2481808
	2434  -  MemoryUsage of job (MB)
	2492048  -  ResidentSetSize of job (KB)
...
006 (7733438.000.000) 11/17 02:34:05 Image size of job updated: 2499508
	2441  -  MemoryUsage of job (MB)
	2499508  -  ResidentSetSize of job (KB)
...
006 (7733438.000.000) 11/17 02:39:06 Image size of job updated: 2499508
	2449  -  MemoryUsage of job (MB)
	2507700  -  ResidentSetSize of job (KB)
...
006 (7733438.000.000) 11/17 06:19:28 Image size of job updated: 2550476
	2491  -  MemoryUsage of job (MB)
	2550476  -  ResidentSetSize of job (KB)
...
006 (7733438.000.000) 11/17 06:24:29 Image size of job updated: 2605284
	2545  -  MemoryUsage of job (MB)
	2605284  -  ResidentSetSize of job (KB)
...
006 (7733438.000.000) 11/17 06:29:30 Image size of job updated: 2605284
	2551  -  MemoryUsage of job (MB)
	2611428  -  ResidentSetSize of job (KB)
...
006 (7733438.000.000) 11/17 08:19:40 Image size of job updated: 2715716
	2653  -  MemoryUsage of job (MB)
	2715716  -  ResidentSetSize of job (KB)
...
006 (7733438.000.000) 11/17 10:54:57 Image size of job updated: 2772652
	2708  -  MemoryUsage of job (MB)
	2772652  -  ResidentSetSize of job (KB)
...
006 (7733438.000.000) 11/17 11:19:59 Image size of job updated: 2772652
	2711  -  MemoryUsage of job (MB)
	2775900  -  ResidentSetSize of job (KB)
...
006 (7733438.000.000) 11/17 12:50:09 Image size of job updated: 2795040
	2730  -  MemoryUsage of job (MB)
	2795040  -  ResidentSetSize of job (KB)
...
006 (7733438.000.000) 11/17 12:55:09 Image size of job updated: 2795040
	2738  -  MemoryUsage of job (MB)
	2803232  -  ResidentSetSize of job (KB)
...
006 (7733438.000.000) 11/17 13:40:14 Image size of job updated: 2815236
	2750  -  MemoryUsage of job (MB)
	2815236  -  ResidentSetSize of job (KB)
...
006 (7733438.000.000) 11/17 13:45:14 Image size of job updated: 2815236
	2760  -  MemoryUsage of job (MB)
	2825476  -  ResidentSetSize of job (KB)
...
006 (7733438.000.000) 11/17 15:53:02 Image size of job updated: 2850200
	2784  -  MemoryUsage of job (MB)
	2850200  -  ResidentSetSize of job (KB)
...
006 (7733438.000.000) 11/17 16:02:33 Image size of job updated: 2850200
	2798  -  MemoryUsage of job (MB)
	2864332  -  ResidentSetSize of job (KB)
...
006 (7733438.000.000) 11/17 16:17:11 Image size of job updated: 2899524
	2832  -  MemoryUsage of job (MB)
	2899524  -  ResidentSetSize of job (KB)
...
006 (7733438.000.000) 11/17 16:28:40 Image size of job updated: 2899524
	2838  -  MemoryUsage of job (MB)
	2905668  -  ResidentSetSize of job (KB)
...
006 (7733438.000.000) 11/17 18:48:13 Image size of job updated: 2969644
	2901  -  MemoryUsage of job (MB)
	2969644  -  ResidentSetSize of job (KB)
...
006 (7733438.000.000) 11/17 22:18:20 Image size of job updated: 3002592
	2933  -  MemoryUsage of job (MB)
	3002592  -  ResidentSetSize of job (KB)
...
006 (7733438.000.000) 11/17 23:33:27 Image size of job updated: 3059804
	2989  -  MemoryUsage of job (MB)
	3059804  -  ResidentSetSize of job (KB)
...
006 (7733438.000.000) 11/18 02:11:21 Image size of job updated: 3091980
	3020  -  MemoryUsage of job (MB)
	3091980  -  ResidentSetSize of job (KB)
...
006 (7733438.000.000) 11/18 07:52:18 Image size of job updated: 3091980
	3039  -  MemoryUsage of job (MB)
	3111388  -  ResidentSetSize of job (KB)
...
006 (7733438.000.000) 11/18 09:20:06 Image size of job updated: 3114824
	3042  -  MemoryUsage of job (MB)
	3114824  -  ResidentSetSize of job (KB)
...
006 (7733438.000.000) 11/18 09:25:06 Image size of job updated: 3114824
	3056  -  MemoryUsage of job (MB)
	3129160  -  ResidentSetSize of job (KB)
...
006 (7733438.000.000) 11/18 10:45:14 Image size of job updated: 3149268
	3076  -  MemoryUsage of job (MB)
	3149268  -  ResidentSetSize of job (KB)
...
006 (7733438.000.000) 11/18 10:50:14 Image size of job updated: 3149268
	3084  -  MemoryUsage of job (MB)
	3157460  -  ResidentSetSize of job (KB)
...
006 (7733438.000.000) 11/18 11:45:20 Image size of job updated: 3242044
	3167  -  MemoryUsage of job (MB)
	3242044  -  ResidentSetSize of job (KB)
...
006 (7733438.000.000) 11/18 11:50:21 Image size of job updated: 3242044
	3177  -  MemoryUsage of job (MB)
	3252284  -  ResidentSetSize of job (KB)
...
006 (7733438.000.000) 11/18 12:05:23 Image size of job updated: 3269108
	3193  -  MemoryUsage of job (MB)
	3269108  -  ResidentSetSize of job (KB)
...
006 (7733438.000.000) 11/18 16:45:51 Image size of job updated: 3324144
	3247  -  MemoryUsage of job (MB)
	3324144  -  ResidentSetSize of job (KB)
...
006 (7733438.000.000) 11/18 16:50:51 Image size of job updated: 3324144
	3259  -  MemoryUsage of job (MB)
	3336688  -  ResidentSetSize of job (KB)
...
006 (7733438.000.000) 11/18 19:11:04 Image size of job updated: 3419556
	3340  -  MemoryUsage of job (MB)
	3419556  -  ResidentSetSize of job (KB)
...
006 (7733438.000.000) 11/18 19:16:04 Image size of job updated: 3420228
	3342  -  MemoryUsage of job (MB)
	3421608  -  ResidentSetSize of job (KB)
...
006 (7733438.000.000) 11/18 22:01:22 Image size of job updated: 3440756
	3361  -  MemoryUsage of job (MB)
	3440756  -  ResidentSetSize of job (KB)
...
006 (7733438.000.000) 11/18 22:06:22 Image size of job updated: 3440756
	3367  -  MemoryUsage of job (MB)
	3447156  -  ResidentSetSize of job (KB)
...
006 (7733438.000.000) 11/18 23:31:31 Image size of job updated: 3442488
	3367  -  MemoryUsage of job (MB)
	3447156  -  ResidentSetSize of job (KB)
...
006 (7733438.000.000) 11/18 23:36:32 Image size of job updated: 3515324
	3433  -  MemoryUsage of job (MB)
	3515324  -  ResidentSetSize of job (KB)
...
006 (7733438.000.000) 11/19 02:56:53 Image size of job updated: 3523168
	3441  -  MemoryUsage of job (MB)
	3523168  -  ResidentSetSize of job (KB)
...
006 (7733438.000.000) 11/19 04:32:01 Image size of job updated: 3604652
	3521  -  MemoryUsage of job (MB)
	3604652  -  ResidentSetSize of job (KB)
...
006 (7733438.000.000) 11/19 04:37:01 Image size of job updated: 3616240
	3532  -  MemoryUsage of job (MB)
	3616240  -  ResidentSetSize of job (KB)
...
006 (7733438.000.000) 11/19 07:12:18 Image size of job updated: 3682212
	3596  -  MemoryUsage of job (MB)
	3682212  -  ResidentSetSize of job (KB)
...
006 (7733438.000.000) 11/19 13:07:56 Image size of job updated: 3695748
	3610  -  MemoryUsage of job (MB)
	3695748  -  ResidentSetSize of job (KB)
...
006 (7733438.000.000) 11/19 14:13:03 Image size of job updated: 3723044
	3636  -  MemoryUsage of job (MB)
	3723044  -  ResidentSetSize of job (KB)
...
006 (7733438.000.000) 11/19 14:18:03 Image size of job updated: 3723044
	3653  -  MemoryUsage of job (MB)
	3739684  -  ResidentSetSize of job (KB)
...
006 (7733438.000.000) 11/19 15:48:13 Image size of job updated: 3746764
	3659  -  MemoryUsage of job (MB)
	3746764  -  ResidentSetSize of job (KB)
...
006 (7733438.000.000) 11/19 15:53:13 Image size of job updated: 3746764
	3667  -  MemoryUsage of job (MB)
	3754956  -  ResidentSetSize of job (KB)
...
006 (7733438.000.000) 11/19 18:58:32 Image size of job updated: 3796012
	3708  -  MemoryUsage of job (MB)
	3796012  -  ResidentSetSize of job (KB)
...
006 (7733438.000.000) 11/19 19:28:36 Image size of job updated: 3829772
	3741  -  MemoryUsage of job (MB)
	3829772  -  ResidentSetSize of job (KB)
...
006 (7733438.000.000) 11/19 19:33:37 Image size of job updated: 3829772
	3757  -  MemoryUsage of job (MB)
	3846156  -  ResidentSetSize of job (KB)
...
006 (7733438.000.000) 11/19 20:03:40 Image size of job updated: 3864028
	3774  -  MemoryUsage of job (MB)
	3864028  -  ResidentSetSize of job (KB)
...
006 (7733438.000.000) 11/19 20:08:40 Image size of job updated: 3864028
	3780  -  MemoryUsage of job (MB)
	3870172  -  ResidentSetSize of job (KB)
...
006 (7733438.000.000) 11/20 00:44:10 Image size of job updated: 3867436
	3780  -  MemoryUsage of job (MB)
	3870172  -  ResidentSetSize of job (KB)
...
006 (7733438.000.000) 11/20 00:49:10 Image size of job updated: 3867436
	3781  -  MemoryUsage of job (MB)
	3871296  -  ResidentSetSize of job (KB)
...
006 (7733438.000.000) 11/20 01:34:16 Image size of job updated: 3871832
	3782  -  MemoryUsage of job (MB)
	3871832  -  ResidentSetSize of job (KB)
...
006 (7733438.000.000) 11/20 01:39:16 Image size of job updated: 3871832
	3794  -  MemoryUsage of job (MB)
	3884120  -  ResidentSetSize of job (KB)
...
006 (7733438.000.000) 11/20 04:34:35 Image size of job updated: 3872056
	3794  -  MemoryUsage of job (MB)
	3884120  -  ResidentSetSize of job (KB)
...
006 (7733438.000.000) 11/20 04:39:35 Image size of job updated: 3954700
	3863  -  MemoryUsage of job (MB)
	3954700  -  ResidentSetSize of job (KB)
...
006 (7733438.000.000) 11/20 05:24:39 Image size of job updated: 3955996
	3864  -  MemoryUsage of job (MB)
	3955996  -  ResidentSetSize of job (KB)
...
006 (7733438.000.000) 11/20 05:29:40 Image size of job updated: 3955996
	3878  -  MemoryUsage of job (MB)
	3970588  -  ResidentSetSize of job (KB)
...
006 (7733438.000.000) 11/20 07:49:53 Image size of job updated: 3977776
	3885  -  MemoryUsage of job (MB)
	3977776  -  ResidentSetSize of job (KB)
...
006 (7733438.000.000) 11/20 07:54:53 Image size of job updated: 3977776
	3897  -  MemoryUsage of job (MB)
	3990064  -  ResidentSetSize of job (KB)
...
006 (7733438.000.000) 11/20 15:15:37 Image size of job updated: 4121080
	4025  -  MemoryUsage of job (MB)
	4121080  -  ResidentSetSize of job (KB)
...
006 (7733438.000.000) 11/20 15:20:37 Image size of job updated: 4121080
	4049  -  MemoryUsage of job (MB)
	4145912  -  ResidentSetSize of job (KB)
...
006 (7733438.000.000) 11/20 18:50:57 Image size of job updated: 4151852
	4055  -  MemoryUsage of job (MB)
	4151852  -  ResidentSetSize of job (KB)
...
006 (7733438.000.000) 11/20 20:31:08 Image size of job updated: 4222616
	4124  -  MemoryUsage of job (MB)
	4222616  -  ResidentSetSize of job (KB)
...
040 (7733438.000.000) 11/20 20:58:09 Started transferring output files
	Seconds spent in queue: 477555
...
040 (7733438.000.000) 11/20 20:58:10 Finished transferring output files
...
005 (7733438.000.000) 11/20 20:58:10 Job terminated.
	(1) Normal termination (return value 0)
		Usr 2 16:18:51, Sys 2 17:48:03  -  Run Remote Usage
		Usr 0 00:00:00, Sys 0 00:00:00  -  Run Local Usage
		Usr 2 17:32:49, Sys 2 18:29:10  -  Total Remote Usage
		Usr 0 00:00:00, Sys 0 00:00:00  -  Total Local Usage
	254052  -  Run Bytes Sent By Job
	10951  -  Run Bytes Received By Job
	254052  -  Total Bytes Sent By Job
	21902  -  Total Bytes Received By Job
	Partitionable Resources :    Usage  Request Allocated 
	   Cpus                 :     0.98        1         1 
	   Disk (KB)            :   284          75      3815 
	   GPUs                 :                           0 
	   Memory (MB)          :  4124        2000      2000 

	Job terminated of its own accord at 2024-11-20T19:58:09Z with exit-code 0.
...
