000 (6753369.000.000) 06/10 18:31:05 Job submitted from host: <137.138.55.115:9618?addrs=137.138.55.115-9618+[2001-1458-d00-17--12a]-9618&alias=bigbird23.cern.ch&noUDP&sock=schedd_23881_f548>
...
040 (6753369.000.000) 06/10 18:34:02 Started transferring input files
	Transferring to host: <128.142.56.152:9618?addrs=128.142.56.152-9618&alias=b7s01p7132.cern.ch&noUDP&sock=slot1_33_6947_8a34_163116>
...
040 (6753369.000.000) 06/10 18:34:02 Finished transferring input files
...
001 (6753369.000.000) 06/10 18:34:03 Job executing on host: <128.142.56.152:9618?addrs=128.142.56.152-9618&alias=b7s01p7132.cern.ch&noUDP&sock=startd_6863_0690>
	SlotName: slot1_33@b7s01p7132.cern.ch
...
006 (6753369.000.000) 06/10 18:34:12 Image size of job updated: 373220
	138  -  MemoryUsage of job (MB)
	140560  -  ResidentSetSize of job (KB)
...
006 (6753369.000.000) 06/10 18:34:24 Image size of job updated: 906496
	138  -  MemoryUsage of job (MB)
	140560  -  ResidentSetSize of job (KB)
...
040 (6753369.000.000) 06/10 18:34:24 Started transferring output files
...
040 (6753369.000.000) 06/10 18:34:24 Finished transferring output files
...
005 (6753369.000.000) 06/10 18:34:24 Job terminated.
	(1) Normal termination (return value 0)
		Usr 0 00:00:10, Sys 0 00:00:01  -  Run Remote Usage
		Usr 0 00:00:00, Sys 0 00:00:00  -  Run Local Usage
		Usr 0 00:00:10, Sys 0 00:00:01  -  Total Remote Usage
		Usr 0 00:00:00, Sys 0 00:00:00  -  Total Local Usage
	9064  -  Run Bytes Sent By Job
	10932  -  Run Bytes Received By Job
	9064  -  Total Bytes Sent By Job
	10932  -  Total Bytes Received By Job
	Partitionable Resources :    Usage  Request Allocated 
	   Cpus                 :                 1         1 
	   Disk (KB)            :       33       12   1296826 
	   Memory (MB)          :      138     2000      2000 

	Job terminated of its own accord at 2024-06-10T16:34:24Z with exit-code 0.
...
000 (6781835.000.000) 06/16 18:28:44 Job submitted from host: <137.138.55.115:9618?addrs=137.138.55.115-9618+[2001-1458-d00-17--12a]-9618&alias=bigbird23.cern.ch&noUDP&sock=schedd_23881_f548>
...
040 (6781835.000.000) 06/16 18:56:03 Started transferring input files
	Transferring to host: <128.142.59.144:9618?addrs=128.142.59.144-9618&alias=b7s04p8256.cern.ch&noUDP&sock=slot1_8_7486_5069_167297>
...
040 (6781835.000.000) 06/16 18:56:03 Finished transferring input files
...
001 (6781835.000.000) 06/16 18:56:04 Job executing on host: <128.142.59.144:9618?addrs=128.142.59.144-9618&alias=b7s04p8256.cern.ch&noUDP&sock=startd_7439_1d1d>
	SlotName: slot1_8@b7s04p8256.cern.ch
...
006 (6781835.000.000) 06/16 18:56:12 Image size of job updated: 66888
	36  -  MemoryUsage of job (MB)
	36008  -  ResidentSetSize of job (KB)
...
006 (6781835.000.000) 06/16 18:56:51 Image size of job updated: 922408
	36  -  MemoryUsage of job (MB)
	36008  -  ResidentSetSize of job (KB)
...
040 (6781835.000.000) 06/16 18:56:51 Started transferring output files
...
040 (6781835.000.000) 06/16 18:56:52 Finished transferring output files
...
005 (6781835.000.000) 06/16 18:56:52 Job terminated.
	(1) Normal termination (return value 0)
		Usr 0 00:00:29, Sys 0 00:00:03  -  Run Remote Usage
		Usr 0 00:00:00, Sys 0 00:00:00  -  Run Local Usage
		Usr 0 00:00:29, Sys 0 00:00:03  -  Total Remote Usage
		Usr 0 00:00:00, Sys 0 00:00:00  -  Total Local Usage
	141589  -  Run Bytes Sent By Job
	10919  -  Run Bytes Received By Job
	141589  -  Total Bytes Sent By Job
	10919  -  Total Bytes Received By Job
	Partitionable Resources :    Usage  Request Allocated 
	   Cpus                 :                 1         1 
	   Disk (KB)            :      162       12   1255851 
	   Memory (MB)          :       36     2000      2000 

	Job terminated of its own accord at 2024-06-16T16:56:51Z with exit-code 0.
...
000 (6806081.000.000) 06/19 23:15:44 Job submitted from host: <137.138.55.115:9618?addrs=137.138.55.115-9618+[2001-1458-d00-17--12a]-9618&alias=bigbird23.cern.ch&noUDP&sock=schedd_23881_f548>
...
040 (6806081.000.000) 06/20 01:43:51 Started transferring input files
	Transferring to host: <128.142.56.154:9618?addrs=128.142.56.154-9618&alias=b7s01p2419.cern.ch&noUDP&sock=slot1_7_6925_09f3_172252>
...
001 (6806081.000.000) 06/20 01:43:54 Job executing on host: <128.142.56.154:9618?addrs=128.142.56.154-9618&alias=b7s01p2419.cern.ch&noUDP&sock=startd_6863_0690>
	SlotName: slot1_7@b7s01p2419.cern.ch
...
040 (6806081.000.000) 06/20 01:43:54 Finished transferring input files
...
006 (6806081.000.000) 06/20 01:44:02 Image size of job updated: 224144
	98  -  MemoryUsage of job (MB)
	99588  -  ResidentSetSize of job (KB)
...
006 (6806081.000.000) 06/20 01:47:09 Image size of job updated: 947348
	98  -  MemoryUsage of job (MB)
	99940  -  ResidentSetSize of job (KB)
...
040 (6806081.000.000) 06/20 01:47:10 Started transferring output files
...
040 (6806081.000.000) 06/20 01:47:10 Finished transferring output files
...
005 (6806081.000.000) 06/20 01:47:10 Job terminated.
	(1) Normal termination (return value 0)
		Usr 0 00:01:53, Sys 0 00:01:12  -  Run Remote Usage
		Usr 0 00:00:00, Sys 0 00:00:00  -  Run Local Usage
		Usr 0 00:01:53, Sys 0 00:01:12  -  Total Remote Usage
		Usr 0 00:00:00, Sys 0 00:00:00  -  Total Local Usage
	284087  -  Run Bytes Sent By Job
	10963  -  Run Bytes Received By Job
	284087  -  Total Bytes Sent By Job
	10963  -  Total Bytes Received By Job
	Partitionable Resources :    Usage  Request Allocated 
	   Cpus                 :     1.00        1         1 
	   Disk (KB)            :   309          12   1212744 
	   Memory (MB)          :    98        2000      2000 

	Job terminated of its own accord at 2024-06-19T23:47:09Z with exit-code 0.
...
000 (6806770.000.000) 06/20 09:58:00 Job submitted from host: <137.138.55.115:9618?addrs=137.138.55.115-9618+[2001-1458-d00-17--12a]-9618&alias=bigbird23.cern.ch&noUDP&sock=schedd_23881_f548>
...
040 (6806770.000.000) 06/20 09:58:20 Started transferring input files
	Transferring to host: <128.142.57.84:9618?addrs=128.142.57.84-9618+[2001-1458-301-7--100-53]-9618&alias=b7s02p4931.cern.ch&noUDP&sock=slot1_2_33544_884d_165384>
...
040 (6806770.000.000) 06/20 09:58:20 Finished transferring input files
...
001 (6806770.000.000) 06/20 09:58:21 Job executing on host: <128.142.57.84:9618?addrs=128.142.57.84-9618+[2001-1458-301-7--100-53]-9618&alias=b7s02p4931.cern.ch&noUDP&sock=startd_33506_e856>
	SlotName: slot1_2@b7s02p4931.cern.ch
...
006 (6806770.000.000) 06/20 09:58:28 Image size of job updated: 816896
	0  -  MemoryUsage of job (MB)
	0  -  ResidentSetSize of job (KB)
...
040 (6806770.000.000) 06/20 09:58:28 Started transferring output files
...
040 (6806770.000.000) 06/20 09:58:28 Finished transferring output files
...
005 (6806770.000.000) 06/20 09:58:28 Job terminated.
	(1) Normal termination (return value 1)
		Usr 0 00:00:03, Sys 0 00:00:01  -  Run Remote Usage
		Usr 0 00:00:00, Sys 0 00:00:00  -  Run Local Usage
		Usr 0 00:00:03, Sys 0 00:00:01  -  Total Remote Usage
		Usr 0 00:00:00, Sys 0 00:00:00  -  Total Local Usage
	5424  -  Run Bytes Sent By Job
	10953  -  Run Bytes Received By Job
	5424  -  Total Bytes Sent By Job
	10953  -  Total Bytes Received By Job
	Partitionable Resources :    Usage  Request Allocated 
	   Cpus                 :                 1         1 
	   Disk (KB)            :       31       12   1193763 
	   Memory (MB)          :        0     2000      2000 

	Job terminated of its own accord at 2024-06-20T07:58:28Z with exit-code 1.
...
000 (6806847.000.000) 06/20 10:46:35 Job submitted from host: <137.138.55.115:9618?addrs=137.138.55.115-9618+[2001-1458-d00-17--12a]-9618&alias=bigbird23.cern.ch&noUDP&sock=schedd_23881_f548>
...
040 (6806847.000.000) 06/20 10:55:10 Started transferring input files
	Transferring to host: <128.142.56.145:9618?addrs=128.142.56.145-9618&alias=b7s01p9929.cern.ch&noUDP&sock=slot1_17_6916_b292_172944>
...
040 (6806847.000.000) 06/20 10:55:10 Finished transferring input files
...
001 (6806847.000.000) 06/20 10:55:11 Job executing on host: <128.142.56.145:9618?addrs=128.142.56.145-9618&alias=b7s01p9929.cern.ch&noUDP&sock=startd_6864_b628>
	SlotName: slot1_17@b7s01p9929.cern.ch
...
006 (6806847.000.000) 06/20 10:55:20 Image size of job updated: 886144
	157  -  MemoryUsage of job (MB)
	160104  -  ResidentSetSize of job (KB)
...
006 (6806847.000.000) 06/20 10:58:06 Image size of job updated: 955816
	157  -  MemoryUsage of job (MB)
	160104  -  ResidentSetSize of job (KB)
...
040 (6806847.000.000) 06/20 10:58:06 Started transferring output files
...
040 (6806847.000.000) 06/20 10:58:06 Finished transferring output files
...
005 (6806847.000.000) 06/20 10:58:06 Job terminated.
	(1) Normal termination (return value 0)
		Usr 0 00:01:49, Sys 0 00:00:58  -  Run Remote Usage
		Usr 0 00:00:00, Sys 0 00:00:00  -  Run Local Usage
		Usr 0 00:01:49, Sys 0 00:00:58  -  Total Remote Usage
		Usr 0 00:00:00, Sys 0 00:00:00  -  Total Local Usage
	284889  -  Run Bytes Sent By Job
	10953  -  Run Bytes Received By Job
	284889  -  Total Bytes Sent By Job
	10953  -  Total Bytes Received By Job
	Partitionable Resources :    Usage  Request Allocated 
	   Cpus                 :                 1         1 
	   Disk (KB)            :      303       12   1196522 
	   Memory (MB)          :      157     2000      2000 

	Job terminated of its own accord at 2024-06-20T08:58:06Z with exit-code 0.
...
000 (6812917.000.000) 06/20 17:45:58 Job submitted from host: <137.138.55.115:9618?addrs=137.138.55.115-9618+[2001-1458-d00-17--12a]-9618&alias=bigbird23.cern.ch&noUDP&sock=schedd_23881_f548>
...
040 (6812917.000.000) 06/20 17:58:30 Started transferring input files
	Transferring to host: <128.142.56.92:9618?addrs=128.142.56.92-9618&alias=b7s01p5391.cern.ch&noUDP&sock=slot1_5_6925_09f3_172998>
...
040 (6812917.000.000) 06/20 17:58:30 Finished transferring input files
...
001 (6812917.000.000) 06/20 17:58:31 Job executing on host: <128.142.56.92:9618?addrs=128.142.56.92-9618&alias=b7s01p5391.cern.ch&noUDP&sock=startd_6860_f7c7>
	SlotName: slot1_5@b7s01p5391.cern.ch
...
006 (6812917.000.000) 06/20 17:58:39 Image size of job updated: 196452
	81  -  MemoryUsage of job (MB)
	82668  -  ResidentSetSize of job (KB)
...
006 (6812917.000.000) 06/20 17:58:42 Image size of job updated: 297952
	82  -  MemoryUsage of job (MB)
	83056  -  ResidentSetSize of job (KB)
...
040 (6812917.000.000) 06/20 17:58:42 Started transferring output files
...
040 (6812917.000.000) 06/20 17:58:43 Finished transferring output files
...
005 (6812917.000.000) 06/20 17:58:43 Job terminated.
	(1) Normal termination (return value 1)
		Usr 0 00:00:02, Sys 0 00:00:01  -  Run Remote Usage
		Usr 0 00:00:00, Sys 0 00:00:00  -  Run Local Usage
		Usr 0 00:00:02, Sys 0 00:00:01  -  Total Remote Usage
		Usr 0 00:00:00, Sys 0 00:00:00  -  Total Local Usage
	6236  -  Run Bytes Sent By Job
	10955  -  Run Bytes Received By Job
	6236  -  Total Bytes Sent By Job
	10955  -  Total Bytes Received By Job
	Partitionable Resources :    Usage  Request Allocated 
	   Cpus                 :                 1         1 
	   Disk (KB)            :       30       12   1228622 
	   Memory (MB)          :       82     2000      2000 

	Job terminated of its own accord at 2024-06-20T15:58:42Z with exit-code 1.
...
000 (6819131.000.000) 06/21 10:44:25 Job submitted from host: <137.138.55.115:9618?addrs=137.138.55.115-9618+[2001-1458-d00-17--12a]-9618&alias=bigbird23.cern.ch&noUDP&sock=schedd_23881_f548>
...
040 (6819131.000.000) 06/21 12:03:46 Started transferring input files
	Transferring to host: <128.142.56.66:9618?addrs=128.142.56.66-9618&alias=b7s01p1980.cern.ch&noUDP&sock=slot1_12_6908_0f92_171989>
...
040 (6819131.000.000) 06/21 12:03:46 Finished transferring input files
...
001 (6819131.000.000) 06/21 12:03:47 Job executing on host: <128.142.56.66:9618?addrs=128.142.56.66-9618&alias=b7s01p1980.cern.ch&noUDP&sock=startd_6856_3966>
	SlotName: slot1_12@b7s01p1980.cern.ch
...
006 (6819131.000.000) 06/21 12:03:56 Image size of job updated: 100124
	62  -  MemoryUsage of job (MB)
	63180  -  ResidentSetSize of job (KB)
...
006 (6819131.000.000) 06/21 12:06:59 Image size of job updated: 958056
	62  -  MemoryUsage of job (MB)
	63180  -  ResidentSetSize of job (KB)
...
040 (6819131.000.000) 06/21 12:06:59 Started transferring output files
...
040 (6819131.000.000) 06/21 12:06:59 Finished transferring output files
...
005 (6819131.000.000) 06/21 12:06:59 Job terminated.
	(1) Normal termination (return value 0)
		Usr 0 00:01:50, Sys 0 00:01:08  -  Run Remote Usage
		Usr 0 00:00:00, Sys 0 00:00:00  -  Run Local Usage
		Usr 0 00:01:50, Sys 0 00:01:08  -  Total Remote Usage
		Usr 0 00:00:00, Sys 0 00:00:00  -  Total Local Usage
	23125  -  Run Bytes Sent By Job
	10959  -  Run Bytes Received By Job
	23125  -  Total Bytes Sent By Job
	10959  -  Total Bytes Received By Job
	Partitionable Resources :    Usage  Request Allocated 
	   Cpus                 :                 1         1 
	   Disk (KB)            :       47       12   1351401 
	   Memory (MB)          :       62     2000      2000 

	Job terminated of its own accord at 2024-06-21T10:06:59Z with exit-code 0.
...
000 (6822056.000.000) 06/22 20:55:07 Job submitted from host: <137.138.55.115:9618?addrs=137.138.55.115-9618+[2001-1458-d00-17--12a]-9618&alias=bigbird23.cern.ch&noUDP&sock=schedd_23881_f548>
...
040 (6822056.000.000) 06/22 21:29:44 Started transferring input files
	Transferring to host: <128.142.57.17:9618?addrs=128.142.57.17-9618+[2001-1458-301-7--100-10]-9618&alias=b7s02p2973.cern.ch&noUDP&sock=slot1_19_3318_94c0_96820>
...
040 (6822056.000.000) 06/22 21:29:44 Finished transferring input files
...
001 (6822056.000.000) 06/22 21:29:45 Job executing on host: <128.142.57.17:9618?addrs=128.142.57.17-9618+[2001-1458-301-7--100-10]-9618&alias=b7s02p2973.cern.ch&noUDP&sock=startd_2809_519f>
	SlotName: slot1_19@b7s02p2973.cern.ch
...
006 (6822056.000.000) 06/22 21:29:54 Image size of job updated: 893192
	8  -  MemoryUsage of job (MB)
	7724  -  ResidentSetSize of job (KB)
...
006 (6822056.000.000) 06/22 21:34:21 Image size of job updated: 954740
	8  -  MemoryUsage of job (MB)
	7724  -  ResidentSetSize of job (KB)
...
040 (6822056.000.000) 06/22 21:34:21 Started transferring output files
...
040 (6822056.000.000) 06/22 21:34:21 Finished transferring output files
...
005 (6822056.000.000) 06/22 21:34:21 Job terminated.
	(1) Normal termination (return value 0)
		Usr 0 00:01:58, Sys 0 00:01:12  -  Run Remote Usage
		Usr 0 00:00:00, Sys 0 00:00:00  -  Run Local Usage
		Usr 0 00:01:58, Sys 0 00:01:12  -  Total Remote Usage
		Usr 0 00:00:00, Sys 0 00:00:00  -  Total Local Usage
	23131  -  Run Bytes Sent By Job
	10961  -  Run Bytes Received By Job
	23131  -  Total Bytes Sent By Job
	10961  -  Total Bytes Received By Job
	Partitionable Resources :    Usage  Request Allocated 
	   Cpus                 :                 1         1 
	   Disk (KB)            :       47       12   1270029 
	   Memory (MB)          :        8     2000      2000 

	Job terminated of its own accord at 2024-06-22T19:34:21Z with exit-code 0.
...
000 (6932077.000.000) 07/11 12:20:03 Job submitted from host: <137.138.55.115:9618?addrs=137.138.55.115-9618+[2001-1458-d00-17--12a]-9618&alias=bigbird23.cern.ch&noUDP&sock=schedd_23881_f548>
...
040 (6932077.000.000) 07/11 13:53:56 Started transferring input files
	Transferring to host: <128.142.59.153:9618?addrs=128.142.59.153-9618&alias=b7s04p8425.cern.ch&noUDP&sock=slot1_2_6918_1b52_194070>
...
040 (6932077.000.000) 07/11 13:53:56 Finished transferring input files
...
001 (6932077.000.000) 07/11 13:53:57 Job executing on host: <128.142.59.153:9618?addrs=128.142.59.153-9618&alias=b7s04p8425.cern.ch&noUDP&sock=startd_6853_2a9d>
	SlotName: slot1_2@b7s04p8425.cern.ch
...
006 (6932077.000.000) 07/11 13:54:06 Image size of job updated: 296720
	147  -  MemoryUsage of job (MB)
	150360  -  ResidentSetSize of job (KB)
...
006 (6932077.000.000) 07/11 13:59:07 Image size of job updated: 967148
	250  -  MemoryUsage of job (MB)
	255576  -  ResidentSetSize of job (KB)
...
006 (6932077.000.000) 07/11 14:01:58 Image size of job updated: 997220
	250  -  MemoryUsage of job (MB)
	255576  -  ResidentSetSize of job (KB)
...
040 (6932077.000.000) 07/11 14:01:58 Started transferring output files
...
040 (6932077.000.000) 07/11 14:01:58 Finished transferring output files
...
005 (6932077.000.000) 07/11 14:01:58 Job terminated.
	(1) Normal termination (return value 0)
		Usr 0 00:04:17, Sys 0 00:03:32  -  Run Remote Usage
		Usr 0 00:00:00, Sys 0 00:00:00  -  Run Local Usage
		Usr 0 00:04:17, Sys 0 00:03:32  -  Total Remote Usage
		Usr 0 00:00:00, Sys 0 00:00:00  -  Total Local Usage
	34895  -  Run Bytes Sent By Job
	10973  -  Run Bytes Received By Job
	34895  -  Total Bytes Sent By Job
	10973  -  Total Bytes Received By Job
	Partitionable Resources :    Usage  Request Allocated 
	   Cpus                 :     1.00        1         1 
	   Disk (KB)            :    65          12   1256923 
	   Memory (MB)          :   250        2000      2000 

	Job terminated of its own accord at 2024-07-11T12:01:58Z with exit-code 0.
...
000 (6932591.000.000) 07/11 14:55:13 Job submitted from host: <137.138.55.115:9618?addrs=137.138.55.115-9618+[2001-1458-d00-17--12a]-9618&alias=bigbird23.cern.ch&noUDP&sock=schedd_23881_f548>
...
040 (6932591.000.000) 07/11 14:58:04 Started transferring input files
	Transferring to host: <128.142.59.55:9618?addrs=128.142.59.55-9618+[2001-1458-301-21--100-36]-9618&alias=b7s04p9106.cern.ch&noUDP&sock=slot1_15_26740_7fb8_196458>
...
040 (6932591.000.000) 07/11 14:58:04 Finished transferring input files
...
001 (6932591.000.000) 07/11 14:58:05 Job executing on host: <128.142.59.55:9618?addrs=128.142.59.55-9618+[2001-1458-301-21--100-36]-9618&alias=b7s04p9106.cern.ch&noUDP&sock=startd_26701_3e5b>
	SlotName: slot1_15@b7s04p9106.cern.ch
...
006 (6932591.000.000) 07/11 14:58:13 Image size of job updated: 275332
	157  -  MemoryUsage of job (MB)
	160036  -  ResidentSetSize of job (KB)
...
006 (6932591.000.000) 07/11 15:03:13 Image size of job updated: 976804
	229  -  MemoryUsage of job (MB)
	233552  -  ResidentSetSize of job (KB)
...
006 (6932591.000.000) 07/11 15:05:50 Image size of job updated: 995316
	233  -  MemoryUsage of job (MB)
	238140  -  ResidentSetSize of job (KB)
...
040 (6932591.000.000) 07/11 15:05:50 Started transferring output files
...
040 (6932591.000.000) 07/11 15:05:50 Finished transferring output files
...
005 (6932591.000.000) 07/11 15:05:51 Job terminated.
	(1) Normal termination (return value 0)
		Usr 0 00:04:14, Sys 0 00:03:23  -  Run Remote Usage
		Usr 0 00:00:00, Sys 0 00:00:00  -  Run Local Usage
		Usr 0 00:04:14, Sys 0 00:03:23  -  Total Remote Usage
		Usr 0 00:00:00, Sys 0 00:00:00  -  Total Local Usage
	34895  -  Run Bytes Sent By Job
	10973  -  Run Bytes Received By Job
	34895  -  Total Bytes Sent By Job
	10973  -  Total Bytes Received By Job
	Partitionable Resources :    Usage  Request Allocated 
	   Cpus                 :     1.00        1         1 
	   Disk (KB)            :    67          12   1289498 
	   Memory (MB)          :   233        2000      2000 

	Job terminated of its own accord at 2024-07-11T13:05:50Z with exit-code 0.
...
000 (6942112.000.000) 07/15 18:01:35 Job submitted from host: <137.138.55.115:9618?addrs=137.138.55.115-9618+[2001-1458-d00-17--12a]-9618&alias=bigbird23.cern.ch&noUDP&sock=schedd_23881_f548>
...
040 (6942112.000.000) 07/15 18:07:39 Started transferring input files
	Transferring to host: <128.142.57.68:9618?addrs=128.142.57.68-9618&alias=b7s02p2719.cern.ch&noUDP&sock=slot1_20_7431_8fc7_198908>
...
040 (6942112.000.000) 07/15 18:07:39 Finished transferring input files
...
001 (6942112.000.000) 07/15 18:07:40 Job executing on host: <128.142.57.68:9618?addrs=128.142.57.68-9618&alias=b7s02p2719.cern.ch&noUDP&sock=startd_7364_ab82>
	SlotName: slot1_20@b7s02p2719.cern.ch
...
006 (6942112.000.000) 07/15 18:07:49 Image size of job updated: 713296
	182  -  MemoryUsage of job (MB)
	186196  -  ResidentSetSize of job (KB)
...
006 (6942112.000.000) 07/15 18:12:49 Image size of job updated: 969312
	252  -  MemoryUsage of job (MB)
	257080  -  ResidentSetSize of job (KB)
...
006 (6942112.000.000) 07/15 18:15:13 Image size of job updated: 999816
	255  -  MemoryUsage of job (MB)
	260560  -  ResidentSetSize of job (KB)
...
040 (6942112.000.000) 07/15 18:15:13 Started transferring output files
...
040 (6942112.000.000) 07/15 18:15:13 Finished transferring output files
...
005 (6942112.000.000) 07/15 18:15:13 Job terminated.
	(1) Normal termination (return value 0)
		Usr 0 00:03:56, Sys 0 00:03:31  -  Run Remote Usage
		Usr 0 00:00:00, Sys 0 00:00:00  -  Run Local Usage
		Usr 0 00:03:56, Sys 0 00:03:31  -  Total Remote Usage
		Usr 0 00:00:00, Sys 0 00:00:00  -  Total Local Usage
	35351  -  Run Bytes Sent By Job
	10981  -  Run Bytes Received By Job
	35351  -  Total Bytes Sent By Job
	10981  -  Total Bytes Received By Job
	Partitionable Resources :    Usage  Request Allocated 
	   Cpus                 :     1.00        1         1 
	   Disk (KB)            :    65          12   1303696 
	   Memory (MB)          :   255        2000      2000 

	Job terminated of its own accord at 2024-07-15T16:15:13Z with exit-code 0.
...
000 (6942417.000.000) 07/15 22:57:31 Job submitted from host: <137.138.55.115:9618?addrs=137.138.55.115-9618+[2001-1458-d00-17--12a]-9618&alias=bigbird23.cern.ch&noUDP&sock=schedd_23881_f548>
...
040 (6942417.000.000) 07/15 23:01:04 Started transferring input files
	Transferring to host: <128.142.56.171:9618?addrs=128.142.56.171-9618&alias=b7s01p4422.cern.ch&noUDP&sock=slot1_8_7057_0b78_198889>
...
040 (6942417.000.000) 07/15 23:01:04 Finished transferring input files
...
001 (6942417.000.000) 07/15 23:01:05 Job executing on host: <128.142.56.171:9618?addrs=128.142.56.171-9618&alias=b7s01p4422.cern.ch&noUDP&sock=startd_6991_d2af>
	SlotName: slot1_8@b7s01p4422.cern.ch
...
006 (6942417.000.000) 07/15 23:01:14 Image size of job updated: 529776
	72  -  MemoryUsage of job (MB)
	73628  -  ResidentSetSize of job (KB)
...
006 (6942417.000.000) 07/15 23:06:15 Image size of job updated: 962464
	245  -  MemoryUsage of job (MB)
	250848  -  ResidentSetSize of job (KB)
...
006 (6942417.000.000) 07/15 23:08:49 Image size of job updated: 992308
	247  -  MemoryUsage of job (MB)
	252524  -  ResidentSetSize of job (KB)
...
040 (6942417.000.000) 07/15 23:08:49 Started transferring output files
...
040 (6942417.000.000) 07/15 23:08:49 Finished transferring output files
...
005 (6942417.000.000) 07/15 23:08:49 Job terminated.
	(1) Normal termination (return value 0)
		Usr 0 00:04:04, Sys 0 00:03:22  -  Run Remote Usage
		Usr 0 00:00:00, Sys 0 00:00:00  -  Run Local Usage
		Usr 0 00:04:04, Sys 0 00:03:22  -  Total Remote Usage
		Usr 0 00:00:00, Sys 0 00:00:00  -  Total Local Usage
	35351  -  Run Bytes Sent By Job
	10973  -  Run Bytes Received By Job
	35351  -  Total Bytes Sent By Job
	10973  -  Total Bytes Received By Job
	Partitionable Resources :    Usage  Request Allocated 
	   Cpus                 :     0.99        1         1 
	   Disk (KB)            :    66          12   1145623 
	   Memory (MB)          :   247        2000      2000 

	Job terminated of its own accord at 2024-07-15T21:08:49Z with exit-code 0.
...
000 (7088348.000.000) 09/13 01:49:47 Job submitted from host: <137.138.55.115:9618?addrs=137.138.55.115-9618+[2001-1458-d00-17--12a]-9618&alias=bigbird23.cern.ch&noUDP&sock=schedd_23881_f548>
...
040 (7088348.000.000) 09/13 01:49:54 Started transferring input files
	Transferring to host: <188.185.206.200:9618?addrs=188.185.206.200-9618+[2001-1458-303-c--100-45]-9618&alias=b9p06p1686.cern.ch&noUDP&sock=slot1_19_4777_941b_36714>
...
040 (7088348.000.000) 09/13 01:49:54 Finished transferring input files
...
001 (7088348.000.000) 09/13 01:49:55 Job executing on host: <188.185.206.200:9618?addrs=188.185.206.200-9618+[2001-1458-303-c--100-45]-9618&alias=b9p06p1686.cern.ch&noUDP&sock=startd_4093_0939>
	SlotName: slot1_19@b9p06p1686.cern.ch
	CondorScratchDir = "/pool/condor/dir_225391"
	Cpus = 1
	Disk = 2572666
	Memory = 2000
...
006 (7088348.000.000) 09/13 01:50:01 Image size of job updated: 453388
	321  -  MemoryUsage of job (MB)
	328272  -  ResidentSetSize of job (KB)
...
040 (7088348.000.000) 09/13 01:50:01 Started transferring output files
...
040 (7088348.000.000) 09/13 01:50:01 Finished transferring output files
...
005 (7088348.000.000) 09/13 01:50:01 Job terminated.
	(1) Normal termination (return value 1)
		Usr 0 00:00:01, Sys 0 00:00:01  -  Run Remote Usage
		Usr 0 00:00:00, Sys 0 00:00:00  -  Run Local Usage
		Usr 0 00:00:01, Sys 0 00:00:01  -  Total Remote Usage
		Usr 0 00:00:00, Sys 0 00:00:00  -  Total Local Usage
	1221  -  Run Bytes Sent By Job
	10926  -  Run Bytes Received By Job
	1221  -  Total Bytes Sent By Job
	10926  -  Total Bytes Received By Job
	Partitionable Resources :    Usage  Request Allocated 
	   Cpus                 :                 1         1 
	   Disk (KB)            :       30       12   2572666 
	   Memory (MB)          :      321     2000      2000 

	Job terminated of its own accord at 2024-09-12T23:50:01Z with exit-code 1.
...
000 (7088350.000.000) 09/13 01:51:47 Job submitted from host: <137.138.55.115:9618?addrs=137.138.55.115-9618+[2001-1458-d00-17--12a]-9618&alias=bigbird23.cern.ch&noUDP&sock=schedd_23881_f548>
...
040 (7088350.000.000) 09/13 01:55:26 Started transferring input files
	Transferring to host: <188.185.198.92:9618?addrs=188.185.198.92-9618+[2001-1458-303-25--100-58]-9618&alias=b9p15p3439.cern.ch&noUDP&sock=slot1_17_11927_667e_30504>
...
040 (7088350.000.000) 09/13 01:55:26 Finished transferring input files
...
001 (7088350.000.000) 09/13 01:55:27 Job executing on host: <188.185.198.92:9618?addrs=188.185.198.92-9618+[2001-1458-303-25--100-58]-9618&alias=b9p15p3439.cern.ch&noUDP&sock=startd_11789_da16>
	SlotName: slot1_17@b9p15p3439.cern.ch
	CondorScratchDir = "/pool/condor/dir_812645"
	Cpus = 1
	Disk = 2863250
	Memory = 2000
...
006 (7088350.000.000) 09/13 01:55:35 Image size of job updated: 453884
	322  -  MemoryUsage of job (MB)
	329128  -  ResidentSetSize of job (KB)
...
040 (7088350.000.000) 09/13 01:55:35 Started transferring output files
...
040 (7088350.000.000) 09/13 01:55:35 Finished transferring output files
...
005 (7088350.000.000) 09/13 01:55:35 Job terminated.
	(1) Normal termination (return value 1)
		Usr 0 00:00:02, Sys 0 00:00:01  -  Run Remote Usage
		Usr 0 00:00:00, Sys 0 00:00:00  -  Run Local Usage
		Usr 0 00:00:02, Sys 0 00:00:01  -  Total Remote Usage
		Usr 0 00:00:00, Sys 0 00:00:00  -  Total Local Usage
	1221  -  Run Bytes Sent By Job
	10929  -  Run Bytes Received By Job
	1221  -  Total Bytes Sent By Job
	10929  -  Total Bytes Received By Job
	Partitionable Resources :    Usage  Request Allocated 
	   Cpus                 :        0        1         1 
	   Disk (KB)            :       36       12   2863250 
	   Memory (MB)          :      322     2000      2000 

	Job terminated of its own accord at 2024-09-12T23:55:35Z with exit-code 1.
...
000 (7088387.000.000) 09/13 02:13:57 Job submitted from host: <137.138.55.115:9618?addrs=137.138.55.115-9618+[2001-1458-d00-17--12a]-9618&alias=bigbird23.cern.ch&noUDP&sock=schedd_23881_f548>
...
040 (7088387.000.000) 09/13 02:17:25 Started transferring input files
	Transferring to host: <128.142.33.57:9618?addrs=128.142.33.57-9618+[2001-1458-301-53--100-36]-9618&alias=b9g34p9084.cern.ch&noUDP&sock=slot1_19_573613_fff7_17484>
...
040 (7088387.000.000) 09/13 02:17:25 Finished transferring input files
...
001 (7088387.000.000) 09/13 02:17:26 Job executing on host: <128.142.33.57:9618?addrs=128.142.33.57-9618+[2001-1458-301-53--100-36]-9618&alias=b9g34p9084.cern.ch&noUDP&sock=startd_6339_9aef>
	SlotName: slot1_19@b9g34p9084.cern.ch
	CondorScratchDir = "/pool/condor/dir_3297053"
	Cpus = 1
	Disk = 2913323
	Memory = 2000
...
006 (7088387.000.000) 09/13 02:17:35 Image size of job updated: 139876
	137  -  MemoryUsage of job (MB)
	139876  -  ResidentSetSize of job (KB)
...
006 (7088387.000.000) 09/13 02:22:36 Image size of job updated: 681528
	650  -  MemoryUsage of job (MB)
	664716  -  ResidentSetSize of job (KB)
...
006 (7088387.000.000) 09/13 02:27:37 Image size of job updated: 716500
	676  -  MemoryUsage of job (MB)
	691620  -  ResidentSetSize of job (KB)
...
006 (7088387.000.000) 09/13 02:32:37 Image size of job updated: 753088
	705  -  MemoryUsage of job (MB)
	721232  -  ResidentSetSize of job (KB)
...
006 (7088387.000.000) 09/13 02:37:38 Image size of job updated: 764244
	705  -  MemoryUsage of job (MB)
	721232  -  ResidentSetSize of job (KB)
...
006 (7088387.000.000) 09/13 04:21:47 Image size of job updated: 894388
	705  -  MemoryUsage of job (MB)
	721232  -  ResidentSetSize of job (KB)
...
040 (7088387.000.000) 09/13 04:21:47 Started transferring output files
...
040 (7088387.000.000) 09/13 04:21:47 Finished transferring output files
...
005 (7088387.000.000) 09/13 04:21:47 Job terminated.
	(1) Normal termination (return value 0)
		Usr 0 01:10:20, Sys 0 00:53:04  -  Run Remote Usage
		Usr 0 00:00:00, Sys 0 00:00:00  -  Run Local Usage
		Usr 0 01:10:20, Sys 0 00:53:04  -  Total Remote Usage
		Usr 0 00:00:00, Sys 0 00:00:00  -  Total Local Usage
	125134  -  Run Bytes Sent By Job
	10930  -  Run Bytes Received By Job
	125134  -  Total Bytes Sent By Job
	10930  -  Total Bytes Received By Job
	Partitionable Resources :    Usage  Request Allocated 
	   Cpus                 :     0.99        1         1 
	   Disk (KB)            :   154          12   2913323 
	   Memory (MB)          :   705        2000      2000 

	Job terminated of its own accord at 2024-09-13T02:21:47Z with exit-code 0.
...
000 (7407019.000.000) 10/24 18:39:07 Job submitted from host: <137.138.55.115:9618?addrs=137.138.55.115-9618+[2001-1458-d00-17--12a]-9618&alias=bigbird23.cern.ch&noUDP&sock=schedd_4975_03c1>
...
040 (7407019.000.000) 10/24 18:40:46 Started transferring input files
	Transferring to host: <128.142.33.200:9618?addrs=128.142.33.200-9618+[2001-1458-301-39--100-5]-9618&alias=b9g24p9655.cern.ch&noUDP&sock=slot1_8_7201_817e_76613>
...
040 (7407019.000.000) 10/24 18:40:46 Finished transferring input files
...
001 (7407019.000.000) 10/24 18:40:47 Job executing on host: <128.142.33.200:9618?addrs=128.142.33.200-9618+[2001-1458-301-39--100-5]-9618&alias=b9g24p9655.cern.ch&noUDP&sock=startd_6309_0718>
	SlotName: slot1_8@b9g24p9655.cern.ch
	CondorScratchDir = "/pool/condor/dir_2995493"
	Cpus = 1
	Disk = 2060711
	Memory = 2000
...
006 (7407019.000.000) 10/24 18:40:55 Image size of job updated: 500248
	489  -  MemoryUsage of job (MB)
	500248  -  ResidentSetSize of job (KB)
...
006 (7407019.000.000) 10/24 18:45:55 Image size of job updated: 716612
	672  -  MemoryUsage of job (MB)
	687496  -  ResidentSetSize of job (KB)
...
006 (7407019.000.000) 10/24 18:50:56 Image size of job updated: 745984
	672  -  MemoryUsage of job (MB)
	687496  -  ResidentSetSize of job (KB)
...
040 (7407019.000.000) 10/24 18:52:41 Started transferring output files
...
040 (7407019.000.000) 10/24 18:52:41 Finished transferring output files
...
005 (7407019.000.000) 10/24 18:52:41 Job terminated.
	(1) Normal termination (return value 0)
		Usr 0 00:08:22, Sys 0 00:03:13  -  Run Remote Usage
		Usr 0 00:00:00, Sys 0 00:00:00  -  Run Local Usage
		Usr 0 00:08:22, Sys 0 00:03:13  -  Total Remote Usage
		Usr 0 00:00:00, Sys 0 00:00:00  -  Total Local Usage
	50773  -  Run Bytes Sent By Job
	10931  -  Run Bytes Received By Job
	50773  -  Total Bytes Sent By Job
	10931  -  Total Bytes Received By Job
	Partitionable Resources :    Usage  Request Allocated 
	   Cpus                 :     0.98        1         1 
	   Disk (KB)            :    82          12   2060711 
	   Memory (MB)          :   672        2000      2000 

	Job terminated of its own accord at 2024-10-24T16:52:41Z with exit-code 0.
...
000 (7709089.000.000) 11/09 21:24:43 Job submitted from host: <137.138.55.115:9618?addrs=137.138.55.115-9618+[2001-1458-d00-17--12a]-9618&alias=bigbird23.cern.ch&noUDP&sock=schedd_4975_03c1>
...
040 (7709089.000.000) 11/09 22:38:46 Started transferring input files
	Transferring to host: <128.142.33.53:9618?addrs=128.142.33.53-9618+[2001-1458-301-53--100-32]-9618&alias=b9g34p7549.cern.ch&noUDP&sock=slot1_1_6531_6e23_1218>
...
040 (7709089.000.000) 11/09 22:38:46 Finished transferring input files
...
001 (7709089.000.000) 11/09 22:38:47 Job executing on host: <128.142.33.53:9618?addrs=128.142.33.53-9618+[2001-1458-301-53--100-32]-9618&alias=b9g34p7549.cern.ch&noUDP&sock=startd_5801_94fb>
	SlotName: slot1_1@b9g34p7549.cern.ch
	CondorScratchDir = "/pool/condor/dir_3278250"
	Cpus = 1
	Disk = 2815498
	Memory = 2000
...
006 (7709089.000.000) 11/09 22:38:55 Image size of job updated: 142784
	139  -  MemoryUsage of job (MB)
	142096  -  ResidentSetSize of job (KB)
...
006 (7709089.000.000) 11/09 22:39:00 Image size of job updated: 208268
	139  -  MemoryUsage of job (MB)
	142096  -  ResidentSetSize of job (KB)
...
040 (7709089.000.000) 11/09 22:39:00 Started transferring output files
...
040 (7709089.000.000) 11/09 22:39:00 Finished transferring output files
...
005 (7709089.000.000) 11/09 22:39:00 Job terminated.
	(1) Normal termination (return value 1)
		Usr 0 00:00:05, Sys 0 00:00:01  -  Run Remote Usage
		Usr 0 00:00:00, Sys 0 00:00:00  -  Run Local Usage
		Usr 0 00:00:05, Sys 0 00:00:01  -  Total Remote Usage
		Usr 0 00:00:00, Sys 0 00:00:00  -  Total Local Usage
	5893  -  Run Bytes Sent By Job
	10834  -  Run Bytes Received By Job
	5893  -  Total Bytes Sent By Job
	10834  -  Total Bytes Received By Job
	Partitionable Resources :    Usage  Request Allocated 
	   Cpus                 :        0        1         1 
	   Disk (KB)            :       39       12   2815498 
	   Memory (MB)          :      139     2000      2000 

	Job terminated of its own accord at 2024-11-09T21:39:00Z with exit-code 1.
...
000 (7709617.000.000) 11/10 01:19:20 Job submitted from host: <137.138.55.115:9618?addrs=137.138.55.115-9618+[2001-1458-d00-17--12a]-9618&alias=bigbird23.cern.ch&noUDP&sock=schedd_4975_03c1>
...
040 (7709617.000.000) 11/10 02:47:34 Started transferring input files
	Transferring to host: <188.185.192.138:9618?addrs=188.185.192.138-9618+[2001-1458-303-1f--100-86]-9618&alias=b9p13p9939.cern.ch&noUDP&sock=slot1_18_6609_6366_26148>
...
040 (7709617.000.000) 11/10 02:47:34 Finished transferring input files
...
001 (7709617.000.000) 11/10 02:47:35 Job executing on host: <188.185.192.138:9618?addrs=188.185.192.138-9618+[2001-1458-303-1f--100-86]-9618&alias=b9p13p9939.cern.ch&noUDP&sock=startd_5604_74d3>
	SlotName: slot1_18@b9p13p9939.cern.ch
	CondorScratchDir = "/pool/condor/dir_1978318"
	Cpus = 1
	Disk = 3807
	GPUs = 0
	Memory = 2000
...
006 (7709617.000.000) 11/10 02:47:44 Image size of job updated: 168132
	165  -  MemoryUsage of job (MB)
	168132  -  ResidentSetSize of job (KB)
...
006 (7709617.000.000) 11/10 02:52:45 Image size of job updated: 248096
	243  -  MemoryUsage of job (MB)
	248096  -  ResidentSetSize of job (KB)
...
006 (7709617.000.000) 11/10 02:57:45 Image size of job updated: 295764
	289  -  MemoryUsage of job (MB)
	295764  -  ResidentSetSize of job (KB)
...
006 (7709617.000.000) 11/10 03:02:45 Image size of job updated: 316000
	309  -  MemoryUsage of job (MB)
	316000  -  ResidentSetSize of job (KB)
...
040 (7709617.000.000) 11/10 03:06:42 Started transferring output files
...
040 (7709617.000.000) 11/10 03:06:42 Finished transferring output files
...
005 (7709617.000.000) 11/10 03:06:42 Job terminated.
	(1) Normal termination (return value 1)
		Usr 0 00:14:51, Sys 0 00:03:56  -  Run Remote Usage
		Usr 0 00:00:00, Sys 0 00:00:00  -  Run Local Usage
		Usr 0 00:14:51, Sys 0 00:03:56  -  Total Remote Usage
		Usr 0 00:00:00, Sys 0 00:00:00  -  Total Local Usage
	58647  -  Run Bytes Sent By Job
	10920  -  Run Bytes Received By Job
	58647  -  Total Bytes Sent By Job
	10920  -  Total Bytes Received By Job
	Partitionable Resources :    Usage  Request Allocated 
	   Cpus                 :     0.99        1         1 
	   Disk (KB)            :    92          12      3807 
	   GPUs                 :                           0 
	   Memory (MB)          :   309        2000      2000 

	Job terminated of its own accord at 2024-11-10T02:06:42Z with exit-code 1.
...
000 (7712084.000.000) 11/10 19:37:06 Job submitted from host: <137.138.55.115:9618?addrs=137.138.55.115-9618+[2001-1458-d00-17--12a]-9618&alias=bigbird23.cern.ch&noUDP&sock=schedd_4975_03c1>
...
040 (7712084.000.000) 11/10 19:40:04 Started transferring input files
	Transferring to host: <188.185.195.65:9618?addrs=188.185.195.65-9618+[2001-1458-303-22--100-3d]-9618&alias=b9p17p0944.cern.ch&noUDP&sock=slot1_43_2355721_4d8c_54570>
...
040 (7712084.000.000) 11/10 19:40:04 Finished transferring input files
...
001 (7712084.000.000) 11/10 19:40:05 Job executing on host: <188.185.195.65:9618?addrs=188.185.195.65-9618+[2001-1458-303-22--100-3d]-9618&alias=b9p17p0944.cern.ch&noUDP&sock=startd_128010_ca82>
	SlotName: slot1_43@b9p17p0944.cern.ch
	CondorScratchDir = "/pool/condor/dir_2921503"
	Cpus = 1
	Disk = 2959761
	Memory = 2000
...
006 (7712084.000.000) 11/10 19:40:14 Image size of job updated: 484248
	473  -  MemoryUsage of job (MB)
	483776  -  ResidentSetSize of job (KB)
...
006 (7712084.000.000) 11/10 19:45:15 Image size of job updated: 634368
	473  -  MemoryUsage of job (MB)
	483776  -  ResidentSetSize of job (KB)
...
040 (7712084.000.000) 11/10 20:02:19 Started transferring output files
...
040 (7712084.000.000) 11/10 20:02:20 Finished transferring output files
...
005 (7712084.000.000) 11/10 20:02:20 Job terminated.
	(1) Normal termination (return value 1)
		Usr 0 00:14:35, Sys 0 00:07:09  -  Run Remote Usage
		Usr 0 00:00:00, Sys 0 00:00:00  -  Run Local Usage
		Usr 0 00:14:35, Sys 0 00:07:09  -  Total Remote Usage
		Usr 0 00:00:00, Sys 0 00:00:00  -  Total Local Usage
	58647  -  Run Bytes Sent By Job
	10920  -  Run Bytes Received By Job
	58647  -  Total Bytes Sent By Job
	10920  -  Total Bytes Received By Job
	Partitionable Resources :    Usage  Request Allocated 
	   Cpus                 :     0.98        1         1 
	   Disk (KB)            :    90          12   2959761 
	   Memory (MB)          :   473        2000      2000 

	Job terminated of its own accord at 2024-11-10T19:02:19Z with exit-code 1.
...
000 (7712811.000.000) 11/10 21:24:19 Job submitted from host: <137.138.55.115:9618?addrs=137.138.55.115-9618+[2001-1458-d00-17--12a]-9618&alias=bigbird23.cern.ch&noUDP&sock=schedd_4975_03c1>
...
040 (7712811.000.000) 11/10 21:25:45 Started transferring input files
	Transferring to host: <128.142.33.25:9618?addrs=128.142.33.25-9618+[2001-1458-301-53--100-16]-9618&alias=b9g34p3939.cern.ch&noUDP&sock=slot1_2_6315_3d1a_6743>
...
040 (7712811.000.000) 11/10 21:25:45 Finished transferring input files
...
001 (7712811.000.000) 11/10 21:25:46 Job executing on host: <128.142.33.25:9618?addrs=128.142.33.25-9618+[2001-1458-301-53--100-16]-9618&alias=b9g34p3939.cern.ch&noUDP&sock=startd_5489_936f>
	SlotName: slot1_2@b9g34p3939.cern.ch
	CondorScratchDir = "/pool/condor/dir_3914215"
	Cpus = 1
	Disk = 3758
	GPUs = 0
	Memory = 2000
...
006 (7712811.000.000) 11/10 21:25:55 Image size of job updated: 156708
	154  -  MemoryUsage of job (MB)
	156708  -  ResidentSetSize of job (KB)
...
006 (7712811.000.000) 11/10 21:30:56 Image size of job updated: 261968
	256  -  MemoryUsage of job (MB)
	261968  -  ResidentSetSize of job (KB)
...
006 (7712811.000.000) 11/10 21:35:57 Image size of job updated: 293612
	287  -  MemoryUsage of job (MB)
	293612  -  ResidentSetSize of job (KB)
...
006 (7712811.000.000) 11/10 21:40:57 Image size of job updated: 313160
	306  -  MemoryUsage of job (MB)
	313160  -  ResidentSetSize of job (KB)
...
006 (7712811.000.000) 11/10 21:45:57 Image size of job updated: 318544
	313  -  MemoryUsage of job (MB)
	319560  -  ResidentSetSize of job (KB)
...
006 (7712811.000.000) 11/10 21:46:29 Image size of job updated: 318544
	317  -  MemoryUsage of job (MB)
	324532  -  ResidentSetSize of job (KB)
...
040 (7712811.000.000) 11/10 21:46:29 Started transferring output files
...
040 (7712811.000.000) 11/10 21:46:30 Finished transferring output files
...
005 (7712811.000.000) 11/10 21:46:30 Job terminated.
	(1) Normal termination (return value 0)
		Usr 0 00:14:48, Sys 0 00:05:29  -  Run Remote Usage
		Usr 0 00:00:00, Sys 0 00:00:00  -  Run Local Usage
		Usr 0 00:14:48, Sys 0 00:05:29  -  Total Remote Usage
		Usr 0 00:00:00, Sys 0 00:00:00  -  Total Local Usage
	50783  -  Run Bytes Sent By Job
	10924  -  Run Bytes Received By Job
	50783  -  Total Bytes Sent By Job
	10924  -  Total Bytes Received By Job
	Partitionable Resources :    Usage  Request Allocated 
	   Cpus                 :     0.96        1         1 
	   Disk (KB)            :    83          12      3758 
	   GPUs                 :                           0 
	   Memory (MB)          :   317        2000      2000 

	Job terminated of its own accord at 2024-11-10T20:46:29Z with exit-code 0.
...
000 (7713874.000.000) 11/11 10:32:56 Job submitted from host: <137.138.55.115:9618?addrs=137.138.55.115-9618+[2001-1458-d00-17--12a]-9618&alias=bigbird23.cern.ch&noUDP&sock=schedd_4975_03c1>
...
040 (7713874.000.000) 11/11 10:34:58 Started transferring input files
	Transferring to host: <188.185.195.167:9618?addrs=188.185.195.167-9618+[2001-1458-303-22--100-a3]-9618&alias=b9p17p1897.cern.ch&noUDP&sock=slot1_8_8244_64c8_26697>
...
040 (7713874.000.000) 11/11 10:34:58 Finished transferring input files
...
001 (7713874.000.000) 11/11 10:34:59 Job executing on host: <188.185.195.167:9618?addrs=188.185.195.167-9618+[2001-1458-303-22--100-a3]-9618&alias=b9p17p1897.cern.ch&noUDP&sock=startd_7349_6197>
	SlotName: slot1_8@b9p17p1897.cern.ch
	CondorScratchDir = "/pool/condor/dir_2664824"
	Cpus = 1
	Disk = 3897
	GPUs = 0
	Memory = 2000
...
006 (7713874.000.000) 11/11 10:35:08 Image size of job updated: 161792
	158  -  MemoryUsage of job (MB)
	161792  -  ResidentSetSize of job (KB)
...
040 (7713874.000.000) 11/11 10:35:11 Started transferring output files
...
040 (7713874.000.000) 11/11 10:35:11 Finished transferring output files
...
005 (7713874.000.000) 11/11 10:35:12 Job terminated.
	(1) Normal termination (return value 1)
		Usr 0 00:00:06, Sys 0 00:00:01  -  Run Remote Usage
		Usr 0 00:00:00, Sys 0 00:00:00  -  Run Local Usage
		Usr 0 00:00:06, Sys 0 00:00:01  -  Total Remote Usage
		Usr 0 00:00:00, Sys 0 00:00:00  -  Total Local Usage
	5028  -  Run Bytes Sent By Job
	10924  -  Run Bytes Received By Job
	5028  -  Total Bytes Sent By Job
	10924  -  Total Bytes Received By Job
	Partitionable Resources :    Usage  Request Allocated 
	   Cpus                 :                 1         1 
	   Disk (KB)            :       31       12      3897 
	   GPUs                 :                           0 
	   Memory (MB)          :      158     2000      2000 

	Job terminated of its own accord at 2024-11-11T09:35:11Z with exit-code 1.
...
000 (7713893.000.000) 11/11 10:58:41 Job submitted from host: <137.138.55.115:9618?addrs=137.138.55.115-9618+[2001-1458-d00-17--12a]-9618&alias=bigbird23.cern.ch&noUDP&sock=schedd_4975_03c1>
...
040 (7713893.000.000) 11/11 10:58:55 Started transferring input files
	Transferring to host: <188.185.193.26:9618?addrs=188.185.193.26-9618+[2001-1458-303-20--100-16]-9618&alias=b9p19p4200.cern.ch&noUDP&sock=slot1_9_2879631_4b04_6235>
...
040 (7713893.000.000) 11/11 10:58:55 Finished transferring input files
...
001 (7713893.000.000) 11/11 10:58:56 Job executing on host: <188.185.193.26:9618?addrs=188.185.193.26-9618+[2001-1458-303-20--100-16]-9618&alias=b9p19p4200.cern.ch&noUDP&sock=startd_128053_4915>
	SlotName: slot1_9@b9p19p4200.cern.ch
	CondorScratchDir = "/pool/condor/dir_3329804"
	Cpus = 1
	Disk = 2979398
	Memory = 2000
...
006 (7713893.000.000) 11/11 10:59:04 Image size of job updated: 1
	0  -  MemoryUsage of job (MB)
	0  -  ResidentSetSize of job (KB)
...
006 (7713893.000.000) 11/11 10:59:29 Image size of job updated: 191368
	3  -  MemoryUsage of job (MB)
	2304  -  ResidentSetSize of job (KB)
...
040 (7713893.000.000) 11/11 10:59:29 Started transferring output files
...
040 (7713893.000.000) 11/11 10:59:29 Finished transferring output files
...
005 (7713893.000.000) 11/11 10:59:29 Job terminated.
	(1) Normal termination (return value 1)
		Usr 0 00:00:05, Sys 0 00:00:01  -  Run Remote Usage
		Usr 0 00:00:00, Sys 0 00:00:00  -  Run Local Usage
		Usr 0 00:00:05, Sys 0 00:00:01  -  Total Remote Usage
		Usr 0 00:00:00, Sys 0 00:00:00  -  Total Local Usage
	4992  -  Run Bytes Sent By Job
	10924  -  Run Bytes Received By Job
	4992  -  Total Bytes Sent By Job
	10924  -  Total Bytes Received By Job
	Partitionable Resources :    Usage  Request Allocated 
	   Cpus                 :        0        1         1 
	   Disk (KB)            :       37       12   2979398 
	   Memory (MB)          :        3     2000      2000 

	Job terminated of its own accord at 2024-11-11T09:59:29Z with exit-code 1.
...
000 (7727948.000.000) 11/13 16:56:52 Job submitted from host: <137.138.55.115:9618?addrs=137.138.55.115-9618+[2001-1458-d00-17--12a]-9618&alias=bigbird23.cern.ch&noUDP&sock=schedd_4975_03c1>
...
040 (7727948.000.000) 11/13 17:05:34 Started transferring input files
	Transferring to host: <188.185.195.179:9618?addrs=188.185.195.179-9618+[2001-1458-303-22--100-af]-9618&alias=b9p17p1955.cern.ch&noUDP&sock=slot1_17_2234651_8910_18216>
...
040 (7727948.000.000) 11/13 17:05:34 Finished transferring input files
...
001 (7727948.000.000) 11/13 17:05:35 Job executing on host: <188.185.195.179:9618?addrs=188.185.195.179-9618+[2001-1458-303-22--100-af]-9618&alias=b9p17p1955.cern.ch&noUDP&sock=startd_10261_c560>
	SlotName: slot1_17@b9p17p1955.cern.ch
	CondorScratchDir = "/pool/condor/dir_939040"
	Cpus = 1
	Disk = 3852
	GPUs = 0
	Memory = 2000
...
006 (7727948.000.000) 11/13 17:05:43 Image size of job updated: 473680
	463  -  MemoryUsage of job (MB)
	473680  -  ResidentSetSize of job (KB)
...
006 (7727948.000.000) 11/13 17:10:43 Image size of job updated: 648420
	634  -  MemoryUsage of job (MB)
	648420  -  ResidentSetSize of job (KB)
...
040 (7727948.000.000) 11/13 17:11:04 Started transferring output files
...
040 (7727948.000.000) 11/13 17:11:04 Finished transferring output files
...
004 (7727948.000.000) 11/13 17:11:04 Job was evicted.
	(0) CPU times
		Usr 0 00:04:11, Sys 0 00:01:06  -  Run Remote Usage
		Usr 0 00:00:00, Sys 0 00:00:00  -  Run Local Usage
	1044842  -  Run Bytes Sent By Job
	10924  -  Run Bytes Received By Job
	Partitionable Resources :    Usage  Request Allocated 
	   Cpus                 :     1.00        1         1 
	   Disk (KB)            :  1054          12      3852 
	   GPUs                 :                           0 
	   Memory (MB)          :   634        2000      2000 
...
009 (7727948.000.000) 11/13 17:11:04 Job was aborted.
	via condor_rm (by user fsalerno)
...
000 (7728034.000.000) 11/13 18:07:58 Job submitted from host: <137.138.55.115:9618?addrs=137.138.55.115-9618+[2001-1458-d00-17--12a]-9618&alias=bigbird23.cern.ch&noUDP&sock=schedd_4975_03c1>
...
040 (7728034.000.000) 11/13 19:05:26 Started transferring input files
	Transferring to host: <188.185.196.97:9618?addrs=188.185.196.97-9618+[2001-1458-303-23--100-5d]-9618&alias=b9p16p8550.cern.ch&noUDP&sock=slot1_30_2800071_1361_9118>
...
040 (7728034.000.000) 11/13 19:05:26 Finished transferring input files
...
001 (7728034.000.000) 11/13 19:05:27 Job executing on host: <188.185.196.97:9618?addrs=188.185.196.97-9618+[2001-1458-303-23--100-5d]-9618&alias=b9p16p8550.cern.ch&noUDP&sock=startd_7886_b7f2>
	SlotName: slot1_30@b9p16p8550.cern.ch
	CondorScratchDir = "/pool/condor/dir_814125"
	Cpus = 1
	Disk = 2939816
	Memory = 2000
...
006 (7728034.000.000) 11/13 19:05:35 Image size of job updated: 445584
	436  -  MemoryUsage of job (MB)
	445584  -  ResidentSetSize of job (KB)
...
006 (7728034.000.000) 11/13 19:10:35 Image size of job updated: 589632
	555  -  MemoryUsage of job (MB)
	568144  -  ResidentSetSize of job (KB)
...
006 (7728034.000.000) 11/13 19:15:36 Image size of job updated: 625148
	589  -  MemoryUsage of job (MB)
	602316  -  ResidentSetSize of job (KB)
...
006 (7728034.000.000) 11/13 19:20:36 Image size of job updated: 648976
	627  -  MemoryUsage of job (MB)
	641892  -  ResidentSetSize of job (KB)
...
006 (7728034.000.000) 11/13 19:25:36 Image size of job updated: 672756
	627  -  MemoryUsage of job (MB)
	641892  -  ResidentSetSize of job (KB)
...
006 (7728034.000.000) 11/13 19:30:37 Image size of job updated: 677548
	642  -  MemoryUsage of job (MB)
	656844  -  ResidentSetSize of job (KB)
...
006 (7728034.000.000) 11/13 19:45:39 Image size of job updated: 686952
	663  -  MemoryUsage of job (MB)
	678616  -  ResidentSetSize of job (KB)
...
006 (7728034.000.000) 11/13 19:50:39 Image size of job updated: 695904
	663  -  MemoryUsage of job (MB)
	678616  -  ResidentSetSize of job (KB)
...
006 (7728034.000.000) 11/13 19:55:40 Image size of job updated: 705168
	664  -  MemoryUsage of job (MB)
	679316  -  ResidentSetSize of job (KB)
...
006 (7728034.000.000) 11/13 20:00:41 Image size of job updated: 713844
	664  -  MemoryUsage of job (MB)
	679316  -  ResidentSetSize of job (KB)
...
006 (7728034.000.000) 11/13 20:00:43 Image size of job updated: 901392
	664  -  MemoryUsage of job (MB)
	679316  -  ResidentSetSize of job (KB)
...
040 (7728034.000.000) 11/13 20:00:43 Started transferring output files
...
040 (7728034.000.000) 11/13 20:00:44 Finished transferring output files
...
005 (7728034.000.000) 11/13 20:00:44 Job terminated.
	(1) Normal termination (return value 0)
		Usr 0 00:38:27, Sys 0 00:16:22  -  Run Remote Usage
		Usr 0 00:00:00, Sys 0 00:00:00  -  Run Local Usage
		Usr 0 00:38:27, Sys 0 00:16:22  -  Total Remote Usage
		Usr 0 00:00:00, Sys 0 00:00:00  -  Total Local Usage
	2994448  -  Run Bytes Sent By Job
	10924  -  Run Bytes Received By Job
	2994448  -  Total Bytes Sent By Job
	10924  -  Total Bytes Received By Job
	Partitionable Resources :    Usage  Request Allocated 
	   Cpus                 :     1.00        1         1 
	   Disk (KB)            :  2958          12   2939816 
	   Memory (MB)          :   664        2000      2000 

	Job terminated of its own accord at 2024-11-13T19:00:43Z with exit-code 0.
...
