000 (7700974.000.000) 11/08 11:23:52 Job submitted from host: <137.138.55.115:9618?addrs=137.138.55.115-9618+[2001-1458-d00-17--12a]-9618&alias=bigbird23.cern.ch&noUDP&sock=schedd_4975_03c1>
...
040 (7700974.000.000) 11/08 11:27:13 Started transferring input files
	Transferring to host: <128.142.192.160:9618?addrs=128.142.192.160-9618+[2001-1458-301-56--100-1c]-9618&alias=b9g18p7324.cern.ch&noUDP&sock=slot1_29_4321_4909_11591>
...
040 (7700974.000.000) 11/08 11:27:13 Finished transferring input files
...
001 (7700974.000.000) 11/08 11:27:14 Job executing on host: <128.142.192.160:9618?addrs=128.142.192.160-9618+[2001-1458-301-56--100-1c]-9618&alias=b9g18p7324.cern.ch&noUDP&sock=startd_3299_6b07>
	SlotName: slot1_29@b9g18p7324.cern.ch
	CondorScratchDir = "/pool/condor/dir_3311962"
	Cpus = 1
	Disk = 2946255
	Memory = 2000
...
006 (7700974.000.000) 11/08 11:27:23 Image size of job updated: 88000
	86  -  MemoryUsage of job (MB)
	87516  -  ResidentSetSize of job (KB)
...
006 (7700974.000.000) 11/08 11:32:24 Image size of job updated: 704880
	653  -  MemoryUsage of job (MB)
	668404  -  ResidentSetSize of job (KB)
...
006 (7700974.000.000) 11/08 11:37:25 Image size of job updated: 765008
	685  -  MemoryUsage of job (MB)
	700876  -  ResidentSetSize of job (KB)
...
006 (7700974.000.000) 11/08 11:42:25 Image size of job updated: 807824
	768  -  MemoryUsage of job (MB)
	786432  -  ResidentSetSize of job (KB)
...
006 (7700974.000.000) 11/08 11:47:26 Image size of job updated: 851336
	768  -  MemoryUsage of job (MB)
	786432  -  ResidentSetSize of job (KB)
...
006 (7700974.000.000) 11/08 11:52:27 Image size of job updated: 881468
	768  -  MemoryUsage of job (MB)
	786432  -  ResidentSetSize of job (KB)
...
006 (7700974.000.000) 11/08 11:57:27 Image size of job updated: 888472
	775  -  MemoryUsage of job (MB)
	792768  -  ResidentSetSize of job (KB)
...
006 (7700974.000.000) 11/08 12:02:27 Image size of job updated: 930860
	849  -  MemoryUsage of job (MB)
	868368  -  ResidentSetSize of job (KB)
...
006 (7700974.000.000) 11/08 12:07:28 Image size of job updated: 954544
	861  -  MemoryUsage of job (MB)
	880820  -  ResidentSetSize of job (KB)
...
006 (7700974.000.000) 11/08 12:12:28 Image size of job updated: 983096
	896  -  MemoryUsage of job (MB)
	916700  -  ResidentSetSize of job (KB)
...
006 (7700974.000.000) 11/08 12:17:28 Image size of job updated: 1010448
	900  -  MemoryUsage of job (MB)
	920796  -  ResidentSetSize of job (KB)
...
006 (7700974.000.000) 11/08 12:22:29 Image size of job updated: 1046924
	912  -  MemoryUsage of job (MB)
	933400  -  ResidentSetSize of job (KB)
...
006 (7700974.000.000) 11/08 12:27:30 Image size of job updated: 1077016
	1044  -  MemoryUsage of job (MB)
	1068064  -  ResidentSetSize of job (KB)
...
006 (7700974.000.000) 11/08 12:32:30 Image size of job updated: 1083976
	1049  -  MemoryUsage of job (MB)
	1074064  -  ResidentSetSize of job (KB)
...
006 (7700974.000.000) 11/08 12:37:31 Image size of job updated: 1095300
	1049  -  MemoryUsage of job (MB)
	1074064  -  ResidentSetSize of job (KB)
...
006 (7700974.000.000) 11/08 12:42:32 Image size of job updated: 1119144
	1049  -  MemoryUsage of job (MB)
	1074064  -  ResidentSetSize of job (KB)
...
006 (7700974.000.000) 11/08 12:47:32 Image size of job updated: 1143196
	1049  -  MemoryUsage of job (MB)
	1074064  -  ResidentSetSize of job (KB)
...
006 (7700974.000.000) 11/08 12:52:32 Image size of job updated: 1159060
	1049  -  MemoryUsage of job (MB)
	1074064  -  ResidentSetSize of job (KB)
...
006 (7700974.000.000) 11/08 14:47:44 Image size of job updated: 1174552
	1116  -  MemoryUsage of job (MB)
	1142336  -  ResidentSetSize of job (KB)
...
006 (7700974.000.000) 11/08 14:52:45 Image size of job updated: 1181216
	1122  -  MemoryUsage of job (MB)
	1148480  -  ResidentSetSize of job (KB)
...
006 (7700974.000.000) 11/08 15:02:46 Image size of job updated: 1188456
	1122  -  MemoryUsage of job (MB)
	1148480  -  ResidentSetSize of job (KB)
...
006 (7700974.000.000) 11/08 15:07:46 Image size of job updated: 1192176
	1122  -  MemoryUsage of job (MB)
	1148480  -  ResidentSetSize of job (KB)
...
006 (7700974.000.000) 11/08 15:12:47 Image size of job updated: 1202520
	1122  -  MemoryUsage of job (MB)
	1148480  -  ResidentSetSize of job (KB)
...
006 (7700974.000.000) 11/08 15:17:47 Image size of job updated: 1216152
	1122  -  MemoryUsage of job (MB)
	1148480  -  ResidentSetSize of job (KB)
...
006 (7700974.000.000) 11/08 15:22:47 Image size of job updated: 1225836
	1122  -  MemoryUsage of job (MB)
	1148480  -  ResidentSetSize of job (KB)
...
006 (7700974.000.000) 11/08 15:27:48 Image size of job updated: 1248784
	1126  -  MemoryUsage of job (MB)
	1152628  -  ResidentSetSize of job (KB)
...
006 (7700974.000.000) 11/08 15:32:49 Image size of job updated: 1257372
	1174  -  MemoryUsage of job (MB)
	1201780  -  ResidentSetSize of job (KB)
...
006 (7700974.000.000) 11/08 15:37:50 Image size of job updated: 1267012
	1174  -  MemoryUsage of job (MB)
	1201780  -  ResidentSetSize of job (KB)
...
006 (7700974.000.000) 11/08 15:42:50 Image size of job updated: 1285208
	1174  -  MemoryUsage of job (MB)
	1201780  -  ResidentSetSize of job (KB)
...
006 (7700974.000.000) 11/08 15:47:51 Image size of job updated: 1317412
	1174  -  MemoryUsage of job (MB)
	1201780  -  ResidentSetSize of job (KB)
...
006 (7700974.000.000) 11/08 15:52:52 Image size of job updated: 1321740
	1174  -  MemoryUsage of job (MB)
	1201780  -  ResidentSetSize of job (KB)
...
006 (7700974.000.000) 11/08 15:57:52 Image size of job updated: 1328116
	1174  -  MemoryUsage of job (MB)
	1201780  -  ResidentSetSize of job (KB)
...
006 (7700974.000.000) 11/08 16:02:52 Image size of job updated: 1338116
	1174  -  MemoryUsage of job (MB)
	1201780  -  ResidentSetSize of job (KB)
...
006 (7700974.000.000) 11/08 16:07:53 Image size of job updated: 1351320
	1174  -  MemoryUsage of job (MB)
	1201780  -  ResidentSetSize of job (KB)
...
006 (7700974.000.000) 11/08 16:12:53 Image size of job updated: 1359984
	1185  -  MemoryUsage of job (MB)
	1212820  -  ResidentSetSize of job (KB)
...
006 (7700974.000.000) 11/08 16:17:53 Image size of job updated: 1369184
	1189  -  MemoryUsage of job (MB)
	1216916  -  ResidentSetSize of job (KB)
...
006 (7700974.000.000) 11/08 16:22:54 Image size of job updated: 1403456
	1189  -  MemoryUsage of job (MB)
	1216916  -  ResidentSetSize of job (KB)
...
006 (7700974.000.000) 11/08 16:27:55 Image size of job updated: 1408264
	1189  -  MemoryUsage of job (MB)
	1216916  -  ResidentSetSize of job (KB)
...
006 (7700974.000.000) 11/08 16:32:55 Image size of job updated: 1422048
	1189  -  MemoryUsage of job (MB)
	1216916  -  ResidentSetSize of job (KB)
...
006 (7700974.000.000) 11/08 16:42:57 Image size of job updated: 1425504
	1189  -  MemoryUsage of job (MB)
	1216916  -  ResidentSetSize of job (KB)
...
006 (7700974.000.000) 11/08 16:47:57 Image size of job updated: 1431560
	1191  -  MemoryUsage of job (MB)
	1219140  -  ResidentSetSize of job (KB)
...
006 (7700974.000.000) 11/08 16:52:57 Image size of job updated: 1470112
	1191  -  MemoryUsage of job (MB)
	1219140  -  ResidentSetSize of job (KB)
...
006 (7700974.000.000) 11/08 17:02:58 Image size of job updated: 1470112
	1339  -  MemoryUsage of job (MB)
	1370176  -  ResidentSetSize of job (KB)
...
006 (7700974.000.000) 11/08 17:07:58 Image size of job updated: 1485756
	1436  -  MemoryUsage of job (MB)
	1470340  -  ResidentSetSize of job (KB)
...
006 (7700974.000.000) 11/08 17:18:00 Image size of job updated: 1496296
	1436  -  MemoryUsage of job (MB)
	1470340  -  ResidentSetSize of job (KB)
...
006 (7700974.000.000) 11/08 17:23:00 Image size of job updated: 1506280
	1436  -  MemoryUsage of job (MB)
	1470340  -  ResidentSetSize of job (KB)
...
006 (7700974.000.000) 11/08 17:28:01 Image size of job updated: 1514248
	1436  -  MemoryUsage of job (MB)
	1470340  -  ResidentSetSize of job (KB)
...
006 (7700974.000.000) 11/08 17:33:02 Image size of job updated: 1525324
	1436  -  MemoryUsage of job (MB)
	1470340  -  ResidentSetSize of job (KB)
...
006 (7700974.000.000) 11/08 17:38:02 Image size of job updated: 1538332
	1436  -  MemoryUsage of job (MB)
	1470340  -  ResidentSetSize of job (KB)
...
006 (7700974.000.000) 11/08 17:43:02 Image size of job updated: 1544548
	1436  -  MemoryUsage of job (MB)
	1470340  -  ResidentSetSize of job (KB)
...
006 (7700974.000.000) 11/08 17:48:03 Image size of job updated: 1553920
	1436  -  MemoryUsage of job (MB)
	1470340  -  ResidentSetSize of job (KB)
...
006 (7700974.000.000) 11/08 17:53:03 Image size of job updated: 1569896
	1436  -  MemoryUsage of job (MB)
	1470340  -  ResidentSetSize of job (KB)
...
006 (7700974.000.000) 11/08 17:58:03 Image size of job updated: 1574056
	1436  -  MemoryUsage of job (MB)
	1470340  -  ResidentSetSize of job (KB)
...
006 (7700974.000.000) 11/08 18:03:04 Image size of job updated: 1596672
	1443  -  MemoryUsage of job (MB)
	1476992  -  ResidentSetSize of job (KB)
...
006 (7700974.000.000) 11/08 18:08:05 Image size of job updated: 1604220
	1462  -  MemoryUsage of job (MB)
	1496768  -  ResidentSetSize of job (KB)
...
006 (7700974.000.000) 11/08 18:13:05 Image size of job updated: 1605256
	1470  -  MemoryUsage of job (MB)
	1504960  -  ResidentSetSize of job (KB)
...
006 (7700974.000.000) 11/08 18:18:06 Image size of job updated: 1624452
	1470  -  MemoryUsage of job (MB)
	1504960  -  ResidentSetSize of job (KB)
...
006 (7700974.000.000) 11/08 18:23:07 Image size of job updated: 1632412
	1470  -  MemoryUsage of job (MB)
	1504960  -  ResidentSetSize of job (KB)
...
006 (7700974.000.000) 11/08 18:33:08 Image size of job updated: 1638672
	1470  -  MemoryUsage of job (MB)
	1504960  -  ResidentSetSize of job (KB)
...
006 (7700974.000.000) 11/08 18:38:09 Image size of job updated: 1647836
	1608  -  MemoryUsage of job (MB)
	1646152  -  ResidentSetSize of job (KB)
...
006 (7700974.000.000) 11/08 18:43:09 Image size of job updated: 1663236
	1608  -  MemoryUsage of job (MB)
	1646152  -  ResidentSetSize of job (KB)
...
006 (7700974.000.000) 11/08 18:48:09 Image size of job updated: 1676124
	1608  -  MemoryUsage of job (MB)
	1646152  -  ResidentSetSize of job (KB)
...
006 (7700974.000.000) 11/08 18:53:10 Image size of job updated: 1676952
	1608  -  MemoryUsage of job (MB)
	1646152  -  ResidentSetSize of job (KB)
...
006 (7700974.000.000) 11/08 18:58:10 Image size of job updated: 1688272
	1608  -  MemoryUsage of job (MB)
	1646152  -  ResidentSetSize of job (KB)
...
006 (7700974.000.000) 11/08 19:03:10 Image size of job updated: 1714148
	1608  -  MemoryUsage of job (MB)
	1646152  -  ResidentSetSize of job (KB)
...
006 (7700974.000.000) 11/08 19:08:11 Image size of job updated: 1719496
	1608  -  MemoryUsage of job (MB)
	1646152  -  ResidentSetSize of job (KB)
...
006 (7700974.000.000) 11/08 19:13:12 Image size of job updated: 1727472
	1608  -  MemoryUsage of job (MB)
	1646152  -  ResidentSetSize of job (KB)
...
006 (7700974.000.000) 11/08 19:23:13 Image size of job updated: 1733392
	1608  -  MemoryUsage of job (MB)
	1646152  -  ResidentSetSize of job (KB)
...
006 (7700974.000.000) 11/08 19:28:14 Image size of job updated: 1758504
	1608  -  MemoryUsage of job (MB)
	1646152  -  ResidentSetSize of job (KB)
...
006 (7700974.000.000) 11/08 19:33:14 Image size of job updated: 1761936
	1608  -  MemoryUsage of job (MB)
	1646152  -  ResidentSetSize of job (KB)
...
006 (7700974.000.000) 11/08 19:38:14 Image size of job updated: 1761936
	1670  -  MemoryUsage of job (MB)
	1709872  -  ResidentSetSize of job (KB)
...
006 (7700974.000.000) 11/08 19:43:15 Image size of job updated: 1761936
	1676  -  MemoryUsage of job (MB)
	1716016  -  ResidentSetSize of job (KB)
...
006 (7700974.000.000) 11/08 19:48:15 Image size of job updated: 1778744
	1676  -  MemoryUsage of job (MB)
	1716016  -  ResidentSetSize of job (KB)
...
006 (7700974.000.000) 11/08 19:53:16 Image size of job updated: 1780176
	1676  -  MemoryUsage of job (MB)
	1716016  -  ResidentSetSize of job (KB)
...
006 (7700974.000.000) 11/08 19:58:17 Image size of job updated: 1787608
	1676  -  MemoryUsage of job (MB)
	1716016  -  ResidentSetSize of job (KB)
...
006 (7700974.000.000) 11/08 20:03:17 Image size of job updated: 1798380
	1676  -  MemoryUsage of job (MB)
	1716016  -  ResidentSetSize of job (KB)
...
006 (7700974.000.000) 11/08 20:13:19 Image size of job updated: 1798380
	1687  -  MemoryUsage of job (MB)
	1726976  -  ResidentSetSize of job (KB)
...
006 (7700974.000.000) 11/08 20:18:19 Image size of job updated: 1798380
	1693  -  MemoryUsage of job (MB)
	1733120  -  ResidentSetSize of job (KB)
...
006 (7700974.000.000) 11/08 20:28:20 Image size of job updated: 1803216
	1693  -  MemoryUsage of job (MB)
	1733120  -  ResidentSetSize of job (KB)
...
006 (7700974.000.000) 11/08 20:33:20 Image size of job updated: 1824452
	1693  -  MemoryUsage of job (MB)
	1733120  -  ResidentSetSize of job (KB)
...
006 (7700974.000.000) 11/08 20:38:20 Image size of job updated: 1825784
	1693  -  MemoryUsage of job (MB)
	1733120  -  ResidentSetSize of job (KB)
...
006 (7700974.000.000) 11/08 20:43:21 Image size of job updated: 1826176
	1693  -  MemoryUsage of job (MB)
	1733120  -  ResidentSetSize of job (KB)
...
006 (7700974.000.000) 11/08 20:48:22 Image size of job updated: 1831344
	1693  -  MemoryUsage of job (MB)
	1733120  -  ResidentSetSize of job (KB)
...
006 (7700974.000.000) 11/08 20:53:22 Image size of job updated: 1842548
	1693  -  MemoryUsage of job (MB)
	1733120  -  ResidentSetSize of job (KB)
...
006 (7700974.000.000) 11/08 20:58:23 Image size of job updated: 1845724
	1693  -  MemoryUsage of job (MB)
	1733120  -  ResidentSetSize of job (KB)
...
006 (7700974.000.000) 11/08 21:03:24 Image size of job updated: 1853780
	1693  -  MemoryUsage of job (MB)
	1733120  -  ResidentSetSize of job (KB)
...
006 (7700974.000.000) 11/08 21:08:24 Image size of job updated: 1870836
	1782  -  MemoryUsage of job (MB)
	1824620  -  ResidentSetSize of job (KB)
...
006 (7700974.000.000) 11/08 21:13:24 Image size of job updated: 1870836
	1788  -  MemoryUsage of job (MB)
	1830764  -  ResidentSetSize of job (KB)
...
006 (7700974.000.000) 11/08 21:18:26 Image size of job updated: 1884204
	1788  -  MemoryUsage of job (MB)
	1830764  -  ResidentSetSize of job (KB)
...
006 (7700974.000.000) 11/08 21:23:26 Image size of job updated: 1887136
	1788  -  MemoryUsage of job (MB)
	1830764  -  ResidentSetSize of job (KB)
...
006 (7700974.000.000) 11/08 21:28:26 Image size of job updated: 1891448
	1790  -  MemoryUsage of job (MB)
	1832396  -  ResidentSetSize of job (KB)
...
006 (7700974.000.000) 11/08 21:33:27 Image size of job updated: 1905924
	1790  -  MemoryUsage of job (MB)
	1832396  -  ResidentSetSize of job (KB)
...
006 (7700974.000.000) 11/08 21:38:28 Image size of job updated: 1913408
	1790  -  MemoryUsage of job (MB)
	1832396  -  ResidentSetSize of job (KB)
...
006 (7700974.000.000) 11/08 21:43:28 Image size of job updated: 1923428
	1790  -  MemoryUsage of job (MB)
	1832396  -  ResidentSetSize of job (KB)
...
006 (7700974.000.000) 11/08 21:48:29 Image size of job updated: 1928908
	1790  -  MemoryUsage of job (MB)
	1832396  -  ResidentSetSize of job (KB)
...
006 (7700974.000.000) 11/08 21:53:30 Image size of job updated: 1934572
	1790  -  MemoryUsage of job (MB)
	1832396  -  ResidentSetSize of job (KB)
...
006 (7700974.000.000) 11/08 21:58:30 Image size of job updated: 1942480
	1790  -  MemoryUsage of job (MB)
	1832396  -  ResidentSetSize of job (KB)
...
006 (7700974.000.000) 11/08 22:03:30 Image size of job updated: 1949960
	1790  -  MemoryUsage of job (MB)
	1832396  -  ResidentSetSize of job (KB)
...
006 (7700974.000.000) 11/08 22:08:31 Image size of job updated: 1978624
	1790  -  MemoryUsage of job (MB)
	1832396  -  ResidentSetSize of job (KB)
...
006 (7700974.000.000) 11/08 22:13:31 Image size of job updated: 1980360
	1790  -  MemoryUsage of job (MB)
	1832396  -  ResidentSetSize of job (KB)
...
006 (7700974.000.000) 11/08 22:38:34 Image size of job updated: 1986736
	1834  -  MemoryUsage of job (MB)
	1877384  -  ResidentSetSize of job (KB)
...
006 (7700974.000.000) 11/08 22:43:35 Image size of job updated: 1990804
	1894  -  MemoryUsage of job (MB)
	1938448  -  ResidentSetSize of job (KB)
...
006 (7700974.000.000) 11/08 22:48:35 Image size of job updated: 1994712
	1896  -  MemoryUsage of job (MB)
	1940496  -  ResidentSetSize of job (KB)
...
006 (7700974.000.000) 11/08 22:53:35 Image size of job updated: 2010208
	1896  -  MemoryUsage of job (MB)
	1940496  -  ResidentSetSize of job (KB)
...
006 (7700974.000.000) 11/08 22:58:36 Image size of job updated: 2017780
	1896  -  MemoryUsage of job (MB)
	1940496  -  ResidentSetSize of job (KB)
...
006 (7700974.000.000) 11/08 23:03:36 Image size of job updated: 2020620
	1896  -  MemoryUsage of job (MB)
	1940496  -  ResidentSetSize of job (KB)
...
006 (7700974.000.000) 11/08 23:08:36 Image size of job updated: 2024832
	1896  -  MemoryUsage of job (MB)
	1940496  -  ResidentSetSize of job (KB)
...
006 (7700974.000.000) 11/08 23:13:38 Image size of job updated: 2029128
	1896  -  MemoryUsage of job (MB)
	1940496  -  ResidentSetSize of job (KB)
...
006 (7700974.000.000) 11/08 23:18:38 Image size of job updated: 2030888
	1896  -  MemoryUsage of job (MB)
	1940496  -  ResidentSetSize of job (KB)
...
006 (7700974.000.000) 11/08 23:23:38 Image size of job updated: 2038140
	1896  -  MemoryUsage of job (MB)
	1940496  -  ResidentSetSize of job (KB)
...
006 (7700974.000.000) 11/08 23:28:39 Image size of job updated: 2047952
	1896  -  MemoryUsage of job (MB)
	1940496  -  ResidentSetSize of job (KB)
...
006 (7700974.000.000) 11/08 23:33:40 Image size of job updated: 2057304
	1896  -  MemoryUsage of job (MB)
	1940496  -  ResidentSetSize of job (KB)
...
006 (7700974.000.000) 11/08 23:38:40 Image size of job updated: 2058800
	1928  -  MemoryUsage of job (MB)
	1974088  -  ResidentSetSize of job (KB)
...
006 (7700974.000.000) 11/08 23:43:41 Image size of job updated: 2069596
	1992  -  MemoryUsage of job (MB)
	2039624  -  ResidentSetSize of job (KB)
...
006 (7700974.000.000) 11/08 23:48:42 Image size of job updated: 2072240
	1992  -  MemoryUsage of job (MB)
	2039624  -  ResidentSetSize of job (KB)
...
006 (7700974.000.000) 11/08 23:53:42 Image size of job updated: 2095872
	1992  -  MemoryUsage of job (MB)
	2039624  -  ResidentSetSize of job (KB)
...
006 (7700974.000.000) 11/08 23:58:42 Image size of job updated: 2097892
	1992  -  MemoryUsage of job (MB)
	2039624  -  ResidentSetSize of job (KB)
...
006 (7700974.000.000) 11/09 00:08:43 Image size of job updated: 2103256
	1992  -  MemoryUsage of job (MB)
	2039624  -  ResidentSetSize of job (KB)
...
006 (7700974.000.000) 11/09 00:13:43 Image size of job updated: 2105808
	1992  -  MemoryUsage of job (MB)
	2039624  -  ResidentSetSize of job (KB)
...
006 (7700974.000.000) 11/09 00:18:44 Image size of job updated: 2117860
	1992  -  MemoryUsage of job (MB)
	2039624  -  ResidentSetSize of job (KB)
...
006 (7700974.000.000) 11/09 00:23:45 Image size of job updated: 2120564
	1992  -  MemoryUsage of job (MB)
	2039624  -  ResidentSetSize of job (KB)
...
006 (7700974.000.000) 11/09 00:28:45 Image size of job updated: 2133644
	1992  -  MemoryUsage of job (MB)
	2039624  -  ResidentSetSize of job (KB)
...
006 (7700974.000.000) 11/09 00:33:46 Image size of job updated: 2134460
	1992  -  MemoryUsage of job (MB)
	2039624  -  ResidentSetSize of job (KB)
...
006 (7700974.000.000) 11/09 00:38:47 Image size of job updated: 2165628
	1992  -  MemoryUsage of job (MB)
	2039624  -  ResidentSetSize of job (KB)
...
006 (7700974.000.000) 11/09 00:43:47 Image size of job updated: 2167112
	1992  -  MemoryUsage of job (MB)
	2039624  -  ResidentSetSize of job (KB)
...
006 (7700974.000.000) 11/09 00:58:48 Image size of job updated: 2167756
	1992  -  MemoryUsage of job (MB)
	2039624  -  ResidentSetSize of job (KB)
...
006 (7700974.000.000) 11/09 01:03:48 Image size of job updated: 2178876
	1992  -  MemoryUsage of job (MB)
	2039624  -  ResidentSetSize of job (KB)
...
006 (7700974.000.000) 11/09 01:08:50 Image size of job updated: 2207248
	1992  -  MemoryUsage of job (MB)
	2039624  -  ResidentSetSize of job (KB)
...
006 (7700974.000.000) 11/09 01:13:50 Image size of job updated: 2209936
	1992  -  MemoryUsage of job (MB)
	2039624  -  ResidentSetSize of job (KB)
...
006 (7700974.000.000) 11/09 01:23:51 Image size of job updated: 2212336
	1992  -  MemoryUsage of job (MB)
	2039624  -  ResidentSetSize of job (KB)
...
006 (7700974.000.000) 11/09 01:28:52 Image size of job updated: 2213928
	1992  -  MemoryUsage of job (MB)
	2039624  -  ResidentSetSize of job (KB)
...
006 (7700974.000.000) 11/09 01:33:52 Image size of job updated: 2216516
	2065  -  MemoryUsage of job (MB)
	2113704  -  ResidentSetSize of job (KB)
...
006 (7700974.000.000) 11/09 01:38:52 Image size of job updated: 2227324
	2069  -  MemoryUsage of job (MB)
	2117800  -  ResidentSetSize of job (KB)
...
006 (7700974.000.000) 11/09 01:43:53 Image size of job updated: 2228160
	2069  -  MemoryUsage of job (MB)
	2117800  -  ResidentSetSize of job (KB)
...
006 (7700974.000.000) 11/09 01:48:53 Image size of job updated: 2233580
	2069  -  MemoryUsage of job (MB)
	2117800  -  ResidentSetSize of job (KB)
...
006 (7700974.000.000) 11/09 01:53:53 Image size of job updated: 2242680
	2134  -  MemoryUsage of job (MB)
	2184284  -  ResidentSetSize of job (KB)
...
006 (7700974.000.000) 11/09 01:58:54 Image size of job updated: 2256852
	2138  -  MemoryUsage of job (MB)
	2188380  -  ResidentSetSize of job (KB)
...
006 (7700974.000.000) 11/09 02:03:54 Image size of job updated: 2259464
	2138  -  MemoryUsage of job (MB)
	2188380  -  ResidentSetSize of job (KB)
...
006 (7700974.000.000) 11/09 02:13:55 Image size of job updated: 2263596
	2138  -  MemoryUsage of job (MB)
	2188380  -  ResidentSetSize of job (KB)
...
006 (7700974.000.000) 11/09 02:18:56 Image size of job updated: 2273288
	2138  -  MemoryUsage of job (MB)
	2188380  -  ResidentSetSize of job (KB)
...
006 (7700974.000.000) 11/09 02:23:56 Image size of job updated: 2278556
	2138  -  MemoryUsage of job (MB)
	2188380  -  ResidentSetSize of job (KB)
...
006 (7700974.000.000) 11/09 02:28:57 Image size of job updated: 2286592
	2138  -  MemoryUsage of job (MB)
	2188380  -  ResidentSetSize of job (KB)
...
006 (7700974.000.000) 11/09 02:33:58 Image size of job updated: 2295552
	2138  -  MemoryUsage of job (MB)
	2188380  -  ResidentSetSize of job (KB)
...
006 (7700974.000.000) 11/09 02:38:58 Image size of job updated: 2297848
	2138  -  MemoryUsage of job (MB)
	2188380  -  ResidentSetSize of job (KB)
...
006 (7700974.000.000) 11/09 02:43:58 Image size of job updated: 2305112
	2232  -  MemoryUsage of job (MB)
	2285068  -  ResidentSetSize of job (KB)
...
006 (7700974.000.000) 11/09 02:48:59 Image size of job updated: 2311416
	2236  -  MemoryUsage of job (MB)
	2289164  -  ResidentSetSize of job (KB)
...
006 (7700974.000.000) 11/09 02:53:59 Image size of job updated: 2323248
	2236  -  MemoryUsage of job (MB)
	2289164  -  ResidentSetSize of job (KB)
...
006 (7700974.000.000) 11/09 02:58:59 Image size of job updated: 2326740
	2236  -  MemoryUsage of job (MB)
	2289164  -  ResidentSetSize of job (KB)
...
006 (7700974.000.000) 11/09 03:04:00 Image size of job updated: 2336832
	2236  -  MemoryUsage of job (MB)
	2289164  -  ResidentSetSize of job (KB)
...
006 (7700974.000.000) 11/09 03:09:01 Image size of job updated: 2340180
	2236  -  MemoryUsage of job (MB)
	2289164  -  ResidentSetSize of job (KB)
...
006 (7700974.000.000) 11/09 03:14:01 Image size of job updated: 2343076
	2236  -  MemoryUsage of job (MB)
	2289164  -  ResidentSetSize of job (KB)
...
006 (7700974.000.000) 11/09 03:24:03 Image size of job updated: 2350356
	2236  -  MemoryUsage of job (MB)
	2289164  -  ResidentSetSize of job (KB)
...
006 (7700974.000.000) 11/09 03:29:03 Image size of job updated: 2353288
	2236  -  MemoryUsage of job (MB)
	2289164  -  ResidentSetSize of job (KB)
...
006 (7700974.000.000) 11/09 03:34:03 Image size of job updated: 2354316
	2236  -  MemoryUsage of job (MB)
	2289164  -  ResidentSetSize of job (KB)
...
006 (7700974.000.000) 11/09 03:39:04 Image size of job updated: 2369912
	2236  -  MemoryUsage of job (MB)
	2289164  -  ResidentSetSize of job (KB)
...
006 (7700974.000.000) 11/09 03:44:04 Image size of job updated: 2370744
	2236  -  MemoryUsage of job (MB)
	2289164  -  ResidentSetSize of job (KB)
...
006 (7700974.000.000) 11/09 03:49:05 Image size of job updated: 2371028
	2236  -  MemoryUsage of job (MB)
	2289164  -  ResidentSetSize of job (KB)
...
006 (7700974.000.000) 11/09 03:54:06 Image size of job updated: 2393704
	2333  -  MemoryUsage of job (MB)
	2388220  -  ResidentSetSize of job (KB)
...
006 (7700974.000.000) 11/09 03:59:06 Image size of job updated: 2393892
	2337  -  MemoryUsage of job (MB)
	2392828  -  ResidentSetSize of job (KB)
...
006 (7700974.000.000) 11/09 04:09:07 Image size of job updated: 2398404
	2337  -  MemoryUsage of job (MB)
	2392828  -  ResidentSetSize of job (KB)
...
006 (7700974.000.000) 11/09 04:14:07 Image size of job updated: 2404328
	2337  -  MemoryUsage of job (MB)
	2392828  -  ResidentSetSize of job (KB)
...
006 (7700974.000.000) 11/09 04:19:07 Image size of job updated: 2405580
	2337  -  MemoryUsage of job (MB)
	2392828  -  ResidentSetSize of job (KB)
...
006 (7700974.000.000) 11/09 04:24:08 Image size of job updated: 2409452
	2337  -  MemoryUsage of job (MB)
	2392828  -  ResidentSetSize of job (KB)
...
006 (7700974.000.000) 11/09 04:29:09 Image size of job updated: 2416272
	2337  -  MemoryUsage of job (MB)
	2392828  -  ResidentSetSize of job (KB)
...
006 (7700974.000.000) 11/09 04:34:09 Image size of job updated: 2426440
	2337  -  MemoryUsage of job (MB)
	2392828  -  ResidentSetSize of job (KB)
...
006 (7700974.000.000) 11/09 04:39:10 Image size of job updated: 2435440
	2337  -  MemoryUsage of job (MB)
	2392828  -  ResidentSetSize of job (KB)
...
006 (7700974.000.000) 11/09 04:44:11 Image size of job updated: 2438580
	2337  -  MemoryUsage of job (MB)
	2392828  -  ResidentSetSize of job (KB)
...
006 (7700974.000.000) 11/09 04:54:12 Image size of job updated: 2470720
	2337  -  MemoryUsage of job (MB)
	2392828  -  ResidentSetSize of job (KB)
...
006 (7700974.000.000) 11/09 04:59:13 Image size of job updated: 2474376
	2337  -  MemoryUsage of job (MB)
	2392828  -  ResidentSetSize of job (KB)
...
006 (7700974.000.000) 11/09 05:04:13 Image size of job updated: 2474376
	2356  -  MemoryUsage of job (MB)
	2412092  -  ResidentSetSize of job (KB)
...
006 (7700974.000.000) 11/09 05:09:13 Image size of job updated: 2474376
	2364  -  MemoryUsage of job (MB)
	2420284  -  ResidentSetSize of job (KB)
...
006 (7700974.000.000) 11/09 05:19:15 Image size of job updated: 2474392
	2364  -  MemoryUsage of job (MB)
	2420284  -  ResidentSetSize of job (KB)
...
006 (7700974.000.000) 11/09 05:24:15 Image size of job updated: 2497992
	2364  -  MemoryUsage of job (MB)
	2420284  -  ResidentSetSize of job (KB)
...
006 (7700974.000.000) 11/09 05:29:16 Image size of job updated: 2501428
	2364  -  MemoryUsage of job (MB)
	2420284  -  ResidentSetSize of job (KB)
...
006 (7700974.000.000) 11/09 05:44:18 Image size of job updated: 2505536
	2364  -  MemoryUsage of job (MB)
	2420284  -  ResidentSetSize of job (KB)
...
006 (7700974.000.000) 11/09 05:49:19 Image size of job updated: 2506236
	2364  -  MemoryUsage of job (MB)
	2420284  -  ResidentSetSize of job (KB)
...
006 (7700974.000.000) 11/09 05:54:19 Image size of job updated: 2517604
	2364  -  MemoryUsage of job (MB)
	2420284  -  ResidentSetSize of job (KB)
...
006 (7700974.000.000) 11/09 06:04:20 Image size of job updated: 2519764
	2364  -  MemoryUsage of job (MB)
	2420284  -  ResidentSetSize of job (KB)
...
006 (7700974.000.000) 11/09 06:09:20 Image size of job updated: 2525836
	2364  -  MemoryUsage of job (MB)
	2420284  -  ResidentSetSize of job (KB)
...
006 (7700974.000.000) 11/09 06:14:20 Image size of job updated: 2526080
	2426  -  MemoryUsage of job (MB)
	2483256  -  ResidentSetSize of job (KB)
...
006 (7700974.000.000) 11/09 06:19:21 Image size of job updated: 2573260
	2432  -  MemoryUsage of job (MB)
	2489400  -  ResidentSetSize of job (KB)
...
006 (7700974.000.000) 11/09 06:24:22 Image size of job updated: 2577244
	2432  -  MemoryUsage of job (MB)
	2489400  -  ResidentSetSize of job (KB)
...
006 (7700974.000.000) 11/09 06:29:22 Image size of job updated: 2580104
	2432  -  MemoryUsage of job (MB)
	2489400  -  ResidentSetSize of job (KB)
...
006 (7700974.000.000) 11/09 07:04:26 Image size of job updated: 2585188
	2432  -  MemoryUsage of job (MB)
	2489400  -  ResidentSetSize of job (KB)
...
006 (7700974.000.000) 11/09 07:09:28 Image size of job updated: 2587436
	2432  -  MemoryUsage of job (MB)
	2489400  -  ResidentSetSize of job (KB)
...
006 (7700974.000.000) 11/09 07:14:28 Image size of job updated: 2587436
	2441  -  MemoryUsage of job (MB)
	2499540  -  ResidentSetSize of job (KB)
...
006 (7700974.000.000) 11/09 07:19:28 Image size of job updated: 2596260
	2445  -  MemoryUsage of job (MB)
	2503680  -  ResidentSetSize of job (KB)
...
006 (7700974.000.000) 11/09 07:24:29 Image size of job updated: 2598860
	2445  -  MemoryUsage of job (MB)
	2503680  -  ResidentSetSize of job (KB)
...
006 (7700974.000.000) 11/09 07:34:30 Image size of job updated: 2600940
	2445  -  MemoryUsage of job (MB)
	2503680  -  ResidentSetSize of job (KB)
...
006 (7700974.000.000) 11/09 07:39:31 Image size of job updated: 2607468
	2445  -  MemoryUsage of job (MB)
	2503680  -  ResidentSetSize of job (KB)
...
006 (7700974.000.000) 11/09 07:44:32 Image size of job updated: 2618928
	2445  -  MemoryUsage of job (MB)
	2503680  -  ResidentSetSize of job (KB)
...
006 (7700974.000.000) 11/09 07:49:32 Image size of job updated: 2619136
	2445  -  MemoryUsage of job (MB)
	2503680  -  ResidentSetSize of job (KB)
...
006 (7700974.000.000) 11/09 07:54:33 Image size of job updated: 2619136
	2489  -  MemoryUsage of job (MB)
	2547936  -  ResidentSetSize of job (KB)
...
006 (7700974.000.000) 11/09 07:59:34 Image size of job updated: 2631848
	2493  -  MemoryUsage of job (MB)
	2552032  -  ResidentSetSize of job (KB)
...
006 (7700974.000.000) 11/09 08:04:34 Image size of job updated: 2633596
	2493  -  MemoryUsage of job (MB)
	2552032  -  ResidentSetSize of job (KB)
...
006 (7700974.000.000) 11/09 08:09:34 Image size of job updated: 2634796
	2493  -  MemoryUsage of job (MB)
	2552032  -  ResidentSetSize of job (KB)
...
006 (7700974.000.000) 11/09 08:14:35 Image size of job updated: 2642336
	2493  -  MemoryUsage of job (MB)
	2552032  -  ResidentSetSize of job (KB)
...
006 (7700974.000.000) 11/09 08:19:35 Image size of job updated: 2644908
	2493  -  MemoryUsage of job (MB)
	2552032  -  ResidentSetSize of job (KB)
...
006 (7700974.000.000) 11/09 08:24:35 Image size of job updated: 2645420
	2493  -  MemoryUsage of job (MB)
	2552032  -  ResidentSetSize of job (KB)
...
006 (7700974.000.000) 11/09 08:29:36 Image size of job updated: 2658956
	2493  -  MemoryUsage of job (MB)
	2552032  -  ResidentSetSize of job (KB)
...
006 (7700974.000.000) 11/09 08:34:37 Image size of job updated: 2661364
	2493  -  MemoryUsage of job (MB)
	2552032  -  ResidentSetSize of job (KB)
...
006 (7700974.000.000) 11/09 08:44:38 Image size of job updated: 2664092
	2535  -  MemoryUsage of job (MB)
	2595836  -  ResidentSetSize of job (KB)
...
006 (7700974.000.000) 11/09 08:49:39 Image size of job updated: 2672960
	2541  -  MemoryUsage of job (MB)
	2601980  -  ResidentSetSize of job (KB)
...
006 (7700974.000.000) 11/09 08:54:39 Image size of job updated: 2676720
	2541  -  MemoryUsage of job (MB)
	2601980  -  ResidentSetSize of job (KB)
...
006 (7700974.000.000) 11/09 08:59:39 Image size of job updated: 2681336
	2541  -  MemoryUsage of job (MB)
	2601980  -  ResidentSetSize of job (KB)
...
006 (7700974.000.000) 11/09 09:04:40 Image size of job updated: 2687932
	2541  -  MemoryUsage of job (MB)
	2601980  -  ResidentSetSize of job (KB)
...
006 (7700974.000.000) 11/09 09:09:40 Image size of job updated: 2692304
	2541  -  MemoryUsage of job (MB)
	2601980  -  ResidentSetSize of job (KB)
...
006 (7700974.000.000) 11/09 09:14:40 Image size of job updated: 2707216
	2541  -  MemoryUsage of job (MB)
	2601980  -  ResidentSetSize of job (KB)
...
006 (7700974.000.000) 11/09 09:19:41 Image size of job updated: 2709476
	2541  -  MemoryUsage of job (MB)
	2601980  -  ResidentSetSize of job (KB)
...
006 (7700974.000.000) 11/09 09:29:42 Image size of job updated: 2731560
	2541  -  MemoryUsage of job (MB)
	2601980  -  ResidentSetSize of job (KB)
...
006 (7700974.000.000) 11/09 09:34:43 Image size of job updated: 2734880
	2541  -  MemoryUsage of job (MB)
	2601980  -  ResidentSetSize of job (KB)
...
006 (7700974.000.000) 11/09 10:09:47 Image size of job updated: 2748792
	2541  -  MemoryUsage of job (MB)
	2601980  -  ResidentSetSize of job (KB)
...
006 (7700974.000.000) 11/09 10:19:47 Image size of job updated: 2752460
	2541  -  MemoryUsage of job (MB)
	2601980  -  ResidentSetSize of job (KB)
...
006 (7700974.000.000) 11/09 10:24:48 Image size of job updated: 2759396
	2541  -  MemoryUsage of job (MB)
	2601980  -  ResidentSetSize of job (KB)
...
006 (7700974.000.000) 11/09 10:29:49 Image size of job updated: 2760820
	2541  -  MemoryUsage of job (MB)
	2601980  -  ResidentSetSize of job (KB)
...
006 (7700974.000.000) 11/09 10:34:49 Image size of job updated: 2769668
	2541  -  MemoryUsage of job (MB)
	2601980  -  ResidentSetSize of job (KB)
...
006 (7700974.000.000) 11/09 10:39:50 Image size of job updated: 2770500
	2541  -  MemoryUsage of job (MB)
	2601980  -  ResidentSetSize of job (KB)
...
006 (7700974.000.000) 11/09 10:44:51 Image size of job updated: 2773368
	2541  -  MemoryUsage of job (MB)
	2601980  -  ResidentSetSize of job (KB)
...
006 (7700974.000.000) 11/09 10:49:51 Image size of job updated: 2781568
	2541  -  MemoryUsage of job (MB)
	2601980  -  ResidentSetSize of job (KB)
...
006 (7700974.000.000) 11/09 10:54:51 Image size of job updated: 2785996
	2541  -  MemoryUsage of job (MB)
	2601980  -  ResidentSetSize of job (KB)
...
006 (7700974.000.000) 11/09 10:59:52 Image size of job updated: 2794448
	2541  -  MemoryUsage of job (MB)
	2601980  -  ResidentSetSize of job (KB)
...
006 (7700974.000.000) 11/09 11:04:52 Image size of job updated: 2795628
	2541  -  MemoryUsage of job (MB)
	2601980  -  ResidentSetSize of job (KB)
...
006 (7700974.000.000) 11/09 11:09:52 Image size of job updated: 2803920
	2541  -  MemoryUsage of job (MB)
	2601980  -  ResidentSetSize of job (KB)
...
006 (7700974.000.000) 11/09 11:14:53 Image size of job updated: 2806668
	2559  -  MemoryUsage of job (MB)
	2620000  -  ResidentSetSize of job (KB)
...
006 (7700974.000.000) 11/09 11:19:54 Image size of job updated: 2811168
	2565  -  MemoryUsage of job (MB)
	2626144  -  ResidentSetSize of job (KB)
...
006 (7700974.000.000) 11/09 11:24:54 Image size of job updated: 2813408
	2565  -  MemoryUsage of job (MB)
	2626144  -  ResidentSetSize of job (KB)
...
006 (7700974.000.000) 11/09 11:29:55 Image size of job updated: 2813876
	2565  -  MemoryUsage of job (MB)
	2626144  -  ResidentSetSize of job (KB)
...
006 (7700974.000.000) 11/09 11:34:56 Image size of job updated: 2827572
	2565  -  MemoryUsage of job (MB)
	2626144  -  ResidentSetSize of job (KB)
...
006 (7700974.000.000) 11/09 11:39:56 Image size of job updated: 2828300
	2565  -  MemoryUsage of job (MB)
	2626144  -  ResidentSetSize of job (KB)
...
006 (7700974.000.000) 11/09 11:49:58 Image size of job updated: 2835212
	2565  -  MemoryUsage of job (MB)
	2626144  -  ResidentSetSize of job (KB)
...
006 (7700974.000.000) 11/09 11:54:58 Image size of job updated: 2835748
	2565  -  MemoryUsage of job (MB)
	2626144  -  ResidentSetSize of job (KB)
...
006 (7700974.000.000) 11/09 11:59:59 Image size of job updated: 2862052
	2565  -  MemoryUsage of job (MB)
	2626144  -  ResidentSetSize of job (KB)
...
006 (7700974.000.000) 11/09 12:05:00 Image size of job updated: 2864548
	2565  -  MemoryUsage of job (MB)
	2626144  -  ResidentSetSize of job (KB)
...
006 (7700974.000.000) 11/09 12:25:02 Image size of job updated: 2875500
	2565  -  MemoryUsage of job (MB)
	2626144  -  ResidentSetSize of job (KB)
...
006 (7700974.000.000) 11/09 12:30:02 Image size of job updated: 2877016
	2565  -  MemoryUsage of job (MB)
	2626144  -  ResidentSetSize of job (KB)
...
006 (7700974.000.000) 11/09 12:45:03 Image size of job updated: 2877560
	2565  -  MemoryUsage of job (MB)
	2626144  -  ResidentSetSize of job (KB)
...
006 (7700974.000.000) 11/09 12:50:04 Image size of job updated: 2879916
	2565  -  MemoryUsage of job (MB)
	2626144  -  ResidentSetSize of job (KB)
...
006 (7700974.000.000) 11/09 12:55:05 Image size of job updated: 2912868
	2565  -  MemoryUsage of job (MB)
	2626144  -  ResidentSetSize of job (KB)
...
006 (7700974.000.000) 11/09 13:00:05 Image size of job updated: 2914692
	2565  -  MemoryUsage of job (MB)
	2626144  -  ResidentSetSize of job (KB)
...
006 (7700974.000.000) 11/09 13:30:08 Image size of job updated: 2919920
	2565  -  MemoryUsage of job (MB)
	2626144  -  ResidentSetSize of job (KB)
...
006 (7700974.000.000) 11/09 13:40:10 Image size of job updated: 2923640
	2565  -  MemoryUsage of job (MB)
	2626144  -  ResidentSetSize of job (KB)
...
006 (7700974.000.000) 11/09 13:45:10 Image size of job updated: 2925600
	2565  -  MemoryUsage of job (MB)
	2626144  -  ResidentSetSize of job (KB)
...
006 (7700974.000.000) 11/09 13:50:11 Image size of job updated: 2928056
	2832  -  MemoryUsage of job (MB)
	2899264  -  ResidentSetSize of job (KB)
...
006 (7700974.000.000) 11/09 13:55:12 Image size of job updated: 2947540
	2838  -  MemoryUsage of job (MB)
	2905408  -  ResidentSetSize of job (KB)
...
006 (7700974.000.000) 11/09 14:00:12 Image size of job updated: 2955116
	2838  -  MemoryUsage of job (MB)
	2905408  -  ResidentSetSize of job (KB)
...
006 (7700974.000.000) 11/09 14:05:12 Image size of job updated: 2959700
	2838  -  MemoryUsage of job (MB)
	2905408  -  ResidentSetSize of job (KB)
...
006 (7700974.000.000) 11/09 14:10:13 Image size of job updated: 2963892
	2838  -  MemoryUsage of job (MB)
	2905408  -  ResidentSetSize of job (KB)
...
006 (7700974.000.000) 11/09 14:15:13 Image size of job updated: 2963932
	2838  -  MemoryUsage of job (MB)
	2905408  -  ResidentSetSize of job (KB)
...
006 (7700974.000.000) 11/09 14:25:14 Image size of job updated: 2968768
	2838  -  MemoryUsage of job (MB)
	2905408  -  ResidentSetSize of job (KB)
...
006 (7700974.000.000) 11/09 14:30:15 Image size of job updated: 2969580
	2838  -  MemoryUsage of job (MB)
	2905408  -  ResidentSetSize of job (KB)
...
006 (7700974.000.000) 11/09 14:40:16 Image size of job updated: 2972508
	2838  -  MemoryUsage of job (MB)
	2905408  -  ResidentSetSize of job (KB)
...
006 (7700974.000.000) 11/09 14:45:17 Image size of job updated: 2980468
	2838  -  MemoryUsage of job (MB)
	2905408  -  ResidentSetSize of job (KB)
...
006 (7700974.000.000) 11/09 14:50:17 Image size of job updated: 2980852
	2838  -  MemoryUsage of job (MB)
	2905408  -  ResidentSetSize of job (KB)
...
006 (7700974.000.000) 11/09 14:55:18 Image size of job updated: 2986796
	2838  -  MemoryUsage of job (MB)
	2905408  -  ResidentSetSize of job (KB)
...
006 (7700974.000.000) 11/09 15:00:19 Image size of job updated: 2992988
	2838  -  MemoryUsage of job (MB)
	2905408  -  ResidentSetSize of job (KB)
...
006 (7700974.000.000) 11/09 15:05:19 Image size of job updated: 2996960
	2838  -  MemoryUsage of job (MB)
	2905408  -  ResidentSetSize of job (KB)
...
006 (7700974.000.000) 11/09 15:10:19 Image size of job updated: 3000468
	2838  -  MemoryUsage of job (MB)
	2905408  -  ResidentSetSize of job (KB)
...
006 (7700974.000.000) 11/09 15:15:21 Image size of job updated: 3007352
	2838  -  MemoryUsage of job (MB)
	2905408  -  ResidentSetSize of job (KB)
...
006 (7700974.000.000) 11/09 15:20:21 Image size of job updated: 3008324
	2838  -  MemoryUsage of job (MB)
	2905408  -  ResidentSetSize of job (KB)
...
006 (7700974.000.000) 11/09 15:25:21 Image size of job updated: 3014956
	2838  -  MemoryUsage of job (MB)
	2905408  -  ResidentSetSize of job (KB)
...
006 (7700974.000.000) 11/09 15:30:22 Image size of job updated: 3026368
	2889  -  MemoryUsage of job (MB)
	2957820  -  ResidentSetSize of job (KB)
...
006 (7700974.000.000) 11/09 15:35:23 Image size of job updated: 3027944
	2895  -  MemoryUsage of job (MB)
	2963964  -  ResidentSetSize of job (KB)
...
006 (7700974.000.000) 11/09 15:40:23 Image size of job updated: 3028184
	2895  -  MemoryUsage of job (MB)
	2963964  -  ResidentSetSize of job (KB)
...
006 (7700974.000.000) 11/09 15:45:24 Image size of job updated: 3036440
	2895  -  MemoryUsage of job (MB)
	2963964  -  ResidentSetSize of job (KB)
...
006 (7700974.000.000) 11/09 15:50:25 Image size of job updated: 3047984
	2895  -  MemoryUsage of job (MB)
	2963964  -  ResidentSetSize of job (KB)
...
006 (7700974.000.000) 11/09 15:55:25 Image size of job updated: 3050124
	2895  -  MemoryUsage of job (MB)
	2963964  -  ResidentSetSize of job (KB)
...
006 (7700974.000.000) 11/09 16:15:26 Image size of job updated: 3053500
	2895  -  MemoryUsage of job (MB)
	2963964  -  ResidentSetSize of job (KB)
...
006 (7700974.000.000) 11/09 16:20:27 Image size of job updated: 3057776
	2895  -  MemoryUsage of job (MB)
	2963964  -  ResidentSetSize of job (KB)
...
006 (7700974.000.000) 11/09 16:25:27 Image size of job updated: 3065188
	2895  -  MemoryUsage of job (MB)
	2963964  -  ResidentSetSize of job (KB)
...
006 (7700974.000.000) 11/09 16:35:28 Image size of job updated: 3089368
	2895  -  MemoryUsage of job (MB)
	2963964  -  ResidentSetSize of job (KB)
...
006 (7700974.000.000) 11/09 16:40:29 Image size of job updated: 3089428
	2895  -  MemoryUsage of job (MB)
	2963964  -  ResidentSetSize of job (KB)
...
006 (7700974.000.000) 11/09 16:55:31 Image size of job updated: 3097644
	2895  -  MemoryUsage of job (MB)
	2963964  -  ResidentSetSize of job (KB)
...
006 (7700974.000.000) 11/09 17:00:31 Image size of job updated: 3099996
	2895  -  MemoryUsage of job (MB)
	2964200  -  ResidentSetSize of job (KB)
...
006 (7700974.000.000) 11/09 17:05:32 Image size of job updated: 3109180
	2895  -  MemoryUsage of job (MB)
	2964200  -  ResidentSetSize of job (KB)
...
006 (7700974.000.000) 11/09 17:10:32 Image size of job updated: 3111548
	2895  -  MemoryUsage of job (MB)
	2964200  -  ResidentSetSize of job (KB)
...
006 (7700974.000.000) 11/09 17:15:33 Image size of job updated: 3117000
	2895  -  MemoryUsage of job (MB)
	2964200  -  ResidentSetSize of job (KB)
...
006 (7700974.000.000) 11/09 17:20:33 Image size of job updated: 3118932
	2895  -  MemoryUsage of job (MB)
	2964200  -  ResidentSetSize of job (KB)
...
006 (7700974.000.000) 11/09 17:25:34 Image size of job updated: 3119776
	2895  -  MemoryUsage of job (MB)
	2964200  -  ResidentSetSize of job (KB)
...
006 (7700974.000.000) 11/09 17:30:35 Image size of job updated: 3122704
	2895  -  MemoryUsage of job (MB)
	2964200  -  ResidentSetSize of job (KB)
...
006 (7700974.000.000) 11/09 17:35:35 Image size of job updated: 3124320
	2895  -  MemoryUsage of job (MB)
	2964200  -  ResidentSetSize of job (KB)
...
006 (7700974.000.000) 11/09 17:40:36 Image size of job updated: 3137536
	2895  -  MemoryUsage of job (MB)
	2964200  -  ResidentSetSize of job (KB)
...
006 (7700974.000.000) 11/09 17:45:37 Image size of job updated: 3140880
	2895  -  MemoryUsage of job (MB)
	2964200  -  ResidentSetSize of job (KB)
...
006 (7700974.000.000) 11/09 17:55:38 Image size of job updated: 3144564
	2895  -  MemoryUsage of job (MB)
	2964200  -  ResidentSetSize of job (KB)
...
006 (7700974.000.000) 11/09 18:00:39 Image size of job updated: 3147516
	2895  -  MemoryUsage of job (MB)
	2964200  -  ResidentSetSize of job (KB)
...
006 (7700974.000.000) 11/09 18:05:39 Image size of job updated: 3152360
	2895  -  MemoryUsage of job (MB)
	2964200  -  ResidentSetSize of job (KB)
...
006 (7700974.000.000) 11/09 18:10:40 Image size of job updated: 3165084
	2895  -  MemoryUsage of job (MB)
	2964200  -  ResidentSetSize of job (KB)
...
006 (7700974.000.000) 11/09 18:15:41 Image size of job updated: 3169064
	2895  -  MemoryUsage of job (MB)
	2964200  -  ResidentSetSize of job (KB)
...
006 (7700974.000.000) 11/09 18:20:41 Image size of job updated: 3169644
	2895  -  MemoryUsage of job (MB)
	2964200  -  ResidentSetSize of job (KB)
...
006 (7700974.000.000) 11/09 18:40:43 Image size of job updated: 3180848
	2895  -  MemoryUsage of job (MB)
	2964200  -  ResidentSetSize of job (KB)
...
006 (7700974.000.000) 11/09 18:45:44 Image size of job updated: 3183480
	2895  -  MemoryUsage of job (MB)
	2964200  -  ResidentSetSize of job (KB)
...
006 (7700974.000.000) 11/09 18:54:07 Image size of job updated: 6276148
	2895  -  MemoryUsage of job (MB)
	2964200  -  ResidentSetSize of job (KB)
...
040 (7700974.000.000) 11/09 18:54:07 Started transferring output files
...
040 (7700974.000.000) 11/09 18:54:07 Finished transferring output files
...
005 (7700974.000.000) 11/09 18:54:07 Job terminated.
	(1) Normal termination (return value 0)
		Usr 0 13:50:58, Sys 0 17:10:12  -  Run Remote Usage
		Usr 0 00:00:00, Sys 0 00:00:00  -  Run Local Usage
		Usr 0 13:50:58, Sys 0 17:10:12  -  Total Remote Usage
		Usr 0 00:00:00, Sys 0 00:00:00  -  Total Local Usage
	4807  -  Run Bytes Sent By Job
	10929  -  Run Bytes Received By Job
	4807  -  Total Bytes Sent By Job
	10929  -  Total Bytes Received By Job
	Partitionable Resources :    Usage  Request Allocated 
	   Cpus                 :     0.99        1         1 
	   Disk (KB)            :    38          12   2946255 
	   Memory (MB)          :  2895        2000      2000 

	Job terminated of its own accord at 2024-11-09T17:54:07Z with exit-code 0.
...
