000 (7742673.000.000) 11/16 12:56:54 Job submitted from host: <137.138.55.115:9618?addrs=137.138.55.115-9618+[2001-1458-d00-17--12a]-9618&alias=bigbird23.cern.ch&noUDP&sock=schedd_4975_03c1>
...
040 (7742673.000.000) 11/16 13:06:01 Started transferring input files
	Transferring to host: <188.185.209.51:9618?addrs=188.185.209.51-9618+[2001-1458-303-11--100-30]-9618&alias=b9p11p0504.cern.ch&noUDP&sock=slot1_28_3642_de4d_5317>
...
040 (7742673.000.000) 11/16 13:06:01 Finished transferring input files
...
001 (7742673.000.000) 11/16 13:06:02 Job executing on host: <188.185.209.51:9618?addrs=188.185.209.51-9618+[2001-1458-303-11--100-30]-9618&alias=b9p11p0504.cern.ch&noUDP&sock=startd_3564_2fa0>
	SlotName: slot1_28@b9p11p0504.cern.ch
	CondorScratchDir = "/pool/condor/dir_3702476"
	Cpus = 1
	Disk = 3665
	GPUs = 0
	Memory = 2000
...
006 (7742673.000.000) 11/16 13:06:11 Image size of job updated: 197020
	193  -  MemoryUsage of job (MB)
	197020  -  ResidentSetSize of job (KB)
...
006 (7742673.000.000) 11/16 13:06:32 Image size of job updated: 568120
	555  -  MemoryUsage of job (MB)
	568120  -  ResidentSetSize of job (KB)
...
040 (7742673.000.000) 11/16 13:06:32 Started transferring output files
...
040 (7742673.000.000) 11/16 13:06:32 Finished transferring output files
...
005 (7742673.000.000) 11/16 13:06:32 Job terminated.
	(1) Normal termination (return value 2)
		Usr 0 00:00:08, Sys 0 00:00:05  -  Run Remote Usage
		Usr 0 00:00:00, Sys 0 00:00:00  -  Run Local Usage
		Usr 0 00:00:08, Sys 0 00:00:05  -  Total Remote Usage
		Usr 0 00:00:00, Sys 0 00:00:00  -  Total Local Usage
	2187  -  Run Bytes Sent By Job
	11241  -  Run Bytes Received By Job
	2187  -  Total Bytes Sent By Job
	11241  -  Total Bytes Received By Job
	Partitionable Resources :    Usage  Request Allocated 
	   Cpus                 :        0        1         1 
	   Disk (KB)            :       41       12      3665 
	   GPUs                 :                           0 
	   Memory (MB)          :      555     2000      2000 

	Job terminated of its own accord at 2024-11-16T12:06:32Z with exit-code 2.
...
