000 (7709083.000.000) 11/09 21:18:24 Job submitted from host: <137.138.55.115:9618?addrs=137.138.55.115-9618+[2001-1458-d00-17--12a]-9618&alias=bigbird23.cern.ch&noUDP&sock=schedd_4975_03c1>
...
040 (7709083.000.000) 11/09 22:05:12 Started transferring input files
	Transferring to host: <188.184.185.152:9618?addrs=188.184.185.152-9618+[2001-1458-301-52--100-97]-9618&alias=b9g37p1124.cern.ch&noUDP&sock=slot1_9_4870_1aff_14647>
...
040 (7709083.000.000) 11/09 22:05:12 Finished transferring input files
...
001 (7709083.000.000) 11/09 22:05:13 Job executing on host: <188.184.185.152:9618?addrs=188.184.185.152-9618+[2001-1458-301-52--100-97]-9618&alias=b9g37p1124.cern.ch&noUDP&sock=startd_3903_b63b>
	SlotName: slot1_9@b9g37p1124.cern.ch
	CondorScratchDir = "/pool/condor/dir_637987"
	Cpus = 1
	Disk = 2805289
	Memory = 2000
...
006 (7709083.000.000) 11/09 22:05:22 Image size of job updated: 54600
	53  -  MemoryUsage of job (MB)
	54228  -  ResidentSetSize of job (KB)
...
006 (7709083.000.000) 11/09 22:10:23 Image size of job updated: 7128036
	6408  -  MemoryUsage of job (MB)
	6561792  -  ResidentSetSize of job (KB)
...
040 (7709083.000.000) 11/09 22:57:14 Started transferring output files
...
040 (7709083.000.000) 11/09 22:57:15 Finished transferring output files
...
005 (7709083.000.000) 11/09 22:57:15 Job terminated.
	(1) Normal termination (return value 0)
		Usr 0 01:09:53, Sys 0 00:02:08  -  Run Remote Usage
		Usr 0 00:00:00, Sys 0 00:00:00  -  Run Local Usage
		Usr 0 01:09:53, Sys 0 00:02:08  -  Total Remote Usage
		Usr 0 00:00:00, Sys 0 00:00:00  -  Total Local Usage
	987884  -  Run Bytes Sent By Job
	11116  -  Run Bytes Received By Job
	987884  -  Total Bytes Sent By Job
	11116  -  Total Bytes Received By Job
	Partitionable Resources :    Usage  Request Allocated 
	   Cpus                 :     1.38        1         1 
	   Disk (KB)            :  1001          12   2805289 
	   Memory (MB)          :  6408        2000      2000 

	Job terminated of its own accord at 2024-11-09T21:57:14Z with exit-code 0.
...
000 (7714878.000.000) 11/11 13:46:31 Job submitted from host: <137.138.55.115:9618?addrs=137.138.55.115-9618+[2001-1458-d00-17--12a]-9618&alias=bigbird23.cern.ch&noUDP&sock=schedd_4975_03c1>
...
040 (7714878.000.000) 11/11 13:47:45 Started transferring input files
	Transferring to host: <188.185.198.135:9618?addrs=188.185.198.135-9618+[2001-1458-303-25--100-83]-9618&alias=b9p15p8351.cern.ch&noUDP&sock=slot1_27_4020473_affc_16819>
...
040 (7714878.000.000) 11/11 13:47:45 Finished transferring input files
...
001 (7714878.000.000) 11/11 13:47:46 Job executing on host: <188.185.198.135:9618?addrs=188.185.198.135-9618+[2001-1458-303-25--100-83]-9618&alias=b9p15p8351.cern.ch&noUDP&sock=startd_9825_b615>
	SlotName: slot1_27@b9p15p8351.cern.ch
	CondorScratchDir = "/pool/condor/dir_2098657"
	Cpus = 1
	Disk = 2991870
	Memory = 2000
...
006 (7714878.000.000) 11/11 13:47:54 Image size of job updated: 103888
	102  -  MemoryUsage of job (MB)
	103888  -  ResidentSetSize of job (KB)
...
006 (7714878.000.000) 11/11 13:48:52 Image size of job updated: 8764604
	4451  -  MemoryUsage of job (MB)
	4557744  -  ResidentSetSize of job (KB)
...
040 (7714878.000.000) 11/11 13:48:52 Started transferring output files
...
040 (7714878.000.000) 11/11 13:48:53 Finished transferring output files
...
005 (7714878.000.000) 11/11 13:48:53 Job terminated.
	(1) Normal termination (return value 1)
		Usr 0 00:00:12, Sys 0 00:00:10  -  Run Remote Usage
		Usr 0 00:00:00, Sys 0 00:00:00  -  Run Local Usage
		Usr 0 00:00:12, Sys 0 00:00:10  -  Total Remote Usage
		Usr 0 00:00:00, Sys 0 00:00:00  -  Total Local Usage
	6842  -  Run Bytes Sent By Job
	11194  -  Run Bytes Received By Job
	6842  -  Total Bytes Sent By Job
	11194  -  Total Bytes Received By Job
	Partitionable Resources :    Usage  Request Allocated 
	   Cpus                 :        0        1         1 
	   Disk (KB)            :       39       12   2991870 
	   Memory (MB)          :     4451     2000      2000 

	Job terminated of its own accord at 2024-11-11T12:48:52Z with exit-code 1.
...
000 (7714927.000.000) 11/11 14:42:26 Job submitted from host: <137.138.55.115:9618?addrs=137.138.55.115-9618+[2001-1458-d00-17--12a]-9618&alias=bigbird23.cern.ch&noUDP&sock=schedd_4975_03c1>
...
040 (7714927.000.000) 11/11 15:06:26 Started transferring input files
	Transferring to host: <128.142.248.123:9618?addrs=128.142.248.123-9618+[2001-1458-301-73--100-16b]-9618&alias=b9g23p2657.cern.ch&noUDP&sock=slot1_39_2796932_5dc1_31648>
...
040 (7714927.000.000) 11/11 15:06:26 Finished transferring input files
...
001 (7714927.000.000) 11/11 15:06:27 Job executing on host: <128.142.248.123:9618?addrs=128.142.248.123-9618+[2001-1458-301-73--100-16b]-9618&alias=b9g23p2657.cern.ch&noUDP&sock=startd_7091_6a27>
	SlotName: slot1_39@b9g23p2657.cern.ch
	CondorScratchDir = "/pool/condor/dir_585900"
	Cpus = 1
	Disk = 3052051
	Memory = 2000
...
006 (7714927.000.000) 11/11 15:06:36 Image size of job updated: 66628
	65  -  MemoryUsage of job (MB)
	66376  -  ResidentSetSize of job (KB)
...
006 (7714927.000.000) 11/11 15:11:37 Image size of job updated: 6529996
	6377  -  MemoryUsage of job (MB)
	6529776  -  ResidentSetSize of job (KB)
...
006 (7714927.000.000) 11/11 15:16:37 Image size of job updated: 6856052
	6377  -  MemoryUsage of job (MB)
	6529776  -  ResidentSetSize of job (KB)
...
006 (7714927.000.000) 11/11 19:27:02 Image size of job updated: 6856052
	6423  -  MemoryUsage of job (MB)
	6576884  -  ResidentSetSize of job (KB)
...
006 (7714927.000.000) 11/11 19:28:09 Image size of job updated: 6856052
	6423  -  MemoryUsage of job (MB)
	6576888  -  ResidentSetSize of job (KB)
...
040 (7714927.000.000) 11/11 19:28:35 Started transferring output files
...
040 (7714927.000.000) 11/11 19:28:51 Finished transferring output files
...
005 (7714927.000.000) 11/11 19:28:52 Job terminated.
	(1) Normal termination (return value 0)
		Usr 0 05:10:21, Sys 0 00:06:20  -  Run Remote Usage
		Usr 0 00:00:00, Sys 0 00:00:00  -  Run Local Usage
		Usr 0 05:10:21, Sys 0 00:06:20  -  Total Remote Usage
		Usr 0 00:00:00, Sys 0 00:00:00  -  Total Local Usage
	4015629  -  Run Bytes Sent By Job
	11194  -  Run Bytes Received By Job
	4015629  -  Total Bytes Sent By Job
	11194  -  Total Bytes Received By Job
	Partitionable Resources :    Usage  Request Allocated 
	   Cpus                 :     1.19        1         1 
	   Disk (KB)            :  3959          12   3052051 
	   Memory (MB)          :  6423        2000      2000 

	Job terminated of its own accord at 2024-11-11T18:28:09Z with exit-code 0.
...
000 (7718859.000.000) 11/12 11:38:01 Job submitted from host: <137.138.55.115:9618?addrs=137.138.55.115-9618+[2001-1458-d00-17--12a]-9618&alias=bigbird23.cern.ch&noUDP&sock=schedd_4975_03c1>
...
040 (7718859.000.000) 11/12 11:38:59 Started transferring input files
	Transferring to host: <188.185.196.42:9618?addrs=188.185.196.42-9618+[2001-1458-303-23--100-26]-9618&alias=b9p16p7968.cern.ch&noUDP&sock=slot1_1_6136_1df3_26947>
...
040 (7718859.000.000) 11/12 11:38:59 Finished transferring input files
...
001 (7718859.000.000) 11/12 11:39:00 Job executing on host: <188.185.196.42:9618?addrs=188.185.196.42-9618+[2001-1458-303-23--100-26]-9618&alias=b9p16p7968.cern.ch&noUDP&sock=startd_4822_11c4>
	SlotName: slot1_1@b9p16p7968.cern.ch
	CondorScratchDir = "/pool/condor/dir_2266085"
	Cpus = 1
	Disk = 3914
	GPUs = 0
	Memory = 2000
...
006 (7718859.000.000) 11/12 11:39:09 Image size of job updated: 47624
	47  -  MemoryUsage of job (MB)
	47624  -  ResidentSetSize of job (KB)
...
006 (7718859.000.000) 11/12 11:44:10 Image size of job updated: 4092928
	3997  -  MemoryUsage of job (MB)
	4092928  -  ResidentSetSize of job (KB)
...
006 (7718859.000.000) 11/12 12:19:13 Image size of job updated: 4147140
	4050  -  MemoryUsage of job (MB)
	4147140  -  ResidentSetSize of job (KB)
...
040 (7718859.000.000) 11/12 12:28:41 Started transferring output files
...
040 (7718859.000.000) 11/12 12:28:42 Finished transferring output files
...
005 (7718859.000.000) 11/12 12:28:42 Job terminated.
	(1) Normal termination (return value 0)
		Usr 0 01:09:27, Sys 0 00:02:06  -  Run Remote Usage
		Usr 0 00:00:00, Sys 0 00:00:00  -  Run Local Usage
		Usr 0 01:09:27, Sys 0 00:02:06  -  Total Remote Usage
		Usr 0 00:00:00, Sys 0 00:00:00  -  Total Local Usage
	976084  -  Run Bytes Sent By Job
	11215  -  Run Bytes Received By Job
	976084  -  Total Bytes Sent By Job
	11215  -  Total Bytes Received By Job
	Partitionable Resources :    Usage  Request Allocated 
	   Cpus                 :     1.40        1         1 
	   Disk (KB)            :   990          12      3914 
	   GPUs                 :                           0 
	   Memory (MB)          :  4050        2000      2000 

	Job terminated of its own accord at 2024-11-12T11:28:41Z with exit-code 0.
...
