000 (7744138.000.000) 11/17 00:12:57 Job submitted from host: <137.138.55.115:9618?addrs=137.138.55.115-9618+[2001-1458-d00-17--12a]-9618&alias=bigbird23.cern.ch&noUDP&sock=schedd_4975_03c1>
...
040 (7744138.000.000) 11/17 00:41:56 Started transferring input files
	Transferring to host: <188.185.198.111:9618?addrs=188.185.198.111-9618+[2001-1458-303-25--100-6b]-9618&alias=b9p15p4924.cern.ch&noUDP&sock=slot1_19_2644228_9580_5321>
...
040 (7744138.000.000) 11/17 00:41:56 Finished transferring input files
...
001 (7744138.000.000) 11/17 00:41:57 Job executing on host: <188.185.198.111:9618?addrs=188.185.198.111-9618+[2001-1458-303-25--100-6b]-9618&alias=b9p15p4924.cern.ch&noUDP&sock=startd_11856_ceef>
	SlotName: slot1_19@b9p15p4924.cern.ch
	CondorScratchDir = "/pool/condor/dir_690980"
	Cpus = 1
	Disk = 2958538
	Memory = 2000
...
006 (7744138.000.000) 11/17 00:42:05 Image size of job updated: 95268
	93  -  MemoryUsage of job (MB)
	95124  -  ResidentSetSize of job (KB)
...
006 (7744138.000.000) 11/17 00:47:05 Image size of job updated: 5017696
	4887  -  MemoryUsage of job (MB)
	5003512  -  ResidentSetSize of job (KB)
...
006 (7744138.000.000) 11/17 00:52:06 Image size of job updated: 5440512
	5313  -  MemoryUsage of job (MB)
	5440260  -  ResidentSetSize of job (KB)
...
006 (7744138.000.000) 11/17 00:57:07 Image size of job updated: 5713448
	5580  -  MemoryUsage of job (MB)
	5713448  -  ResidentSetSize of job (KB)
...
006 (7744138.000.000) 11/17 01:02:07 Image size of job updated: 5838112
	5701  -  MemoryUsage of job (MB)
	5836972  -  ResidentSetSize of job (KB)
...
006 (7744138.000.000) 11/17 01:07:08 Image size of job updated: 5912632
	5774  -  MemoryUsage of job (MB)
	5912376  -  ResidentSetSize of job (KB)
...
006 (7744138.000.000) 11/17 01:12:09 Image size of job updated: 5985996
	5837  -  MemoryUsage of job (MB)
	5976792  -  ResidentSetSize of job (KB)
...
006 (7744138.000.000) 11/17 01:17:09 Image size of job updated: 6026692
	5877  -  MemoryUsage of job (MB)
	6017944  -  ResidentSetSize of job (KB)
...
006 (7744138.000.000) 11/17 01:22:09 Image size of job updated: 6051252
	5909  -  MemoryUsage of job (MB)
	6049912  -  ResidentSetSize of job (KB)
...
006 (7744138.000.000) 11/17 01:27:10 Image size of job updated: 6072324
	5924  -  MemoryUsage of job (MB)
	6066152  -  ResidentSetSize of job (KB)
...
006 (7744138.000.000) 11/17 01:33:16 Image size of job updated: 6098336
	5954  -  MemoryUsage of job (MB)
	6096028  -  ResidentSetSize of job (KB)
...
006 (7744138.000.000) 11/17 01:37:10 Image size of job updated: 6130296
	5979  -  MemoryUsage of job (MB)
	6122464  -  ResidentSetSize of job (KB)
...
006 (7744138.000.000) 11/17 01:42:11 Image size of job updated: 6155136
	6011  -  MemoryUsage of job (MB)
	6154884  -  ResidentSetSize of job (KB)
...
006 (7744138.000.000) 11/17 01:47:11 Image size of job updated: 6235264
	6088  -  MemoryUsage of job (MB)
	6233216  -  ResidentSetSize of job (KB)
...
006 (7744138.000.000) 11/17 01:52:11 Image size of job updated: 6247132
	6097  -  MemoryUsage of job (MB)
	6242696  -  ResidentSetSize of job (KB)
...
006 (7744138.000.000) 11/17 01:57:12 Image size of job updated: 6276488
	6130  -  MemoryUsage of job (MB)
	6276476  -  ResidentSetSize of job (KB)
...
006 (7744138.000.000) 11/17 02:02:12 Image size of job updated: 6302240
	6151  -  MemoryUsage of job (MB)
	6297760  -  ResidentSetSize of job (KB)
...
006 (7744138.000.000) 11/17 02:07:13 Image size of job updated: 6313588
	6164  -  MemoryUsage of job (MB)
	6311536  -  ResidentSetSize of job (KB)
...
006 (7744138.000.000) 11/17 02:12:14 Image size of job updated: 6317544
	6164  -  MemoryUsage of job (MB)
	6311536  -  ResidentSetSize of job (KB)
...
006 (7744138.000.000) 11/17 02:17:14 Image size of job updated: 6318920
	6167  -  MemoryUsage of job (MB)
	6314712  -  ResidentSetSize of job (KB)
...
006 (7744138.000.000) 11/17 02:22:15 Image size of job updated: 6329452
	6173  -  MemoryUsage of job (MB)
	6321012  -  ResidentSetSize of job (KB)
...
006 (7744138.000.000) 11/17 02:27:16 Image size of job updated: 6342020
	6187  -  MemoryUsage of job (MB)
	6335252  -  ResidentSetSize of job (KB)
...
006 (7744138.000.000) 11/17 02:32:16 Image size of job updated: 6350520
	6198  -  MemoryUsage of job (MB)
	6345896  -  ResidentSetSize of job (KB)
...
006 (7744138.000.000) 11/17 02:37:16 Image size of job updated: 6353240
	6199  -  MemoryUsage of job (MB)
	6346836  -  ResidentSetSize of job (KB)
...
006 (7744138.000.000) 11/17 02:42:17 Image size of job updated: 6362160
	6206  -  MemoryUsage of job (MB)
	6354784  -  ResidentSetSize of job (KB)
...
006 (7744138.000.000) 11/17 02:47:17 Image size of job updated: 6362160
	6209  -  MemoryUsage of job (MB)
	6357784  -  ResidentSetSize of job (KB)
...
006 (7744138.000.000) 11/17 02:52:17 Image size of job updated: 6372292
	6217  -  MemoryUsage of job (MB)
	6365852  -  ResidentSetSize of job (KB)
...
006 (7744138.000.000) 11/17 02:57:18 Image size of job updated: 6374464
	6219  -  MemoryUsage of job (MB)
	6368200  -  ResidentSetSize of job (KB)
...
006 (7744138.000.000) 11/17 03:02:18 Image size of job updated: 6375060
	6221  -  MemoryUsage of job (MB)
	6369856  -  ResidentSetSize of job (KB)
...
006 (7744138.000.000) 11/17 03:07:18 Image size of job updated: 6383176
	6226  -  MemoryUsage of job (MB)
	6375268  -  ResidentSetSize of job (KB)
...
006 (7744138.000.000) 11/17 03:12:19 Image size of job updated: 6389880
	6238  -  MemoryUsage of job (MB)
	6387216  -  ResidentSetSize of job (KB)
...
006 (7744138.000.000) 11/17 03:17:20 Image size of job updated: 6391108
	6238  -  MemoryUsage of job (MB)
	6387216  -  ResidentSetSize of job (KB)
...
006 (7744138.000.000) 11/17 03:22:20 Image size of job updated: 6693644
	6359  -  MemoryUsage of job (MB)
	6510836  -  ResidentSetSize of job (KB)
...
006 (7744138.000.000) 11/17 03:22:39 Image size of job updated: 6696044
	6359  -  MemoryUsage of job (MB)
	6510836  -  ResidentSetSize of job (KB)
...
040 (7744138.000.000) 11/17 03:22:39 Started transferring output files
...
040 (7744138.000.000) 11/17 03:22:39 Finished transferring output files
...
005 (7744138.000.000) 11/17 03:22:39 Job terminated.
	(1) Normal termination (return value 0)
		Usr 0 03:40:44, Sys 0 00:09:38  -  Run Remote Usage
		Usr 0 00:00:00, Sys 0 00:00:00  -  Run Local Usage
		Usr 0 03:40:44, Sys 0 00:09:38  -  Total Remote Usage
		Usr 0 00:00:00, Sys 0 00:00:00  -  Total Local Usage
	3713510  -  Run Bytes Sent By Job
	11240  -  Run Bytes Received By Job
	3713510  -  Total Bytes Sent By Job
	11240  -  Total Bytes Received By Job
	Partitionable Resources :    Usage  Request Allocated 
	   Cpus                 :     1.62        1         1 
	   Disk (KB)            :  3665          12   2958538 
	   Memory (MB)          :  6359        2000      2000 

	Job terminated of its own accord at 2024-11-17T02:22:39Z with exit-code 0.
...
