000 (7742672.000.000) 11/16 12:56:44 Job submitted from host: <137.138.55.115:9618?addrs=137.138.55.115-9618+[2001-1458-d00-17--12a]-9618&alias=bigbird23.cern.ch&noUDP&sock=schedd_4975_03c1>
...
040 (7742672.000.000) 11/16 13:06:00 Started transferring input files
	Transferring to host: <188.184.185.32:9618?addrs=188.184.185.32-9618+[2001-1458-301-52--100-1f]-9618&alias=b9g37p0831.cern.ch&noUDP&sock=slot1_22_296903_c5c3_9994>
...
040 (7742672.000.000) 11/16 13:06:00 Finished transferring input files
...
001 (7742672.000.000) 11/16 13:06:01 Job executing on host: <188.184.185.32:9618?addrs=188.184.185.32-9618+[2001-1458-301-52--100-1f]-9618&alias=b9g37p0831.cern.ch&noUDP&sock=startd_4629_affc>
	SlotName: slot1_22@b9g37p0831.cern.ch
	CondorScratchDir = "/pool/condor/dir_702577"
	Cpus = 1
	Disk = 3787
	GPUs = 0
	Memory = 2000
...
006 (7742672.000.000) 11/16 13:06:09 Image size of job updated: 84984
	83  -  MemoryUsage of job (MB)
	84984  -  ResidentSetSize of job (KB)
...
006 (7742672.000.000) 11/16 13:06:40 Image size of job updated: 301516
	295  -  MemoryUsage of job (MB)
	301516  -  ResidentSetSize of job (KB)
...
040 (7742672.000.000) 11/16 13:06:40 Started transferring output files
...
040 (7742672.000.000) 11/16 13:06:40 Finished transferring output files
...
005 (7742672.000.000) 11/16 13:06:40 Job terminated.
	(1) Normal termination (return value 2)
		Usr 0 00:00:14, Sys 0 00:00:05  -  Run Remote Usage
		Usr 0 00:00:00, Sys 0 00:00:00  -  Run Local Usage
		Usr 0 00:00:14, Sys 0 00:00:05  -  Total Remote Usage
		Usr 0 00:00:00, Sys 0 00:00:00  -  Total Local Usage
	2187  -  Run Bytes Sent By Job
	11266  -  Run Bytes Received By Job
	2187  -  Total Bytes Sent By Job
	11266  -  Total Bytes Received By Job
	Partitionable Resources :    Usage  Request Allocated 
	   Cpus                 :                 1         1 
	   Disk (KB)            :       30       12      3787 
	   GPUs                 :                           0 
	   Memory (MB)          :      295     2000      2000 

	Job terminated of its own accord at 2024-11-16T12:06:40Z with exit-code 2.
...
