000 (7718936.000.000) 11/12 12:56:31 Job submitted from host: <137.138.55.115:9618?addrs=137.138.55.115-9618+[2001-1458-d00-17--12a]-9618&alias=bigbird23.cern.ch&noUDP&sock=schedd_4975_03c1>
...
040 (7718936.000.000) 11/12 12:58:32 Started transferring input files
	Transferring to host: <128.142.248.81:9618?addrs=128.142.248.81-9618+[2001-1458-301-73--100-141]-9618&alias=b9g23p3234.cern.ch&noUDP&sock=slot1_12_7067_1738_15314>
...
040 (7718936.000.000) 11/12 12:58:32 Finished transferring input files
...
001 (7718936.000.000) 11/12 12:58:33 Job executing on host: <128.142.248.81:9618?addrs=128.142.248.81-9618+[2001-1458-301-73--100-141]-9618&alias=b9g23p3234.cern.ch&noUDP&sock=startd_6575_7b49>
	SlotName: slot1_12@b9g23p3234.cern.ch
	CondorScratchDir = "/pool/condor/dir_3919564"
	Cpus = 1
	Disk = 2959715
	Memory = 2000
...
006 (7718936.000.000) 11/12 12:58:42 Image size of job updated: 61908
	61  -  MemoryUsage of job (MB)
	61668  -  ResidentSetSize of job (KB)
...
006 (7718936.000.000) 11/12 13:03:43 Image size of job updated: 9668948
	9441  -  MemoryUsage of job (MB)
	9666896  -  ResidentSetSize of job (KB)
...
006 (7718936.000.000) 11/12 13:08:44 Image size of job updated: 10129036
	9890  -  MemoryUsage of job (MB)
	10126992  -  ResidentSetSize of job (KB)
...
006 (7718936.000.000) 11/12 13:13:44 Image size of job updated: 10172888
	9890  -  MemoryUsage of job (MB)
	10126992  -  ResidentSetSize of job (KB)
...
040 (7718936.000.000) 11/12 15:59:41 Started transferring output files
...
040 (7718936.000.000) 11/12 15:59:41 Finished transferring output files
...
005 (7718936.000.000) 11/12 15:59:41 Job terminated.
	(1) Normal termination (return value 0)
		Usr 0 04:16:19, Sys 0 00:03:23  -  Run Remote Usage
		Usr 0 00:00:00, Sys 0 00:00:00  -  Run Local Usage
		Usr 0 04:16:19, Sys 0 00:03:23  -  Total Remote Usage
		Usr 0 00:00:00, Sys 0 00:00:00  -  Total Local Usage
	3830398  -  Run Bytes Sent By Job
	11227  -  Run Bytes Received By Job
	3830398  -  Total Bytes Sent By Job
	11227  -  Total Bytes Received By Job
	Partitionable Resources :    Usage  Request Allocated 
	   Cpus                 :     1.13        1         1 
	   Disk (KB)            :  3779          12   2959715 
	   Memory (MB)          :  9890        2000      2000 

	Job terminated of its own accord at 2024-11-12T14:59:40Z with exit-code 0.
...
