000 (7725388.000.000) 11/13 02:15:55 Job submitted from host: <137.138.55.115:9618?addrs=137.138.55.115-9618+[2001-1458-d00-17--12a]-9618&alias=bigbird23.cern.ch&noUDP&sock=schedd_4975_03c1>
...
040 (7725388.000.000) 11/13 02:18:55 Started transferring input files
	Transferring to host: <188.185.198.76:9618?addrs=188.185.198.76-9618+[2001-1458-303-25--100-48]-9618&alias=b9p15p5144.cern.ch&noUDP&sock=slot1_37_9442_7e39_28937>
...
040 (7725388.000.000) 11/13 02:18:55 Finished transferring input files
...
001 (7725388.000.000) 11/13 02:18:56 Job executing on host: <188.185.198.76:9618?addrs=188.185.198.76-9618+[2001-1458-303-25--100-48]-9618&alias=b9p15p5144.cern.ch&noUDP&sock=startd_9398_d325>
	SlotName: slot1_37@b9p15p5144.cern.ch
	CondorScratchDir = "/pool/condor/dir_30857"
	Cpus = 1
	Disk = 3917
	GPUs = 0
	Memory = 2000
...
006 (7725388.000.000) 11/13 02:19:04 Image size of job updated: 33684
	33  -  MemoryUsage of job (MB)
	33684  -  ResidentSetSize of job (KB)
...
006 (7725388.000.000) 11/13 02:24:04 Image size of job updated: 4703308
	4594  -  MemoryUsage of job (MB)
	4703308  -  ResidentSetSize of job (KB)
...
006 (7725388.000.000) 11/13 02:29:05 Image size of job updated: 5295456
	5172  -  MemoryUsage of job (MB)
	5295456  -  ResidentSetSize of job (KB)
...
006 (7725388.000.000) 11/13 02:34:05 Image size of job updated: 5478884
	5351  -  MemoryUsage of job (MB)
	5478884  -  ResidentSetSize of job (KB)
...
006 (7725388.000.000) 11/13 02:39:06 Image size of job updated: 5596068
	5465  -  MemoryUsage of job (MB)
	5596068  -  ResidentSetSize of job (KB)
...
006 (7725388.000.000) 11/13 02:44:07 Image size of job updated: 5700120
	5567  -  MemoryUsage of job (MB)
	5700120  -  ResidentSetSize of job (KB)
...
006 (7725388.000.000) 11/13 02:49:07 Image size of job updated: 5748644
	5614  -  MemoryUsage of job (MB)
	5748644  -  ResidentSetSize of job (KB)
...
006 (7725388.000.000) 11/13 02:54:07 Image size of job updated: 5792156
	5657  -  MemoryUsage of job (MB)
	5792156  -  ResidentSetSize of job (KB)
...
040 (7725388.000.000) 11/13 04:06:24 Started transferring output files
...
040 (7725388.000.000) 11/13 04:06:25 Finished transferring output files
...
005 (7725388.000.000) 11/13 04:06:25 Job terminated.
	(1) Normal termination (return value 0)
		Usr 0 02:11:36, Sys 0 00:03:17  -  Run Remote Usage
		Usr 0 00:00:00, Sys 0 00:00:00  -  Run Local Usage
		Usr 0 02:11:36, Sys 0 00:03:17  -  Total Remote Usage
		Usr 0 00:00:00, Sys 0 00:00:00  -  Total Local Usage
	2213914  -  Run Bytes Sent By Job
	11267  -  Run Bytes Received By Job
	2213914  -  Total Bytes Sent By Job
	11267  -  Total Bytes Received By Job
	Partitionable Resources :    Usage  Request Allocated 
	   Cpus                 :     1.09        1         1 
	   Disk (KB)            :  2199          12      3917 
	   GPUs                 :                           0 
	   Memory (MB)          :  5657        2000      2000 

	Job terminated of its own accord at 2024-11-13T03:06:24Z with exit-code 0.
...
