000 (7744047.000.000) 11/16 23:35:40 Job submitted from host: <137.138.55.115:9618?addrs=137.138.55.115-9618+[2001-1458-d00-17--12a]-9618&alias=bigbird23.cern.ch&noUDP&sock=schedd_4975_03c1>
...
040 (7744047.000.000) 11/16 23:43:03 Started transferring input files
	Transferring to host: <128.142.248.81:9618?addrs=128.142.248.81-9618+[2001-1458-301-73--100-141]-9618&alias=b9g23p3234.cern.ch&noUDP&sock=slot1_50_7067_1738_19729>
...
040 (7744047.000.000) 11/16 23:43:03 Finished transferring input files
...
001 (7744047.000.000) 11/16 23:43:04 Job executing on host: <128.142.248.81:9618?addrs=128.142.248.81-9618+[2001-1458-301-73--100-141]-9618&alias=b9g23p3234.cern.ch&noUDP&sock=startd_6575_7b49>
	SlotName: slot1_50@b9g23p3234.cern.ch
	CondorScratchDir = "/pool/condor/dir_560386"
	Cpus = 1
	Disk = 2912282
	Memory = 2000
...
006 (7744047.000.000) 11/16 23:43:13 Image size of job updated: 28032
	18  -  MemoryUsage of job (MB)
	17988  -  ResidentSetSize of job (KB)
...
006 (7744047.000.000) 11/16 23:48:14 Image size of job updated: 9235000
	7250  -  MemoryUsage of job (MB)
	7423016  -  ResidentSetSize of job (KB)
...
006 (7744047.000.000) 11/16 23:53:14 Image size of job updated: 9235000
	7603  -  MemoryUsage of job (MB)
	7784528  -  ResidentSetSize of job (KB)
...
040 (7744047.000.000) 11/17 01:06:36 Started transferring output files
...
040 (7744047.000.000) 11/17 01:06:38 Finished transferring output files
...
005 (7744047.000.000) 11/17 01:06:38 Job terminated.
	(1) Normal termination (return value 0)
		Usr 0 01:06:02, Sys 0 00:03:12  -  Run Remote Usage
		Usr 0 00:00:00, Sys 0 00:00:00  -  Run Local Usage
		Usr 0 01:06:02, Sys 0 00:03:12  -  Total Remote Usage
		Usr 0 00:00:00, Sys 0 00:00:00  -  Total Local Usage
	2402497  -  Run Bytes Sent By Job
	11234  -  Run Bytes Received By Job
	2402497  -  Total Bytes Sent By Job
	11234  -  Total Bytes Received By Job
	Partitionable Resources :    Usage  Request Allocated 
	   Cpus                 :     0.78        1         1 
	   Disk (KB)            :  2382          12   2912282 
	   Memory (MB)          :  7603        2000      2000 

	Job terminated of its own accord at 2024-11-17T00:06:36Z with exit-code 0.
...
