000 (7708573.000.000) 11/09 19:55:10 Job submitted from host: <137.138.55.115:9618?addrs=137.138.55.115-9618+[2001-1458-d00-17--12a]-9618&alias=bigbird23.cern.ch&noUDP&sock=schedd_4975_03c1>
...
000 (7708574.000.000) 11/09 19:55:22 Job submitted from host: <137.138.55.115:9618?addrs=137.138.55.115-9618+[2001-1458-d00-17--12a]-9618&alias=bigbird23.cern.ch&noUDP&sock=schedd_4975_03c1>
...
000 (7708576.000.000) 11/09 19:55:44 Job submitted from host: <137.138.55.115:9618?addrs=137.138.55.115-9618+[2001-1458-d00-17--12a]-9618&alias=bigbird23.cern.ch&noUDP&sock=schedd_4975_03c1>
...
040 (7708574.000.000) 11/09 19:57:53 Started transferring input files
	Transferring to host: <188.185.196.16:9618?addrs=188.185.196.16-9618+[2001-1458-303-23--100-c]-9618&alias=b9p16p5291.cern.ch&noUDP&sock=slot1_34_3060483_e33f_2267>
...
040 (7708574.000.000) 11/09 19:57:53 Finished transferring input files
...
040 (7708573.000.000) 11/09 19:57:53 Started transferring input files
	Transferring to host: <188.185.196.182:9618?addrs=188.185.196.182-9618+[2001-1458-303-23--100-b2]-9618&alias=b9p16p5055.cern.ch&noUDP&sock=slot1_7_667922_38d2_77044>
...
040 (7708573.000.000) 11/09 19:57:53 Finished transferring input files
...
040 (7708576.000.000) 11/09 19:57:54 Started transferring input files
	Transferring to host: <188.185.198.41:9618?addrs=188.185.198.41-9618+[2001-1458-303-25--100-25]-9618&alias=b9p15p1678.cern.ch&noUDP&sock=slot1_24_4079464_2efb_4789>
...
001 (7708574.000.000) 11/09 19:57:54 Job executing on host: <188.185.196.16:9618?addrs=188.185.196.16-9618+[2001-1458-303-23--100-c]-9618&alias=b9p16p5291.cern.ch&noUDP&sock=startd_7053_598e>
	SlotName: slot1_34@b9p16p5291.cern.ch
	CondorScratchDir = "/pool/condor/dir_2228107"
	Cpus = 1
	Disk = 3778
	GPUs = 0
	Memory = 2000
...
001 (7708573.000.000) 11/09 19:57:54 Job executing on host: <188.185.196.182:9618?addrs=188.185.196.182-9618+[2001-1458-303-23--100-b2]-9618&alias=b9p16p5055.cern.ch&noUDP&sock=startd_127762_af06>
	SlotName: slot1_7@b9p16p5055.cern.ch
	CondorScratchDir = "/pool/condor/dir_1382781"
	Cpus = 1
	Disk = 2980293
	Memory = 2000
...
040 (7708576.000.000) 11/09 19:57:55 Finished transferring input files
...
001 (7708576.000.000) 11/09 19:57:56 Job executing on host: <188.185.198.41:9618?addrs=188.185.198.41-9618+[2001-1458-303-25--100-25]-9618&alias=b9p15p1678.cern.ch&noUDP&sock=startd_9981_b6db>
	SlotName: slot1_24@b9p15p1678.cern.ch
	CondorScratchDir = "/pool/condor/dir_2565768"
	Cpus = 1
	Disk = 3018304
	Memory = 2000
...
006 (7708576.000.000) 11/09 19:58:00 Image size of job updated: 27908
	14  -  MemoryUsage of job (MB)
	13456  -  ResidentSetSize of job (KB)
...
040 (7708576.000.000) 11/09 19:58:00 Started transferring output files
...
040 (7708576.000.000) 11/09 19:58:00 Finished transferring output files
...
005 (7708576.000.000) 11/09 19:58:00 Job terminated.
	(1) Normal termination (return value 2)
		Usr 0 00:00:01, Sys 0 00:00:00  -  Run Remote Usage
		Usr 0 00:00:00, Sys 0 00:00:00  -  Run Local Usage
		Usr 0 00:00:01, Sys 0 00:00:00  -  Total Remote Usage
		Usr 0 00:00:00, Sys 0 00:00:00  -  Total Local Usage
	217  -  Run Bytes Sent By Job
	11092  -  Run Bytes Received By Job
	217  -  Total Bytes Sent By Job
	11092  -  Total Bytes Received By Job
	Partitionable Resources :    Usage  Request Allocated 
	   Cpus                 :        0        1         1 
	   Disk (KB)            :       35       12   3018304 
	   Memory (MB)          :       14     2000      2000 

	Job terminated of its own accord at 2024-11-09T18:58:00Z with exit-code 2.
...
006 (7708574.000.000) 11/09 19:58:01 Image size of job updated: 10412
	11  -  MemoryUsage of job (MB)
	10412  -  ResidentSetSize of job (KB)
...
040 (7708574.000.000) 11/09 19:58:01 Started transferring output files
...
040 (7708574.000.000) 11/09 19:58:01 Finished transferring output files
...
005 (7708574.000.000) 11/09 19:58:01 Job terminated.
	(1) Normal termination (return value 2)
		Usr 0 00:00:01, Sys 0 00:00:00  -  Run Remote Usage
		Usr 0 00:00:00, Sys 0 00:00:00  -  Run Local Usage
		Usr 0 00:00:01, Sys 0 00:00:00  -  Total Remote Usage
		Usr 0 00:00:00, Sys 0 00:00:00  -  Total Local Usage
	217  -  Run Bytes Sent By Job
	11092  -  Run Bytes Received By Job
	217  -  Total Bytes Sent By Job
	11092  -  Total Bytes Received By Job
	Partitionable Resources :    Usage  Request Allocated 
	   Cpus                 :        0        1         1 
	   Disk (KB)            :       36       12      3778 
	   GPUs                 :                           0 
	   Memory (MB)          :       11     2000      2000 

	Job terminated of its own accord at 2024-11-09T18:58:01Z with exit-code 2.
...
006 (7708573.000.000) 11/09 19:58:01 Image size of job updated: 27920
	15  -  MemoryUsage of job (MB)
	14680  -  ResidentSetSize of job (KB)
...
040 (7708573.000.000) 11/09 19:58:01 Started transferring output files
...
040 (7708573.000.000) 11/09 19:58:01 Finished transferring output files
...
005 (7708573.000.000) 11/09 19:58:01 Job terminated.
	(1) Normal termination (return value 2)
		Usr 0 00:00:01, Sys 0 00:00:00  -  Run Remote Usage
		Usr 0 00:00:00, Sys 0 00:00:00  -  Run Local Usage
		Usr 0 00:00:01, Sys 0 00:00:00  -  Total Remote Usage
		Usr 0 00:00:00, Sys 0 00:00:00  -  Total Local Usage
	217  -  Run Bytes Sent By Job
	11092  -  Run Bytes Received By Job
	217  -  Total Bytes Sent By Job
	11092  -  Total Bytes Received By Job
	Partitionable Resources :    Usage  Request Allocated 
	   Cpus                 :        0        1         1 
	   Disk (KB)            :       36       12   2980293 
	   Memory (MB)          :       15     2000      2000 

	Job terminated of its own accord at 2024-11-09T18:58:01Z with exit-code 2.
...
000 (7714827.000.000) 11/11 12:59:04 Job submitted from host: <137.138.55.115:9618?addrs=137.138.55.115-9618+[2001-1458-d00-17--12a]-9618&alias=bigbird23.cern.ch&noUDP&sock=schedd_4975_03c1>
...
040 (7714827.000.000) 11/11 13:23:40 Started transferring input files
	Transferring to host: <128.142.248.197:9618?addrs=128.142.248.197-9618+[2001-1458-301-73--100-c4]-9618&alias=b9g23p2961.cern.ch&noUDP&sock=slot1_51_2232953_240b_71380>
...
040 (7714827.000.000) 11/11 13:23:40 Finished transferring input files
...
001 (7714827.000.000) 11/11 13:23:41 Job executing on host: <128.142.248.197:9618?addrs=128.142.248.197-9618+[2001-1458-301-73--100-c4]-9618&alias=b9g23p2961.cern.ch&noUDP&sock=startd_5911_0866>
	SlotName: slot1_51@b9g23p2961.cern.ch
	CondorScratchDir = "/pool/condor/dir_2742776"
	Cpus = 1
	Disk = 2964256
	Memory = 2000
...
006 (7714827.000.000) 11/11 13:23:49 Image size of job updated: 1
	0  -  MemoryUsage of job (MB)
	0  -  ResidentSetSize of job (KB)
...
006 (7714827.000.000) 11/11 13:24:10 Image size of job updated: 22328
	2  -  MemoryUsage of job (MB)
	1772  -  ResidentSetSize of job (KB)
...
040 (7714827.000.000) 11/11 13:24:10 Started transferring output files
...
040 (7714827.000.000) 11/11 13:24:10 Finished transferring output files
...
005 (7714827.000.000) 11/11 13:24:10 Job terminated.
	(1) Normal termination (return value 2)
		Usr 0 00:00:01, Sys 0 00:00:00  -  Run Remote Usage
		Usr 0 00:00:00, Sys 0 00:00:00  -  Run Local Usage
		Usr 0 00:00:01, Sys 0 00:00:00  -  Total Remote Usage
		Usr 0 00:00:00, Sys 0 00:00:00  -  Total Local Usage
	217  -  Run Bytes Sent By Job
	11098  -  Run Bytes Received By Job
	217  -  Total Bytes Sent By Job
	11098  -  Total Bytes Received By Job
	Partitionable Resources :    Usage  Request Allocated 
	   Cpus                 :                 1         1 
	   Disk (KB)            :       29       12   2964256 
	   Memory (MB)          :        2     2000      2000 

	Job terminated of its own accord at 2024-11-11T12:24:10Z with exit-code 2.
...
