000 (7735006.000.000) 11/15 11:22:44 Job submitted from host: <137.138.55.115:9618?addrs=137.138.55.115-9618+[2001-1458-d00-17--12a]-9618&alias=bigbird23.cern.ch&noUDP&sock=schedd_4975_03c1>
...
040 (7735006.000.000) 11/15 11:25:10 Started transferring input files
	Transferring to host: <188.185.194.76:9618?addrs=188.185.194.76-9618+[2001-1458-303-21--100-48]-9618&alias=b9p20p3147.cern.ch&noUDP&sock=slot1_22_1382730_1f5d_27119>
...
040 (7735006.000.000) 11/15 11:25:10 Finished transferring input files
...
001 (7735006.000.000) 11/15 11:25:11 Job executing on host: <188.185.194.76:9618?addrs=188.185.194.76-9618+[2001-1458-303-21--100-48]-9618&alias=b9p20p3147.cern.ch&noUDP&sock=startd_8079_19b9>
	SlotName: slot1_22@b9p20p3147.cern.ch
	CondorScratchDir = "/pool/condor/dir_2332175"
	Cpus = 1
	Disk = 3754
	GPUs = 0
	Memory = 2000
...
006 (7735006.000.000) 11/15 11:25:20 Image size of job updated: 40664
	40  -  MemoryUsage of job (MB)
	40664  -  ResidentSetSize of job (KB)
...
006 (7735006.000.000) 11/15 11:30:10 Image size of job updated: 675548
	660  -  MemoryUsage of job (MB)
	675548  -  ResidentSetSize of job (KB)
...
040 (7735006.000.000) 11/15 11:30:10 Started transferring output files
...
040 (7735006.000.000) 11/15 11:30:11 Finished transferring output files
...
005 (7735006.000.000) 11/15 11:30:11 Job terminated.
	(1) Normal termination (return value 0)
		Usr 0 00:09:50, Sys 0 00:02:05  -  Run Remote Usage
		Usr 0 00:00:00, Sys 0 00:00:00  -  Run Local Usage
		Usr 0 00:09:50, Sys 0 00:02:05  -  Total Remote Usage
		Usr 0 00:00:00, Sys 0 00:00:00  -  Total Local Usage
	1111063  -  Run Bytes Sent By Job
	11149  -  Run Bytes Received By Job
	1111063  -  Total Bytes Sent By Job
	11149  -  Total Bytes Received By Job
	Partitionable Resources :    Usage  Request Allocated 
	   Cpus                 :        0        1         1 
	   Disk (KB)            :     1122       12      3754 
	   GPUs                 :                           0 
	   Memory (MB)          :      660     2000      2000 

	Job terminated of its own accord at 2024-11-15T10:30:10Z with exit-code 0.
...
000 (7735607.000.000) 11/15 13:07:06 Job submitted from host: <137.138.55.115:9618?addrs=137.138.55.115-9618+[2001-1458-d00-17--12a]-9618&alias=bigbird23.cern.ch&noUDP&sock=schedd_4975_03c1>
...
000 (7736372.000.000) 11/15 13:20:21 Job submitted from host: <137.138.55.115:9618?addrs=137.138.55.115-9618+[2001-1458-d00-17--12a]-9618&alias=bigbird23.cern.ch&noUDP&sock=schedd_4975_03c1>
...
040 (7735607.000.000) 11/15 13:58:16 Started transferring input files
	Transferring to host: <188.185.196.164:9618?addrs=188.185.196.164-9618+[2001-1458-303-23--100-a0]-9618&alias=b9p16p8556.cern.ch&noUDP&sock=slot1_18_217762_c750_9723>
...
040 (7735607.000.000) 11/15 13:58:16 Finished transferring input files
...
040 (7736372.000.000) 11/15 13:58:17 Started transferring input files
	Transferring to host: <188.185.196.164:9618?addrs=188.185.196.164-9618+[2001-1458-303-23--100-a0]-9618&alias=b9p16p8556.cern.ch&noUDP&sock=slot1_27_217762_c750_9724>
...
040 (7736372.000.000) 11/15 13:58:17 Finished transferring input files
...
001 (7735607.000.000) 11/15 13:58:17 Job executing on host: <188.185.196.164:9618?addrs=188.185.196.164-9618+[2001-1458-303-23--100-a0]-9618&alias=b9p16p8556.cern.ch&noUDP&sock=startd_3903_b63b>
	SlotName: slot1_18@b9p16p8556.cern.ch
	CondorScratchDir = "/pool/condor/dir_3839362"
	Cpus = 1
	Disk = 3818
	GPUs = 0
	Memory = 2000
...
001 (7736372.000.000) 11/15 13:58:18 Job executing on host: <188.185.196.164:9618?addrs=188.185.196.164-9618+[2001-1458-303-23--100-a0]-9618&alias=b9p16p8556.cern.ch&noUDP&sock=startd_3903_b63b>
	SlotName: slot1_27@b9p16p8556.cern.ch
	CondorScratchDir = "/pool/condor/dir_3839493"
	Cpus = 1
	Disk = 3818
	GPUs = 0
	Memory = 2000
...
006 (7736372.000.000) 11/15 13:58:26 Image size of job updated: 66452
	65  -  MemoryUsage of job (MB)
	66452  -  ResidentSetSize of job (KB)
...
006 (7735607.000.000) 11/15 13:58:26 Image size of job updated: 77584
	76  -  MemoryUsage of job (MB)
	77584  -  ResidentSetSize of job (KB)
...
006 (7735607.000.000) 11/15 14:00:00 Image size of job updated: 299680
	293  -  MemoryUsage of job (MB)
	299680  -  ResidentSetSize of job (KB)
...
040 (7735607.000.000) 11/15 14:00:00 Started transferring output files
...
040 (7735607.000.000) 11/15 14:00:00 Finished transferring output files
...
005 (7735607.000.000) 11/15 14:00:01 Job terminated.
	(1) Normal termination (return value 1)
		Usr 0 00:00:12, Sys 0 00:00:04  -  Run Remote Usage
		Usr 0 00:00:00, Sys 0 00:00:00  -  Run Local Usage
		Usr 0 00:00:12, Sys 0 00:00:04  -  Total Remote Usage
		Usr 0 00:00:00, Sys 0 00:00:00  -  Total Local Usage
	7291  -  Run Bytes Sent By Job
	11149  -  Run Bytes Received By Job
	7291  -  Total Bytes Sent By Job
	11149  -  Total Bytes Received By Job
	Partitionable Resources :    Usage  Request Allocated 
	   Cpus                 :        0        1         1 
	   Disk (KB)            :       41       12      3818 
	   GPUs                 :                           0 
	   Memory (MB)          :      293     2000      2000 

	Job terminated of its own accord at 2024-11-15T13:00:00Z with exit-code 1.
...
006 (7736372.000.000) 11/15 14:02:24 Image size of job updated: 371796
	364  -  MemoryUsage of job (MB)
	371796  -  ResidentSetSize of job (KB)
...
040 (7736372.000.000) 11/15 14:02:25 Started transferring output files
...
040 (7736372.000.000) 11/15 14:02:25 Finished transferring output files
...
005 (7736372.000.000) 11/15 14:02:25 Job terminated.
	(1) Normal termination (return value 0)
		Usr 0 00:04:07, Sys 0 00:01:01  -  Run Remote Usage
		Usr 0 00:00:00, Sys 0 00:00:00  -  Run Local Usage
		Usr 0 00:04:07, Sys 0 00:01:01  -  Total Remote Usage
		Usr 0 00:00:00, Sys 0 00:00:00  -  Total Local Usage
	866200  -  Run Bytes Sent By Job
	11149  -  Run Bytes Received By Job
	866200  -  Total Bytes Sent By Job
	11149  -  Total Bytes Received By Job
	Partitionable Resources :    Usage  Request Allocated 
	   Cpus                 :        0        1         1 
	   Disk (KB)            :      882       12      3818 
	   GPUs                 :                           0 
	   Memory (MB)          :      364     2000      2000 

	Job terminated of its own accord at 2024-11-15T13:02:24Z with exit-code 0.
...
