000 (7405439.000.000) 10/23 14:55:12 Job submitted from host: <137.138.55.115:9618?addrs=137.138.55.115-9618+[2001-1458-d00-17--12a]-9618&alias=bigbird23.cern.ch&noUDP&sock=schedd_4975_03c1>
...
040 (7405439.000.000) 10/23 14:56:25 Started transferring input files
	Transferring to host: <188.185.195.41:9618?addrs=188.185.195.41-9618+[2001-1458-303-22--100-25]-9618&alias=b9p17p3567.cern.ch&noUDP&sock=slot1_21_9299_bc93_5947>
...
040 (7405439.000.000) 10/23 14:56:25 Finished transferring input files
...
001 (7405439.000.000) 10/23 14:56:26 Job executing on host: <188.185.195.41:9618?addrs=188.185.195.41-9618+[2001-1458-303-22--100-25]-9618&alias=b9p17p3567.cern.ch&noUDP&sock=startd_8248_053b>
	SlotName: slot1_21@b9p17p3567.cern.ch
	CondorScratchDir = "/pool/condor/dir_3875105"
	Cpus = 1
	Disk = 3795
	GPUs = 0
	Memory = 2000
...
006 (7405439.000.000) 10/23 14:56:35 Image size of job updated: 54708
	54  -  MemoryUsage of job (MB)
	54708  -  ResidentSetSize of job (KB)
...
006 (7405439.000.000) 10/23 14:58:10 Image size of job updated: 571840
	559  -  MemoryUsage of job (MB)
	571840  -  ResidentSetSize of job (KB)
...
040 (7405439.000.000) 10/23 14:58:10 Started transferring output files
...
040 (7405439.000.000) 10/23 14:58:10 Finished transferring output files
...
005 (7405439.000.000) 10/23 14:58:10 Job terminated.
	(1) Normal termination (return value 1)
		Usr 0 00:00:13, Sys 0 00:00:05  -  Run Remote Usage
		Usr 0 00:00:00, Sys 0 00:00:00  -  Run Local Usage
		Usr 0 00:00:13, Sys 0 00:00:05  -  Total Remote Usage
		Usr 0 00:00:00, Sys 0 00:00:00  -  Total Local Usage
	7055  -  Run Bytes Sent By Job
	11046  -  Run Bytes Received By Job
	7055  -  Total Bytes Sent By Job
	11046  -  Total Bytes Received By Job
	Partitionable Resources :    Usage  Request Allocated 
	   Cpus                 :     0.07        1         1 
	   Disk (KB)            :    40          12      3795 
	   GPUs                 :                           0 
	   Memory (MB)          :   559        2000      2000 

	Job terminated of its own accord at 2024-10-23T12:58:10Z with exit-code 1.
...
000 (7405446.000.000) 10/23 15:04:56 Job submitted from host: <137.138.55.115:9618?addrs=137.138.55.115-9618+[2001-1458-d00-17--12a]-9618&alias=bigbird23.cern.ch&noUDP&sock=schedd_4975_03c1>
...
040 (7405446.000.000) 10/23 15:21:00 Started transferring input files
	Transferring to host: <188.185.196.156:9618?addrs=188.185.196.156-9618+[2001-1458-303-23--100-98]-9618&alias=b9p16p0600.cern.ch&noUDP&sock=slot1_3_11264_41c3_7022>
...
040 (7405446.000.000) 10/23 15:21:00 Finished transferring input files
...
001 (7405446.000.000) 10/23 15:21:01 Job executing on host: <188.185.196.156:9618?addrs=188.185.196.156-9618+[2001-1458-303-23--100-98]-9618&alias=b9p16p0600.cern.ch&noUDP&sock=startd_11223_9f7c>
	SlotName: slot1_3@b9p16p0600.cern.ch
	CondorScratchDir = "/pool/condor/dir_78900"
	Cpus = 1
	Disk = 3784
	GPUs = 0
	Memory = 2000
...
006 (7405446.000.000) 10/23 15:21:10 Image size of job updated: 79240
	78  -  MemoryUsage of job (MB)
	79240  -  ResidentSetSize of job (KB)
...
006 (7405446.000.000) 10/23 15:22:02 Image size of job updated: 492508
	481  -  MemoryUsage of job (MB)
	492508  -  ResidentSetSize of job (KB)
...
040 (7405446.000.000) 10/23 15:22:03 Started transferring output files
...
040 (7405446.000.000) 10/23 15:22:03 Finished transferring output files
...
005 (7405446.000.000) 10/23 15:22:03 Job terminated.
	(1) Normal termination (return value 1)
		Usr 0 00:00:19, Sys 0 00:00:07  -  Run Remote Usage
		Usr 0 00:00:00, Sys 0 00:00:00  -  Run Local Usage
		Usr 0 00:00:19, Sys 0 00:00:07  -  Total Remote Usage
		Usr 0 00:00:00, Sys 0 00:00:00  -  Total Local Usage
	10860  -  Run Bytes Sent By Job
	11078  -  Run Bytes Received By Job
	10860  -  Total Bytes Sent By Job
	11078  -  Total Bytes Received By Job
	Partitionable Resources :    Usage  Request Allocated 
	   Cpus                 :        0        1         1 
	   Disk (KB)            :       44       12      3784 
	   GPUs                 :                           0 
	   Memory (MB)          :      481     2000      2000 

	Job terminated of its own accord at 2024-10-23T13:22:02Z with exit-code 1.
...
000 (7405562.000.000) 10/23 19:58:47 Job submitted from host: <137.138.55.115:9618?addrs=137.138.55.115-9618+[2001-1458-d00-17--12a]-9618&alias=bigbird23.cern.ch&noUDP&sock=schedd_4975_03c1>
...
040 (7405562.000.000) 10/23 20:00:26 Started transferring input files
	Transferring to host: <188.185.205.47:9618?addrs=188.185.205.47-9618+[2001-1458-303-9--100-a3]-9618&alias=b9p03p0153.cern.ch&noUDP&sock=slot1_21_3710_c7d0_86044>
...
040 (7405562.000.000) 10/23 20:00:26 Finished transferring input files
...
001 (7405562.000.000) 10/23 20:00:27 Job executing on host: <188.185.205.47:9618?addrs=188.185.205.47-9618+[2001-1458-303-9--100-a3]-9618&alias=b9p03p0153.cern.ch&noUDP&sock=startd_3362_a17e>
	SlotName: slot1_21@b9p03p0153.cern.ch
	CondorScratchDir = "/pool/condor/dir_2113836"
	Cpus = 1
	Disk = 2425036
	Memory = 2000
...
006 (7405562.000.000) 10/23 20:00:36 Image size of job updated: 58132
	57  -  MemoryUsage of job (MB)
	58128  -  ResidentSetSize of job (KB)
...
006 (7405562.000.000) 10/23 20:01:13 Image size of job updated: 952920
	629  -  MemoryUsage of job (MB)
	644072  -  ResidentSetSize of job (KB)
...
040 (7405562.000.000) 10/23 20:01:13 Started transferring output files
...
040 (7405562.000.000) 10/23 20:01:13 Finished transferring output files
...
005 (7405562.000.000) 10/23 20:01:13 Job terminated.
	(1) Normal termination (return value 1)
		Usr 0 00:00:08, Sys 0 00:00:05  -  Run Remote Usage
		Usr 0 00:00:00, Sys 0 00:00:00  -  Run Local Usage
		Usr 0 00:00:08, Sys 0 00:00:05  -  Total Remote Usage
		Usr 0 00:00:00, Sys 0 00:00:00  -  Total Local Usage
	6950  -  Run Bytes Sent By Job
	11078  -  Run Bytes Received By Job
	6950  -  Total Bytes Sent By Job
	11078  -  Total Bytes Received By Job
	Partitionable Resources :    Usage  Request Allocated 
	   Cpus                 :     0.37        1         1 
	   Disk (KB)            :    42          12   2425036 
	   Memory (MB)          :   629        2000      2000 

	Job terminated of its own accord at 2024-10-23T18:01:13Z with exit-code 1.
...
