000 (7405437.000.000) 10/23 14:46:39 Job submitted from host: <137.138.55.115:9618?addrs=137.138.55.115-9618+[2001-1458-d00-17--12a]-9618&alias=bigbird23.cern.ch&noUDP&sock=schedd_4975_03c1>
...
040 (7405437.000.000) 10/23 14:50:47 Started transferring input files
	Transferring to host: <128.142.130.185:9618?addrs=128.142.130.185-9618+[2001-1458-301-58--100-ad]-9618&alias=b9g20p9981.cern.ch&noUDP&sock=slot1_11_41805_277d_63635>
...
040 (7405437.000.000) 10/23 14:50:47 Finished transferring input files
...
001 (7405437.000.000) 10/23 14:50:48 Job executing on host: <128.142.130.185:9618?addrs=128.142.130.185-9618+[2001-1458-301-58--100-ad]-9618&alias=b9g20p9981.cern.ch&noUDP&sock=startd_1677268_ead4>
	SlotName: slot1_11@b9g20p9981.cern.ch
	CondorScratchDir = "/pool/condor/dir_1343171"
	Cpus = 1
	Disk = 1736225
	Memory = 2000
...
006 (7405437.000.000) 10/23 14:50:57 Image size of job updated: 1404
	2  -  MemoryUsage of job (MB)
	1404  -  ResidentSetSize of job (KB)
...
006 (7405437.000.000) 10/23 14:51:19 Image size of job updated: 15388
	16  -  MemoryUsage of job (MB)
	15388  -  ResidentSetSize of job (KB)
...
040 (7405437.000.000) 10/23 14:51:19 Started transferring output files
...
040 (7405437.000.000) 10/23 14:51:19 Finished transferring output files
...
005 (7405437.000.000) 10/23 14:51:19 Job terminated.
	(1) Normal termination (return value 2)
		Usr 0 00:00:01, Sys 0 00:00:00  -  Run Remote Usage
		Usr 0 00:00:00, Sys 0 00:00:00  -  Run Local Usage
		Usr 0 00:00:01, Sys 0 00:00:00  -  Total Remote Usage
		Usr 0 00:00:00, Sys 0 00:00:00  -  Total Local Usage
	209  -  Run Bytes Sent By Job
	11041  -  Run Bytes Received By Job
	209  -  Total Bytes Sent By Job
	11041  -  Total Bytes Received By Job
	Partitionable Resources :    Usage  Request Allocated 
	   Cpus                 :                 1         1 
	   Disk (KB)            :       27       12   1736225 
	   Memory (MB)          :       16     2000      2000 

	Job terminated of its own accord at 2024-10-23T12:51:19Z with exit-code 2.
...
