000 (7744136.000.000) 11/17 00:12:46 Job submitted from host: <137.138.55.115:9618?addrs=137.138.55.115-9618+[2001-1458-d00-17--12a]-9618&alias=bigbird23.cern.ch&noUDP&sock=schedd_4975_03c1>
...
040 (7744136.000.000) 11/17 00:40:51 Started transferring input files
	Transferring to host: <188.185.198.111:9618?addrs=188.185.198.111-9618+[2001-1458-303-25--100-6b]-9618&alias=b9p15p4924.cern.ch&noUDP&sock=slot1_20_2644228_9580_5320>
...
040 (7744136.000.000) 11/17 00:40:51 Finished transferring input files
...
001 (7744136.000.000) 11/17 00:40:52 Job executing on host: <188.185.198.111:9618?addrs=188.185.198.111-9618+[2001-1458-303-25--100-6b]-9618&alias=b9p15p4924.cern.ch&noUDP&sock=startd_11856_ceef>
	SlotName: slot1_20@b9p15p4924.cern.ch
	CondorScratchDir = "/pool/condor/dir_294019"
	Cpus = 1
	Disk = 2958655
	Memory = 2000
...
006 (7744136.000.000) 11/17 00:41:00 Image size of job updated: 153268
	150  -  MemoryUsage of job (MB)
	153016  -  ResidentSetSize of job (KB)
...
006 (7744136.000.000) 11/17 00:46:00 Image size of job updated: 8423536
	7162  -  MemoryUsage of job (MB)
	7333064  -  ResidentSetSize of job (KB)
...
006 (7744136.000.000) 11/17 00:51:01 Image size of job updated: 8423536
	7435  -  MemoryUsage of job (MB)
	7612868  -  ResidentSetSize of job (KB)
...
006 (7744136.000.000) 11/17 00:56:01 Image size of job updated: 8423536
	7574  -  MemoryUsage of job (MB)
	7755204  -  ResidentSetSize of job (KB)
...
006 (7744136.000.000) 11/17 01:01:01 Image size of job updated: 8423536
	7661  -  MemoryUsage of job (MB)
	7844640  -  ResidentSetSize of job (KB)
...
006 (7744136.000.000) 11/17 01:06:02 Image size of job updated: 8423536
	7726  -  MemoryUsage of job (MB)
	7911192  -  ResidentSetSize of job (KB)
...
006 (7744136.000.000) 11/17 01:11:03 Image size of job updated: 8423536
	7773  -  MemoryUsage of job (MB)
	7958840  -  ResidentSetSize of job (KB)
...
006 (7744136.000.000) 11/17 01:16:03 Image size of job updated: 8423536
	7830  -  MemoryUsage of job (MB)
	8017080  -  ResidentSetSize of job (KB)
...
006 (7744136.000.000) 11/17 01:21:04 Image size of job updated: 8423536
	7880  -  MemoryUsage of job (MB)
	8069012  -  ResidentSetSize of job (KB)
...
006 (7744136.000.000) 11/17 01:26:05 Image size of job updated: 8423536
	7918  -  MemoryUsage of job (MB)
	8107768  -  ResidentSetSize of job (KB)
...
006 (7744136.000.000) 11/17 01:31:05 Image size of job updated: 8423536
	7953  -  MemoryUsage of job (MB)
	8143700  -  ResidentSetSize of job (KB)
...
006 (7744136.000.000) 11/17 01:36:05 Image size of job updated: 8423536
	7986  -  MemoryUsage of job (MB)
	8176756  -  ResidentSetSize of job (KB)
...
006 (7744136.000.000) 11/17 01:39:55 Image size of job updated: 8680728
	7986  -  MemoryUsage of job (MB)
	8176756  -  ResidentSetSize of job (KB)
...
040 (7744136.000.000) 11/17 01:39:55 Started transferring output files
...
040 (7744136.000.000) 11/17 01:39:56 Finished transferring output files
...
005 (7744136.000.000) 11/17 01:39:56 Job terminated.
	(1) Normal termination (return value 0)
		Usr 0 01:35:25, Sys 0 00:07:03  -  Run Remote Usage
		Usr 0 00:00:00, Sys 0 00:00:00  -  Run Local Usage
		Usr 0 01:35:25, Sys 0 00:07:03  -  Total Remote Usage
		Usr 0 00:00:00, Sys 0 00:00:00  -  Total Local Usage
	3760958  -  Run Bytes Sent By Job
	11225  -  Run Bytes Received By Job
	3760958  -  Total Bytes Sent By Job
	11225  -  Total Bytes Received By Job
	Partitionable Resources :    Usage  Request Allocated 
	   Cpus                 :     1.90        1         1 
	   Disk (KB)            :  3708          12   2958655 
	   Memory (MB)          :  7986        2000      2000 

	Job terminated of its own accord at 2024-11-17T00:39:55Z with exit-code 0.
...
