000 (7708569.000.000) 11/09 19:54:14 Job submitted from host: <137.138.55.115:9618?addrs=137.138.55.115-9618+[2001-1458-d00-17--12a]-9618&alias=bigbird23.cern.ch&noUDP&sock=schedd_4975_03c1>
...
000 (7708570.000.000) 11/09 19:54:48 Job submitted from host: <137.138.55.115:9618?addrs=137.138.55.115-9618+[2001-1458-d00-17--12a]-9618&alias=bigbird23.cern.ch&noUDP&sock=schedd_4975_03c1>
...
040 (7708569.000.000) 11/09 19:57:53 Started transferring input files
	Transferring to host: <188.185.193.26:9618?addrs=188.185.193.26-9618+[2001-1458-303-20--100-16]-9618&alias=b9p19p4200.cern.ch&noUDP&sock=slot1_33_2879631_4b04_4447>
...
040 (7708569.000.000) 11/09 19:57:53 Finished transferring input files
...
040 (7708570.000.000) 11/09 19:57:53 Started transferring input files
	Transferring to host: <188.185.195.73:9618?addrs=188.185.195.73-9618+[2001-1458-303-22--100-45]-9618&alias=b9p17p1998.cern.ch&noUDP&sock=slot1_7_900409_5860_4983>
...
040 (7708570.000.000) 11/09 19:57:53 Finished transferring input files
...
001 (7708569.000.000) 11/09 19:57:54 Job executing on host: <188.185.193.26:9618?addrs=188.185.193.26-9618+[2001-1458-303-20--100-16]-9618&alias=b9p19p4200.cern.ch&noUDP&sock=startd_128053_4915>
	SlotName: slot1_33@b9p19p4200.cern.ch
	CondorScratchDir = "/pool/condor/dir_1433111"
	Cpus = 1
	Disk = 3049021
	Memory = 2000
...
001 (7708570.000.000) 11/09 19:57:54 Job executing on host: <188.185.195.73:9618?addrs=188.185.195.73-9618+[2001-1458-303-22--100-45]-9618&alias=b9p17p1998.cern.ch&noUDP&sock=startd_7242_fcf4>
	SlotName: slot1_7@b9p17p1998.cern.ch
	CondorScratchDir = "/pool/condor/dir_21680"
	Cpus = 1
	Disk = 3856
	GPUs = 0
	Memory = 2000
...
006 (7708569.000.000) 11/09 19:58:02 Image size of job updated: 1
	0  -  MemoryUsage of job (MB)
	0  -  ResidentSetSize of job (KB)
...
006 (7708570.000.000) 11/09 19:58:03 Image size of job updated: 47600
	47  -  MemoryUsage of job (MB)
	47600  -  ResidentSetSize of job (KB)
...
006 (7708570.000.000) 11/09 19:59:15 Image size of job updated: 581860
	569  -  MemoryUsage of job (MB)
	581860  -  ResidentSetSize of job (KB)
...
040 (7708570.000.000) 11/09 19:59:15 Started transferring output files
...
040 (7708570.000.000) 11/09 19:59:15 Finished transferring output files
...
005 (7708570.000.000) 11/09 19:59:15 Job terminated.
	(1) Normal termination (return value 1)
		Usr 0 00:00:19, Sys 0 00:00:08  -  Run Remote Usage
		Usr 0 00:00:00, Sys 0 00:00:00  -  Run Local Usage
		Usr 0 00:00:19, Sys 0 00:00:08  -  Total Remote Usage
		Usr 0 00:00:00, Sys 0 00:00:00  -  Total Local Usage
	83113  -  Run Bytes Sent By Job
	11092  -  Run Bytes Received By Job
	83113  -  Total Bytes Sent By Job
	11092  -  Total Bytes Received By Job
	Partitionable Resources :    Usage  Request Allocated 
	   Cpus                 :        0        1         1 
	   Disk (KB)            :      115       12      3856 
	   GPUs                 :                           0 
	   Memory (MB)          :      569     2000      2000 

	Job terminated of its own accord at 2024-11-09T18:59:15Z with exit-code 1.
...
006 (7708569.000.000) 11/09 19:59:23 Image size of job updated: 7127736
	3663  -  MemoryUsage of job (MB)
	3750592  -  ResidentSetSize of job (KB)
...
040 (7708569.000.000) 11/09 19:59:23 Started transferring output files
...
040 (7708569.000.000) 11/09 19:59:23 Finished transferring output files
...
005 (7708569.000.000) 11/09 19:59:23 Job terminated.
	(1) Normal termination (return value 1)
		Usr 0 00:00:18, Sys 0 00:00:10  -  Run Remote Usage
		Usr 0 00:00:00, Sys 0 00:00:00  -  Run Local Usage
		Usr 0 00:00:18, Sys 0 00:00:10  -  Total Remote Usage
		Usr 0 00:00:00, Sys 0 00:00:00  -  Total Local Usage
	82997  -  Run Bytes Sent By Job
	11092  -  Run Bytes Received By Job
	82997  -  Total Bytes Sent By Job
	11092  -  Total Bytes Received By Job
	Partitionable Resources :    Usage  Request Allocated 
	   Cpus                 :        0        1         1 
	   Disk (KB)            :      113       12   3049021 
	   Memory (MB)          :     3663     2000      2000 

	Job terminated of its own accord at 2024-11-09T18:59:23Z with exit-code 1.
...
000 (7709081.000.000) 11/09 21:18:13 Job submitted from host: <137.138.55.115:9618?addrs=137.138.55.115-9618+[2001-1458-d00-17--12a]-9618&alias=bigbird23.cern.ch&noUDP&sock=schedd_4975_03c1>
...
040 (7709081.000.000) 11/09 21:56:45 Started transferring input files
	Transferring to host: <128.142.33.53:9618?addrs=128.142.33.53-9618+[2001-1458-301-53--100-32]-9618&alias=b9g34p7549.cern.ch&noUDP&sock=slot1_1_6531_6e23_1179>
...
040 (7709081.000.000) 11/09 21:56:45 Finished transferring input files
...
001 (7709081.000.000) 11/09 21:56:46 Job executing on host: <128.142.33.53:9618?addrs=128.142.33.53-9618+[2001-1458-301-53--100-32]-9618&alias=b9g34p7549.cern.ch&noUDP&sock=startd_5801_94fb>
	SlotName: slot1_1@b9g34p7549.cern.ch
	CondorScratchDir = "/pool/condor/dir_3077071"
	Cpus = 1
	Disk = 2820694
	Memory = 2000
...
006 (7709081.000.000) 11/09 21:56:55 Image size of job updated: 248000
	242  -  MemoryUsage of job (MB)
	247804  -  ResidentSetSize of job (KB)
...
006 (7709081.000.000) 11/09 22:01:56 Image size of job updated: 6875024
	6217  -  MemoryUsage of job (MB)
	6365364  -  ResidentSetSize of job (KB)
...
040 (7709081.000.000) 11/09 22:38:45 Started transferring output files
...
040 (7709081.000.000) 11/09 22:38:45 Finished transferring output files
...
005 (7709081.000.000) 11/09 22:38:45 Job terminated.
	(1) Normal termination (return value 0)
		Usr 0 00:59:08, Sys 0 00:01:59  -  Run Remote Usage
		Usr 0 00:00:00, Sys 0 00:00:00  -  Run Local Usage
		Usr 0 00:59:08, Sys 0 00:01:59  -  Total Remote Usage
		Usr 0 00:00:00, Sys 0 00:00:00  -  Total Local Usage
	926733  -  Run Bytes Sent By Job
	11092  -  Run Bytes Received By Job
	926733  -  Total Bytes Sent By Job
	11092  -  Total Bytes Received By Job
	Partitionable Resources :    Usage  Request Allocated 
	   Cpus                 :     1.49        1         1 
	   Disk (KB)            :   942          12   2820694 
	   Memory (MB)          :  6217        2000      2000 

	Job terminated of its own accord at 2024-11-09T21:38:44Z with exit-code 0.
...
000 (7714876.000.000) 11/11 13:46:17 Job submitted from host: <137.138.55.115:9618?addrs=137.138.55.115-9618+[2001-1458-d00-17--12a]-9618&alias=bigbird23.cern.ch&noUDP&sock=schedd_4975_03c1>
...
040 (7714876.000.000) 11/11 13:47:46 Started transferring input files
	Transferring to host: <188.185.193.142:9618?addrs=188.185.193.142-9618+[2001-1458-303-20--100-8a]-9618&alias=b9p19p8661.cern.ch&noUDP&sock=slot1_18_1084643_dd64_6459>
...
040 (7714876.000.000) 11/11 13:47:46 Finished transferring input files
...
001 (7714876.000.000) 11/11 13:47:47 Job executing on host: <188.185.193.142:9618?addrs=188.185.193.142-9618+[2001-1458-303-20--100-8a]-9618&alias=b9p19p8661.cern.ch&noUDP&sock=startd_128284_bb76>
	SlotName: slot1_18@b9p19p8661.cern.ch
	CondorScratchDir = "/pool/condor/dir_477111"
	Cpus = 1
	Disk = 2940724
	Memory = 2000
...
006 (7714876.000.000) 11/11 13:47:55 Image size of job updated: 57060
	56  -  MemoryUsage of job (MB)
	57032  -  ResidentSetSize of job (KB)
...
006 (7714876.000.000) 11/11 13:48:54 Image size of job updated: 8769024
	4454  -  MemoryUsage of job (MB)
	4560000  -  ResidentSetSize of job (KB)
...
040 (7714876.000.000) 11/11 13:48:54 Started transferring output files
...
040 (7714876.000.000) 11/11 13:48:55 Finished transferring output files
...
005 (7714876.000.000) 11/11 13:48:55 Job terminated.
	(1) Normal termination (return value 1)
		Usr 0 00:00:13, Sys 0 00:00:09  -  Run Remote Usage
		Usr 0 00:00:00, Sys 0 00:00:00  -  Run Local Usage
		Usr 0 00:00:13, Sys 0 00:00:09  -  Total Remote Usage
		Usr 0 00:00:00, Sys 0 00:00:00  -  Total Local Usage
	6836  -  Run Bytes Sent By Job
	11164  -  Run Bytes Received By Job
	6836  -  Total Bytes Sent By Job
	11164  -  Total Bytes Received By Job
	Partitionable Resources :    Usage  Request Allocated 
	   Cpus                 :        0        1         1 
	   Disk (KB)            :       40       12   2940724 
	   Memory (MB)          :     4454     2000      2000 

	Job terminated of its own accord at 2024-11-11T12:48:54Z with exit-code 1.
...
000 (7714925.000.000) 11/11 14:42:15 Job submitted from host: <137.138.55.115:9618?addrs=137.138.55.115-9618+[2001-1458-d00-17--12a]-9618&alias=bigbird23.cern.ch&noUDP&sock=schedd_4975_03c1>
...
040 (7714925.000.000) 11/11 15:06:26 Started transferring input files
	Transferring to host: <128.142.248.123:9618?addrs=128.142.248.123-9618+[2001-1458-301-73--100-16b]-9618&alias=b9g23p2657.cern.ch&noUDP&sock=slot1_33_2796932_5dc1_31647>
...
040 (7714925.000.000) 11/11 15:06:26 Finished transferring input files
...
001 (7714925.000.000) 11/11 15:06:27 Job executing on host: <128.142.248.123:9618?addrs=128.142.248.123-9618+[2001-1458-301-73--100-16b]-9618&alias=b9g23p2657.cern.ch&noUDP&sock=startd_7091_6a27>
	SlotName: slot1_33@b9g23p2657.cern.ch
	CondorScratchDir = "/pool/condor/dir_578083"
	Cpus = 1
	Disk = 3052053
	Memory = 2000
...
006 (7714925.000.000) 11/11 15:06:36 Image size of job updated: 65280
	64  -  MemoryUsage of job (MB)
	65280  -  ResidentSetSize of job (KB)
...
006 (7714925.000.000) 11/11 15:11:37 Image size of job updated: 6746600
	6589  -  MemoryUsage of job (MB)
	6746380  -  ResidentSetSize of job (KB)
...
006 (7714925.000.000) 11/11 15:16:37 Image size of job updated: 7070196
	6589  -  MemoryUsage of job (MB)
	6746380  -  ResidentSetSize of job (KB)
...
040 (7714925.000.000) 11/11 19:03:05 Started transferring output files
...
040 (7714925.000.000) 11/11 19:03:07 Finished transferring output files
...
005 (7714925.000.000) 11/11 19:03:07 Job terminated.
	(1) Normal termination (return value 0)
		Usr 0 04:43:13, Sys 0 00:03:43  -  Run Remote Usage
		Usr 0 00:00:00, Sys 0 00:00:00  -  Run Local Usage
		Usr 0 04:43:13, Sys 0 00:03:43  -  Total Remote Usage
		Usr 0 00:00:00, Sys 0 00:00:00  -  Total Local Usage
	3759538  -  Run Bytes Sent By Job
	11164  -  Run Bytes Received By Job
	3759538  -  Total Bytes Sent By Job
	11164  -  Total Bytes Received By Job
	Partitionable Resources :    Usage  Request Allocated 
	   Cpus                 :     1.23        1         1 
	   Disk (KB)            :  3709          12   3052053 
	   Memory (MB)          :  6589        2000      2000 

	Job terminated of its own accord at 2024-11-11T18:03:05Z with exit-code 0.
...
000 (7718858.000.000) 11/12 11:37:48 Job submitted from host: <137.138.55.115:9618?addrs=137.138.55.115-9618+[2001-1458-d00-17--12a]-9618&alias=bigbird23.cern.ch&noUDP&sock=schedd_4975_03c1>
...
040 (7718858.000.000) 11/12 11:39:00 Started transferring input files
	Transferring to host: <188.185.196.15:9618?addrs=188.185.196.15-9618+[2001-1458-303-23--100-b]-9618&alias=b9p16p7545.cern.ch&noUDP&sock=slot1_10_9534_50bd_27396>
...
040 (7718858.000.000) 11/12 11:39:00 Finished transferring input files
...
001 (7718858.000.000) 11/12 11:39:01 Job executing on host: <188.185.196.15:9618?addrs=188.185.196.15-9618+[2001-1458-303-23--100-b]-9618&alias=b9p16p7545.cern.ch&noUDP&sock=startd_8400_47a0>
	SlotName: slot1_10@b9p16p7545.cern.ch
	CondorScratchDir = "/pool/condor/dir_945080"
	Cpus = 1
	Disk = 3794
	GPUs = 0
	Memory = 2000
...
006 (7718858.000.000) 11/12 11:39:09 Image size of job updated: 47792
	47  -  MemoryUsage of job (MB)
	47792  -  ResidentSetSize of job (KB)
...
006 (7718858.000.000) 11/12 11:44:09 Image size of job updated: 3800692
	3712  -  MemoryUsage of job (MB)
	3800692  -  ResidentSetSize of job (KB)
...
006 (7718858.000.000) 11/12 11:49:10 Image size of job updated: 3960656
	3868  -  MemoryUsage of job (MB)
	3960656  -  ResidentSetSize of job (KB)
...
006 (7718858.000.000) 11/12 11:54:10 Image size of job updated: 4063040
	3968  -  MemoryUsage of job (MB)
	4063040  -  ResidentSetSize of job (KB)
...
006 (7718858.000.000) 11/12 12:09:12 Image size of job updated: 4076700
	3982  -  MemoryUsage of job (MB)
	4076700  -  ResidentSetSize of job (KB)
...
006 (7718858.000.000) 11/12 12:14:13 Image size of job updated: 4125924
	4030  -  MemoryUsage of job (MB)
	4125924  -  ResidentSetSize of job (KB)
...
006 (7718858.000.000) 11/12 12:24:14 Image size of job updated: 4127348
	4031  -  MemoryUsage of job (MB)
	4127348  -  ResidentSetSize of job (KB)
...
040 (7718858.000.000) 11/12 12:29:55 Started transferring output files
...
040 (7718858.000.000) 11/12 12:29:55 Finished transferring output files
...
005 (7718858.000.000) 11/12 12:29:55 Job terminated.
	(1) Normal termination (return value 0)
		Usr 0 01:08:30, Sys 0 00:03:40  -  Run Remote Usage
		Usr 0 00:00:00, Sys 0 00:00:00  -  Run Local Usage
		Usr 0 01:08:30, Sys 0 00:03:40  -  Total Remote Usage
		Usr 0 00:00:00, Sys 0 00:00:00  -  Total Local Usage
	987914  -  Run Bytes Sent By Job
	11179  -  Run Bytes Received By Job
	987914  -  Total Bytes Sent By Job
	11179  -  Total Bytes Received By Job
	Partitionable Resources :    Usage  Request Allocated 
	   Cpus                 :     1.50        1         1 
	   Disk (KB)            :  1003          12      3794 
	   GPUs                 :                           0 
	   Memory (MB)          :  4031        2000      2000 

	Job terminated of its own accord at 2024-11-12T11:29:55Z with exit-code 0.
...
000 (7719971.000.000) 11/12 14:57:10 Job submitted from host: <137.138.55.115:9618?addrs=137.138.55.115-9618+[2001-1458-d00-17--12a]-9618&alias=bigbird23.cern.ch&noUDP&sock=schedd_4975_03c1>
...
040 (7719971.000.000) 11/12 15:06:10 Started transferring input files
	Transferring to host: <128.142.33.57:9618?addrs=128.142.33.57-9618+[2001-1458-301-53--100-36]-9618&alias=b9g34p9084.cern.ch&noUDP&sock=slot1_3_2350995_688c_15745>
...
040 (7719971.000.000) 11/12 15:06:10 Finished transferring input files
...
001 (7719971.000.000) 11/12 15:06:11 Job executing on host: <128.142.33.57:9618?addrs=128.142.33.57-9618+[2001-1458-301-53--100-36]-9618&alias=b9g34p9084.cern.ch&noUDP&sock=startd_6339_9aef>
	SlotName: slot1_3@b9g34p9084.cern.ch
	CondorScratchDir = "/pool/condor/dir_988165"
	Cpus = 1
	Disk = 2792021
	Memory = 2000
...
006 (7719971.000.000) 11/12 15:06:20 Image size of job updated: 1
	0  -  MemoryUsage of job (MB)
	0  -  ResidentSetSize of job (KB)
...
006 (7719971.000.000) 11/12 15:11:21 Image size of job updated: 9234396
	7972  -  MemoryUsage of job (MB)
	8163208  -  ResidentSetSize of job (KB)
...
006 (7719971.000.000) 11/12 15:16:21 Image size of job updated: 9234396
	8163  -  MemoryUsage of job (MB)
	8358648  -  ResidentSetSize of job (KB)
...
006 (7719971.000.000) 11/12 15:21:21 Image size of job updated: 9234396
	8320  -  MemoryUsage of job (MB)
	8519656  -  ResidentSetSize of job (KB)
...
006 (7719971.000.000) 11/12 15:26:22 Image size of job updated: 9234396
	8380  -  MemoryUsage of job (MB)
	8581040  -  ResidentSetSize of job (KB)
...
040 (7719971.000.000) 11/12 17:25:24 Entered queue to transfer output files
...
040 (7719971.000.000) 11/12 17:30:05 Started transferring output files
...
040 (7719971.000.000) 11/12 17:30:06 Finished transferring output files
...
005 (7719971.000.000) 11/12 17:30:13 Job terminated.
	(1) Normal termination (return value 0)
		Usr 0 03:12:43, Sys 0 00:09:37  -  Run Remote Usage
		Usr 0 00:00:00, Sys 0 00:00:00  -  Run Local Usage
		Usr 0 03:12:43, Sys 0 00:09:37  -  Total Remote Usage
		Usr 0 00:00:00, Sys 0 00:00:00  -  Total Local Usage
	2669047  -  Run Bytes Sent By Job
	11200  -  Run Bytes Received By Job
	2669047  -  Total Bytes Sent By Job
	11200  -  Total Bytes Received By Job
	Partitionable Resources :    Usage  Request Allocated 
	   Cpus                 :     1.52        1         1 
	   Disk (KB)            :  2643          12   2792021 
	   Memory (MB)          :  8380        2000      2000 

	Job terminated of its own accord at 2024-11-12T16:25:19Z with exit-code 0.
...
