000 (7744046.000.000) 11/16 23:35:29 Job submitted from host: <137.138.55.115:9618?addrs=137.138.55.115-9618+[2001-1458-d00-17--12a]-9618&alias=bigbird23.cern.ch&noUDP&sock=schedd_4975_03c1>
...
040 (7744046.000.000) 11/16 23:39:12 Started transferring input files
	Transferring to host: <188.185.193.131:9618?addrs=188.185.193.131-9618+[2001-1458-303-20--100-7f]-9618&alias=b9p19p0714.cern.ch&noUDP&sock=slot1_54_1513058_fd11_11828>
...
040 (7744046.000.000) 11/16 23:39:12 Finished transferring input files
...
001 (7744046.000.000) 11/16 23:39:13 Job executing on host: <188.185.193.131:9618?addrs=188.185.193.131-9618+[2001-1458-303-20--100-7f]-9618&alias=b9p19p0714.cern.ch&noUDP&sock=startd_128249_b9a5>
	SlotName: slot1_54@b9p19p0714.cern.ch
	CondorScratchDir = "/pool/condor/dir_3561949"
	Cpus = 1
	Disk = 2956114
	Memory = 2000
...
006 (7744046.000.000) 11/16 23:39:21 Image size of job updated: 166448
	162  -  MemoryUsage of job (MB)
	165748  -  ResidentSetSize of job (KB)
...
006 (7744046.000.000) 11/16 23:44:21 Image size of job updated: 9059424
	7075  -  MemoryUsage of job (MB)
	7244604  -  ResidentSetSize of job (KB)
...
006 (7744046.000.000) 11/17 00:04:23 Image size of job updated: 9059424
	7093  -  MemoryUsage of job (MB)
	7262880  -  ResidentSetSize of job (KB)
...
040 (7744046.000.000) 11/17 00:09:10 Started transferring output files
...
040 (7744046.000.000) 11/17 00:09:10 Finished transferring output files
...
005 (7744046.000.000) 11/17 00:09:10 Job terminated.
	(1) Normal termination (return value 0)
		Usr 0 00:55:35, Sys 0 00:07:18  -  Run Remote Usage
		Usr 0 00:00:00, Sys 0 00:00:00  -  Run Local Usage
		Usr 0 00:55:35, Sys 0 00:07:18  -  Total Remote Usage
		Usr 0 00:00:00, Sys 0 00:00:00  -  Total Local Usage
	1873622  -  Run Bytes Sent By Job
	11234  -  Run Bytes Received By Job
	1873622  -  Total Bytes Sent By Job
	11234  -  Total Bytes Received By Job
	Partitionable Resources :    Usage  Request Allocated 
	   Cpus                 :     2.30        1         1 
	   Disk (KB)            :  1867          12   2956114 
	   Memory (MB)          :  7093        2000      2000 

	Job terminated of its own accord at 2024-11-16T23:09:10Z with exit-code 0.
...
