000 (7725384.000.000) 11/13 02:15:16 Job submitted from host: <137.138.55.115:9618?addrs=137.138.55.115-9618+[2001-1458-d00-17--12a]-9618&alias=bigbird23.cern.ch&noUDP&sock=schedd_4975_03c1>
...
040 (7725384.000.000) 11/13 02:18:57 Started transferring input files
	Transferring to host: <188.185.192.63:9618?addrs=188.185.192.63-9618+[2001-1458-303-1f--100-3b]-9618&alias=b9p13p3720.cern.ch&noUDP&sock=slot1_3_2175738_ff55_7228>
...
040 (7725384.000.000) 11/13 02:18:57 Finished transferring input files
...
001 (7725384.000.000) 11/13 02:18:58 Job executing on host: <188.185.192.63:9618?addrs=188.185.192.63-9618+[2001-1458-303-1f--100-3b]-9618&alias=b9p13p3720.cern.ch&noUDP&sock=startd_7597_7d13>
	SlotName: slot1_3@b9p13p3720.cern.ch
	CondorScratchDir = "/pool/condor/dir_1764320"
	Cpus = 1
	Disk = 2921847
	Memory = 2000
...
006 (7725384.000.000) 11/13 02:19:06 Image size of job updated: 28524
	26  -  MemoryUsage of job (MB)
	26072  -  ResidentSetSize of job (KB)
...
006 (7725384.000.000) 11/13 02:24:07 Image size of job updated: 9241880
	8648  -  MemoryUsage of job (MB)
	8854700  -  ResidentSetSize of job (KB)
...
006 (7725384.000.000) 11/13 02:29:08 Image size of job updated: 9371992
	9134  -  MemoryUsage of job (MB)
	9353196  -  ResidentSetSize of job (KB)
...
006 (7725384.000.000) 11/13 02:34:08 Image size of job updated: 9583860
	9359  -  MemoryUsage of job (MB)
	9583608  -  ResidentSetSize of job (KB)
...
006 (7725384.000.000) 11/13 02:39:09 Image size of job updated: 9600116
	9359  -  MemoryUsage of job (MB)
	9583608  -  ResidentSetSize of job (KB)
...
040 (7725384.000.000) 11/13 04:02:19 Started transferring output files
...
040 (7725384.000.000) 11/13 04:02:26 Finished transferring output files
...
005 (7725384.000.000) 11/13 04:02:26 Job terminated.
	(1) Normal termination (return value 0)
		Usr 0 02:10:46, Sys 0 00:03:16  -  Run Remote Usage
		Usr 0 00:00:00, Sys 0 00:00:00  -  Run Local Usage
		Usr 0 02:10:46, Sys 0 00:03:16  -  Total Remote Usage
		Usr 0 00:00:00, Sys 0 00:00:00  -  Total Local Usage
	1974956  -  Run Bytes Sent By Job
	11212  -  Run Bytes Received By Job
	1974956  -  Total Bytes Sent By Job
	11212  -  Total Bytes Received By Job
	Partitionable Resources :    Usage  Request Allocated 
	   Cpus                 :     1.54        1         1 
	   Disk (KB)            :  1965          12   2921847 
	   Memory (MB)          :  9359        2000      2000 

	Job terminated of its own accord at 2024-11-13T03:02:19Z with exit-code 0.
...
000 (7742369.000.000) 11/16 06:33:43 Job submitted from host: <137.138.55.115:9618?addrs=137.138.55.115-9618+[2001-1458-d00-17--12a]-9618&alias=bigbird23.cern.ch&noUDP&sock=schedd_4975_03c1>
...
040 (7742369.000.000) 11/16 06:42:57 Started transferring input files
	Transferring to host: <188.185.198.111:9618?addrs=188.185.198.111-9618+[2001-1458-303-25--100-6b]-9618&alias=b9p15p4924.cern.ch&noUDP&sock=slot1_44_2644228_9580_4282>
...
040 (7742369.000.000) 11/16 06:42:57 Finished transferring input files
...
001 (7742369.000.000) 11/16 06:42:58 Job executing on host: <188.185.198.111:9618?addrs=188.185.198.111-9618+[2001-1458-303-25--100-6b]-9618&alias=b9p15p4924.cern.ch&noUDP&sock=startd_11856_ceef>
	SlotName: slot1_44@b9p15p4924.cern.ch
	CondorScratchDir = "/pool/condor/dir_1963481"
	Cpus = 1
	Disk = 2950578
	Memory = 2000
...
006 (7742369.000.000) 11/16 06:43:07 Image size of job updated: 22380
	10  -  MemoryUsage of job (MB)
	9220  -  ResidentSetSize of job (KB)
...
006 (7742369.000.000) 11/16 06:45:40 Image size of job updated: 5746016
	1289  -  MemoryUsage of job (MB)
	1319412  -  ResidentSetSize of job (KB)
...
040 (7742369.000.000) 11/16 06:45:40 Started transferring output files
...
040 (7742369.000.000) 11/16 06:45:40 Finished transferring output files
...
005 (7742369.000.000) 11/16 06:45:40 Job terminated.
	(1) Normal termination (return value 1)
		Usr 0 00:00:33, Sys 0 00:00:08  -  Run Remote Usage
		Usr 0 00:00:00, Sys 0 00:00:00  -  Run Local Usage
		Usr 0 00:00:33, Sys 0 00:00:08  -  Total Remote Usage
		Usr 0 00:00:00, Sys 0 00:00:00  -  Total Local Usage
	20254  -  Run Bytes Sent By Job
	11255  -  Run Bytes Received By Job
	20254  -  Total Bytes Sent By Job
	11255  -  Total Bytes Received By Job
	Partitionable Resources :    Usage  Request Allocated 
	   Cpus                 :        0        1         1 
	   Disk (KB)            :       53       12   2950578 
	   Memory (MB)          :     1289     2000      2000 

	Job terminated of its own accord at 2024-11-16T05:45:40Z with exit-code 1.
...
000 (7742669.000.000) 11/16 12:55:51 Job submitted from host: <137.138.55.115:9618?addrs=137.138.55.115-9618+[2001-1458-d00-17--12a]-9618&alias=bigbird23.cern.ch&noUDP&sock=schedd_4975_03c1>
...
040 (7742669.000.000) 11/16 12:56:59 Started transferring input files
	Transferring to host: <188.185.192.136:9618?addrs=188.185.192.136-9618+[2001-1458-303-1f--100-84]-9618&alias=b9p13p0967.cern.ch&noUDP&sock=slot1_47_3421206_dfab_11927>
...
040 (7742669.000.000) 11/16 12:56:59 Finished transferring input files
...
001 (7742669.000.000) 11/16 12:57:00 Job executing on host: <188.185.192.136:9618?addrs=188.185.192.136-9618+[2001-1458-303-1f--100-84]-9618&alias=b9p13p0967.cern.ch&noUDP&sock=startd_127835_c170>
	SlotName: slot1_47@b9p13p0967.cern.ch
	CondorScratchDir = "/pool/condor/dir_2440476"
	Cpus = 1
	Disk = 2903622
	Memory = 2000
...
006 (7742669.000.000) 11/16 12:57:08 Image size of job updated: 193432
	189  -  MemoryUsage of job (MB)
	193264  -  ResidentSetSize of job (KB)
...
006 (7742669.000.000) 11/16 13:02:08 Image size of job updated: 9129476
	8902  -  MemoryUsage of job (MB)
	9115092  -  ResidentSetSize of job (KB)
...
006 (7742669.000.000) 11/16 13:07:09 Image size of job updated: 9463608
	9200  -  MemoryUsage of job (MB)
	9419956  -  ResidentSetSize of job (KB)
...
006 (7742669.000.000) 11/16 13:12:09 Image size of job updated: 9484800
	9227  -  MemoryUsage of job (MB)
	9447468  -  ResidentSetSize of job (KB)
...
006 (7742669.000.000) 11/16 13:17:10 Image size of job updated: 9549168
	9267  -  MemoryUsage of job (MB)
	9489272  -  ResidentSetSize of job (KB)
...
006 (7742669.000.000) 11/16 13:22:11 Image size of job updated: 9549168
	9282  -  MemoryUsage of job (MB)
	9504132  -  ResidentSetSize of job (KB)
...
006 (7742669.000.000) 11/16 13:27:11 Image size of job updated: 9575308
	9296  -  MemoryUsage of job (MB)
	9518700  -  ResidentSetSize of job (KB)
...
006 (7742669.000.000) 11/16 13:32:11 Image size of job updated: 9590868
	9322  -  MemoryUsage of job (MB)
	9545660  -  ResidentSetSize of job (KB)
...
006 (7742669.000.000) 11/16 13:37:12 Image size of job updated: 9593912
	9322  -  MemoryUsage of job (MB)
	9545660  -  ResidentSetSize of job (KB)
...
006 (7742669.000.000) 11/16 13:44:49 Image size of job updated: 9649336
	9336  -  MemoryUsage of job (MB)
	9559460  -  ResidentSetSize of job (KB)
...
006 (7742669.000.000) 11/16 13:52:43 Image size of job updated: 9649336
	9339  -  MemoryUsage of job (MB)
	9562260  -  ResidentSetSize of job (KB)
...
006 (7742669.000.000) 11/16 14:19:04 Image size of job updated: 9663492
	9352  -  MemoryUsage of job (MB)
	9575952  -  ResidentSetSize of job (KB)
...
006 (7742669.000.000) 11/16 14:24:05 Image size of job updated: 9769504
	9538  -  MemoryUsage of job (MB)
	9766752  -  ResidentSetSize of job (KB)
...
006 (7742669.000.000) 11/16 14:29:05 Image size of job updated: 9830496
	9543  -  MemoryUsage of job (MB)
	9771380  -  ResidentSetSize of job (KB)
...
006 (7742669.000.000) 11/16 14:34:06 Image size of job updated: 9863512
	9588  -  MemoryUsage of job (MB)
	9817892  -  ResidentSetSize of job (KB)
...
006 (7742669.000.000) 11/16 14:39:07 Image size of job updated: 9866348
	9597  -  MemoryUsage of job (MB)
	9826920  -  ResidentSetSize of job (KB)
...
006 (7742669.000.000) 11/16 14:44:07 Image size of job updated: 9930980
	9628  -  MemoryUsage of job (MB)
	9858620  -  ResidentSetSize of job (KB)
...
006 (7742669.000.000) 11/16 14:49:07 Image size of job updated: 9937900
	9628  -  MemoryUsage of job (MB)
	9858620  -  ResidentSetSize of job (KB)
...
006 (7742669.000.000) 11/16 14:54:08 Image size of job updated: 9946124
	9647  -  MemoryUsage of job (MB)
	9878492  -  ResidentSetSize of job (KB)
...
006 (7742669.000.000) 11/16 14:59:08 Image size of job updated: 9984908
	9694  -  MemoryUsage of job (MB)
	9926188  -  ResidentSetSize of job (KB)
...
006 (7742669.000.000) 11/16 15:04:08 Image size of job updated: 10034328
	9741  -  MemoryUsage of job (MB)
	9974052  -  ResidentSetSize of job (KB)
...
006 (7742669.000.000) 11/16 15:19:10 Image size of job updated: 10080680
	9749  -  MemoryUsage of job (MB)
	9982560  -  ResidentSetSize of job (KB)
...
006 (7742669.000.000) 11/16 15:24:11 Image size of job updated: 10089468
	9793  -  MemoryUsage of job (MB)
	10027272  -  ResidentSetSize of job (KB)
...
006 (7742669.000.000) 11/16 15:29:12 Image size of job updated: 10093708
	9800  -  MemoryUsage of job (MB)
	10034452  -  ResidentSetSize of job (KB)
...
006 (7742669.000.000) 11/16 15:49:14 Image size of job updated: 10114024
	9843  -  MemoryUsage of job (MB)
	10078364  -  ResidentSetSize of job (KB)
...
006 (7742669.000.000) 11/16 15:50:20 Image size of job updated: 10278704
	9843  -  MemoryUsage of job (MB)
	10078364  -  ResidentSetSize of job (KB)
...
040 (7742669.000.000) 11/16 15:53:07 Started transferring output files
...
040 (7742669.000.000) 11/16 15:53:09 Finished transferring output files
...
005 (7742669.000.000) 11/16 15:53:11 Job terminated.
	(1) Normal termination (return value 0)
		Usr 0 04:10:58, Sys 0 00:04:09  -  Run Remote Usage
		Usr 0 00:00:00, Sys 0 00:00:00  -  Run Local Usage
		Usr 0 04:10:58, Sys 0 00:04:09  -  Total Remote Usage
		Usr 0 00:00:00, Sys 0 00:00:00  -  Total Local Usage
	1909781  -  Run Bytes Sent By Job
	11255  -  Run Bytes Received By Job
	1909781  -  Total Bytes Sent By Job
	11255  -  Total Bytes Received By Job
	Partitionable Resources :    Usage  Request Allocated 
	   Cpus                 :     1.55        1         1 
	   Disk (KB)            :  1903          12   2903622 
	   Memory (MB)          :  9843        2000      2000 

	Job terminated of its own accord at 2024-11-16T14:50:20Z with exit-code 0.
...
