000 (7725390.000.000) 11/13 02:16:26 Job submitted from host: <137.138.55.115:9618?addrs=137.138.55.115-9618+[2001-1458-d00-17--12a]-9618&alias=bigbird23.cern.ch&noUDP&sock=schedd_4975_03c1>
...
040 (7725390.000.000) 11/13 02:18:56 Started transferring input files
	Transferring to host: <188.185.194.54:9618?addrs=188.185.194.54-9618+[2001-1458-303-21--100-32]-9618&alias=b9p20p2130.cern.ch&noUDP&sock=slot1_7_9462_95ba_30283>
...
040 (7725390.000.000) 11/13 02:18:56 Finished transferring input files
...
001 (7725390.000.000) 11/13 02:18:57 Job executing on host: <188.185.194.54:9618?addrs=188.185.194.54-9618+[2001-1458-303-21--100-32]-9618&alias=b9p20p2130.cern.ch&noUDP&sock=startd_8383_9e84>
	SlotName: slot1_7@b9p20p2130.cern.ch
	CondorScratchDir = "/pool/condor/dir_1787991"
	Cpus = 1
	Disk = 3817
	GPUs = 0
	Memory = 2000
...
006 (7725390.000.000) 11/13 02:19:05 Image size of job updated: 124828
	122  -  MemoryUsage of job (MB)
	124828  -  ResidentSetSize of job (KB)
...
006 (7725390.000.000) 11/13 02:24:05 Image size of job updated: 4568492
	4462  -  MemoryUsage of job (MB)
	4568492  -  ResidentSetSize of job (KB)
...
006 (7725390.000.000) 11/13 02:29:06 Image size of job updated: 5101932
	4983  -  MemoryUsage of job (MB)
	5101932  -  ResidentSetSize of job (KB)
...
006 (7725390.000.000) 11/13 02:34:06 Image size of job updated: 5395192
	5269  -  MemoryUsage of job (MB)
	5395192  -  ResidentSetSize of job (KB)
...
006 (7725390.000.000) 11/13 02:39:07 Image size of job updated: 5551464
	5422  -  MemoryUsage of job (MB)
	5551464  -  ResidentSetSize of job (KB)
...
006 (7725390.000.000) 11/13 02:44:08 Image size of job updated: 5691260
	5558  -  MemoryUsage of job (MB)
	5691260  -  ResidentSetSize of job (KB)
...
006 (7725390.000.000) 11/13 02:49:08 Image size of job updated: 5779356
	5644  -  MemoryUsage of job (MB)
	5779356  -  ResidentSetSize of job (KB)
...
006 (7725390.000.000) 11/13 02:54:09 Image size of job updated: 5821920
	5686  -  MemoryUsage of job (MB)
	5821920  -  ResidentSetSize of job (KB)
...
040 (7725390.000.000) 11/13 04:21:52 Started transferring output files
...
040 (7725390.000.000) 11/13 04:22:00 Finished transferring output files
...
005 (7725390.000.000) 11/13 04:22:06 Job terminated.
	(1) Normal termination (return value 0)
		Usr 0 02:52:48, Sys 0 00:04:36  -  Run Remote Usage
		Usr 0 00:00:00, Sys 0 00:00:00  -  Run Local Usage
		Usr 0 02:52:48, Sys 0 00:04:36  -  Total Remote Usage
		Usr 0 00:00:00, Sys 0 00:00:00  -  Total Local Usage
	2536189  -  Run Bytes Sent By Job
	11242  -  Run Bytes Received By Job
	2536189  -  Total Bytes Sent By Job
	11242  -  Total Bytes Received By Job
	Partitionable Resources :    Usage  Request Allocated 
	   Cpus                 :     1.51        1         1 
	   Disk (KB)            :  2514          12      3817 
	   GPUs                 :                           0 
	   Memory (MB)          :  5686        2000      2000 

	Job terminated of its own accord at 2024-11-13T03:21:52Z with exit-code 0.
...
