000 (7742674.000.000) 11/16 12:57:01 Job submitted from host: <137.138.55.115:9618?addrs=137.138.55.115-9618+[2001-1458-d00-17--12a]-9618&alias=bigbird23.cern.ch&noUDP&sock=schedd_4975_03c1>
...
040 (7742674.000.000) 11/16 13:06:02 Started transferring input files
	Transferring to host: <188.185.206.205:9618?addrs=188.185.206.205-9618+[2001-1458-303-c--100-4a]-9618&alias=b9p06p1318.cern.ch&noUDP&sock=slot1_31_3703_d930_111570>
...
040 (7742674.000.000) 11/16 13:06:02 Finished transferring input files
...
001 (7742674.000.000) 11/16 13:06:04 Job executing on host: <188.185.206.205:9618?addrs=188.185.206.205-9618+[2001-1458-303-c--100-4a]-9618&alias=b9p06p1318.cern.ch&noUDP&sock=startd_3355_d454>
	SlotName: slot1_31@b9p06p1318.cern.ch
	CondorScratchDir = "/pool/condor/dir_3919935"
	Cpus = 1
	Disk = 2659470
	Memory = 2000
...
006 (7742674.000.000) 11/16 13:06:12 Image size of job updated: 200500
	196  -  MemoryUsage of job (MB)
	200276  -  ResidentSetSize of job (KB)
...
006 (7742674.000.000) 11/16 13:06:35 Image size of job updated: 950692
	629  -  MemoryUsage of job (MB)
	643752  -  ResidentSetSize of job (KB)
...
040 (7742674.000.000) 11/16 13:06:35 Started transferring output files
...
040 (7742674.000.000) 11/16 13:06:35 Finished transferring output files
...
005 (7742674.000.000) 11/16 13:06:35 Job terminated.
	(1) Normal termination (return value 2)
		Usr 0 00:00:09, Sys 0 00:00:05  -  Run Remote Usage
		Usr 0 00:00:00, Sys 0 00:00:00  -  Run Local Usage
		Usr 0 00:00:09, Sys 0 00:00:05  -  Total Remote Usage
		Usr 0 00:00:00, Sys 0 00:00:00  -  Total Local Usage
	2187  -  Run Bytes Sent By Job
	11226  -  Run Bytes Received By Job
	2187  -  Total Bytes Sent By Job
	11226  -  Total Bytes Received By Job
	Partitionable Resources :    Usage  Request Allocated 
	   Cpus                 :        0        1         1 
	   Disk (KB)            :       41       12   2659470 
	   Memory (MB)          :      629     2000      2000 

	Job terminated of its own accord at 2024-11-16T12:06:35Z with exit-code 2.
...
