000 (7744052.000.000) 11/16 23:36:53 Job submitted from host: <137.138.55.115:9618?addrs=137.138.55.115-9618+[2001-1458-d00-17--12a]-9618&alias=bigbird23.cern.ch&noUDP&sock=schedd_4975_03c1>
...
040 (7744052.000.000) 11/16 23:49:32 Started transferring input files
	Transferring to host: <188.185.196.110:9618?addrs=188.185.196.110-9618+[2001-1458-303-23--100-6a]-9618&alias=b9p16p8302.cern.ch&noUDP&sock=slot1_20_2432889_23ce_9699>
...
040 (7744052.000.000) 11/16 23:49:32 Finished transferring input files
...
001 (7744052.000.000) 11/16 23:49:33 Job executing on host: <188.185.196.110:9618?addrs=188.185.196.110-9618+[2001-1458-303-23--100-6a]-9618&alias=b9p16p8302.cern.ch&noUDP&sock=startd_5333_92a9>
	SlotName: slot1_20@b9p16p8302.cern.ch
	CondorScratchDir = "/pool/condor/dir_1440390"
	Cpus = 1
	Disk = 3956
	GPUs = 0
	Memory = 2000
...
006 (7744052.000.000) 11/16 23:49:42 Image size of job updated: 255668
	250  -  MemoryUsage of job (MB)
	255668  -  ResidentSetSize of job (KB)
...
006 (7744052.000.000) 11/16 23:49:53 Image size of job updated: 361284
	353  -  MemoryUsage of job (MB)
	361284  -  ResidentSetSize of job (KB)
...
040 (7744052.000.000) 11/16 23:49:53 Started transferring output files
...
040 (7744052.000.000) 11/16 23:49:53 Finished transferring output files
...
005 (7744052.000.000) 11/16 23:49:53 Job terminated.
	(1) Normal termination (return value 2)
		Usr 0 00:00:08, Sys 0 00:00:02  -  Run Remote Usage
		Usr 0 00:00:00, Sys 0 00:00:00  -  Run Local Usage
		Usr 0 00:00:08, Sys 0 00:00:02  -  Total Remote Usage
		Usr 0 00:00:00, Sys 0 00:00:00  -  Total Local Usage
	2201  -  Run Bytes Sent By Job
	11265  -  Run Bytes Received By Job
	2201  -  Total Bytes Sent By Job
	11265  -  Total Bytes Received By Job
	Partitionable Resources :    Usage  Request Allocated 
	   Cpus                 :        0        1         1 
	   Disk (KB)            :       40       12      3956 
	   GPUs                 :                           0 
	   Memory (MB)          :      353     2000      2000 

	Job terminated of its own accord at 2024-11-16T22:49:53Z with exit-code 2.
...
