000 (7725382.000.000) 11/13 02:10:07 Job submitted from host: <137.138.55.115:9618?addrs=137.138.55.115-9618+[2001-1458-d00-17--12a]-9618&alias=bigbird23.cern.ch&noUDP&sock=schedd_4975_03c1>
...
040 (7725382.000.000) 11/13 02:10:51 Started transferring input files
	Transferring to host: <128.142.248.81:9618?addrs=128.142.248.81-9618+[2001-1458-301-73--100-141]-9618&alias=b9g23p3234.cern.ch&noUDP&sock=slot1_17_7067_1738_15926>
...
040 (7725382.000.000) 11/13 02:10:51 Finished transferring input files
...
001 (7725382.000.000) 11/13 02:10:52 Job executing on host: <128.142.248.81:9618?addrs=128.142.248.81-9618+[2001-1458-301-73--100-141]-9618&alias=b9g23p3234.cern.ch&noUDP&sock=startd_6575_7b49>
	SlotName: slot1_17@b9g23p3234.cern.ch
	CondorScratchDir = "/pool/condor/dir_2023723"
	Cpus = 1
	Disk = 2936612
	Memory = 2000
...
006 (7725382.000.000) 11/13 02:11:00 Image size of job updated: 318488
	312  -  MemoryUsage of job (MB)
	318488  -  ResidentSetSize of job (KB)
...
006 (7725382.000.000) 11/13 02:16:00 Image size of job updated: 9264132
	9046  -  MemoryUsage of job (MB)
	9262084  -  ResidentSetSize of job (KB)
...
006 (7725382.000.000) 11/13 02:21:01 Image size of job updated: 9358196
	9046  -  MemoryUsage of job (MB)
	9262084  -  ResidentSetSize of job (KB)
...
040 (7725382.000.000) 11/13 04:09:51 Started transferring output files
...
040 (7725382.000.000) 11/13 04:09:51 Finished transferring output files
...
005 (7725382.000.000) 11/13 04:09:51 Job terminated.
	(1) Normal termination (return value 0)
		Usr 0 02:52:18, Sys 0 00:02:41  -  Run Remote Usage
		Usr 0 00:00:00, Sys 0 00:00:00  -  Run Local Usage
		Usr 0 02:52:18, Sys 0 00:02:41  -  Total Remote Usage
		Usr 0 00:00:00, Sys 0 00:00:00  -  Total Local Usage
	2471553  -  Run Bytes Sent By Job
	11212  -  Run Bytes Received By Job
	2471553  -  Total Bytes Sent By Job
	11212  -  Total Bytes Received By Job
	Partitionable Resources :    Usage  Request Allocated 
	   Cpus                 :     1.56        1         1 
	   Disk (KB)            :  2450          12   2936612 
	   Memory (MB)          :  9046        2000      2000 

	Job terminated of its own accord at 2024-11-13T03:09:51Z with exit-code 0.
...
000 (7742371.000.000) 11/16 06:33:53 Job submitted from host: <137.138.55.115:9618?addrs=137.138.55.115-9618+[2001-1458-d00-17--12a]-9618&alias=bigbird23.cern.ch&noUDP&sock=schedd_4975_03c1>
...
040 (7742371.000.000) 11/16 06:42:57 Started transferring input files
	Transferring to host: <188.185.198.111:9618?addrs=188.185.198.111-9618+[2001-1458-303-25--100-6b]-9618&alias=b9p15p4924.cern.ch&noUDP&sock=slot1_55_2644228_9580_4283>
...
040 (7742371.000.000) 11/16 06:42:57 Finished transferring input files
...
001 (7742371.000.000) 11/16 06:42:58 Job executing on host: <188.185.198.111:9618?addrs=188.185.198.111-9618+[2001-1458-303-25--100-6b]-9618&alias=b9p15p4924.cern.ch&noUDP&sock=startd_11856_ceef>
	SlotName: slot1_55@b9p15p4924.cern.ch
	CondorScratchDir = "/pool/condor/dir_1963484"
	Cpus = 1
	Disk = 2950578
	Memory = 2000
...
006 (7742371.000.000) 11/16 06:43:07 Image size of job updated: 22076
	10  -  MemoryUsage of job (MB)
	9688  -  ResidentSetSize of job (KB)
...
006 (7742371.000.000) 11/16 06:45:40 Image size of job updated: 5767840
	1274  -  MemoryUsage of job (MB)
	1304536  -  ResidentSetSize of job (KB)
...
040 (7742371.000.000) 11/16 06:45:40 Started transferring output files
...
040 (7742371.000.000) 11/16 06:45:40 Finished transferring output files
...
005 (7742371.000.000) 11/16 06:45:40 Job terminated.
	(1) Normal termination (return value 1)
		Usr 0 00:00:34, Sys 0 00:00:08  -  Run Remote Usage
		Usr 0 00:00:00, Sys 0 00:00:00  -  Run Local Usage
		Usr 0 00:00:34, Sys 0 00:00:08  -  Total Remote Usage
		Usr 0 00:00:00, Sys 0 00:00:00  -  Total Local Usage
	20266  -  Run Bytes Sent By Job
	11255  -  Run Bytes Received By Job
	20266  -  Total Bytes Sent By Job
	11255  -  Total Bytes Received By Job
	Partitionable Resources :    Usage  Request Allocated 
	   Cpus                 :        0        1         1 
	   Disk (KB)            :       53       12   2950578 
	   Memory (MB)          :     1274     2000      2000 

	Job terminated of its own accord at 2024-11-16T05:45:40Z with exit-code 1.
...
000 (7742668.000.000) 11/16 12:55:43 Job submitted from host: <137.138.55.115:9618?addrs=137.138.55.115-9618+[2001-1458-d00-17--12a]-9618&alias=bigbird23.cern.ch&noUDP&sock=schedd_4975_03c1>
...
040 (7742668.000.000) 11/16 12:56:57 Started transferring input files
	Transferring to host: <128.142.248.101:9618?addrs=128.142.248.101-9618+[2001-1458-301-73--100-155]-9618&alias=b9g23p7156.cern.ch&noUDP&sock=slot1_27_5965_a1cc_11666>
...
040 (7742668.000.000) 11/16 12:56:57 Finished transferring input files
...
001 (7742668.000.000) 11/16 12:56:59 Job executing on host: <128.142.248.101:9618?addrs=128.142.248.101-9618+[2001-1458-301-73--100-155]-9618&alias=b9g23p7156.cern.ch&noUDP&sock=startd_4875_6c49>
	SlotName: slot1_27@b9g23p7156.cern.ch
	CondorScratchDir = "/pool/condor/dir_1142586"
	Cpus = 1
	Disk = 2920615
	Memory = 2000
...
006 (7742668.000.000) 11/16 12:57:07 Image size of job updated: 200240
	196  -  MemoryUsage of job (MB)
	199808  -  ResidentSetSize of job (KB)
...
006 (7742668.000.000) 11/16 13:02:07 Image size of job updated: 9069264
	8857  -  MemoryUsage of job (MB)
	9069236  -  ResidentSetSize of job (KB)
...
006 (7742668.000.000) 11/16 13:07:08 Image size of job updated: 9254076
	8857  -  MemoryUsage of job (MB)
	9069236  -  ResidentSetSize of job (KB)
...
040 (7742668.000.000) 11/16 16:27:20 Started transferring output files
...
040 (7742668.000.000) 11/16 16:27:20 Finished transferring output files
...
005 (7742668.000.000) 11/16 16:27:21 Job terminated.
	(1) Normal termination (return value 0)
		Usr 0 05:01:04, Sys 0 00:10:13  -  Run Remote Usage
		Usr 0 00:00:00, Sys 0 00:00:00  -  Run Local Usage
		Usr 0 05:01:04, Sys 0 00:10:13  -  Total Remote Usage
		Usr 0 00:00:00, Sys 0 00:00:00  -  Total Local Usage
	2447465  -  Run Bytes Sent By Job
	11255  -  Run Bytes Received By Job
	2447465  -  Total Bytes Sent By Job
	11255  -  Total Bytes Received By Job
	Partitionable Resources :    Usage  Request Allocated 
	   Cpus                 :     1.56        1         1 
	   Disk (KB)            :  2427          12   2920615 
	   Memory (MB)          :  8857        2000      2000 

	Job terminated of its own accord at 2024-11-16T15:27:15Z with exit-code 0.
...
