000 (7725398.000.000) 11/13 02:19:29 Job submitted from host: <137.138.55.115:9618?addrs=137.138.55.115-9618+[2001-1458-d00-17--12a]-9618&alias=bigbird23.cern.ch&noUDP&sock=schedd_4975_03c1>
...
040 (7725398.000.000) 11/13 02:19:52 Started transferring input files
	Transferring to host: <188.184.185.81:9618?addrs=188.184.185.81-9618+[2001-1458-301-52--100-50]-9618&alias=b9g37p1852.cern.ch&noUDP&sock=slot1_21_2837009_3cff_8335>
...
040 (7725398.000.000) 11/13 02:19:52 Finished transferring input files
...
001 (7725398.000.000) 11/13 02:19:53 Job executing on host: <188.184.185.81:9618?addrs=188.184.185.81-9618+[2001-1458-301-52--100-50]-9618&alias=b9g37p1852.cern.ch&noUDP&sock=startd_8313_9ae3>
	SlotName: slot1_21@b9g37p1852.cern.ch
	CondorScratchDir = "/pool/condor/dir_2744151"
	Cpus = 1
	Disk = 2929293
	Memory = 2000
...
006 (7725398.000.000) 11/13 02:20:02 Image size of job updated: 278088
	272  -  MemoryUsage of job (MB)
	278088  -  ResidentSetSize of job (KB)
...
006 (7725398.000.000) 11/13 02:25:03 Image size of job updated: 9235164
	6520  -  MemoryUsage of job (MB)
	6675920  -  ResidentSetSize of job (KB)
...
040 (7725398.000.000) 11/13 02:31:12 Started transferring output files
...
040 (7725398.000.000) 11/13 02:31:12 Finished transferring output files
...
005 (7725398.000.000) 11/13 02:31:12 Job terminated.
	(1) Normal termination (return value 0)
		Usr 0 00:15:04, Sys 0 00:01:20  -  Run Remote Usage
		Usr 0 00:00:00, Sys 0 00:00:00  -  Run Local Usage
		Usr 0 00:15:04, Sys 0 00:01:20  -  Total Remote Usage
		Usr 0 00:00:00, Sys 0 00:00:00  -  Total Local Usage
	784093  -  Run Bytes Sent By Job
	11237  -  Run Bytes Received By Job
	784093  -  Total Bytes Sent By Job
	11237  -  Total Bytes Received By Job
	Partitionable Resources :    Usage  Request Allocated 
	   Cpus                 :     1.84        1         1 
	   Disk (KB)            :   802          12   2929293 
	   Memory (MB)          :  6520        2000      2000 

	Job terminated of its own accord at 2024-11-13T01:31:12Z with exit-code 0.
...
