000 (7725393.000.000) 11/13 02:17:16 Job submitted from host: <137.138.55.115:9618?addrs=137.138.55.115-9618+[2001-1458-d00-17--12a]-9618&alias=bigbird23.cern.ch&noUDP&sock=schedd_4975_03c1>
...
040 (7725393.000.000) 11/13 02:18:58 Started transferring input files
	Transferring to host: <188.185.198.78:9618?addrs=188.185.198.78-9618+[2001-1458-303-25--100-4a]-9618&alias=b9p15p5994.cern.ch&noUDP&sock=slot1_30_7852_31b8_27256>
...
040 (7725393.000.000) 11/13 02:18:58 Finished transferring input files
...
001 (7725393.000.000) 11/13 02:18:59 Job executing on host: <188.185.198.78:9618?addrs=188.185.198.78-9618+[2001-1458-303-25--100-4a]-9618&alias=b9p15p5994.cern.ch&noUDP&sock=startd_7103_a54a>
	SlotName: slot1_30@b9p15p5994.cern.ch
	CondorScratchDir = "/pool/condor/dir_1936218"
	Cpus = 1
	Disk = 3812
	GPUs = 0
	Memory = 2000
...
006 (7725393.000.000) 11/13 02:19:08 Image size of job updated: 144248
	141  -  MemoryUsage of job (MB)
	144248  -  ResidentSetSize of job (KB)
...
006 (7725393.000.000) 11/13 02:24:09 Image size of job updated: 5545476
	5416  -  MemoryUsage of job (MB)
	5545476  -  ResidentSetSize of job (KB)
...
006 (7725393.000.000) 11/13 02:29:10 Image size of job updated: 5840980
	5705  -  MemoryUsage of job (MB)
	5840980  -  ResidentSetSize of job (KB)
...
006 (7725393.000.000) 11/13 02:34:11 Image size of job updated: 5912144
	5774  -  MemoryUsage of job (MB)
	5912144  -  ResidentSetSize of job (KB)
...
006 (7725393.000.000) 11/13 02:39:12 Image size of job updated: 5960956
	5822  -  MemoryUsage of job (MB)
	5960956  -  ResidentSetSize of job (KB)
...
006 (7725393.000.000) 11/13 02:44:12 Image size of job updated: 5987572
	5848  -  MemoryUsage of job (MB)
	5987572  -  ResidentSetSize of job (KB)
...
006 (7725393.000.000) 11/13 02:49:12 Image size of job updated: 6008800
	5868  -  MemoryUsage of job (MB)
	6008800  -  ResidentSetSize of job (KB)
...
006 (7725393.000.000) 11/13 02:54:13 Image size of job updated: 6018160
	5878  -  MemoryUsage of job (MB)
	6018160  -  ResidentSetSize of job (KB)
...
040 (7725393.000.000) 11/13 03:01:08 Started transferring output files
...
040 (7725393.000.000) 11/13 03:01:09 Finished transferring output files
...
005 (7725393.000.000) 11/13 03:01:09 Job terminated.
	(1) Normal termination (return value 0)
		Usr 0 01:03:44, Sys 0 00:05:04  -  Run Remote Usage
		Usr 0 00:00:00, Sys 0 00:00:00  -  Run Local Usage
		Usr 0 01:03:44, Sys 0 00:05:04  -  Total Remote Usage
		Usr 0 00:00:00, Sys 0 00:00:00  -  Total Local Usage
	1766018  -  Run Bytes Sent By Job
	11197  -  Run Bytes Received By Job
	1766018  -  Total Bytes Sent By Job
	11197  -  Total Bytes Received By Job
	Partitionable Resources :    Usage  Request Allocated 
	   Cpus                 :     1.71        1         1 
	   Disk (KB)            :  1762          12      3812 
	   GPUs                 :                           0 
	   Memory (MB)          :  5878        2000      2000 

	Job terminated of its own accord at 2024-11-13T02:01:08Z with exit-code 0.
...
000 (7742368.000.000) 11/16 06:33:31 Job submitted from host: <137.138.55.115:9618?addrs=137.138.55.115-9618+[2001-1458-d00-17--12a]-9618&alias=bigbird23.cern.ch&noUDP&sock=schedd_4975_03c1>
...
040 (7742368.000.000) 11/16 06:38:00 Started transferring input files
	Transferring to host: <188.185.198.111:9618?addrs=188.185.198.111-9618+[2001-1458-303-25--100-6b]-9618&alias=b9p15p4924.cern.ch&noUDP&sock=slot1_55_2644228_9580_4280>
...
040 (7742368.000.000) 11/16 06:38:00 Finished transferring input files
...
001 (7742368.000.000) 11/16 06:38:01 Job executing on host: <188.185.198.111:9618?addrs=188.185.198.111-9618+[2001-1458-303-25--100-6b]-9618&alias=b9p15p4924.cern.ch&noUDP&sock=startd_11856_ceef>
	SlotName: slot1_55@b9p15p4924.cern.ch
	CondorScratchDir = "/pool/condor/dir_1947246"
	Cpus = 1
	Disk = 2950143
	Memory = 2000
...
006 (7742368.000.000) 11/16 06:38:10 Image size of job updated: 24956
	15  -  MemoryUsage of job (MB)
	15052  -  ResidentSetSize of job (KB)
...
006 (7742368.000.000) 11/16 06:42:57 Image size of job updated: 6886068
	2370  -  MemoryUsage of job (MB)
	2425952  -  ResidentSetSize of job (KB)
...
040 (7742368.000.000) 11/16 06:42:57 Started transferring output files
...
040 (7742368.000.000) 11/16 06:42:57 Finished transferring output files
...
005 (7742368.000.000) 11/16 06:42:57 Job terminated.
	(1) Normal termination (return value 1)
		Usr 0 00:00:34, Sys 0 00:00:09  -  Run Remote Usage
		Usr 0 00:00:00, Sys 0 00:00:00  -  Run Local Usage
		Usr 0 00:00:34, Sys 0 00:00:09  -  Total Remote Usage
		Usr 0 00:00:00, Sys 0 00:00:00  -  Total Local Usage
	20243  -  Run Bytes Sent By Job
	11240  -  Run Bytes Received By Job
	20243  -  Total Bytes Sent By Job
	11240  -  Total Bytes Received By Job
	Partitionable Resources :    Usage  Request Allocated 
	   Cpus                 :     0.28        1         1 
	   Disk (KB)            :    52          12   2950143 
	   Memory (MB)          :  2370        2000      2000 

	Job terminated of its own accord at 2024-11-16T05:42:57Z with exit-code 1.
...
000 (7742676.000.000) 11/16 12:57:24 Job submitted from host: <137.138.55.115:9618?addrs=137.138.55.115-9618+[2001-1458-d00-17--12a]-9618&alias=bigbird23.cern.ch&noUDP&sock=schedd_4975_03c1>
...
040 (7742676.000.000) 11/16 13:06:35 Started transferring input files
	Transferring to host: <188.185.206.205:9618?addrs=188.185.206.205-9618+[2001-1458-303-c--100-4a]-9618&alias=b9p06p1318.cern.ch&noUDP&sock=slot1_31_3703_d930_111571>
...
040 (7742676.000.000) 11/16 13:06:35 Finished transferring input files
...
001 (7742676.000.000) 11/16 13:06:36 Job executing on host: <188.185.206.205:9618?addrs=188.185.206.205-9618+[2001-1458-303-c--100-4a]-9618&alias=b9p06p1318.cern.ch&noUDP&sock=startd_3355_d454>
	SlotName: slot1_31@b9p06p1318.cern.ch
	CondorScratchDir = "/pool/condor/dir_3922904"
	Cpus = 1
	Disk = 2658042
	Memory = 2000
...
006 (7742676.000.000) 11/16 13:06:45 Image size of job updated: 147312
	144  -  MemoryUsage of job (MB)
	147312  -  ResidentSetSize of job (KB)
...
006 (7742676.000.000) 11/16 13:11:46 Image size of job updated: 9058208
	8844  -  MemoryUsage of job (MB)
	9056160  -  ResidentSetSize of job (KB)
...
006 (7742676.000.000) 11/16 13:16:46 Image size of job updated: 9141604
	8844  -  MemoryUsage of job (MB)
	9056160  -  ResidentSetSize of job (KB)
...
040 (7742676.000.000) 11/16 13:21:07 Started transferring output files
...
040 (7742676.000.000) 11/16 13:21:07 Finished transferring output files
...
005 (7742676.000.000) 11/16 13:21:07 Job terminated.
	(1) Normal termination (return value 0)
		Usr 0 00:22:30, Sys 0 00:02:48  -  Run Remote Usage
		Usr 0 00:00:00, Sys 0 00:00:00  -  Run Local Usage
		Usr 0 00:22:30, Sys 0 00:02:48  -  Total Remote Usage
		Usr 0 00:00:00, Sys 0 00:00:00  -  Total Local Usage
	1631038  -  Run Bytes Sent By Job
	11240  -  Run Bytes Received By Job
	1631038  -  Total Bytes Sent By Job
	11240  -  Total Bytes Received By Job
	Partitionable Resources :    Usage  Request Allocated 
	   Cpus                 :     1.89        1         1 
	   Disk (KB)            :  1634          12   2658042 
	   Memory (MB)          :  8844        2000      2000 

	Job terminated of its own accord at 2024-11-16T12:21:07Z with exit-code 0.
...
