000 (7709080.000.000) 11/09 21:18:01 Job submitted from host: <137.138.55.115:9618?addrs=137.138.55.115-9618+[2001-1458-d00-17--12a]-9618&alias=bigbird23.cern.ch&noUDP&sock=schedd_4975_03c1>
...
040 (7709080.000.000) 11/09 21:32:11 Started transferring input files
	Transferring to host: <128.142.33.53:9618?addrs=128.142.33.53-9618+[2001-1458-301-53--100-32]-9618&alias=b9g34p7549.cern.ch&noUDP&sock=slot1_1_6531_6e23_1166>
...
040 (7709080.000.000) 11/09 21:32:11 Finished transferring input files
...
001 (7709080.000.000) 11/09 21:32:12 Job executing on host: <128.142.33.53:9618?addrs=128.142.33.53-9618+[2001-1458-301-53--100-32]-9618&alias=b9g34p7549.cern.ch&noUDP&sock=startd_5801_94fb>
	SlotName: slot1_1@b9g34p7549.cern.ch
	CondorScratchDir = "/pool/condor/dir_3033118"
	Cpus = 1
	Disk = 2823557
	Memory = 2000
...
006 (7709080.000.000) 11/09 21:32:21 Image size of job updated: 116948
	114  -  MemoryUsage of job (MB)
	116492  -  ResidentSetSize of job (KB)
...
006 (7709080.000.000) 11/09 21:37:21 Image size of job updated: 6516284
	6304  -  MemoryUsage of job (MB)
	6454640  -  ResidentSetSize of job (KB)
...
006 (7709080.000.000) 11/09 21:42:21 Image size of job updated: 6600568
	6422  -  MemoryUsage of job (MB)
	6575244  -  ResidentSetSize of job (KB)
...
040 (7709080.000.000) 11/09 21:56:44 Started transferring output files
...
040 (7709080.000.000) 11/09 21:56:45 Finished transferring output files
...
005 (7709080.000.000) 11/09 21:56:45 Job terminated.
	(1) Normal termination (return value 0)
		Usr 0 00:38:23, Sys 0 00:02:32  -  Run Remote Usage
		Usr 0 00:00:00, Sys 0 00:00:00  -  Run Local Usage
		Usr 0 00:38:23, Sys 0 00:02:32  -  Total Remote Usage
		Usr 0 00:00:00, Sys 0 00:00:00  -  Total Local Usage
	942296  -  Run Bytes Sent By Job
	11080  -  Run Bytes Received By Job
	942296  -  Total Bytes Sent By Job
	11080  -  Total Bytes Received By Job
	Partitionable Resources :    Usage  Request Allocated 
	   Cpus                 :     1.69        1         1 
	   Disk (KB)            :   957          12   2823557 
	   Memory (MB)          :  6422        2000      2000 

	Job terminated of its own accord at 2024-11-09T20:56:44Z with exit-code 0.
...
000 (7714875.000.000) 11/11 13:46:05 Job submitted from host: <137.138.55.115:9618?addrs=137.138.55.115-9618+[2001-1458-d00-17--12a]-9618&alias=bigbird23.cern.ch&noUDP&sock=schedd_4975_03c1>
...
040 (7714875.000.000) 11/11 13:47:45 Started transferring input files
	Transferring to host: <128.142.248.224:9618?addrs=128.142.248.224-9618+[2001-1458-301-73--100-df]-9618&alias=b9g23p0563.cern.ch&noUDP&sock=slot1_3_8014_567f_97062>
...
040 (7714875.000.000) 11/11 13:47:45 Finished transferring input files
...
001 (7714875.000.000) 11/11 13:47:46 Job executing on host: <128.142.248.224:9618?addrs=128.142.248.224-9618+[2001-1458-301-73--100-df]-9618&alias=b9g23p0563.cern.ch&noUDP&sock=startd_6731_7c0f>
	SlotName: slot1_3@b9g23p0563.cern.ch
	CondorScratchDir = "/pool/condor/dir_3484969"
	Cpus = 1
	Disk = 2899946
	Memory = 2000
...
006 (7714875.000.000) 11/11 13:47:55 Image size of job updated: 1
	0  -  MemoryUsage of job (MB)
	0  -  ResidentSetSize of job (KB)
...
006 (7714875.000.000) 11/11 13:48:52 Image size of job updated: 8526016
	4266  -  MemoryUsage of job (MB)
	4367752  -  ResidentSetSize of job (KB)
...
040 (7714875.000.000) 11/11 13:48:52 Started transferring output files
...
040 (7714875.000.000) 11/11 13:48:52 Finished transferring output files
...
005 (7714875.000.000) 11/11 13:48:52 Job terminated.
	(1) Normal termination (return value 1)
		Usr 0 00:00:10, Sys 0 00:00:07  -  Run Remote Usage
		Usr 0 00:00:00, Sys 0 00:00:00  -  Run Local Usage
		Usr 0 00:00:10, Sys 0 00:00:07  -  Total Remote Usage
		Usr 0 00:00:00, Sys 0 00:00:00  -  Total Local Usage
	6833  -  Run Bytes Sent By Job
	11149  -  Run Bytes Received By Job
	6833  -  Total Bytes Sent By Job
	11149  -  Total Bytes Received By Job
	Partitionable Resources :    Usage  Request Allocated 
	   Cpus                 :                 1         1 
	   Disk (KB)            :       32       12   2899946 
	   Memory (MB)          :     4266     2000      2000 

	Job terminated of its own accord at 2024-11-11T12:48:52Z with exit-code 1.
...
000 (7714924.000.000) 11/11 14:42:06 Job submitted from host: <137.138.55.115:9618?addrs=137.138.55.115-9618+[2001-1458-d00-17--12a]-9618&alias=bigbird23.cern.ch&noUDP&sock=schedd_4975_03c1>
...
040 (7714924.000.000) 11/11 15:03:26 Started transferring input files
	Transferring to host: <128.142.248.94:9618?addrs=128.142.248.94-9618+[2001-1458-301-73--100-14e]-9618&alias=b9g23p2790.cern.ch&noUDP&sock=slot1_49_3359_7822_68430>
...
040 (7714924.000.000) 11/11 15:03:26 Finished transferring input files
...
001 (7714924.000.000) 11/11 15:03:27 Job executing on host: <128.142.248.94:9618?addrs=128.142.248.94-9618+[2001-1458-301-73--100-14e]-9618&alias=b9g23p2790.cern.ch&noUDP&sock=startd_3310_f691>
	SlotName: slot1_49@b9g23p2790.cern.ch
	CondorScratchDir = "/pool/condor/dir_4035065"
	Cpus = 1
	Disk = 3027001
	Memory = 2000
...
006 (7714924.000.000) 11/11 15:03:36 Image size of job updated: 28400
	23  -  MemoryUsage of job (MB)
	23196  -  ResidentSetSize of job (KB)
...
006 (7714924.000.000) 11/11 15:08:37 Image size of job updated: 10160404
	9923  -  MemoryUsage of job (MB)
	10160232  -  ResidentSetSize of job (KB)
...
006 (7714924.000.000) 11/11 15:13:37 Image size of job updated: 10395716
	9923  -  MemoryUsage of job (MB)
	10160232  -  ResidentSetSize of job (KB)
...
040 (7714924.000.000) 11/11 17:16:19 Started transferring output files
...
040 (7714924.000.000) 11/11 17:16:20 Finished transferring output files
...
005 (7714924.000.000) 11/11 17:16:20 Job terminated.
	(1) Normal termination (return value 0)
		Usr 0 02:53:20, Sys 0 00:05:56  -  Run Remote Usage
		Usr 0 00:00:00, Sys 0 00:00:00  -  Run Local Usage
		Usr 0 02:53:20, Sys 0 00:05:56  -  Total Remote Usage
		Usr 0 00:00:00, Sys 0 00:00:00  -  Total Local Usage
	3733527  -  Run Bytes Sent By Job
	11149  -  Run Bytes Received By Job
	3733527  -  Total Bytes Sent By Job
	11149  -  Total Bytes Received By Job
	Partitionable Resources :    Usage  Request Allocated 
	   Cpus                 :     1.41        1         1 
	   Disk (KB)            :  3682          12   3027001 
	   Memory (MB)          :  9923        2000      2000 

	Job terminated of its own accord at 2024-11-11T16:16:19Z with exit-code 0.
...
000 (7718860.000.000) 11/12 11:38:14 Job submitted from host: <137.138.55.115:9618?addrs=137.138.55.115-9618+[2001-1458-d00-17--12a]-9618&alias=bigbird23.cern.ch&noUDP&sock=schedd_4975_03c1>
...
040 (7718860.000.000) 11/12 11:39:00 Started transferring input files
	Transferring to host: <188.185.193.40:9618?addrs=188.185.193.40-9618+[2001-1458-303-20--100-24]-9618&alias=b9p19p9987.cern.ch&noUDP&sock=slot1_12_6648_de07_26958>
...
040 (7718860.000.000) 11/12 11:39:00 Finished transferring input files
...
001 (7718860.000.000) 11/12 11:39:01 Job executing on host: <188.185.193.40:9618?addrs=188.185.193.40-9618+[2001-1458-303-20--100-24]-9618&alias=b9p19p9987.cern.ch&noUDP&sock=startd_5663_ecea>
	SlotName: slot1_12@b9p19p9987.cern.ch
	CondorScratchDir = "/pool/condor/dir_3621522"
	Cpus = 1
	Disk = 3692
	GPUs = 0
	Memory = 2000
...
006 (7718860.000.000) 11/12 11:39:09 Image size of job updated: 34540
	34  -  MemoryUsage of job (MB)
	34540  -  ResidentSetSize of job (KB)
...
006 (7718860.000.000) 11/12 11:44:09 Image size of job updated: 4649428
	4541  -  MemoryUsage of job (MB)
	4649428  -  ResidentSetSize of job (KB)
...
006 (7718860.000.000) 11/12 11:49:10 Image size of job updated: 4738380
	4628  -  MemoryUsage of job (MB)
	4738380  -  ResidentSetSize of job (KB)
...
006 (7718860.000.000) 11/12 12:04:11 Image size of job updated: 4789084
	4677  -  MemoryUsage of job (MB)
	4789084  -  ResidentSetSize of job (KB)
...
040 (7718860.000.000) 11/12 12:05:52 Started transferring output files
...
040 (7718860.000.000) 11/12 12:05:52 Finished transferring output files
...
005 (7718860.000.000) 11/12 12:05:52 Job terminated.
	(1) Normal termination (return value 0)
		Usr 0 00:39:55, Sys 0 00:02:16  -  Run Remote Usage
		Usr 0 00:00:00, Sys 0 00:00:00  -  Run Local Usage
		Usr 0 00:39:55, Sys 0 00:02:16  -  Total Remote Usage
		Usr 0 00:00:00, Sys 0 00:00:00  -  Total Local Usage
	991154  -  Run Bytes Sent By Job
	11161  -  Run Bytes Received By Job
	991154  -  Total Bytes Sent By Job
	11161  -  Total Bytes Received By Job
	Partitionable Resources :    Usage  Request Allocated 
	   Cpus                 :     1.77        1         1 
	   Disk (KB)            :  1005          12      3692 
	   GPUs                 :                           0 
	   Memory (MB)          :  4677        2000      2000 

	Job terminated of its own accord at 2024-11-12T11:05:52Z with exit-code 0.
...
