000 (6397331.000.000) 05/03 13:51:50 Job submitted from host: <137.138.55.115:9618?addrs=137.138.55.115-9618+[2001-1458-d00-17--12a]-9618&alias=bigbird23.cern.ch&noUDP&sock=schedd_4259_e5f2>
...
040 (6397331.000.000) 05/03 14:41:56 Started transferring input files
	Transferring to host: <128.142.59.83:9618?addrs=128.142.59.83-9618&alias=b7s04p9097.cern.ch&noUDP&sock=slot1_11_7462_6769_119557>
...
040 (6397331.000.000) 05/03 14:41:56 Finished transferring input files
...
001 (6397331.000.000) 05/03 14:41:57 Job executing on host: <128.142.59.83:9618?addrs=128.142.59.83-9618&alias=b7s04p9097.cern.ch&noUDP&sock=startd_7395_eef2>
...
006 (6397331.000.000) 05/03 14:42:06 Image size of job updated: 33036
	27  -  MemoryUsage of job (MB)
	26720  -  ResidentSetSize of job (KB)
...
006 (6397331.000.000) 05/03 14:43:46 Image size of job updated: 1578672
	27  -  MemoryUsage of job (MB)
	26720  -  ResidentSetSize of job (KB)
...
040 (6397331.000.000) 05/03 14:43:47 Started transferring output files
...
040 (6397331.000.000) 05/03 14:43:47 Finished transferring output files
...
005 (6397331.000.000) 05/03 14:43:47 Job terminated.
	(1) Normal termination (return value 1)
		Usr 0 00:00:09, Sys 0 00:00:03  -  Run Remote Usage
		Usr 0 00:00:00, Sys 0 00:00:00  -  Run Local Usage
		Usr 0 00:00:09, Sys 0 00:00:03  -  Total Remote Usage
		Usr 0 00:00:00, Sys 0 00:00:00  -  Total Local Usage
	6811  -  Run Bytes Sent By Job
	12028  -  Run Bytes Received By Job
	6811  -  Total Bytes Sent By Job
	12028  -  Total Bytes Received By Job
	Partitionable Resources :    Usage  Request Allocated 
	   Cpus                 :                 1         1 
	   Disk (KB)            :       32       12   1255621 
	   Memory (MB)          :       27     2000      2000 

	Job terminated of its own accord at 2024-05-03T12:43:46Z.
...
000 (6397448.000.000) 05/03 15:06:03 Job submitted from host: <137.138.55.115:9618?addrs=137.138.55.115-9618+[2001-1458-d00-17--12a]-9618&alias=bigbird23.cern.ch&noUDP&sock=schedd_4259_e5f2>
...
040 (6397448.000.000) 05/03 15:33:57 Started transferring input files
	Transferring to host: <128.142.58.162:9618?addrs=128.142.58.162-9618&alias=b7s03p9943.cern.ch&noUDP&sock=slot1_9_7045_96f8_124984>
...
040 (6397448.000.000) 05/03 15:33:57 Finished transferring input files
...
001 (6397448.000.000) 05/03 15:33:58 Job executing on host: <128.142.58.162:9618?addrs=128.142.58.162-9618&alias=b7s03p9943.cern.ch&noUDP&sock=startd_6980_4724>
...
006 (6397448.000.000) 05/03 15:34:07 Image size of job updated: 142704
	70  -  MemoryUsage of job (MB)
	71224  -  ResidentSetSize of job (KB)
...
006 (6397448.000.000) 05/03 15:34:33 Image size of job updated: 1191856
	70  -  MemoryUsage of job (MB)
	71272  -  ResidentSetSize of job (KB)
...
040 (6397448.000.000) 05/03 15:34:33 Started transferring output files
...
040 (6397448.000.000) 05/03 15:34:33 Finished transferring output files
...
005 (6397448.000.000) 05/03 15:34:33 Job terminated.
	(1) Normal termination (return value 1)
		Usr 0 00:00:09, Sys 0 00:00:03  -  Run Remote Usage
		Usr 0 00:00:00, Sys 0 00:00:00  -  Run Local Usage
		Usr 0 00:00:09, Sys 0 00:00:03  -  Total Remote Usage
		Usr 0 00:00:00, Sys 0 00:00:00  -  Total Local Usage
	8100  -  Run Bytes Sent By Job
	12008  -  Run Bytes Received By Job
	8100  -  Total Bytes Sent By Job
	12008  -  Total Bytes Received By Job
	Partitionable Resources :    Usage  Request Allocated 
	   Cpus                 :                 1         1 
	   Disk (KB)            :       33       12   2890374 
	   Memory (MB)          :       70     2000      2000 

	Job terminated of its own accord at 2024-05-03T13:34:33Z.
...
000 (6397754.000.000) 05/03 15:41:52 Job submitted from host: <137.138.55.115:9618?addrs=137.138.55.115-9618+[2001-1458-d00-17--12a]-9618&alias=bigbird23.cern.ch&noUDP&sock=schedd_4259_e5f2>
...
040 (6397754.000.000) 05/03 15:43:08 Started transferring input files
	Transferring to host: <128.142.57.137:9618?addrs=128.142.57.137-9618&alias=b7s02p6080.cern.ch&noUDP&sock=slot1_15_7435_6147_122266>
...
040 (6397754.000.000) 05/03 15:43:08 Finished transferring input files
...
001 (6397754.000.000) 05/03 15:43:09 Job executing on host: <128.142.57.137:9618?addrs=128.142.57.137-9618&alias=b7s02p6080.cern.ch&noUDP&sock=startd_7372_2844>
...
006 (6397754.000.000) 05/03 15:43:18 Image size of job updated: 304664
	30  -  MemoryUsage of job (MB)
	30716  -  ResidentSetSize of job (KB)
...
006 (6397754.000.000) 05/03 15:43:52 Image size of job updated: 1357236
	30  -  MemoryUsage of job (MB)
	30716  -  ResidentSetSize of job (KB)
...
040 (6397754.000.000) 05/03 15:43:52 Started transferring output files
...
040 (6397754.000.000) 05/03 15:43:52 Finished transferring output files
...
005 (6397754.000.000) 05/03 15:43:52 Job terminated.
	(1) Normal termination (return value 1)
		Usr 0 00:00:10, Sys 0 00:00:03  -  Run Remote Usage
		Usr 0 00:00:00, Sys 0 00:00:00  -  Run Local Usage
		Usr 0 00:00:10, Sys 0 00:00:03  -  Total Remote Usage
		Usr 0 00:00:00, Sys 0 00:00:00  -  Total Local Usage
	8143  -  Run Bytes Sent By Job
	12028  -  Run Bytes Received By Job
	8143  -  Total Bytes Sent By Job
	12028  -  Total Bytes Received By Job
	Partitionable Resources :    Usage  Request Allocated 
	   Cpus                 :                 1         1 
	   Disk (KB)            :       33       12   1250919 
	   Memory (MB)          :       30     2000      2000 

	Job terminated of its own accord at 2024-05-03T13:43:52Z.
...
000 (6398437.000.000) 05/03 16:19:03 Job submitted from host: <137.138.55.115:9618?addrs=137.138.55.115-9618+[2001-1458-d00-17--12a]-9618&alias=bigbird23.cern.ch&noUDP&sock=schedd_4259_e5f2>
...
040 (6398437.000.000) 05/03 16:35:08 Started transferring input files
	Transferring to host: <128.142.56.142:9618?addrs=128.142.56.142-9618+[2001-1458-301-6--100-8d]-9618&alias=b7s01p9733.cern.ch&noUDP&sock=slot1_4_11791_9379_194390>
...
040 (6398437.000.000) 05/03 16:35:08 Finished transferring input files
...
001 (6398437.000.000) 05/03 16:35:09 Job executing on host: <128.142.56.142:9618?addrs=128.142.56.142-9618+[2001-1458-301-6--100-8d]-9618&alias=b7s01p9733.cern.ch&noUDP&sock=startd_6859_482f>
...
006 (6398437.000.000) 05/03 16:35:18 Image size of job updated: 272520
	68  -  MemoryUsage of job (MB)
	68640  -  ResidentSetSize of job (KB)
...
006 (6398437.000.000) 05/03 16:36:01 Image size of job updated: 1750496
	68  -  MemoryUsage of job (MB)
	68748  -  ResidentSetSize of job (KB)
...
040 (6398437.000.000) 05/03 16:36:01 Started transferring output files
...
040 (6398437.000.000) 05/03 16:36:01 Finished transferring output files
...
005 (6398437.000.000) 05/03 16:36:01 Job terminated.
	(1) Normal termination (return value 1)
		Usr 0 00:00:14, Sys 0 00:00:02  -  Run Remote Usage
		Usr 0 00:00:00, Sys 0 00:00:00  -  Run Local Usage
		Usr 0 00:00:14, Sys 0 00:00:02  -  Total Remote Usage
		Usr 0 00:00:00, Sys 0 00:00:00  -  Total Local Usage
	20135  -  Run Bytes Sent By Job
	12028  -  Run Bytes Received By Job
	20135  -  Total Bytes Sent By Job
	12028  -  Total Bytes Received By Job
	Partitionable Resources :    Usage  Request Allocated 
	   Cpus                 :                 1         1 
	   Disk (KB)            :       45       12   1391598 
	   Memory (MB)          :       68     2000      2000 

	Job terminated of its own accord at 2024-05-03T14:36:01Z.
...
000 (6398494.000.000) 05/03 16:44:26 Job submitted from host: <137.138.55.115:9618?addrs=137.138.55.115-9618+[2001-1458-d00-17--12a]-9618&alias=bigbird23.cern.ch&noUDP&sock=schedd_4259_e5f2>
...
040 (6398494.000.000) 05/03 17:00:19 Started transferring input files
	Transferring to host: <128.142.58.145:9618?addrs=128.142.58.145-9618&alias=b7s03p1993.cern.ch&noUDP&sock=slot1_24_6919_cfb2_124989>
...
001 (6398494.000.000) 05/03 17:00:21 Job executing on host: <128.142.58.145:9618?addrs=128.142.58.145-9618&alias=b7s03p1993.cern.ch&noUDP&sock=startd_6854_da35>
...
040 (6398494.000.000) 05/03 17:00:21 Finished transferring input files
...
006 (6398494.000.000) 05/03 17:00:29 Image size of job updated: 161000
	88  -  MemoryUsage of job (MB)
	89248  -  ResidentSetSize of job (KB)
...
006 (6398494.000.000) 05/03 17:00:58 Image size of job updated: 1097544
	89  -  MemoryUsage of job (MB)
	90360  -  ResidentSetSize of job (KB)
...
040 (6398494.000.000) 05/03 17:00:58 Started transferring output files
...
040 (6398494.000.000) 05/03 17:00:58 Finished transferring output files
...
005 (6398494.000.000) 05/03 17:01:00 Job terminated.
	(1) Normal termination (return value 1)
		Usr 0 00:00:15, Sys 0 00:00:03  -  Run Remote Usage
		Usr 0 00:00:00, Sys 0 00:00:00  -  Run Local Usage
		Usr 0 00:00:15, Sys 0 00:00:03  -  Total Remote Usage
		Usr 0 00:00:00, Sys 0 00:00:00  -  Total Local Usage
	20134  -  Run Bytes Sent By Job
	12007  -  Run Bytes Received By Job
	20134  -  Total Bytes Sent By Job
	12007  -  Total Bytes Received By Job
	Partitionable Resources :    Usage  Request Allocated 
	   Cpus                 :                 1         1 
	   Disk (KB)            :       45       12   1289567 
	   Memory (MB)          :       89     2000      2000 

	Job terminated of its own accord at 2024-05-03T15:00:58Z.
...
000 (6399052.000.000) 05/03 17:57:01 Job submitted from host: <137.138.55.115:9618?addrs=137.138.55.115-9618+[2001-1458-d00-17--12a]-9618&alias=bigbird23.cern.ch&noUDP&sock=schedd_4259_e5f2>
...
040 (6399052.000.000) 05/03 17:59:54 Started transferring input files
	Transferring to host: <128.142.57.14:9618?addrs=128.142.57.14-9618&alias=b7s02p6768.cern.ch&noUDP&sock=slot1_8_33188_b2bf_118669>
...
040 (6399052.000.000) 05/03 17:59:54 Finished transferring input files
...
001 (6399052.000.000) 05/03 17:59:55 Job executing on host: <128.142.57.14:9618?addrs=128.142.57.14-9618&alias=b7s02p6768.cern.ch&noUDP&sock=startd_6874_921a>
...
006 (6399052.000.000) 05/03 17:59:59 Image size of job updated: 1
	0  -  MemoryUsage of job (MB)
	0  -  ResidentSetSize of job (KB)
...
040 (6399052.000.000) 05/03 18:00:00 Started transferring output files
...
040 (6399052.000.000) 05/03 18:00:00 Finished transferring output files
...
005 (6399052.000.000) 05/03 18:00:00 Job terminated.
	(1) Normal termination (return value 1)
		Usr 0 00:00:00, Sys 0 00:00:00  -  Run Remote Usage
		Usr 0 00:00:00, Sys 0 00:00:00  -  Run Local Usage
		Usr 0 00:00:00, Sys 0 00:00:00  -  Total Remote Usage
		Usr 0 00:00:00, Sys 0 00:00:00  -  Total Local Usage
	283  -  Run Bytes Sent By Job
	12007  -  Run Bytes Received By Job
	283  -  Total Bytes Sent By Job
	12007  -  Total Bytes Received By Job
	Partitionable Resources :    Usage  Request Allocated 
	   Cpus                 :                 1         1 
	   Disk (KB)            :       28       12   2957059 
	   Memory (MB)          :        0     2000      2000 

	Job terminated of its own accord at 2024-05-03T15:59:59Z.
...
000 (6399203.000.000) 05/03 18:04:15 Job submitted from host: <137.138.55.115:9618?addrs=137.138.55.115-9618+[2001-1458-d00-17--12a]-9618&alias=bigbird23.cern.ch&noUDP&sock=schedd_4259_e5f2>
...
040 (6399203.000.000) 05/03 18:06:14 Started transferring input files
	Transferring to host: <128.142.57.148:9618?addrs=128.142.57.148-9618&alias=b7s02p1405.cern.ch&noUDP&sock=slot1_17_6927_72b3_121594>
...
040 (6399203.000.000) 05/03 18:06:14 Finished transferring input files
...
001 (6399203.000.000) 05/03 18:06:15 Job executing on host: <128.142.57.148:9618?addrs=128.142.57.148-9618&alias=b7s02p1405.cern.ch&noUDP&sock=startd_6864_b628>
...
006 (6399203.000.000) 05/03 18:06:24 Image size of job updated: 339496
	30  -  MemoryUsage of job (MB)
	30708  -  ResidentSetSize of job (KB)
...
006 (6399203.000.000) 05/03 18:07:13 Image size of job updated: 1751044
	30  -  MemoryUsage of job (MB)
	30708  -  ResidentSetSize of job (KB)
...
040 (6399203.000.000) 05/03 18:07:13 Started transferring output files
...
040 (6399203.000.000) 05/03 18:07:14 Finished transferring output files
...
005 (6399203.000.000) 05/03 18:07:14 Job terminated.
	(1) Normal termination (return value 1)
		Usr 0 00:00:16, Sys 0 00:00:03  -  Run Remote Usage
		Usr 0 00:00:00, Sys 0 00:00:00  -  Run Local Usage
		Usr 0 00:00:16, Sys 0 00:00:03  -  Total Remote Usage
		Usr 0 00:00:00, Sys 0 00:00:00  -  Total Local Usage
	20134  -  Run Bytes Sent By Job
	12007  -  Run Bytes Received By Job
	20134  -  Total Bytes Sent By Job
	12007  -  Total Bytes Received By Job
	Partitionable Resources :    Usage  Request Allocated 
	   Cpus                 :                 1         1 
	   Disk (KB)            :       45       12   1217533 
	   Memory (MB)          :       30     2000      2000 

	Job terminated of its own accord at 2024-05-03T16:07:13Z.
...
000 (6399466.000.000) 05/03 18:11:55 Job submitted from host: <137.138.55.115:9618?addrs=137.138.55.115-9618+[2001-1458-d00-17--12a]-9618&alias=bigbird23.cern.ch&noUDP&sock=schedd_4259_e5f2>
...
000 (6399695.000.000) 05/03 18:17:43 Job submitted from host: <137.138.55.115:9618?addrs=137.138.55.115-9618+[2001-1458-d00-17--12a]-9618&alias=bigbird23.cern.ch&noUDP&sock=schedd_4259_e5f2>
...
009 (6399466.000.000) 05/03 18:18:16 Job was aborted.
	via condor_rm (by user fsalerno)
...
040 (6399695.000.000) 05/03 18:28:02 Started transferring input files
	Transferring to host: <128.142.58.54:9618?addrs=128.142.58.54-9618+[2001-1458-301-16--100-35]-9618&alias=b7s03p8530.cern.ch&noUDP&sock=slot1_21_62352_5fe1_124166>
...
040 (6399695.000.000) 05/03 18:28:02 Finished transferring input files
...
001 (6399695.000.000) 05/03 18:28:03 Job executing on host: <128.142.58.54:9618?addrs=128.142.58.54-9618+[2001-1458-301-16--100-35]-9618&alias=b7s03p8530.cern.ch&noUDP&sock=startd_62313_1d0e>
...
006 (6399695.000.000) 05/03 18:28:12 Image size of job updated: 341376
	25  -  MemoryUsage of job (MB)
	25596  -  ResidentSetSize of job (KB)
...
006 (6399695.000.000) 05/03 18:29:02 Image size of job updated: 1750540
	25  -  MemoryUsage of job (MB)
	25596  -  ResidentSetSize of job (KB)
...
040 (6399695.000.000) 05/03 18:29:02 Started transferring output files
...
040 (6399695.000.000) 05/03 18:29:02 Finished transferring output files
...
005 (6399695.000.000) 05/03 18:29:02 Job terminated.
	(1) Normal termination (return value 1)
		Usr 0 00:00:16, Sys 0 00:00:03  -  Run Remote Usage
		Usr 0 00:00:00, Sys 0 00:00:00  -  Run Local Usage
		Usr 0 00:00:16, Sys 0 00:00:03  -  Total Remote Usage
		Usr 0 00:00:00, Sys 0 00:00:00  -  Total Local Usage
	20590  -  Run Bytes Sent By Job
	12007  -  Run Bytes Received By Job
	20590  -  Total Bytes Sent By Job
	12007  -  Total Bytes Received By Job
	Partitionable Resources :    Usage  Request Allocated 
	   Cpus                 :                 1         1 
	   Disk (KB)            :       46       12   1307692 
	   Memory (MB)          :       25     2000      2000 

	Job terminated of its own accord at 2024-05-03T16:29:02Z.
...
000 (6401655.000.000) 05/04 12:32:12 Job submitted from host: <137.138.55.115:9618?addrs=137.138.55.115-9618+[2001-1458-d00-17--12a]-9618&alias=bigbird23.cern.ch&noUDP&sock=schedd_4259_e5f2>
...
040 (6401655.000.000) 05/04 12:36:53 Started transferring input files
	Transferring to host: <128.142.56.123:9618?addrs=128.142.56.123-9618&alias=b7s01p0177.cern.ch&noUDP&sock=slot1_15_6987_b935_125657>
...
040 (6401655.000.000) 05/04 12:36:53 Finished transferring input files
...
001 (6401655.000.000) 05/04 12:36:54 Job executing on host: <128.142.56.123:9618?addrs=128.142.56.123-9618&alias=b7s01p0177.cern.ch&noUDP&sock=startd_6939_27c2>
...
006 (6401655.000.000) 05/04 12:37:03 Image size of job updated: 695604
	68  -  MemoryUsage of job (MB)
	69452  -  ResidentSetSize of job (KB)
...
006 (6401655.000.000) 05/04 12:37:37 Image size of job updated: 1750536
	68  -  MemoryUsage of job (MB)
	69452  -  ResidentSetSize of job (KB)
...
040 (6401655.000.000) 05/04 12:37:37 Started transferring output files
...
040 (6401655.000.000) 05/04 12:37:37 Finished transferring output files
...
005 (6401655.000.000) 05/04 12:37:38 Job terminated.
	(1) Normal termination (return value 1)
		Usr 0 00:00:14, Sys 0 00:00:03  -  Run Remote Usage
		Usr 0 00:00:00, Sys 0 00:00:00  -  Run Local Usage
		Usr 0 00:00:14, Sys 0 00:00:03  -  Total Remote Usage
		Usr 0 00:00:00, Sys 0 00:00:00  -  Total Local Usage
	20590  -  Run Bytes Sent By Job
	11394  -  Run Bytes Received By Job
	20590  -  Total Bytes Sent By Job
	11394  -  Total Bytes Received By Job
	Partitionable Resources :    Usage  Request Allocated 
	   Cpus                 :                 1         1 
	   Disk (KB)            :       45       12   1257806 
	   Memory (MB)          :       68     2000      2000 

	Job terminated of its own accord at 2024-05-04T10:37:37Z.
...
000 (6401660.000.000) 05/04 12:42:01 Job submitted from host: <137.138.55.115:9618?addrs=137.138.55.115-9618+[2001-1458-d00-17--12a]-9618&alias=bigbird23.cern.ch&noUDP&sock=schedd_4259_e5f2>
...
040 (6401660.000.000) 05/04 12:44:27 Started transferring input files
	Transferring to host: <128.142.58.138:9618?addrs=128.142.58.138-9618&alias=b7s03p4336.cern.ch&noUDP&sock=slot1_17_7644_a3b0_142614>
...
040 (6401660.000.000) 05/04 12:44:27 Finished transferring input files
...
001 (6401660.000.000) 05/04 12:44:28 Job executing on host: <128.142.58.138:9618?addrs=128.142.58.138-9618&alias=b7s03p4336.cern.ch&noUDP&sock=startd_7595_1de3>
...
006 (6401660.000.000) 05/04 12:44:37 Image size of job updated: 647764
	78  -  MemoryUsage of job (MB)
	79864  -  ResidentSetSize of job (KB)
...
006 (6401660.000.000) 05/04 12:44:58 Image size of job updated: 1527388
	78  -  MemoryUsage of job (MB)
	79864  -  ResidentSetSize of job (KB)
...
040 (6401660.000.000) 05/04 12:44:58 Started transferring output files
...
040 (6401660.000.000) 05/04 12:44:58 Finished transferring output files
...
005 (6401660.000.000) 05/04 12:44:58 Job terminated.
	(1) Normal termination (return value 1)
		Usr 0 00:00:14, Sys 0 00:00:02  -  Run Remote Usage
		Usr 0 00:00:00, Sys 0 00:00:00  -  Run Local Usage
		Usr 0 00:00:14, Sys 0 00:00:02  -  Total Remote Usage
		Usr 0 00:00:00, Sys 0 00:00:00  -  Total Local Usage
	20590  -  Run Bytes Sent By Job
	11394  -  Run Bytes Received By Job
	20590  -  Total Bytes Sent By Job
	11394  -  Total Bytes Received By Job
	Partitionable Resources :    Usage  Request Allocated 
	   Cpus                 :                 1         1 
	   Disk (KB)            :       45       12   1221922 
	   Memory (MB)          :       78     2000      2000 

	Job terminated of its own accord at 2024-05-04T10:44:58Z.
...
000 (6401806.000.000) 05/04 14:59:52 Job submitted from host: <137.138.55.115:9618?addrs=137.138.55.115-9618+[2001-1458-d00-17--12a]-9618&alias=bigbird23.cern.ch&noUDP&sock=schedd_4259_e5f2>
...
040 (6401806.000.000) 05/04 15:02:56 Started transferring input files
	Transferring to host: <128.142.56.65:9618?addrs=128.142.56.65-9618&alias=b7s01p3213.cern.ch&noUDP&sock=slot1_19_7501_e20a_126239>
...
040 (6401806.000.000) 05/04 15:02:56 Finished transferring input files
...
001 (6401806.000.000) 05/04 15:02:57 Job executing on host: <128.142.56.65:9618?addrs=128.142.56.65-9618&alias=b7s01p3213.cern.ch&noUDP&sock=startd_7435_5ebc>
...
006 (6401806.000.000) 05/04 15:03:05 Image size of job updated: 28132
	22  -  MemoryUsage of job (MB)
	22036  -  ResidentSetSize of job (KB)
...
006 (6401806.000.000) 05/04 15:08:05 Image size of job updated: 15639688
	1103  -  MemoryUsage of job (MB)
	1129128  -  ResidentSetSize of job (KB)
...
006 (6401806.000.000) 05/04 15:13:06 Image size of job updated: 15738184
	1150  -  MemoryUsage of job (MB)
	1177216  -  ResidentSetSize of job (KB)
...
040 (6401806.000.000) 05/04 15:17:51 Started transferring output files
...
040 (6401806.000.000) 05/04 15:17:51 Finished transferring output files
...
005 (6401806.000.000) 05/04 15:17:51 Job terminated.
	(1) Normal termination (return value 0)
		Usr 0 00:21:22, Sys 0 00:02:42  -  Run Remote Usage
		Usr 0 00:00:00, Sys 0 00:00:00  -  Run Local Usage
		Usr 0 00:21:22, Sys 0 00:02:42  -  Total Remote Usage
		Usr 0 00:00:00, Sys 0 00:00:00  -  Total Local Usage
	2061319  -  Run Bytes Sent By Job
	11354  -  Run Bytes Received By Job
	2061319  -  Total Bytes Sent By Job
	11354  -  Total Bytes Received By Job
	Partitionable Resources :    Usage  Request Allocated 
	   Cpus                 :     2.13        1         1 
	   Disk (KB)            :  2048          12   1286356 
	   Memory (MB)          :  1150        2000      2000 

	Job terminated of its own accord at 2024-05-04T13:17:51Z.
...
000 (6764084.000.000) 06/12 22:25:34 Job submitted from host: <137.138.55.115:9618?addrs=137.138.55.115-9618+[2001-1458-d00-17--12a]-9618&alias=bigbird23.cern.ch&noUDP&sock=schedd_23881_f548>
...
040 (6764084.000.000) 06/12 22:26:37 Started transferring input files
	Transferring to host: <128.142.59.142:9618?addrs=128.142.59.142-9618&alias=b7s04p6506.cern.ch&noUDP&sock=slot1_19_6933_acf3_169037>
...
040 (6764084.000.000) 06/12 22:26:37 Finished transferring input files
...
001 (6764084.000.000) 06/12 22:26:38 Job executing on host: <128.142.59.142:9618?addrs=128.142.59.142-9618&alias=b7s04p6506.cern.ch&noUDP&sock=startd_6868_7489>
	SlotName: slot1_19@b7s04p6506.cern.ch
...
006 (6764084.000.000) 06/12 22:26:47 Image size of job updated: 304656
	31  -  MemoryUsage of job (MB)
	31704  -  ResidentSetSize of job (KB)
...
006 (6764084.000.000) 06/12 22:27:39 Image size of job updated: 1188944
	31  -  MemoryUsage of job (MB)
	31704  -  ResidentSetSize of job (KB)
...
040 (6764084.000.000) 06/12 22:27:39 Started transferring output files
...
040 (6764084.000.000) 06/12 22:27:42 Finished transferring output files
...
005 (6764084.000.000) 06/12 22:27:42 Job terminated.
	(1) Normal termination (return value 1)
		Usr 0 00:00:10, Sys 0 00:00:03  -  Run Remote Usage
		Usr 0 00:00:00, Sys 0 00:00:00  -  Run Local Usage
		Usr 0 00:00:10, Sys 0 00:00:03  -  Total Remote Usage
		Usr 0 00:00:00, Sys 0 00:00:00  -  Total Local Usage
	1688776  -  Run Bytes Sent By Job
	11087  -  Run Bytes Received By Job
	1688776  -  Total Bytes Sent By Job
	11087  -  Total Bytes Received By Job
	Partitionable Resources :    Usage  Request Allocated 
	   Cpus                 :                 1         1 
	   Disk (KB)            :     1673       12   1353804 
	   Memory (MB)          :       31     2000      2000 

	Job terminated of its own accord at 2024-06-12T20:27:39Z with exit-code 1.
...
000 (6767588.000.000) 06/13 12:56:28 Job submitted from host: <137.138.55.115:9618?addrs=137.138.55.115-9618+[2001-1458-d00-17--12a]-9618&alias=bigbird23.cern.ch&noUDP&sock=schedd_23881_f548>
...
040 (6767588.000.000) 06/13 13:02:32 Started transferring input files
	Transferring to host: <128.142.59.118:9618?addrs=128.142.59.118-9618+[2001-1458-301-21--100-75]-9618&alias=b7s04p9635.cern.ch&noUDP&sock=slot1_3_6945_2173_164807>
...
040 (6767588.000.000) 06/13 13:02:32 Finished transferring input files
...
001 (6767588.000.000) 06/13 13:02:33 Job executing on host: <128.142.59.118:9618?addrs=128.142.59.118-9618+[2001-1458-301-21--100-75]-9618&alias=b7s04p9635.cern.ch&noUDP&sock=startd_6879_0014>
	SlotName: slot1_3@b7s04p9635.cern.ch
...
006 (6767588.000.000) 06/13 13:02:42 Image size of job updated: 20088
	15  -  MemoryUsage of job (MB)
	15324  -  ResidentSetSize of job (KB)
...
006 (6767588.000.000) 06/13 13:04:51 Image size of job updated: 1650028
	15  -  MemoryUsage of job (MB)
	15324  -  ResidentSetSize of job (KB)
...
040 (6767588.000.000) 06/13 13:04:51 Started transferring output files
...
040 (6767588.000.000) 06/13 13:04:51 Finished transferring output files
...
005 (6767588.000.000) 06/13 13:04:52 Job terminated.
	(1) Normal termination (return value 1)
		Usr 0 00:00:09, Sys 0 00:00:03  -  Run Remote Usage
		Usr 0 00:00:00, Sys 0 00:00:00  -  Run Local Usage
		Usr 0 00:00:09, Sys 0 00:00:03  -  Total Remote Usage
		Usr 0 00:00:00, Sys 0 00:00:00  -  Total Local Usage
	1745698  -  Run Bytes Sent By Job
	11078  -  Run Bytes Received By Job
	1745698  -  Total Bytes Sent By Job
	11078  -  Total Bytes Received By Job
	Partitionable Resources :    Usage  Request Allocated 
	   Cpus                 :                 1         1 
	   Disk (KB)            :     1729       12   1323127 
	   Memory (MB)          :       15     2000      2000 

	Job terminated of its own accord at 2024-06-13T11:04:51Z with exit-code 1.
...
000 (7417656.000.000) 10/30 11:17:11 Job submitted from host: <137.138.55.115:9618?addrs=137.138.55.115-9618+[2001-1458-d00-17--12a]-9618&alias=bigbird23.cern.ch&noUDP&sock=schedd_4975_03c1>
...
040 (7417656.000.000) 10/30 11:20:33 Started transferring input files
	Transferring to host: <188.185.193.20:9618?addrs=188.185.193.20-9618+[2001-1458-303-20--100-10]-9618&alias=b9p19p7239.cern.ch&noUDP&sock=slot1_15_9369_0ed6_13400>
...
040 (7417656.000.000) 10/30 11:20:33 Finished transferring input files
...
001 (7417656.000.000) 10/30 11:20:34 Job executing on host: <188.185.193.20:9618?addrs=188.185.193.20-9618+[2001-1458-303-20--100-10]-9618&alias=b9p19p7239.cern.ch&noUDP&sock=startd_8055_a374>
	SlotName: slot1_15@b9p19p7239.cern.ch
	CondorScratchDir = "/pool/condor/dir_2562556"
	Cpus = 1
	Disk = 3778
	GPUs = 0
	Memory = 2000
...
006 (7417656.000.000) 10/30 11:20:43 Image size of job updated: 54652
	54  -  MemoryUsage of job (MB)
	54652  -  ResidentSetSize of job (KB)
...
006 (7417656.000.000) 10/30 11:25:44 Image size of job updated: 1277060
	1248  -  MemoryUsage of job (MB)
	1277060  -  ResidentSetSize of job (KB)
...
040 (7417656.000.000) 10/30 11:28:08 Started transferring output files
...
040 (7417656.000.000) 10/30 11:28:08 Finished transferring output files
...
005 (7417656.000.000) 10/30 11:28:08 Job terminated.
	(1) Normal termination (return value 0)
		Usr 0 00:08:59, Sys 0 00:02:09  -  Run Remote Usage
		Usr 0 00:00:00, Sys 0 00:00:00  -  Run Local Usage
		Usr 0 00:08:59, Sys 0 00:02:09  -  Total Remote Usage
		Usr 0 00:00:00, Sys 0 00:00:00  -  Total Local Usage
	698477  -  Run Bytes Sent By Job
	11034  -  Run Bytes Received By Job
	698477  -  Total Bytes Sent By Job
	11034  -  Total Bytes Received By Job
	Partitionable Resources :    Usage  Request Allocated 
	   Cpus                 :     0.09        1         1 
	   Disk (KB)            :   719          12      3778 
	   GPUs                 :                           0 
	   Memory (MB)          :  1248        2000      2000 

	Job terminated of its own accord at 2024-10-30T10:28:08Z with exit-code 0.
...
000 (7688340.000.000) 11/05 23:30:24 Job submitted from host: <137.138.55.115:9618?addrs=137.138.55.115-9618+[2001-1458-d00-17--12a]-9618&alias=bigbird23.cern.ch&noUDP&sock=schedd_4975_03c1>
...
009 (7688340.000.000) 11/05 23:30:54 Job was aborted.
	via condor_rm (by user fsalerno)
...
000 (7688341.000.000) 11/05 23:31:00 Job submitted from host: <137.138.55.115:9618?addrs=137.138.55.115-9618+[2001-1458-d00-17--12a]-9618&alias=bigbird23.cern.ch&noUDP&sock=schedd_4975_03c1>
...
040 (7688341.000.000) 11/05 23:34:24 Started transferring input files
	Transferring to host: <188.185.206.223:9618?addrs=188.185.206.223-9618+[2001-1458-303-c--100-5c]-9618&alias=b9p06p7706.cern.ch&noUDP&sock=slot1_23_4208_aaa4_44467>
...
040 (7688341.000.000) 11/05 23:34:24 Finished transferring input files
...
001 (7688341.000.000) 11/05 23:34:25 Job executing on host: <188.185.206.223:9618?addrs=188.185.206.223-9618+[2001-1458-303-c--100-5c]-9618&alias=b9p06p7706.cern.ch&noUDP&sock=startd_3703_874a>
	SlotName: slot1_23@b9p06p7706.cern.ch
	CondorScratchDir = "/pool/condor/dir_774990"
	Cpus = 1
	Disk = 2669804
	Memory = 2000
...
006 (7688341.000.000) 11/05 23:34:34 Image size of job updated: 160532
	157  -  MemoryUsage of job (MB)
	160272  -  ResidentSetSize of job (KB)
...
006 (7688341.000.000) 11/05 23:39:35 Image size of job updated: 2734084
	2487  -  MemoryUsage of job (MB)
	2546456  -  ResidentSetSize of job (KB)
...
040 (7688341.000.000) 11/05 23:47:43 Started transferring output files
...
040 (7688341.000.000) 11/05 23:47:43 Finished transferring output files
...
005 (7688341.000.000) 11/05 23:47:43 Job terminated.
	(1) Normal termination (return value 0)
		Usr 0 00:18:53, Sys 0 00:07:29  -  Run Remote Usage
		Usr 0 00:00:00, Sys 0 00:00:00  -  Run Local Usage
		Usr 0 00:18:53, Sys 0 00:07:29  -  Total Remote Usage
		Usr 0 00:00:00, Sys 0 00:00:00  -  Total Local Usage
	1724256  -  Run Bytes Sent By Job
	11050  -  Run Bytes Received By Job
	1724256  -  Total Bytes Sent By Job
	11050  -  Total Bytes Received By Job
	Partitionable Resources :    Usage  Request Allocated 
	   Cpus                 :     2.50        1         1 
	   Disk (KB)            :  1723          12   2669804 
	   Memory (MB)          :  2487        2000      2000 

	Job terminated of its own accord at 2024-11-05T22:47:43Z with exit-code 0.
...
000 (7707044.000.000) 11/09 18:10:45 Job submitted from host: <137.138.55.115:9618?addrs=137.138.55.115-9618+[2001-1458-d00-17--12a]-9618&alias=bigbird23.cern.ch&noUDP&sock=schedd_4975_03c1>
...
009 (7707044.000.000) 11/09 18:11:03 Job was aborted.
	via condor_rm (by user fsalerno)
...
000 (7727784.000.000) 11/13 15:00:58 Job submitted from host: <137.138.55.115:9618?addrs=137.138.55.115-9618+[2001-1458-d00-17--12a]-9618&alias=bigbird23.cern.ch&noUDP&sock=schedd_4975_03c1>
...
040 (7727784.000.000) 11/13 15:01:40 Started transferring input files
	Transferring to host: <188.184.185.44:9618?addrs=188.184.185.44-9618+[2001-1458-301-52--100-2b]-9618&alias=b9g37p3584.cern.ch&noUDP&sock=slot1_26_4272_c2a7_9323>
...
040 (7727784.000.000) 11/13 15:01:40 Finished transferring input files
...
001 (7727784.000.000) 11/13 15:01:41 Job executing on host: <188.184.185.44:9618?addrs=188.184.185.44-9618+[2001-1458-301-52--100-2b]-9618&alias=b9g37p3584.cern.ch&noUDP&sock=startd_3942_766c>
	SlotName: slot1_26@b9g37p3584.cern.ch
	CondorScratchDir = "/pool/condor/dir_671116"
	Cpus = 1
	Disk = 3658
	GPUs = 0
	Memory = 2000
...
006 (7727784.000.000) 11/13 15:01:50 Image size of job updated: 48708
	48  -  MemoryUsage of job (MB)
	48708  -  ResidentSetSize of job (KB)
...
006 (7727784.000.000) 11/13 15:06:51 Image size of job updated: 1886080
	1842  -  MemoryUsage of job (MB)
	1886080  -  ResidentSetSize of job (KB)
...
006 (7727784.000.000) 11/13 15:11:52 Image size of job updated: 1941012
	1896  -  MemoryUsage of job (MB)
	1941012  -  ResidentSetSize of job (KB)
...
006 (7727784.000.000) 11/13 15:16:52 Image size of job updated: 1949108
	1904  -  MemoryUsage of job (MB)
	1949108  -  ResidentSetSize of job (KB)
...
040 (7727784.000.000) 11/13 15:31:03 Started transferring output files
...
040 (7727784.000.000) 11/13 15:31:05 Finished transferring output files
...
005 (7727784.000.000) 11/13 15:31:05 Job terminated.
	(1) Normal termination (return value 0)
		Usr 0 00:50:29, Sys 0 00:10:14  -  Run Remote Usage
		Usr 0 00:00:00, Sys 0 00:00:00  -  Run Local Usage
		Usr 0 00:50:29, Sys 0 00:10:14  -  Total Remote Usage
		Usr 0 00:00:00, Sys 0 00:00:00  -  Total Local Usage
	3954020  -  Run Bytes Sent By Job
	11116  -  Run Bytes Received By Job
	3954020  -  Total Bytes Sent By Job
	11116  -  Total Bytes Received By Job
	Partitionable Resources :    Usage  Request Allocated 
	   Cpus                 :     2.03        1         1 
	   Disk (KB)            :  3898          12      3658 
	   GPUs                 :                           0 
	   Memory (MB)          :  1904        2000      2000 

	Job terminated of its own accord at 2024-11-13T14:31:03Z with exit-code 0.
...
000 (7728964.000.000) 11/13 23:00:34 Job submitted from host: <137.138.55.115:9618?addrs=137.138.55.115-9618+[2001-1458-d00-17--12a]-9618&alias=bigbird23.cern.ch&noUDP&sock=schedd_4975_03c1>
...
040 (7728964.000.000) 11/13 23:20:14 Started transferring input files
	Transferring to host: <128.142.248.94:9618?addrs=128.142.248.94-9618+[2001-1458-301-73--100-14e]-9618&alias=b9g23p2790.cern.ch&noUDP&sock=slot1_16_3359_7822_71071>
...
040 (7728964.000.000) 11/13 23:20:14 Finished transferring input files
...
001 (7728964.000.000) 11/13 23:20:16 Job executing on host: <128.142.248.94:9618?addrs=128.142.248.94-9618+[2001-1458-301-73--100-14e]-9618&alias=b9g23p2790.cern.ch&noUDP&sock=startd_3310_f691>
	SlotName: slot1_16@b9g23p2790.cern.ch
	CondorScratchDir = "/pool/condor/dir_24438"
	Cpus = 1
	Disk = 2989073
	Memory = 2000
...
006 (7728964.000.000) 11/13 23:20:25 Image size of job updated: 314712
	308  -  MemoryUsage of job (MB)
	314532  -  ResidentSetSize of job (KB)
...
006 (7728964.000.000) 11/13 23:22:02 Image size of job updated: 5111888
	2633  -  MemoryUsage of job (MB)
	2695636  -  ResidentSetSize of job (KB)
...
040 (7728964.000.000) 11/13 23:22:02 Started transferring output files
...
040 (7728964.000.000) 11/13 23:22:02 Finished transferring output files
...
005 (7728964.000.000) 11/13 23:22:02 Job terminated.
	(1) Normal termination (return value 1)
		Usr 0 00:01:10, Sys 0 00:00:06  -  Run Remote Usage
		Usr 0 00:00:00, Sys 0 00:00:00  -  Run Local Usage
		Usr 0 00:01:10, Sys 0 00:00:06  -  Total Remote Usage
		Usr 0 00:00:00, Sys 0 00:00:00  -  Total Local Usage
	7684  -  Run Bytes Sent By Job
	11145  -  Run Bytes Received By Job
	7684  -  Total Bytes Sent By Job
	11145  -  Total Bytes Received By Job
	Partitionable Resources :    Usage  Request Allocated 
	   Cpus                 :                 1         1 
	   Disk (KB)            :       33       12   2989073 
	   Memory (MB)          :     2633     2000      2000 

	Job terminated of its own accord at 2024-11-13T22:22:02Z with exit-code 1.
...
000 (7729061.000.000) 11/14 00:34:55 Job submitted from host: <137.138.55.115:9618?addrs=137.138.55.115-9618+[2001-1458-d00-17--12a]-9618&alias=bigbird23.cern.ch&noUDP&sock=schedd_4975_03c1>
...
040 (7729061.000.000) 11/14 00:40:01 Started transferring input files
	Transferring to host: <128.142.248.218:9618?addrs=128.142.248.218-9618+[2001-1458-301-73--100-d9]-9618&alias=b9g23p2883.cern.ch&noUDP&sock=slot1_18_1412154_fe0a_76273>
...
040 (7729061.000.000) 11/14 00:40:01 Finished transferring input files
...
001 (7729061.000.000) 11/14 00:40:02 Job executing on host: <128.142.248.218:9618?addrs=128.142.248.218-9618+[2001-1458-301-73--100-d9]-9618&alias=b9g23p2883.cern.ch&noUDP&sock=startd_1412115_0387>
	SlotName: slot1_18@b9g23p2883.cern.ch
	CondorScratchDir = "/pool/condor/dir_2491584"
	Cpus = 1
	Disk = 3001986
	Memory = 2000
...
006 (7729061.000.000) 11/14 00:40:11 Image size of job updated: 1
	0  -  MemoryUsage of job (MB)
	0  -  ResidentSetSize of job (KB)
...
006 (7729061.000.000) 11/14 00:45:12 Image size of job updated: 5115192
	3738  -  MemoryUsage of job (MB)
	3827208  -  ResidentSetSize of job (KB)
...
040 (7729061.000.000) 11/14 01:12:34 Started transferring output files
...
040 (7729061.000.000) 11/14 01:12:34 Finished transferring output files
...
005 (7729061.000.000) 11/14 01:12:34 Job terminated.
	(1) Normal termination (return value 0)
		Usr 0 00:31:30, Sys 0 00:03:47  -  Run Remote Usage
		Usr 0 00:00:00, Sys 0 00:00:00  -  Run Local Usage
		Usr 0 00:31:30, Sys 0 00:03:47  -  Total Remote Usage
		Usr 0 00:00:00, Sys 0 00:00:00  -  Total Local Usage
	4014283  -  Run Bytes Sent By Job
	11145  -  Run Bytes Received By Job
	4014283  -  Total Bytes Sent By Job
	11145  -  Total Bytes Received By Job
	Partitionable Resources :    Usage  Request Allocated 
	   Cpus                 :     1.21        1         1 
	   Disk (KB)            :  3956          12   3001986 
	   Memory (MB)          :  3738        2000      2000 

	Job terminated of its own accord at 2024-11-14T00:12:34Z with exit-code 0.
...
000 (7729117.000.000) 11/14 01:15:54 Job submitted from host: <137.138.55.115:9618?addrs=137.138.55.115-9618+[2001-1458-d00-17--12a]-9618&alias=bigbird23.cern.ch&noUDP&sock=schedd_4975_03c1>
...
040 (7729117.000.000) 11/14 01:21:54 Started transferring input files
	Transferring to host: <128.142.248.241:9618?addrs=128.142.248.241-9618+[2001-1458-301-73--100-f0]-9618&alias=b9g23p2273.cern.ch&noUDP&sock=slot1_19_5517_f9b9_68982>
...
040 (7729117.000.000) 11/14 01:21:54 Finished transferring input files
...
001 (7729117.000.000) 11/14 01:21:55 Job executing on host: <128.142.248.241:9618?addrs=128.142.248.241-9618+[2001-1458-301-73--100-f0]-9618&alias=b9g23p2273.cern.ch&noUDP&sock=startd_4219_7628>
	SlotName: slot1_19@b9g23p2273.cern.ch
	CondorScratchDir = "/pool/condor/dir_82128"
	Cpus = 1
	Disk = 3016641
	Memory = 2000
...
006 (7729117.000.000) 11/14 01:22:04 Image size of job updated: 28724
	21  -  MemoryUsage of job (MB)
	21088  -  ResidentSetSize of job (KB)
...
006 (7729117.000.000) 11/14 01:27:05 Image size of job updated: 5135492
	3651  -  MemoryUsage of job (MB)
	3737992  -  ResidentSetSize of job (KB)
...
006 (7729117.000.000) 11/14 01:32:06 Image size of job updated: 5135492
	3696  -  MemoryUsage of job (MB)
	3784624  -  ResidentSetSize of job (KB)
...
040 (7729117.000.000) 11/14 01:45:22 Started transferring output files
...
040 (7729117.000.000) 11/14 01:45:23 Finished transferring output files
...
005 (7729117.000.000) 11/14 01:45:23 Job terminated.
	(1) Normal termination (return value 0)
		Usr 0 00:20:36, Sys 0 00:02:07  -  Run Remote Usage
		Usr 0 00:00:00, Sys 0 00:00:00  -  Run Local Usage
		Usr 0 00:20:36, Sys 0 00:02:07  -  Total Remote Usage
		Usr 0 00:00:00, Sys 0 00:00:00  -  Total Local Usage
	2759650  -  Run Bytes Sent By Job
	11145  -  Run Bytes Received By Job
	2759650  -  Total Bytes Sent By Job
	11145  -  Total Bytes Received By Job
	Partitionable Resources :    Usage  Request Allocated 
	   Cpus                 :     1.17        1         1 
	   Disk (KB)            :  2731          12   3016641 
	   Memory (MB)          :  3696        2000      2000 

	Job terminated of its own accord at 2024-11-14T00:45:22Z with exit-code 0.
...
