000 (7725394.000.000) 11/13 02:17:23 Job submitted from host: <137.138.55.115:9618?addrs=137.138.55.115-9618+[2001-1458-d00-17--12a]-9618&alias=bigbird23.cern.ch&noUDP&sock=schedd_4975_03c1>
...
040 (7725394.000.000) 11/13 02:18:57 Started transferring input files
	Transferring to host: <188.185.195.95:9618?addrs=188.185.195.95-9618+[2001-1458-303-22--100-5b]-9618&alias=b9p17p1975.cern.ch&noUDP&sock=slot1_29_2058551_2797_5736>
...
040 (7725394.000.000) 11/13 02:18:57 Finished transferring input files
...
001 (7725394.000.000) 11/13 02:18:58 Job executing on host: <188.185.195.95:9618?addrs=188.185.195.95-9618+[2001-1458-303-22--100-5b]-9618&alias=b9p17p1975.cern.ch&noUDP&sock=startd_2058406_e234>
	SlotName: slot1_29@b9p17p1975.cern.ch
	CondorScratchDir = "/pool/condor/dir_2856993"
	Cpus = 1
	Disk = 3732
	GPUs = 0
	Memory = 2000
...
006 (7725394.000.000) 11/13 02:19:07 Image size of job updated: 104628
	103  -  MemoryUsage of job (MB)
	104628  -  ResidentSetSize of job (KB)
...
006 (7725394.000.000) 11/13 02:24:08 Image size of job updated: 5678260
	5546  -  MemoryUsage of job (MB)
	5678260  -  ResidentSetSize of job (KB)
...
006 (7725394.000.000) 11/13 02:29:08 Image size of job updated: 5977364
	5838  -  MemoryUsage of job (MB)
	5977364  -  ResidentSetSize of job (KB)
...
006 (7725394.000.000) 11/13 02:34:09 Image size of job updated: 6103020
	5960  -  MemoryUsage of job (MB)
	6103020  -  ResidentSetSize of job (KB)
...
006 (7725394.000.000) 11/13 02:39:10 Image size of job updated: 6152740
	6009  -  MemoryUsage of job (MB)
	6152740  -  ResidentSetSize of job (KB)
...
006 (7725394.000.000) 11/13 02:44:10 Image size of job updated: 6181732
	6037  -  MemoryUsage of job (MB)
	6181732  -  ResidentSetSize of job (KB)
...
040 (7725394.000.000) 11/13 03:17:22 Started transferring output files
...
040 (7725394.000.000) 11/13 03:17:27 Finished transferring output files
...
005 (7725394.000.000) 11/13 03:17:27 Job terminated.
	(1) Normal termination (return value 0)
		Usr 0 01:30:58, Sys 0 00:05:40  -  Run Remote Usage
		Usr 0 00:00:00, Sys 0 00:00:00  -  Run Local Usage
		Usr 0 01:30:58, Sys 0 00:05:40  -  Total Remote Usage
		Usr 0 00:00:00, Sys 0 00:00:00  -  Total Local Usage
	2322585  -  Run Bytes Sent By Job
	11197  -  Run Bytes Received By Job
	2322585  -  Total Bytes Sent By Job
	11197  -  Total Bytes Received By Job
	Partitionable Resources :    Usage  Request Allocated 
	   Cpus                 :     1.76        1         1 
	   Disk (KB)            :  2305          12      3732 
	   GPUs                 :                           0 
	   Memory (MB)          :  6037        2000      2000 

	Job terminated of its own accord at 2024-11-13T02:17:22Z with exit-code 0.
...
000 (7742367.000.000) 11/16 06:33:13 Job submitted from host: <137.138.55.115:9618?addrs=137.138.55.115-9618+[2001-1458-d00-17--12a]-9618&alias=bigbird23.cern.ch&noUDP&sock=schedd_4975_03c1>
...
040 (7742367.000.000) 11/16 06:38:00 Started transferring input files
	Transferring to host: <188.185.198.111:9618?addrs=188.185.198.111-9618+[2001-1458-303-25--100-6b]-9618&alias=b9p15p4924.cern.ch&noUDP&sock=slot1_44_2644228_9580_4279>
...
040 (7742367.000.000) 11/16 06:38:00 Finished transferring input files
...
001 (7742367.000.000) 11/16 06:38:01 Job executing on host: <188.185.198.111:9618?addrs=188.185.198.111-9618+[2001-1458-303-25--100-6b]-9618&alias=b9p15p4924.cern.ch&noUDP&sock=startd_11856_ceef>
	SlotName: slot1_44@b9p15p4924.cern.ch
	CondorScratchDir = "/pool/condor/dir_1947245"
	Cpus = 1
	Disk = 2950143
	Memory = 2000
...
006 (7742367.000.000) 11/16 06:38:10 Image size of job updated: 25268
	15  -  MemoryUsage of job (MB)
	14444  -  ResidentSetSize of job (KB)
...
006 (7742367.000.000) 11/16 06:42:57 Image size of job updated: 6819256
	2319  -  MemoryUsage of job (MB)
	2373656  -  ResidentSetSize of job (KB)
...
040 (7742367.000.000) 11/16 06:42:57 Started transferring output files
...
040 (7742367.000.000) 11/16 06:42:57 Finished transferring output files
...
005 (7742367.000.000) 11/16 06:42:57 Job terminated.
	(1) Normal termination (return value 1)
		Usr 0 00:00:35, Sys 0 00:00:09  -  Run Remote Usage
		Usr 0 00:00:00, Sys 0 00:00:00  -  Run Local Usage
		Usr 0 00:00:35, Sys 0 00:00:09  -  Total Remote Usage
		Usr 0 00:00:00, Sys 0 00:00:00  -  Total Local Usage
	20255  -  Run Bytes Sent By Job
	11240  -  Run Bytes Received By Job
	20255  -  Total Bytes Sent By Job
	11240  -  Total Bytes Received By Job
	Partitionable Resources :    Usage  Request Allocated 
	   Cpus                 :     0.27        1         1 
	   Disk (KB)            :    52          12   2950143 
	   Memory (MB)          :  2319        2000      2000 

	Job terminated of its own accord at 2024-11-16T05:42:57Z with exit-code 1.
...
000 (7742675.000.000) 11/16 12:57:15 Job submitted from host: <137.138.55.115:9618?addrs=137.138.55.115-9618+[2001-1458-d00-17--12a]-9618&alias=bigbird23.cern.ch&noUDP&sock=schedd_4975_03c1>
...
040 (7742675.000.000) 11/16 13:06:33 Started transferring input files
	Transferring to host: <188.185.209.51:9618?addrs=188.185.209.51-9618+[2001-1458-303-11--100-30]-9618&alias=b9p11p0504.cern.ch&noUDP&sock=slot1_28_3642_de4d_5318>
...
040 (7742675.000.000) 11/16 13:06:33 Finished transferring input files
...
001 (7742675.000.000) 11/16 13:06:34 Job executing on host: <188.185.209.51:9618?addrs=188.185.209.51-9618+[2001-1458-303-11--100-30]-9618&alias=b9p11p0504.cern.ch&noUDP&sock=startd_3564_2fa0>
	SlotName: slot1_28@b9p11p0504.cern.ch
	CondorScratchDir = "/pool/condor/dir_3704048"
	Cpus = 1
	Disk = 3661
	GPUs = 0
	Memory = 2000
...
006 (7742675.000.000) 11/16 13:06:42 Image size of job updated: 142248
	139  -  MemoryUsage of job (MB)
	142248  -  ResidentSetSize of job (KB)
...
006 (7742675.000.000) 11/16 13:11:42 Image size of job updated: 5107584
	4988  -  MemoryUsage of job (MB)
	5107584  -  ResidentSetSize of job (KB)
...
006 (7742675.000.000) 11/16 13:16:43 Image size of job updated: 5621628
	5490  -  MemoryUsage of job (MB)
	5621628  -  ResidentSetSize of job (KB)
...
006 (7742675.000.000) 11/16 13:21:43 Image size of job updated: 5813996
	5678  -  MemoryUsage of job (MB)
	5813996  -  ResidentSetSize of job (KB)
...
040 (7742675.000.000) 11/16 13:26:16 Started transferring output files
...
040 (7742675.000.000) 11/16 13:26:16 Finished transferring output files
...
005 (7742675.000.000) 11/16 13:26:16 Job terminated.
	(1) Normal termination (return value 0)
		Usr 0 00:33:34, Sys 0 00:04:17  -  Run Remote Usage
		Usr 0 00:00:00, Sys 0 00:00:00  -  Run Local Usage
		Usr 0 00:33:34, Sys 0 00:04:17  -  Total Remote Usage
		Usr 0 00:00:00, Sys 0 00:00:00  -  Total Local Usage
	2302536  -  Run Bytes Sent By Job
	11240  -  Run Bytes Received By Job
	2302536  -  Total Bytes Sent By Job
	11240  -  Total Bytes Received By Job
	Partitionable Resources :    Usage  Request Allocated 
	   Cpus                 :     2.08        1         1 
	   Disk (KB)            :  2289          12      3661 
	   GPUs                 :                           0 
	   Memory (MB)          :  5678        2000      2000 

	Job terminated of its own accord at 2024-11-16T12:26:16Z with exit-code 0.
...
