000 (7725386.000.000) 11/13 02:15:39 Job submitted from host: <137.138.55.115:9618?addrs=137.138.55.115-9618+[2001-1458-d00-17--12a]-9618&alias=bigbird23.cern.ch&noUDP&sock=schedd_4975_03c1>
...
040 (7725386.000.000) 11/13 02:18:55 Started transferring input files
	Transferring to host: <188.185.193.34:9618?addrs=188.185.193.34-9618+[2001-1458-303-20--100-1e]-9618&alias=b9p19p6335.cern.ch&noUDP&sock=slot1_1_2270205_8b76_80626>
...
040 (7725386.000.000) 11/13 02:18:55 Finished transferring input files
...
001 (7725386.000.000) 11/13 02:18:56 Job executing on host: <188.185.193.34:9618?addrs=188.185.193.34-9618+[2001-1458-303-20--100-1e]-9618&alias=b9p19p6335.cern.ch&noUDP&sock=startd_127411_ed48>
	SlotName: slot1_1@b9p19p6335.cern.ch
	CondorScratchDir = "/pool/condor/dir_1010952"
	Cpus = 1
	Disk = 2928535
	Memory = 2000
...
006 (7725386.000.000) 11/13 02:19:05 Image size of job updated: 1
	0  -  MemoryUsage of job (MB)
	0  -  ResidentSetSize of job (KB)
...
006 (7725386.000.000) 11/13 02:24:06 Image size of job updated: 9233236
	8681  -  MemoryUsage of job (MB)
	8889336  -  ResidentSetSize of job (KB)
...
040 (7725386.000.000) 11/13 04:56:29 Started transferring output files
...
040 (7725386.000.000) 11/13 04:56:30 Finished transferring output files
...
005 (7725386.000.000) 11/13 04:56:30 Job terminated.
	(1) Normal termination (return value 0)
		Usr 0 04:53:48, Sys 0 00:11:22  -  Run Remote Usage
		Usr 0 00:00:00, Sys 0 00:00:00  -  Run Local Usage
		Usr 0 04:53:48, Sys 0 00:11:22  -  Total Remote Usage
		Usr 0 00:00:00, Sys 0 00:00:00  -  Total Local Usage
	3048190  -  Run Bytes Sent By Job
	11237  -  Run Bytes Received By Job
	3048190  -  Total Bytes Sent By Job
	11237  -  Total Bytes Received By Job
	Partitionable Resources :    Usage  Request Allocated 
	   Cpus                 :     2.02        1         1 
	   Disk (KB)            :  3013          12   2928535 
	   Memory (MB)          :  8681        2000      2000 

	Job terminated of its own accord at 2024-11-13T03:56:28Z with exit-code 0.
...
000 (7742670.000.000) 11/16 12:56:05 Job submitted from host: <137.138.55.115:9618?addrs=137.138.55.115-9618+[2001-1458-d00-17--12a]-9618&alias=bigbird23.cern.ch&noUDP&sock=schedd_4975_03c1>
...
040 (7742670.000.000) 11/16 12:56:59 Started transferring input files
	Transferring to host: <188.185.215.150:9618?addrs=188.185.215.150-9618+[2001-1458-303-26--100-12]-9618&alias=b9p18p6006.cern.ch&noUDP&sock=slot1_32_9303_8e13_106014>
...
040 (7742670.000.000) 11/16 12:56:59 Finished transferring input files
...
001 (7742670.000.000) 11/16 12:57:00 Job executing on host: <188.185.215.150:9618?addrs=188.185.215.150-9618+[2001-1458-303-26--100-12]-9618&alias=b9p18p6006.cern.ch&noUDP&sock=startd_9007_a19d>
	SlotName: slot1_32@b9p18p6006.cern.ch
	CondorScratchDir = "/pool/condor/dir_337922"
	Cpus = 1
	Disk = 3029395
	Memory = 2000
...
006 (7742670.000.000) 11/16 12:57:08 Image size of job updated: 171064
	168  -  MemoryUsage of job (MB)
	171064  -  ResidentSetSize of job (KB)
...
006 (7742670.000.000) 11/16 13:02:08 Image size of job updated: 9378784
	8869  -  MemoryUsage of job (MB)
	9081136  -  ResidentSetSize of job (KB)
...
006 (7742670.000.000) 11/16 13:07:09 Image size of job updated: 9401860
	9165  -  MemoryUsage of job (MB)
	9384416  -  ResidentSetSize of job (KB)
...
006 (7742670.000.000) 11/16 13:12:09 Image size of job updated: 9748312
	9446  -  MemoryUsage of job (MB)
	9671816  -  ResidentSetSize of job (KB)
...
006 (7742670.000.000) 11/16 13:17:10 Image size of job updated: 9852216
	9606  -  MemoryUsage of job (MB)
	9836368  -  ResidentSetSize of job (KB)
...
006 (7742670.000.000) 11/16 13:22:11 Image size of job updated: 9998328
	9760  -  MemoryUsage of job (MB)
	9993632  -  ResidentSetSize of job (KB)
...
006 (7742670.000.000) 11/16 13:27:12 Image size of job updated: 10103812
	9831  -  MemoryUsage of job (MB)
	10066820  -  ResidentSetSize of job (KB)
...
006 (7742670.000.000) 11/16 13:32:12 Image size of job updated: 10124520
	9858  -  MemoryUsage of job (MB)
	10093896  -  ResidentSetSize of job (KB)
...
006 (7742670.000.000) 11/16 13:37:13 Image size of job updated: 10124520
	9861  -  MemoryUsage of job (MB)
	10097396  -  ResidentSetSize of job (KB)
...
006 (7742670.000.000) 11/16 13:44:49 Image size of job updated: 10145604
	9865  -  MemoryUsage of job (MB)
	10101532  -  ResidentSetSize of job (KB)
...
006 (7742670.000.000) 11/16 13:52:37 Image size of job updated: 10169432
	9877  -  MemoryUsage of job (MB)
	10113584  -  ResidentSetSize of job (KB)
...
006 (7742670.000.000) 11/16 13:58:51 Image size of job updated: 10169432
	9900  -  MemoryUsage of job (MB)
	10136728  -  ResidentSetSize of job (KB)
...
006 (7742670.000.000) 11/16 14:03:52 Image size of job updated: 10176292
	9906  -  MemoryUsage of job (MB)
	10143128  -  ResidentSetSize of job (KB)
...
006 (7742670.000.000) 11/16 14:08:52 Image size of job updated: 10176292
	9912  -  MemoryUsage of job (MB)
	10149872  -  ResidentSetSize of job (KB)
...
006 (7742670.000.000) 11/16 14:13:52 Image size of job updated: 10186156
	9912  -  MemoryUsage of job (MB)
	10149872  -  ResidentSetSize of job (KB)
...
006 (7742670.000.000) 11/16 14:18:53 Image size of job updated: 10190092
	9922  -  MemoryUsage of job (MB)
	10159236  -  ResidentSetSize of job (KB)
...
006 (7742670.000.000) 11/16 14:23:54 Image size of job updated: 10190768
	9922  -  MemoryUsage of job (MB)
	10159440  -  ResidentSetSize of job (KB)
...
006 (7742670.000.000) 11/16 14:28:54 Image size of job updated: 10197832
	9926  -  MemoryUsage of job (MB)
	10164156  -  ResidentSetSize of job (KB)
...
006 (7742670.000.000) 11/16 14:33:55 Image size of job updated: 10199896
	9927  -  MemoryUsage of job (MB)
	10164780  -  ResidentSetSize of job (KB)
...
006 (7742670.000.000) 11/16 14:38:56 Image size of job updated: 10212968
	9929  -  MemoryUsage of job (MB)
	10166356  -  ResidentSetSize of job (KB)
...
006 (7742670.000.000) 11/16 14:43:56 Image size of job updated: 10212968
	9932  -  MemoryUsage of job (MB)
	10169804  -  ResidentSetSize of job (KB)
...
006 (7742670.000.000) 11/16 14:58:57 Image size of job updated: 10216004
	9932  -  MemoryUsage of job (MB)
	10169804  -  ResidentSetSize of job (KB)
...
006 (7742670.000.000) 11/16 15:03:57 Image size of job updated: 10222076
	9938  -  MemoryUsage of job (MB)
	10176148  -  ResidentSetSize of job (KB)
...
006 (7742670.000.000) 11/16 15:08:58 Image size of job updated: 10226380
	9943  -  MemoryUsage of job (MB)
	10181016  -  ResidentSetSize of job (KB)
...
006 (7742670.000.000) 11/16 15:13:59 Image size of job updated: 10226380
	9945  -  MemoryUsage of job (MB)
	10183484  -  ResidentSetSize of job (KB)
...
006 (7742670.000.000) 11/16 15:18:59 Image size of job updated: 10244132
	9945  -  MemoryUsage of job (MB)
	10183484  -  ResidentSetSize of job (KB)
...
006 (7742670.000.000) 11/16 15:24:00 Image size of job updated: 10244132
	9947  -  MemoryUsage of job (MB)
	10184736  -  ResidentSetSize of job (KB)
...
006 (7742670.000.000) 11/16 15:39:01 Image size of job updated: 10259348
	9972  -  MemoryUsage of job (MB)
	10210980  -  ResidentSetSize of job (KB)
...
006 (7742670.000.000) 11/16 15:40:55 Image size of job updated: 10482888
	9972  -  MemoryUsage of job (MB)
	10210980  -  ResidentSetSize of job (KB)
...
040 (7742670.000.000) 11/16 15:40:55 Started transferring output files
...
040 (7742670.000.000) 11/16 15:40:56 Finished transferring output files
...
005 (7742670.000.000) 11/16 15:40:56 Job terminated.
	(1) Normal termination (return value 0)
		Usr 0 04:12:48, Sys 0 00:07:01  -  Run Remote Usage
		Usr 0 00:00:00, Sys 0 00:00:00  -  Run Local Usage
		Usr 0 04:12:48, Sys 0 00:07:01  -  Total Remote Usage
		Usr 0 00:00:00, Sys 0 00:00:00  -  Total Local Usage
	2310349  -  Run Bytes Sent By Job
	11280  -  Run Bytes Received By Job
	2310349  -  Total Bytes Sent By Job
	11280  -  Total Bytes Received By Job
	Partitionable Resources :    Usage  Request Allocated 
	   Cpus                 :     1.34        1         1 
	   Disk (KB)            :  2293          12   3029395 
	   Memory (MB)          :  9972        2000      2000 

	Job terminated of its own accord at 2024-11-16T14:40:55Z with exit-code 0.
...
000 (7744048.000.000) 11/16 23:35:50 Job submitted from host: <137.138.55.115:9618?addrs=137.138.55.115-9618+[2001-1458-d00-17--12a]-9618&alias=bigbird23.cern.ch&noUDP&sock=schedd_4975_03c1>
...
040 (7744048.000.000) 11/16 23:47:36 Started transferring input files
	Transferring to host: <128.142.248.123:9618?addrs=128.142.248.123-9618+[2001-1458-301-73--100-16b]-9618&alias=b9g23p2657.cern.ch&noUDP&sock=slot1_62_2796932_5dc1_38964>
...
040 (7744048.000.000) 11/16 23:47:36 Finished transferring input files
...
001 (7744048.000.000) 11/16 23:47:37 Job executing on host: <128.142.248.123:9618?addrs=128.142.248.123-9618+[2001-1458-301-73--100-16b]-9618&alias=b9g23p2657.cern.ch&noUDP&sock=startd_7091_6a27>
	SlotName: slot1_62@b9g23p2657.cern.ch
	CondorScratchDir = "/pool/condor/dir_612878"
	Cpus = 1
	Disk = 2994209
	Memory = 2000
...
006 (7744048.000.000) 11/16 23:47:46 Image size of job updated: 186812
	183  -  MemoryUsage of job (MB)
	186572  -  ResidentSetSize of job (KB)
...
006 (7744048.000.000) 11/16 23:52:47 Image size of job updated: 6934612
	6770  -  MemoryUsage of job (MB)
	6932276  -  ResidentSetSize of job (KB)
...
006 (7744048.000.000) 11/16 23:57:48 Image size of job updated: 7434176
	7258  -  MemoryUsage of job (MB)
	7432128  -  ResidentSetSize of job (KB)
...
006 (7744048.000.000) 11/17 00:02:48 Image size of job updated: 7629552
	7449  -  MemoryUsage of job (MB)
	7627504  -  ResidentSetSize of job (KB)
...
006 (7744048.000.000) 11/17 00:07:48 Image size of job updated: 7733364
	7550  -  MemoryUsage of job (MB)
	7731060  -  ResidentSetSize of job (KB)
...
006 (7744048.000.000) 11/17 00:12:49 Image size of job updated: 7820184
	7637  -  MemoryUsage of job (MB)
	7820184  -  ResidentSetSize of job (KB)
...
006 (7744048.000.000) 11/17 00:17:49 Image size of job updated: 7861624
	7669  -  MemoryUsage of job (MB)
	7853048  -  ResidentSetSize of job (KB)
...
006 (7744048.000.000) 11/17 00:22:49 Image size of job updated: 7896088
	7711  -  MemoryUsage of job (MB)
	7895464  -  ResidentSetSize of job (KB)
...
006 (7744048.000.000) 11/17 00:27:49 Image size of job updated: 7948616
	7755  -  MemoryUsage of job (MB)
	7940792  -  ResidentSetSize of job (KB)
...
006 (7744048.000.000) 11/17 00:32:50 Image size of job updated: 7974744
	7779  -  MemoryUsage of job (MB)
	7964932  -  ResidentSetSize of job (KB)
...
006 (7744048.000.000) 11/17 00:37:50 Image size of job updated: 7988140
	7798  -  MemoryUsage of job (MB)
	7984584  -  ResidentSetSize of job (KB)
...
006 (7744048.000.000) 11/17 00:42:50 Image size of job updated: 8017216
	7828  -  MemoryUsage of job (MB)
	8015164  -  ResidentSetSize of job (KB)
...
006 (7744048.000.000) 11/17 00:47:51 Image size of job updated: 8026032
	7828  -  MemoryUsage of job (MB)
	8015164  -  ResidentSetSize of job (KB)
...
006 (7744048.000.000) 11/17 02:17:58 Image size of job updated: 8082852
	7828  -  MemoryUsage of job (MB)
	8015164  -  ResidentSetSize of job (KB)
...
006 (7744048.000.000) 11/17 02:18:13 Image size of job updated: 8196220
	7828  -  MemoryUsage of job (MB)
	8015164  -  ResidentSetSize of job (KB)
...
040 (7744048.000.000) 11/17 02:18:13 Started transferring output files
...
040 (7744048.000.000) 11/17 02:18:14 Finished transferring output files
...
005 (7744048.000.000) 11/17 02:18:14 Job terminated.
	(1) Normal termination (return value 0)
		Usr 0 03:07:37, Sys 0 00:03:56  -  Run Remote Usage
		Usr 0 00:00:00, Sys 0 00:00:00  -  Run Local Usage
		Usr 0 03:07:37, Sys 0 00:03:56  -  Total Remote Usage
		Usr 0 00:00:00, Sys 0 00:00:00  -  Total Local Usage
	2577328  -  Run Bytes Sent By Job
	11249  -  Run Bytes Received By Job
	2577328  -  Total Bytes Sent By Job
	11249  -  Total Bytes Received By Job
	Partitionable Resources :    Usage  Request Allocated 
	   Cpus                 :     1.24        1         1 
	   Disk (KB)            :  2555          12   2994209 
	   Memory (MB)          :  7828        2000      2000 

	Job terminated of its own accord at 2024-11-17T01:18:13Z with exit-code 0.
...
