000 (7725389.000.000) 11/13 02:16:16 Job submitted from host: <137.138.55.115:9618?addrs=137.138.55.115-9618+[2001-1458-d00-17--12a]-9618&alias=bigbird23.cern.ch&noUDP&sock=schedd_4975_03c1>
...
040 (7725389.000.000) 11/13 02:18:56 Started transferring input files
	Transferring to host: <188.185.198.32:9618?addrs=188.185.198.32-9618+[2001-1458-303-25--100-1c]-9618&alias=b9p15p7748.cern.ch&noUDP&sock=slot1_49_2752693_fd1a_87572>
...
040 (7725389.000.000) 11/13 02:18:56 Finished transferring input files
...
001 (7725389.000.000) 11/13 02:18:57 Job executing on host: <188.185.198.32:9618?addrs=188.185.198.32-9618+[2001-1458-303-25--100-1c]-9618&alias=b9p15p7748.cern.ch&noUDP&sock=startd_2747662_2b75>
	SlotName: slot1_49@b9p15p7748.cern.ch
	CondorScratchDir = "/pool/condor/dir_3872369"
	Cpus = 1
	Disk = 2936276
	Memory = 2000
...
006 (7725389.000.000) 11/13 02:19:06 Image size of job updated: 163816
	160  -  MemoryUsage of job (MB)
	163692  -  ResidentSetSize of job (KB)
...
006 (7725389.000.000) 11/13 02:24:07 Image size of job updated: 9238724
	8768  -  MemoryUsage of job (MB)
	8977476  -  ResidentSetSize of job (KB)
...
006 (7725389.000.000) 11/13 02:29:08 Image size of job updated: 9467128
	9244  -  MemoryUsage of job (MB)
	9465080  -  ResidentSetSize of job (KB)
...
006 (7725389.000.000) 11/13 02:34:08 Image size of job updated: 9683360
	9455  -  MemoryUsage of job (MB)
	9681272  -  ResidentSetSize of job (KB)
...
006 (7725389.000.000) 11/13 02:39:09 Image size of job updated: 9686492
	9455  -  MemoryUsage of job (MB)
	9681272  -  ResidentSetSize of job (KB)
...
040 (7725389.000.000) 11/13 03:25:23 Started transferring output files
...
040 (7725389.000.000) 11/13 03:25:23 Finished transferring output files
...
005 (7725389.000.000) 11/13 03:25:23 Job terminated.
	(1) Normal termination (return value 0)
		Usr 0 01:27:54, Sys 0 00:02:14  -  Run Remote Usage
		Usr 0 00:00:00, Sys 0 00:00:00  -  Run Local Usage
		Usr 0 01:27:54, Sys 0 00:02:14  -  Total Remote Usage
		Usr 0 00:00:00, Sys 0 00:00:00  -  Total Local Usage
	1563481  -  Run Bytes Sent By Job
	11242  -  Run Bytes Received By Job
	1563481  -  Total Bytes Sent By Job
	11242  -  Total Bytes Received By Job
	Partitionable Resources :    Usage  Request Allocated 
	   Cpus                 :     1.26        1         1 
	   Disk (KB)            :  1563          12   2936276 
	   Memory (MB)          :  9455        2000      2000 

	Job terminated of its own accord at 2024-11-13T02:25:23Z with exit-code 0.
...
