000 (7688357.000.000) 11/06 00:01:10 Job submitted from host: <137.138.55.115:9618?addrs=137.138.55.115-9618+[2001-1458-d00-17--12a]-9618&alias=bigbird23.cern.ch&noUDP&sock=schedd_4975_03c1>
...
040 (7688357.000.000) 11/06 00:05:33 Started transferring input files
	Transferring to host: <188.185.194.19:9618?addrs=188.185.194.19-9618+[2001-1458-303-21--100-f]-9618&alias=b9p20p7492.cern.ch&noUDP&sock=slot1_4_6080_a8f0_18800>
...
040 (7688357.000.000) 11/06 00:05:33 Finished transferring input files
...
001 (7688357.000.000) 11/06 00:05:34 Job executing on host: <188.185.194.19:9618?addrs=188.185.194.19-9618+[2001-1458-303-21--100-f]-9618&alias=b9p20p7492.cern.ch&noUDP&sock=startd_4871_ade8>
	SlotName: slot1_4@b9p20p7492.cern.ch
	CondorScratchDir = "/pool/condor/dir_1473391"
	Cpus = 1
	Disk = 3742
	GPUs = 0
	Memory = 2000
...
006 (7688357.000.000) 11/06 00:05:42 Image size of job updated: 55032
	54  -  MemoryUsage of job (MB)
	55032  -  ResidentSetSize of job (KB)
...
006 (7688357.000.000) 11/06 00:07:05 Image size of job updated: 646488
	632  -  MemoryUsage of job (MB)
	646488  -  ResidentSetSize of job (KB)
...
040 (7688357.000.000) 11/06 00:07:05 Started transferring output files
...
040 (7688357.000.000) 11/06 00:07:05 Finished transferring output files
...
005 (7688357.000.000) 11/06 00:07:05 Job terminated.
	(1) Normal termination (return value 1)
		Usr 0 00:00:21, Sys 0 00:00:06  -  Run Remote Usage
		Usr 0 00:00:00, Sys 0 00:00:00  -  Run Local Usage
		Usr 0 00:00:21, Sys 0 00:00:06  -  Total Remote Usage
		Usr 0 00:00:00, Sys 0 00:00:00  -  Total Local Usage
	13929  -  Run Bytes Sent By Job
	11114  -  Run Bytes Received By Job
	13929  -  Total Bytes Sent By Job
	11114  -  Total Bytes Received By Job
	Partitionable Resources :    Usage  Request Allocated 
	   Cpus                 :        0        1         1 
	   Disk (KB)            :       48       12      3742 
	   GPUs                 :                           0 
	   Memory (MB)          :      632     2000      2000 

	Job terminated of its own accord at 2024-11-05T23:07:05Z with exit-code 1.
...
000 (7688921.000.000) 11/06 11:43:47 Job submitted from host: <137.138.55.115:9618?addrs=137.138.55.115-9618+[2001-1458-d00-17--12a]-9618&alias=bigbird23.cern.ch&noUDP&sock=schedd_4975_03c1>
...
040 (7688921.000.000) 11/06 11:47:57 Started transferring input files
	Transferring to host: <128.142.248.241:9618?addrs=128.142.248.241-9618+[2001-1458-301-73--100-f0]-9618&alias=b9g23p2273.cern.ch&noUDP&sock=slot1_3_5517_f9b9_60901>
...
040 (7688921.000.000) 11/06 11:47:57 Finished transferring input files
...
001 (7688921.000.000) 11/06 11:47:58 Job executing on host: <128.142.248.241:9618?addrs=128.142.248.241-9618+[2001-1458-301-73--100-f0]-9618&alias=b9g23p2273.cern.ch&noUDP&sock=startd_4219_7628>
	SlotName: slot1_3@b9g23p2273.cern.ch
	CondorScratchDir = "/pool/condor/dir_3681456"
	Cpus = 1
	Disk = 2982122
	Memory = 2000
...
006 (7688921.000.000) 11/06 11:48:06 Image size of job updated: 28268
	19  -  MemoryUsage of job (MB)
	18480  -  ResidentSetSize of job (KB)
...
006 (7688921.000.000) 11/06 11:53:06 Image size of job updated: 6017664
	5804  -  MemoryUsage of job (MB)
	5943248  -  ResidentSetSize of job (KB)
...
006 (7688921.000.000) 11/06 11:58:07 Image size of job updated: 6196164
	5804  -  MemoryUsage of job (MB)
	5943248  -  ResidentSetSize of job (KB)
...
040 (7688921.000.000) 11/06 12:38:09 Started transferring output files
...
040 (7688921.000.000) 11/06 12:38:09 Finished transferring output files
...
005 (7688921.000.000) 11/06 12:38:09 Job terminated.
	(1) Normal termination (return value 0)
		Usr 0 00:40:07, Sys 0 00:01:05  -  Run Remote Usage
		Usr 0 00:00:00, Sys 0 00:00:00  -  Run Local Usage
		Usr 0 00:40:07, Sys 0 00:01:05  -  Total Remote Usage
		Usr 0 00:00:00, Sys 0 00:00:00  -  Total Local Usage
	846982  -  Run Bytes Sent By Job
	11118  -  Run Bytes Received By Job
	846982  -  Total Bytes Sent By Job
	11118  -  Total Bytes Received By Job
	Partitionable Resources :    Usage  Request Allocated 
	   Cpus                 :     0.94        1         1 
	   Disk (KB)            :   863          12   2982122 
	   Memory (MB)          :  5804        2000      2000 

	Job terminated of its own accord at 2024-11-06T11:38:09Z with exit-code 0.
...
