000 (7725391.000.000) 11/13 02:16:56 Job submitted from host: <137.138.55.115:9618?addrs=137.138.55.115-9618+[2001-1458-d00-17--12a]-9618&alias=bigbird23.cern.ch&noUDP&sock=schedd_4975_03c1>
...
040 (7725391.000.000) 11/13 02:18:58 Started transferring input files
	Transferring to host: <188.185.196.176:9618?addrs=188.185.196.176-9618+[2001-1458-303-23--100-ac]-9618&alias=b9p16p5804.cern.ch&noUDP&sock=slot1_4_6296_d9f9_30156>
...
040 (7725391.000.000) 11/13 02:18:58 Finished transferring input files
...
001 (7725391.000.000) 11/13 02:18:59 Job executing on host: <188.185.196.176:9618?addrs=188.185.196.176-9618+[2001-1458-303-23--100-ac]-9618&alias=b9p16p5804.cern.ch&noUDP&sock=startd_5035_2b70>
	SlotName: slot1_4@b9p16p5804.cern.ch
	CondorScratchDir = "/pool/condor/dir_882794"
	Cpus = 1
	Disk = 3908
	GPUs = 0
	Memory = 2000
...
006 (7725391.000.000) 11/13 02:19:07 Image size of job updated: 146808
	144  -  MemoryUsage of job (MB)
	146808  -  ResidentSetSize of job (KB)
...
006 (7725391.000.000) 11/13 02:24:07 Image size of job updated: 3235012
	3160  -  MemoryUsage of job (MB)
	3235012  -  ResidentSetSize of job (KB)
...
006 (7725391.000.000) 11/13 02:29:08 Image size of job updated: 3383096
	3304  -  MemoryUsage of job (MB)
	3383096  -  ResidentSetSize of job (KB)
...
006 (7725391.000.000) 11/13 02:34:08 Image size of job updated: 3506036
	3424  -  MemoryUsage of job (MB)
	3506036  -  ResidentSetSize of job (KB)
...
006 (7725391.000.000) 11/13 02:39:09 Image size of job updated: 3543536
	3461  -  MemoryUsage of job (MB)
	3543536  -  ResidentSetSize of job (KB)
...
006 (7725391.000.000) 11/13 02:44:10 Image size of job updated: 3574512
	3491  -  MemoryUsage of job (MB)
	3574512  -  ResidentSetSize of job (KB)
...
040 (7725391.000.000) 11/13 02:48:00 Started transferring output files
...
040 (7725391.000.000) 11/13 02:48:01 Finished transferring output files
...
005 (7725391.000.000) 11/13 02:48:01 Job terminated.
	(1) Normal termination (return value 0)
		Usr 0 00:45:41, Sys 0 00:02:44  -  Run Remote Usage
		Usr 0 00:00:00, Sys 0 00:00:00  -  Run Local Usage
		Usr 0 00:45:41, Sys 0 00:02:44  -  Total Remote Usage
		Usr 0 00:00:00, Sys 0 00:00:00  -  Total Local Usage
	2698739  -  Run Bytes Sent By Job
	11227  -  Run Bytes Received By Job
	2698739  -  Total Bytes Sent By Job
	11227  -  Total Bytes Received By Job
	Partitionable Resources :    Usage  Request Allocated 
	   Cpus                 :     1.85        1         1 
	   Disk (KB)            :  2673          12      3908 
	   GPUs                 :                           0 
	   Memory (MB)          :  3491        2000      2000 

	Job terminated of its own accord at 2024-11-13T01:48:00Z with exit-code 0.
...
