000 (7248327.000.000) 09/30 13:39:19 Job submitted from host: <137.138.55.115:9618?addrs=137.138.55.115-9618+[2001-1458-d00-17--12a]-9618&alias=bigbird23.cern.ch&noUDP&sock=schedd_4975_03c1>
...
040 (7248327.000.000) 09/30 13:44:12 Started transferring input files
	Transferring to host: <188.185.209.35:9618?addrs=188.185.209.35-9618+[2001-1458-303-11--100-20]-9618&alias=b9p11p8066.cern.ch&noUDP&sock=slot1_33_4904_0fc0_224390>
...
040 (7248327.000.000) 09/30 13:44:12 Finished transferring input files
...
001 (7248327.000.000) 09/30 13:44:13 Job executing on host: <188.185.209.35:9618?addrs=188.185.209.35-9618+[2001-1458-303-11--100-20]-9618&alias=b9p11p8066.cern.ch&noUDP&sock=startd_4188_32b8>
	SlotName: slot1_33@b9p11p8066.cern.ch
	CondorScratchDir = "/pool/condor/dir_1460177"
	Cpus = 1
	Disk = 2594072
	Memory = 2000
...
006 (7248327.000.000) 09/30 13:44:21 Image size of job updated: 492888
	482  -  MemoryUsage of job (MB)
	492672  -  ResidentSetSize of job (KB)
...
006 (7248327.000.000) 09/30 13:49:21 Image size of job updated: 1424924
	1321  -  MemoryUsage of job (MB)
	1352152  -  ResidentSetSize of job (KB)
...
006 (7248327.000.000) 09/30 13:54:22 Image size of job updated: 1856648
	1794  -  MemoryUsage of job (MB)
	1836652  -  ResidentSetSize of job (KB)
...
006 (7248327.000.000) 09/30 13:59:22 Image size of job updated: 2269852
	2073  -  MemoryUsage of job (MB)
	2122580  -  ResidentSetSize of job (KB)
...
006 (7248327.000.000) 09/30 14:04:22 Image size of job updated: 2924008
	2856  -  MemoryUsage of job (MB)
	2923932  -  ResidentSetSize of job (KB)
...
006 (7248327.000.000) 09/30 14:09:23 Image size of job updated: 3346684
	3216  -  MemoryUsage of job (MB)
	3292716  -  ResidentSetSize of job (KB)
...
006 (7248327.000.000) 09/30 14:14:23 Image size of job updated: 3706292
	3400  -  MemoryUsage of job (MB)
	3480684  -  ResidentSetSize of job (KB)
...
006 (7248327.000.000) 09/30 14:19:23 Image size of job updated: 3984916
	3878  -  MemoryUsage of job (MB)
	3970384  -  ResidentSetSize of job (KB)
...
006 (7248327.000.000) 09/30 14:24:24 Image size of job updated: 4312864
	4146  -  MemoryUsage of job (MB)
	4244508  -  ResidentSetSize of job (KB)
...
006 (7248327.000.000) 09/30 14:29:25 Image size of job updated: 4577240
	4267  -  MemoryUsage of job (MB)
	4368856  -  ResidentSetSize of job (KB)
...
006 (7248327.000.000) 09/30 14:34:25 Image size of job updated: 4774912
	4364  -  MemoryUsage of job (MB)
	4467956  -  ResidentSetSize of job (KB)
...
006 (7248327.000.000) 09/30 14:39:25 Image size of job updated: 5009244
	4758  -  MemoryUsage of job (MB)
	4871192  -  ResidentSetSize of job (KB)
...
006 (7248327.000.000) 09/30 14:44:26 Image size of job updated: 5150260
	4770  -  MemoryUsage of job (MB)
	4883480  -  ResidentSetSize of job (KB)
...
006 (7248327.000.000) 09/30 14:54:27 Image size of job updated: 5186924
	5041  -  MemoryUsage of job (MB)
	5161720  -  ResidentSetSize of job (KB)
...
006 (7248327.000.000) 09/30 14:59:28 Image size of job updated: 5536460
	5055  -  MemoryUsage of job (MB)
	5176056  -  ResidentSetSize of job (KB)
...
006 (7248327.000.000) 09/30 15:04:29 Image size of job updated: 5681372
	5175  -  MemoryUsage of job (MB)
	5298788  -  ResidentSetSize of job (KB)
...
006 (7248327.000.000) 09/30 15:09:29 Image size of job updated: 5866628
	5661  -  MemoryUsage of job (MB)
	5795868  -  ResidentSetSize of job (KB)
...
006 (7248327.000.000) 09/30 15:14:29 Image size of job updated: 6012804
	5681  -  MemoryUsage of job (MB)
	5816604  -  ResidentSetSize of job (KB)
...
006 (7248327.000.000) 09/30 15:19:30 Image size of job updated: 6125420
	5941  -  MemoryUsage of job (MB)
	6083388  -  ResidentSetSize of job (KB)
...
006 (7248327.000.000) 09/30 15:24:30 Image size of job updated: 6465376
	5941  -  MemoryUsage of job (MB)
	6083388  -  ResidentSetSize of job (KB)
...
006 (7248327.000.000) 09/30 15:29:30 Image size of job updated: 6585876
	6269  -  MemoryUsage of job (MB)
	6418552  -  ResidentSetSize of job (KB)
...
006 (7248327.000.000) 09/30 15:34:31 Image size of job updated: 6686968
	6283  -  MemoryUsage of job (MB)
	6432888  -  ResidentSetSize of job (KB)
...
006 (7248327.000.000) 09/30 15:39:32 Image size of job updated: 6954948
	6289  -  MemoryUsage of job (MB)
	6439792  -  ResidentSetSize of job (KB)
...
006 (7248327.000.000) 09/30 15:44:32 Image size of job updated: 7180000
	6774  -  MemoryUsage of job (MB)
	6936184  -  ResidentSetSize of job (KB)
...
006 (7248327.000.000) 09/30 15:49:33 Image size of job updated: 7360284
	7083  -  MemoryUsage of job (MB)
	7252208  -  ResidentSetSize of job (KB)
...
006 (7248327.000.000) 09/30 15:54:34 Image size of job updated: 7503180
	7116  -  MemoryUsage of job (MB)
	7285800  -  ResidentSetSize of job (KB)
...
006 (7248327.000.000) 09/30 15:59:34 Image size of job updated: 7604292
	7116  -  MemoryUsage of job (MB)
	7285800  -  ResidentSetSize of job (KB)
...
006 (7248327.000.000) 09/30 16:04:35 Image size of job updated: 7718868
	7295  -  MemoryUsage of job (MB)
	7469596  -  ResidentSetSize of job (KB)
...
006 (7248327.000.000) 09/30 16:09:36 Image size of job updated: 7809944
	7295  -  MemoryUsage of job (MB)
	7469596  -  ResidentSetSize of job (KB)
...
006 (7248327.000.000) 09/30 16:14:36 Image size of job updated: 7958352
	7295  -  MemoryUsage of job (MB)
	7469596  -  ResidentSetSize of job (KB)
...
006 (7248327.000.000) 09/30 16:19:37 Image size of job updated: 8071384
	7568  -  MemoryUsage of job (MB)
	7749420  -  ResidentSetSize of job (KB)
...
006 (7248327.000.000) 09/30 16:24:38 Image size of job updated: 8221048
	8022  -  MemoryUsage of job (MB)
	8213700  -  ResidentSetSize of job (KB)
...
006 (7248327.000.000) 09/30 16:29:38 Image size of job updated: 8388604
	8022  -  MemoryUsage of job (MB)
	8213700  -  ResidentSetSize of job (KB)
...
006 (7248327.000.000) 09/30 16:34:38 Image size of job updated: 8571812
	8022  -  MemoryUsage of job (MB)
	8213700  -  ResidentSetSize of job (KB)
...
006 (7248327.000.000) 09/30 16:39:39 Image size of job updated: 8801156
	8092  -  MemoryUsage of job (MB)
	8285764  -  ResidentSetSize of job (KB)
...
006 (7248327.000.000) 09/30 16:44:39 Image size of job updated: 8929556
	8623  -  MemoryUsage of job (MB)
	8829348  -  ResidentSetSize of job (KB)
...
006 (7248327.000.000) 09/30 16:49:39 Image size of job updated: 9049020
	8639  -  MemoryUsage of job (MB)
	8845732  -  ResidentSetSize of job (KB)
...
006 (7248327.000.000) 09/30 16:54:39 Image size of job updated: 9189172
	8722  -  MemoryUsage of job (MB)
	8930520  -  ResidentSetSize of job (KB)
...
006 (7248327.000.000) 09/30 16:59:41 Image size of job updated: 9414120
	8738  -  MemoryUsage of job (MB)
	8947160  -  ResidentSetSize of job (KB)
...
006 (7248327.000.000) 09/30 17:04:41 Image size of job updated: 9536660
	8738  -  MemoryUsage of job (MB)
	8947160  -  ResidentSetSize of job (KB)
...
006 (7248327.000.000) 09/30 17:09:41 Image size of job updated: 9697840
	9340  -  MemoryUsage of job (MB)
	9563868  -  ResidentSetSize of job (KB)
...
006 (7248327.000.000) 09/30 17:14:42 Image size of job updated: 9754236
	9360  -  MemoryUsage of job (MB)
	9584348  -  ResidentSetSize of job (KB)
...
006 (7248327.000.000) 09/30 17:19:43 Image size of job updated: 9912856
	9642  -  MemoryUsage of job (MB)
	9872836  -  ResidentSetSize of job (KB)
...
006 (7248327.000.000) 09/30 17:24:43 Image size of job updated: 10267804
	9658  -  MemoryUsage of job (MB)
	9889220  -  ResidentSetSize of job (KB)
...
006 (7248327.000.000) 09/30 17:29:44 Image size of job updated: 10355428
	9658  -  MemoryUsage of job (MB)
	9889220  -  ResidentSetSize of job (KB)
...
006 (7248327.000.000) 09/30 17:34:45 Image size of job updated: 10482500
	9775  -  MemoryUsage of job (MB)
	10009560  -  ResidentSetSize of job (KB)
...
006 (7248327.000.000) 09/30 17:39:45 Image size of job updated: 10549536
	9961  -  MemoryUsage of job (MB)
	10199740  -  ResidentSetSize of job (KB)
...
006 (7248327.000.000) 09/30 17:44:45 Image size of job updated: 10645848
	9973  -  MemoryUsage of job (MB)
	10212028  -  ResidentSetSize of job (KB)
...
006 (7248327.000.000) 09/30 17:49:46 Image size of job updated: 10694600
	9979  -  MemoryUsage of job (MB)
	10218276  -  ResidentSetSize of job (KB)
...
006 (7248327.000.000) 09/30 17:54:46 Image size of job updated: 10810636
	10317  -  MemoryUsage of job (MB)
	10564544  -  ResidentSetSize of job (KB)
...
006 (7248327.000.000) 09/30 17:59:46 Image size of job updated: 10870100
	10337  -  MemoryUsage of job (MB)
	10585024  -  ResidentSetSize of job (KB)
...
006 (7248327.000.000) 09/30 18:04:47 Image size of job updated: 10946548
	10544  -  MemoryUsage of job (MB)
	10796068  -  ResidentSetSize of job (KB)
...
006 (7248327.000.000) 09/30 18:09:48 Image size of job updated: 11080020
	10560  -  MemoryUsage of job (MB)
	10812452  -  ResidentSetSize of job (KB)
...
006 (7248327.000.000) 09/30 18:14:48 Image size of job updated: 11211116
	10560  -  MemoryUsage of job (MB)
	10812452  -  ResidentSetSize of job (KB)
...
006 (7248327.000.000) 09/30 18:19:49 Image size of job updated: 11304524
	10560  -  MemoryUsage of job (MB)
	10812452  -  ResidentSetSize of job (KB)
...
006 (7248327.000.000) 09/30 18:24:50 Image size of job updated: 11702232
	11006  -  MemoryUsage of job (MB)
	11269768  -  ResidentSetSize of job (KB)
...
006 (7248327.000.000) 09/30 18:29:50 Image size of job updated: 12195928
	11403  -  MemoryUsage of job (MB)
	11676040  -  ResidentSetSize of job (KB)
...
006 (7248327.000.000) 09/30 18:34:51 Image size of job updated: 12444188
	11477  -  MemoryUsage of job (MB)
	11752440  -  ResidentSetSize of job (KB)
...
006 (7248327.000.000) 09/30 18:39:52 Image size of job updated: 12536308
	11894  -  MemoryUsage of job (MB)
	12179192  -  ResidentSetSize of job (KB)
...
006 (7248327.000.000) 09/30 18:44:52 Image size of job updated: 12636840
	11894  -  MemoryUsage of job (MB)
	12179192  -  ResidentSetSize of job (KB)
...
006 (7248327.000.000) 09/30 18:49:53 Image size of job updated: 12689464
	12048  -  MemoryUsage of job (MB)
	12336360  -  ResidentSetSize of job (KB)
...
006 (7248327.000.000) 09/30 18:54:54 Image size of job updated: 12801916
	12293  -  MemoryUsage of job (MB)
	12587292  -  ResidentSetSize of job (KB)
...
006 (7248327.000.000) 09/30 18:59:54 Image size of job updated: 12904908
	12307  -  MemoryUsage of job (MB)
	12601628  -  ResidentSetSize of job (KB)
...
006 (7248327.000.000) 09/30 19:04:55 Image size of job updated: 12977948
	12339  -  MemoryUsage of job (MB)
	12634420  -  ResidentSetSize of job (KB)
...
006 (7248327.000.000) 09/30 19:09:56 Image size of job updated: 13090344
	12353  -  MemoryUsage of job (MB)
	12648756  -  ResidentSetSize of job (KB)
...
006 (7248327.000.000) 09/30 19:14:56 Image size of job updated: 13224444
	12353  -  MemoryUsage of job (MB)
	12648756  -  ResidentSetSize of job (KB)
...
006 (7248327.000.000) 09/30 19:19:56 Image size of job updated: 13281776
	12353  -  MemoryUsage of job (MB)
	12648756  -  ResidentSetSize of job (KB)
...
006 (7248327.000.000) 09/30 19:24:57 Image size of job updated: 13350440
	12353  -  MemoryUsage of job (MB)
	12648756  -  ResidentSetSize of job (KB)
...
006 (7248327.000.000) 09/30 19:29:57 Image size of job updated: 13505268
	12548  -  MemoryUsage of job (MB)
	12848612  -  ResidentSetSize of job (KB)
...
006 (7248327.000.000) 09/30 19:34:57 Image size of job updated: 13680672
	13138  -  MemoryUsage of job (MB)
	13453068  -  ResidentSetSize of job (KB)
...
006 (7248327.000.000) 09/30 19:39:58 Image size of job updated: 13761384
	13152  -  MemoryUsage of job (MB)
	13467404  -  ResidentSetSize of job (KB)
...
006 (7248327.000.000) 09/30 19:44:59 Image size of job updated: 13892312
	13281  -  MemoryUsage of job (MB)
	13599208  -  ResidentSetSize of job (KB)
...
006 (7248327.000.000) 09/30 19:49:59 Image size of job updated: 14048732
	13293  -  MemoryUsage of job (MB)
	13611496  -  ResidentSetSize of job (KB)
...
006 (7248327.000.000) 09/30 19:55:00 Image size of job updated: 14124392
	13432  -  MemoryUsage of job (MB)
	13753480  -  ResidentSetSize of job (KB)
...
006 (7248327.000.000) 09/30 20:00:01 Image size of job updated: 14253144
	13450  -  MemoryUsage of job (MB)
	13771912  -  ResidentSetSize of job (KB)
...
006 (7248327.000.000) 09/30 20:05:01 Image size of job updated: 14373532
	13450  -  MemoryUsage of job (MB)
	13771912  -  ResidentSetSize of job (KB)
...
006 (7248327.000.000) 09/30 20:10:01 Image size of job updated: 14437604
	13904  -  MemoryUsage of job (MB)
	14236968  -  ResidentSetSize of job (KB)
...
006 (7248327.000.000) 09/30 20:15:02 Image size of job updated: 14607152
	14225  -  MemoryUsage of job (MB)
	14565576  -  ResidentSetSize of job (KB)
...
006 (7248327.000.000) 09/30 20:20:02 Image size of job updated: 14660324
	14237  -  MemoryUsage of job (MB)
	14577864  -  ResidentSetSize of job (KB)
...
006 (7248327.000.000) 09/30 20:25:02 Image size of job updated: 14706852
	14237  -  MemoryUsage of job (MB)
	14577864  -  ResidentSetSize of job (KB)
...
006 (7248327.000.000) 09/30 20:30:03 Image size of job updated: 14779596
	14237  -  MemoryUsage of job (MB)
	14577864  -  ResidentSetSize of job (KB)
...
006 (7248327.000.000) 09/30 20:35:04 Image size of job updated: 14846304
	14237  -  MemoryUsage of job (MB)
	14577864  -  ResidentSetSize of job (KB)
...
006 (7248327.000.000) 09/30 20:40:04 Image size of job updated: 14891104
	14352  -  MemoryUsage of job (MB)
	14695640  -  ResidentSetSize of job (KB)
...
006 (7248327.000.000) 09/30 20:45:05 Image size of job updated: 15040100
	14376  -  MemoryUsage of job (MB)
	14720216  -  ResidentSetSize of job (KB)
...
040 (7248327.000.000) 10/01 20:04:48 Started transferring output files
...
040 (7248327.000.000) 10/01 20:05:06 Finished transferring output files
...
007 (7248327.000.000) 10/01 20:05:06 Shadow exception!
	Error from slot1_33@b9p11p8066.cern.ch: STARTER at 188.185.209.35 failed to send file(s) to <137.138.55.115:9618>: |Error: sending file /pool/condor/dir_1460177/_condor_stdout: max total download bytes exceeded (max=1024 MB, this file=23982 MB); SHADOW failed to receive file(s) from <188.185.209.35:36881>
	1073741824  -  Run Bytes Sent By Job
	10906  -  Run Bytes Received By Job
...
012 (7248327.000.000) 10/01 20:05:06 Job was held.
	Error from slot1_33@b9p11p8066.cern.ch: STARTER at 188.185.209.35 failed to send file(s) to <137.138.55.115:9618>: |Error: sending file /pool/condor/dir_1460177/_condor_stdout: max total download bytes exceeded (max=1024 MB, this file=23982 MB); SHADOW failed to receive file(s) from <188.185.209.35:36881>
	Code 33 Subcode 0
...
009 (7248327.000.000) 10/01 20:06:50 Job was aborted.
	Job removed by SYSTEM_PERIODIC_REMOVE due to Job attempted to transfer out more than 1GB of data.

	Job terminated by itself at 2024-10-01T18:04:48Z (using method 0: OF_ITS_OWN_ACCORD).
...
