000 (7077465.000.000) 09/08 19:52:18 Job submitted from host: <137.138.55.115:9618?addrs=137.138.55.115-9618+[2001-1458-d00-17--12a]-9618&alias=bigbird23.cern.ch&noUDP&sock=schedd_23881_f548>
...
040 (7077465.000.000) 09/08 19:55:15 Started transferring input files
	Transferring to host: <188.185.196.34:9618?addrs=188.185.196.34-9618+[2001-1458-303-23--100-1e]-9618&alias=b9p16p6905.cern.ch&noUDP&sock=slot1_29_3936051_c053_21331>
...
040 (7077465.000.000) 09/08 19:55:15 Finished transferring input files
...
001 (7077465.000.000) 09/08 19:55:16 Job executing on host: <188.185.196.34:9618?addrs=188.185.196.34-9618+[2001-1458-303-23--100-1e]-9618&alias=b9p16p6905.cern.ch&noUDP&sock=startd_178125_833e>
	SlotName: slot1_29@b9p16p6905.cern.ch
	CondorScratchDir = "/pool/condor/dir_2186139"
	Cpus = 1
	Disk = 2988588
	Memory = 2000
...
006 (7077465.000.000) 09/08 19:55:25 Image size of job updated: 1
	0  -  MemoryUsage of job (MB)
	0  -  ResidentSetSize of job (KB)
...
006 (7077465.000.000) 09/08 19:56:01 Image size of job updated: 599356
	399  -  MemoryUsage of job (MB)
	408164  -  ResidentSetSize of job (KB)
...
040 (7077465.000.000) 09/08 19:56:01 Started transferring output files
...
040 (7077465.000.000) 09/08 19:56:01 Finished transferring output files
...
005 (7077465.000.000) 09/08 19:56:01 Job terminated.
	(1) Normal termination (return value 1)
		Usr 0 00:00:06, Sys 0 00:00:01  -  Run Remote Usage
		Usr 0 00:00:00, Sys 0 00:00:00  -  Run Local Usage
		Usr 0 00:00:06, Sys 0 00:00:01  -  Total Remote Usage
		Usr 0 00:00:00, Sys 0 00:00:00  -  Total Local Usage
	5820  -  Run Bytes Sent By Job
	10938  -  Run Bytes Received By Job
	5820  -  Total Bytes Sent By Job
	10938  -  Total Bytes Received By Job
	Partitionable Resources :    Usage  Request Allocated 
	   Cpus                 :        0        1         1 
	   Disk (KB)            :       38       12   2988588 
	   Memory (MB)          :      399     2000      2000 

	Job terminated of its own accord at 2024-09-08T17:56:01Z with exit-code 1.
...
