000 (7082221.000.000) 09/12 01:50:15 Job submitted from host: <137.138.55.115:9618?addrs=137.138.55.115-9618+[2001-1458-d00-17--12a]-9618&alias=bigbird23.cern.ch&noUDP&sock=schedd_23881_f548>
...
040 (7082221.000.000) 09/12 02:01:55 Started transferring input files
	Transferring to host: <188.185.208.74:9618?addrs=188.185.208.74-9618+[2001-1458-303-f--100-47]-9618&alias=b9p09p4304.cern.ch&noUDP&sock=slot1_16_9489_9bdb_83206>
...
040 (7082221.000.000) 09/12 02:01:55 Finished transferring input files
...
001 (7082221.000.000) 09/12 02:01:56 Job executing on host: <188.185.208.74:9618?addrs=188.185.208.74-9618+[2001-1458-303-f--100-47]-9618&alias=b9p09p4304.cern.ch&noUDP&sock=startd_8224_8ef5>
	SlotName: slot1_16@b9p09p4304.cern.ch
	CondorScratchDir = "/pool/condor/dir_2197924"
	Cpus = 1
	Disk = 2563862
	Memory = 2000
...
006 (7082221.000.000) 09/12 02:02:05 Image size of job updated: 409368
	400  -  MemoryUsage of job (MB)
	409108  -  ResidentSetSize of job (KB)
...
006 (7082221.000.000) 09/12 02:07:06 Image size of job updated: 714960
	658  -  MemoryUsage of job (MB)
	672936  -  ResidentSetSize of job (KB)
...
006 (7082221.000.000) 09/12 02:12:06 Image size of job updated: 814600
	775  -  MemoryUsage of job (MB)
	793132  -  ResidentSetSize of job (KB)
...
006 (7082221.000.000) 09/12 02:17:06 Image size of job updated: 881216
	854  -  MemoryUsage of job (MB)
	873972  -  ResidentSetSize of job (KB)
...
006 (7082221.000.000) 09/12 02:22:07 Image size of job updated: 917820
	854  -  MemoryUsage of job (MB)
	873972  -  ResidentSetSize of job (KB)
...
006 (7082221.000.000) 09/12 02:27:07 Image size of job updated: 977924
	869  -  MemoryUsage of job (MB)
	888836  -  ResidentSetSize of job (KB)
...
006 (7082221.000.000) 09/12 02:32:07 Image size of job updated: 1021516
	893  -  MemoryUsage of job (MB)
	913412  -  ResidentSetSize of job (KB)
...
006 (7082221.000.000) 09/12 02:37:08 Image size of job updated: 1062220
	893  -  MemoryUsage of job (MB)
	913412  -  ResidentSetSize of job (KB)
...
006 (7082221.000.000) 09/12 02:42:09 Image size of job updated: 1107572
	909  -  MemoryUsage of job (MB)
	930356  -  ResidentSetSize of job (KB)
...
006 (7082221.000.000) 09/12 02:47:15 Image size of job updated: 1115808
	971  -  MemoryUsage of job (MB)
	994100  -  ResidentSetSize of job (KB)
...
006 (7082221.000.000) 09/12 03:07:12 Image size of job updated: 1115808
	982  -  MemoryUsage of job (MB)
	1005464  -  ResidentSetSize of job (KB)
...
006 (7082221.000.000) 09/12 03:17:13 Image size of job updated: 1129524
	982  -  MemoryUsage of job (MB)
	1005464  -  ResidentSetSize of job (KB)
...
006 (7082221.000.000) 09/12 03:22:14 Image size of job updated: 1160908
	1104  -  MemoryUsage of job (MB)
	1129488  -  ResidentSetSize of job (KB)
...
006 (7082221.000.000) 09/12 03:27:14 Image size of job updated: 1192664
	1120  -  MemoryUsage of job (MB)
	1145872  -  ResidentSetSize of job (KB)
...
006 (7082221.000.000) 09/12 03:32:14 Image size of job updated: 1223440
	1127  -  MemoryUsage of job (MB)
	1153488  -  ResidentSetSize of job (KB)
...
006 (7082221.000.000) 09/12 03:37:15 Image size of job updated: 1253620
	1145  -  MemoryUsage of job (MB)
	1171944  -  ResidentSetSize of job (KB)
...
006 (7082221.000.000) 09/12 03:42:15 Image size of job updated: 1282324
	1188  -  MemoryUsage of job (MB)
	1216020  -  ResidentSetSize of job (KB)
...
006 (7082221.000.000) 09/12 03:47:15 Image size of job updated: 1312396
	1215  -  MemoryUsage of job (MB)
	1244124  -  ResidentSetSize of job (KB)
...
006 (7082221.000.000) 09/12 03:52:16 Image size of job updated: 1341952
	1229  -  MemoryUsage of job (MB)
	1258460  -  ResidentSetSize of job (KB)
...
006 (7082221.000.000) 09/12 03:57:17 Image size of job updated: 1370200
	1229  -  MemoryUsage of job (MB)
	1258460  -  ResidentSetSize of job (KB)
...
006 (7082221.000.000) 09/12 04:02:17 Image size of job updated: 1396500
	1229  -  MemoryUsage of job (MB)
	1258460  -  ResidentSetSize of job (KB)
...
006 (7082221.000.000) 09/12 04:07:18 Image size of job updated: 1422632
	1386  -  MemoryUsage of job (MB)
	1418504  -  ResidentSetSize of job (KB)
...
006 (7082221.000.000) 09/12 04:12:19 Image size of job updated: 1449676
	1395  -  MemoryUsage of job (MB)
	1428180  -  ResidentSetSize of job (KB)
...
006 (7082221.000.000) 09/12 04:17:19 Image size of job updated: 1450636
	1409  -  MemoryUsage of job (MB)
	1442772  -  ResidentSetSize of job (KB)
...
006 (7082221.000.000) 09/12 04:22:19 Image size of job updated: 1465084
	1409  -  MemoryUsage of job (MB)
	1442772  -  ResidentSetSize of job (KB)
...
006 (7082221.000.000) 09/12 04:27:20 Image size of job updated: 1488180
	1409  -  MemoryUsage of job (MB)
	1442772  -  ResidentSetSize of job (KB)
...
006 (7082221.000.000) 09/12 04:32:20 Image size of job updated: 1511728
	1409  -  MemoryUsage of job (MB)
	1442772  -  ResidentSetSize of job (KB)
...
006 (7082221.000.000) 09/12 04:37:20 Image size of job updated: 1535176
	1409  -  MemoryUsage of job (MB)
	1442772  -  ResidentSetSize of job (KB)
...
006 (7082221.000.000) 09/12 04:42:21 Image size of job updated: 1558244
	1409  -  MemoryUsage of job (MB)
	1442772  -  ResidentSetSize of job (KB)
...
006 (7082221.000.000) 09/12 04:47:22 Image size of job updated: 1580660
	1522  -  MemoryUsage of job (MB)
	1557660  -  ResidentSetSize of job (KB)
...
006 (7082221.000.000) 09/12 04:52:22 Image size of job updated: 1602812
	1542  -  MemoryUsage of job (MB)
	1578140  -  ResidentSetSize of job (KB)
...
006 (7082221.000.000) 09/12 04:57:23 Image size of job updated: 1623712
	1569  -  MemoryUsage of job (MB)
	1605880  -  ResidentSetSize of job (KB)
...
006 (7082221.000.000) 09/12 05:02:24 Image size of job updated: 1644728
	1585  -  MemoryUsage of job (MB)
	1622264  -  ResidentSetSize of job (KB)
...
006 (7082221.000.000) 09/12 05:07:24 Image size of job updated: 1665744
	1596  -  MemoryUsage of job (MB)
	1633576  -  ResidentSetSize of job (KB)
...
006 (7082221.000.000) 09/12 05:12:24 Image size of job updated: 1686696
	1596  -  MemoryUsage of job (MB)
	1633576  -  ResidentSetSize of job (KB)
...
006 (7082221.000.000) 09/12 05:17:25 Image size of job updated: 1707024
	1596  -  MemoryUsage of job (MB)
	1633576  -  ResidentSetSize of job (KB)
...
006 (7082221.000.000) 09/12 05:22:25 Image size of job updated: 1725840
	1635  -  MemoryUsage of job (MB)
	1673668  -  ResidentSetSize of job (KB)
...
006 (7082221.000.000) 09/12 05:27:25 Image size of job updated: 1744344
	1653  -  MemoryUsage of job (MB)
	1692356  -  ResidentSetSize of job (KB)
...
006 (7082221.000.000) 09/12 05:32:26 Image size of job updated: 1762444
	1653  -  MemoryUsage of job (MB)
	1692356  -  ResidentSetSize of job (KB)
...
006 (7082221.000.000) 09/12 05:37:27 Image size of job updated: 1780888
	1653  -  MemoryUsage of job (MB)
	1692356  -  ResidentSetSize of job (KB)
...
006 (7082221.000.000) 09/12 05:42:27 Image size of job updated: 1798720
	1691  -  MemoryUsage of job (MB)
	1730964  -  ResidentSetSize of job (KB)
...
006 (7082221.000.000) 09/12 05:47:28 Image size of job updated: 1817884
	1703  -  MemoryUsage of job (MB)
	1743252  -  ResidentSetSize of job (KB)
...
006 (7082221.000.000) 09/12 05:52:29 Image size of job updated: 1838032
	1703  -  MemoryUsage of job (MB)
	1743252  -  ResidentSetSize of job (KB)
...
006 (7082221.000.000) 09/12 05:57:29 Image size of job updated: 1857492
	1711  -  MemoryUsage of job (MB)
	1751860  -  ResidentSetSize of job (KB)
...
006 (7082221.000.000) 09/12 06:02:29 Image size of job updated: 1876260
	1711  -  MemoryUsage of job (MB)
	1751860  -  ResidentSetSize of job (KB)
...
006 (7082221.000.000) 09/12 06:07:30 Image size of job updated: 1894756
	1711  -  MemoryUsage of job (MB)
	1751860  -  ResidentSetSize of job (KB)
...
006 (7082221.000.000) 09/12 06:12:30 Image size of job updated: 1911996
	1711  -  MemoryUsage of job (MB)
	1751860  -  ResidentSetSize of job (KB)
...
006 (7082221.000.000) 09/12 06:17:30 Image size of job updated: 1928588
	1711  -  MemoryUsage of job (MB)
	1751860  -  ResidentSetSize of job (KB)
...
006 (7082221.000.000) 09/12 06:22:31 Image size of job updated: 1945252
	1712  -  MemoryUsage of job (MB)
	1752092  -  ResidentSetSize of job (KB)
...
006 (7082221.000.000) 09/12 06:27:32 Image size of job updated: 1964060
	1712  -  MemoryUsage of job (MB)
	1752092  -  ResidentSetSize of job (KB)
...
006 (7082221.000.000) 09/12 06:32:32 Image size of job updated: 1980772
	1829  -  MemoryUsage of job (MB)
	1872028  -  ResidentSetSize of job (KB)
...
006 (7082221.000.000) 09/12 06:37:33 Image size of job updated: 1996896
	1843  -  MemoryUsage of job (MB)
	1886364  -  ResidentSetSize of job (KB)
...
006 (7082221.000.000) 09/12 06:42:34 Image size of job updated: 2013360
	1843  -  MemoryUsage of job (MB)
	1886364  -  ResidentSetSize of job (KB)
...
006 (7082221.000.000) 09/12 06:47:34 Image size of job updated: 2028816
	1843  -  MemoryUsage of job (MB)
	1886364  -  ResidentSetSize of job (KB)
...
006 (7082221.000.000) 09/12 06:52:34 Image size of job updated: 2044104
	1996  -  MemoryUsage of job (MB)
	2043844  -  ResidentSetSize of job (KB)
...
006 (7082221.000.000) 09/12 06:57:35 Image size of job updated: 2060316
	1996  -  MemoryUsage of job (MB)
	2043844  -  ResidentSetSize of job (KB)
...
006 (7082221.000.000) 09/12 07:02:35 Image size of job updated: 2075068
	1996  -  MemoryUsage of job (MB)
	2043844  -  ResidentSetSize of job (KB)
...
006 (7082221.000.000) 09/12 07:07:35 Image size of job updated: 2090300
	1996  -  MemoryUsage of job (MB)
	2043844  -  ResidentSetSize of job (KB)
...
006 (7082221.000.000) 09/12 07:12:37 Image size of job updated: 2104876
	1996  -  MemoryUsage of job (MB)
	2043844  -  ResidentSetSize of job (KB)
...
006 (7082221.000.000) 09/12 07:17:37 Image size of job updated: 2118976
	1996  -  MemoryUsage of job (MB)
	2043844  -  ResidentSetSize of job (KB)
...
006 (7082221.000.000) 09/12 07:22:37 Image size of job updated: 2133524
	1996  -  MemoryUsage of job (MB)
	2043844  -  ResidentSetSize of job (KB)
...
006 (7082221.000.000) 09/12 07:27:38 Image size of job updated: 2147188
	1996  -  MemoryUsage of job (MB)
	2043844  -  ResidentSetSize of job (KB)
...
006 (7082221.000.000) 09/12 07:32:39 Image size of job updated: 2160684
	1996  -  MemoryUsage of job (MB)
	2043844  -  ResidentSetSize of job (KB)
...
006 (7082221.000.000) 09/12 07:37:39 Image size of job updated: 2173924
	1996  -  MemoryUsage of job (MB)
	2043844  -  ResidentSetSize of job (KB)
...
006 (7082221.000.000) 09/12 07:42:40 Image size of job updated: 2187144
	1996  -  MemoryUsage of job (MB)
	2043844  -  ResidentSetSize of job (KB)
...
006 (7082221.000.000) 09/12 07:47:41 Image size of job updated: 2200128
	1996  -  MemoryUsage of job (MB)
	2043844  -  ResidentSetSize of job (KB)
...
006 (7082221.000.000) 09/12 07:52:41 Image size of job updated: 2213508
	1996  -  MemoryUsage of job (MB)
	2043844  -  ResidentSetSize of job (KB)
...
006 (7082221.000.000) 09/12 07:57:41 Image size of job updated: 2228668
	1996  -  MemoryUsage of job (MB)
	2043844  -  ResidentSetSize of job (KB)
...
006 (7082221.000.000) 09/12 08:02:42 Image size of job updated: 2239936
	1996  -  MemoryUsage of job (MB)
	2043844  -  ResidentSetSize of job (KB)
...
006 (7082221.000.000) 09/12 08:07:42 Image size of job updated: 2253380
	1996  -  MemoryUsage of job (MB)
	2043844  -  ResidentSetSize of job (KB)
...
006 (7082221.000.000) 09/12 08:12:42 Image size of job updated: 2266248
	1996  -  MemoryUsage of job (MB)
	2043844  -  ResidentSetSize of job (KB)
...
006 (7082221.000.000) 09/12 08:17:43 Image size of job updated: 2280968
	1996  -  MemoryUsage of job (MB)
	2043844  -  ResidentSetSize of job (KB)
...
006 (7082221.000.000) 09/12 08:22:39 Image size of job updated: 4427116
	1996  -  MemoryUsage of job (MB)
	2043844  -  ResidentSetSize of job (KB)
...
040 (7082221.000.000) 09/12 08:22:40 Started transferring output files
...
040 (7082221.000.000) 09/12 08:22:46 Finished transferring output files
...
005 (7082221.000.000) 09/12 08:22:46 Job terminated.
	(1) Normal termination (return value 0)
		Usr 0 02:42:55, Sys 0 03:33:35  -  Run Remote Usage
		Usr 0 00:00:00, Sys 0 00:00:00  -  Run Local Usage
		Usr 0 02:42:55, Sys 0 03:33:35  -  Total Remote Usage
		Usr 0 00:00:00, Sys 0 00:00:00  -  Total Local Usage
	98987152  -  Run Bytes Sent By Job
	10905  -  Run Bytes Received By Job
	98987152  -  Total Bytes Sent By Job
	10905  -  Total Bytes Received By Job
	Partitionable Resources :    Usage  Request Allocated 
	   Cpus                 :     0.99        1         1 
	   Disk (KB)            : 96701          12   2563862 
	   Memory (MB)          :  1996        2000      2000 

	Job terminated of its own accord at 2024-09-12T06:22:39Z with exit-code 0.
...
