000 (7733452.000.000) 11/15 04:50:36 Job submitted from host: <137.138.55.115:9618?addrs=137.138.55.115-9618+[2001-1458-d00-17--12a]-9618&alias=bigbird23.cern.ch&noUDP&sock=schedd_4975_03c1>
...
040 (7733452.000.000) 11/15 05:15:15 Started transferring input files
	Transferring to host: <188.185.195.133:9618?addrs=188.185.195.133-9618+[2001-1458-303-22--100-81]-9618&alias=b9p17p1163.cern.ch&noUDP&sock=slot1_46_8712_245b_30395>
...
040 (7733452.000.000) 11/15 05:15:15 Finished transferring input files
...
001 (7733452.000.000) 11/15 05:15:16 Job executing on host: <188.185.195.133:9618?addrs=188.185.195.133-9618+[2001-1458-303-22--100-81]-9618&alias=b9p17p1163.cern.ch&noUDP&sock=startd_7693_562b>
	SlotName: slot1_46@b9p17p1163.cern.ch
	CondorScratchDir = "/pool/condor/dir_2856900"
	Cpus = 1
	Disk = 3877
	GPUs = 0
	Memory = 2000
...
006 (7733452.000.000) 11/15 05:15:24 Image size of job updated: 154228
	151  -  MemoryUsage of job (MB)
	154228  -  ResidentSetSize of job (KB)
...
006 (7733452.000.000) 11/15 05:20:24 Image size of job updated: 618620
	605  -  MemoryUsage of job (MB)
	618620  -  ResidentSetSize of job (KB)
...
006 (7733452.000.000) 11/15 05:25:25 Image size of job updated: 643628
	629  -  MemoryUsage of job (MB)
	643628  -  ResidentSetSize of job (KB)
...
006 (7733452.000.000) 11/15 05:32:47 Image size of job updated: 712312
	696  -  MemoryUsage of job (MB)
	712312  -  ResidentSetSize of job (KB)
...
022 (7733452.000.000) 11/15 05:54:33 Job disconnected, attempting to reconnect
    Socket between submit and execute hosts closed unexpectedly
    Trying to reconnect to slot1_46@b9p17p1163.cern.ch <188.185.195.133:9618?addrs=188.185.195.133-9618+[2001-1458-303-22--100-81]-9618&alias=b9p17p1163.cern.ch&noUDP&sock=startd_7693_562b>
...
023 (7733452.000.000) 11/15 05:54:33 Job reconnected to slot1_46@b9p17p1163.cern.ch
    startd address: <188.185.195.133:9618?addrs=188.185.195.133-9618+[2001-1458-303-22--100-81]-9618&alias=b9p17p1163.cern.ch&noUDP&sock=startd_7693_562b>
    starter address: <188.185.195.133:9618?addrs=188.185.195.133-9618+[2001-1458-303-22--100-81]-9618&alias=b9p17p1163.cern.ch&noUDP&sock=slot1_46_8712_245b_30395>
...
040 (7733452.000.000) 11/15 08:03:16 Started transferring input files
	Transferring to host: <188.185.205.181:9618?addrs=188.185.205.181-9618+[2001-1458-303-a--100-32]-9618&alias=b9p04p0775.cern.ch&noUDP&sock=slot1_1_5741_cdc3_160799>
...
040 (7733452.000.000) 11/15 08:03:16 Finished transferring input files
...
001 (7733452.000.000) 11/15 08:03:17 Job executing on host: <188.185.205.181:9618?addrs=188.185.205.181-9618+[2001-1458-303-a--100-32]-9618&alias=b9p04p0775.cern.ch&noUDP&sock=startd_4758_2bb4>
	SlotName: slot1_1@b9p04p0775.cern.ch
	CondorScratchDir = "/pool/condor/dir_3874620"
	Cpus = 1
	Disk = 2809812
	Memory = 2000
...
006 (7733452.000.000) 11/15 08:08:25 Image size of job updated: 761228
	733  -  MemoryUsage of job (MB)
	750000  -  ResidentSetSize of job (KB)
...
006 (7733452.000.000) 11/15 08:13:26 Image size of job updated: 857616
	776  -  MemoryUsage of job (MB)
	794244  -  ResidentSetSize of job (KB)
...
006 (7733452.000.000) 11/15 08:18:26 Image size of job updated: 901244
	869  -  MemoryUsage of job (MB)
	888968  -  ResidentSetSize of job (KB)
...
006 (7733452.000.000) 11/15 08:23:26 Image size of job updated: 1008896
	878  -  MemoryUsage of job (MB)
	898756  -  ResidentSetSize of job (KB)
...
006 (7733452.000.000) 11/15 08:28:26 Image size of job updated: 1042376
	882  -  MemoryUsage of job (MB)
	902340  -  ResidentSetSize of job (KB)
...
006 (7733452.000.000) 11/15 08:33:27 Image size of job updated: 1088856
	927  -  MemoryUsage of job (MB)
	948444  -  ResidentSetSize of job (KB)
...
006 (7733452.000.000) 11/15 08:38:27 Image size of job updated: 1135796
	1019  -  MemoryUsage of job (MB)
	1042764  -  ResidentSetSize of job (KB)
...
006 (7733452.000.000) 11/15 08:43:27 Image size of job updated: 1193276
	1037  -  MemoryUsage of job (MB)
	1061196  -  ResidentSetSize of job (KB)
...
006 (7733452.000.000) 11/15 09:25:05 Image size of job updated: 1747092
	1037  -  MemoryUsage of job (MB)
	1061196  -  ResidentSetSize of job (KB)
...
040 (7733452.000.000) 11/15 09:25:05 Started transferring output files
...
040 (7733452.000.000) 11/15 09:25:06 Finished transferring output files
...
005 (7733452.000.000) 11/15 09:25:06 Job terminated.
	(1) Normal termination (return value 0)
		Usr 0 00:51:22, Sys 0 00:25:42  -  Run Remote Usage
		Usr 0 00:00:00, Sys 0 00:00:00  -  Run Local Usage
		Usr 0 02:13:37, Sys 0 00:58:40  -  Total Remote Usage
		Usr 0 00:00:00, Sys 0 00:00:00  -  Total Local Usage
	643698  -  Run Bytes Sent By Job
	10923  -  Run Bytes Received By Job
	643698  -  Total Bytes Sent By Job
	21846  -  Total Bytes Received By Job
	Partitionable Resources :    Usage  Request Allocated 
	   Cpus                 :     0.99        1         1 
	   Disk (KB)            :   663         450   2809812 
	   Memory (MB)          :  1037        2000      2000 

	Job terminated of its own accord at 2024-11-15T08:25:05Z with exit-code 0.
...
