000 (7081997.000.000) 09/11 21:39:34 Job submitted from host: <137.138.55.115:9618?addrs=137.138.55.115-9618+[2001-1458-d00-17--12a]-9618&alias=bigbird23.cern.ch&noUDP&sock=schedd_23881_f548>
...
040 (7081997.000.000) 09/11 21:44:54 Started transferring input files
	Transferring to host: <188.185.195.78:9618?addrs=188.185.195.78-9618+[2001-1458-303-22--100-4a]-9618&alias=b9p17p1349.cern.ch&noUDP&sock=slot1_20_3659505_13a6_23517>
...
040 (7081997.000.000) 09/11 21:44:54 Finished transferring input files
...
001 (7081997.000.000) 09/11 21:44:55 Job executing on host: <188.185.195.78:9618?addrs=188.185.195.78-9618+[2001-1458-303-22--100-4a]-9618&alias=b9p17p1349.cern.ch&noUDP&sock=startd_5004_e800>
	SlotName: slot1_20@b9p17p1349.cern.ch
	CondorScratchDir = "/pool/condor/dir_2011232"
	Cpus = 1
	Disk = 2914487
	Memory = 2000
...
006 (7081997.000.000) 09/11 21:45:04 Image size of job updated: 183036
	177  -  MemoryUsage of job (MB)
	180900  -  ResidentSetSize of job (KB)
...
006 (7081997.000.000) 09/11 21:45:06 Image size of job updated: 206352
	177  -  MemoryUsage of job (MB)
	180908  -  ResidentSetSize of job (KB)
...
040 (7081997.000.000) 09/11 21:45:06 Started transferring output files
...
040 (7081997.000.000) 09/11 21:45:06 Finished transferring output files
...
005 (7081997.000.000) 09/11 21:45:06 Job terminated.
	(1) Normal termination (return value 1)
		Usr 0 00:00:05, Sys 0 00:00:01  -  Run Remote Usage
		Usr 0 00:00:00, Sys 0 00:00:00  -  Run Local Usage
		Usr 0 00:00:05, Sys 0 00:00:01  -  Total Remote Usage
		Usr 0 00:00:00, Sys 0 00:00:00  -  Total Local Usage
	5364  -  Run Bytes Sent By Job
	10913  -  Run Bytes Received By Job
	5364  -  Total Bytes Sent By Job
	10913  -  Total Bytes Received By Job
	Partitionable Resources :    Usage  Request Allocated 
	   Cpus                 :        0        1         1 
	   Disk (KB)            :       38       12   2914487 
	   Memory (MB)          :      177     2000      2000 

	Job terminated of its own accord at 2024-09-11T19:45:06Z with exit-code 1.
...
000 (7082003.000.000) 09/11 21:48:39 Job submitted from host: <137.138.55.115:9618?addrs=137.138.55.115-9618+[2001-1458-d00-17--12a]-9618&alias=bigbird23.cern.ch&noUDP&sock=schedd_23881_f548>
...
040 (7082003.000.000) 09/11 22:00:28 Started transferring input files
	Transferring to host: <128.142.248.94:9618?addrs=128.142.248.94-9618+[2001-1458-301-73--100-14e]-9618&alias=b9g23p2790.cern.ch&noUDP&sock=slot1_3_3359_7822_6524>
...
040 (7082003.000.000) 09/11 22:00:28 Finished transferring input files
...
001 (7082003.000.000) 09/11 22:00:29 Job executing on host: <128.142.248.94:9618?addrs=128.142.248.94-9618+[2001-1458-301-73--100-14e]-9618&alias=b9g23p2790.cern.ch&noUDP&sock=startd_3310_f691>
	SlotName: slot1_3@b9g23p2790.cern.ch
	CondorScratchDir = "/pool/condor/dir_1462682"
	Cpus = 1
	Disk = 3081612
	Memory = 2000
...
006 (7082003.000.000) 09/11 22:00:38 Image size of job updated: 28536
	22  -  MemoryUsage of job (MB)
	22404  -  ResidentSetSize of job (KB)
...
006 (7082003.000.000) 09/11 22:01:07 Image size of job updated: 603736
	405  -  MemoryUsage of job (MB)
	413848  -  ResidentSetSize of job (KB)
...
040 (7082003.000.000) 09/11 22:01:07 Started transferring output files
...
040 (7082003.000.000) 09/11 22:01:07 Finished transferring output files
...
005 (7082003.000.000) 09/11 22:01:07 Job terminated.
	(1) Normal termination (return value 1)
		Usr 0 00:00:04, Sys 0 00:00:01  -  Run Remote Usage
		Usr 0 00:00:00, Sys 0 00:00:00  -  Run Local Usage
		Usr 0 00:00:04, Sys 0 00:00:01  -  Total Remote Usage
		Usr 0 00:00:00, Sys 0 00:00:00  -  Total Local Usage
	5368  -  Run Bytes Sent By Job
	10905  -  Run Bytes Received By Job
	5368  -  Total Bytes Sent By Job
	10905  -  Total Bytes Received By Job
	Partitionable Resources :    Usage  Request Allocated 
	   Cpus                 :                 1         1 
	   Disk (KB)            :       30       12   3081612 
	   Memory (MB)          :      405     2000      2000 

	Job terminated of its own accord at 2024-09-11T20:01:07Z with exit-code 1.
...
000 (7082111.000.000) 09/11 23:48:39 Job submitted from host: <137.138.55.115:9618?addrs=137.138.55.115-9618+[2001-1458-d00-17--12a]-9618&alias=bigbird23.cern.ch&noUDP&sock=schedd_23881_f548>
...
040 (7082111.000.000) 09/12 00:16:14 Started transferring input files
	Transferring to host: <188.185.195.185:9618?addrs=188.185.195.185-9618+[2001-1458-303-22--100-b5]-9618&alias=b9p17p2560.cern.ch&noUDP&sock=slot1_22_1737984_b40c_15109>
...
040 (7082111.000.000) 09/12 00:16:14 Finished transferring input files
...
001 (7082111.000.000) 09/12 00:16:15 Job executing on host: <188.185.195.185:9618?addrs=188.185.195.185-9618+[2001-1458-303-22--100-b5]-9618&alias=b9p17p2560.cern.ch&noUDP&sock=startd_6607_6e51>
	SlotName: slot1_22@b9p17p2560.cern.ch
	CondorScratchDir = "/pool/condor/dir_437160"
	Cpus = 1
	Disk = 2924232
	Memory = 2000
...
006 (7082111.000.000) 09/12 00:16:23 Image size of job updated: 1
	0  -  MemoryUsage of job (MB)
	0  -  ResidentSetSize of job (KB)
...
006 (7082111.000.000) 09/12 00:21:23 Image size of job updated: 701260
	324  -  MemoryUsage of job (MB)
	331240  -  ResidentSetSize of job (KB)
...
006 (7082111.000.000) 09/12 00:26:24 Image size of job updated: 701260
	385  -  MemoryUsage of job (MB)
	393684  -  ResidentSetSize of job (KB)
...
006 (7082111.000.000) 09/12 00:31:24 Image size of job updated: 701260
	398  -  MemoryUsage of job (MB)
	407080  -  ResidentSetSize of job (KB)
...
006 (7082111.000.000) 09/12 00:36:24 Image size of job updated: 701260
	402  -  MemoryUsage of job (MB)
	411176  -  ResidentSetSize of job (KB)
...
006 (7082111.000.000) 09/12 00:46:26 Image size of job updated: 701260
	454  -  MemoryUsage of job (MB)
	464416  -  ResidentSetSize of job (KB)
...
006 (7082111.000.000) 09/12 00:51:26 Image size of job updated: 701260
	541  -  MemoryUsage of job (MB)
	553688  -  ResidentSetSize of job (KB)
...
006 (7082111.000.000) 09/12 01:16:30 Image size of job updated: 701260
	573  -  MemoryUsage of job (MB)
	586232  -  ResidentSetSize of job (KB)
...
006 (7082111.000.000) 09/12 01:21:30 Image size of job updated: 701260
	598  -  MemoryUsage of job (MB)
	611672  -  ResidentSetSize of job (KB)
...
006 (7082111.000.000) 09/12 01:26:31 Image size of job updated: 701260
	608  -  MemoryUsage of job (MB)
	621912  -  ResidentSetSize of job (KB)
...
006 (7082111.000.000) 09/12 01:41:32 Image size of job updated: 710980
	675  -  MemoryUsage of job (MB)
	690364  -  ResidentSetSize of job (KB)
...
006 (7082111.000.000) 09/12 01:46:33 Image size of job updated: 725064
	697  -  MemoryUsage of job (MB)
	713516  -  ResidentSetSize of job (KB)
...
006 (7082111.000.000) 09/12 01:51:34 Image size of job updated: 742120
	703  -  MemoryUsage of job (MB)
	719660  -  ResidentSetSize of job (KB)
...
006 (7082111.000.000) 09/12 01:56:34 Image size of job updated: 757996
	703  -  MemoryUsage of job (MB)
	719660  -  ResidentSetSize of job (KB)
...
006 (7082111.000.000) 09/12 02:01:35 Image size of job updated: 773220
	703  -  MemoryUsage of job (MB)
	719660  -  ResidentSetSize of job (KB)
...
006 (7082111.000.000) 09/12 02:06:35 Image size of job updated: 789044
	703  -  MemoryUsage of job (MB)
	719660  -  ResidentSetSize of job (KB)
...
006 (7082111.000.000) 09/12 02:11:36 Image size of job updated: 804172
	703  -  MemoryUsage of job (MB)
	719660  -  ResidentSetSize of job (KB)
...
006 (7082111.000.000) 09/12 02:16:37 Image size of job updated: 811772
	703  -  MemoryUsage of job (MB)
	719660  -  ResidentSetSize of job (KB)
...
006 (7082111.000.000) 09/12 02:21:37 Image size of job updated: 826584
	703  -  MemoryUsage of job (MB)
	719660  -  ResidentSetSize of job (KB)
...
006 (7082111.000.000) 09/12 02:26:37 Image size of job updated: 841056
	787  -  MemoryUsage of job (MB)
	805804  -  ResidentSetSize of job (KB)
...
006 (7082111.000.000) 09/12 02:31:38 Image size of job updated: 855116
	813  -  MemoryUsage of job (MB)
	832428  -  ResidentSetSize of job (KB)
...
006 (7082111.000.000) 09/12 02:36:38 Image size of job updated: 867008
	813  -  MemoryUsage of job (MB)
	832428  -  ResidentSetSize of job (KB)
...
006 (7082111.000.000) 09/12 02:41:38 Image size of job updated: 879588
	813  -  MemoryUsage of job (MB)
	832428  -  ResidentSetSize of job (KB)
...
006 (7082111.000.000) 09/12 02:48:13 Image size of job updated: 892748
	813  -  MemoryUsage of job (MB)
	832428  -  ResidentSetSize of job (KB)
...
006 (7082111.000.000) 09/12 02:52:57 Image size of job updated: 908640
	813  -  MemoryUsage of job (MB)
	832428  -  ResidentSetSize of job (KB)
...
006 (7082111.000.000) 09/12 02:57:58 Image size of job updated: 920860
	813  -  MemoryUsage of job (MB)
	832428  -  ResidentSetSize of job (KB)
...
006 (7082111.000.000) 09/12 03:02:58 Image size of job updated: 932656
	813  -  MemoryUsage of job (MB)
	832428  -  ResidentSetSize of job (KB)
...
006 (7082111.000.000) 09/12 03:07:58 Image size of job updated: 944412
	813  -  MemoryUsage of job (MB)
	832428  -  ResidentSetSize of job (KB)
...
006 (7082111.000.000) 09/12 03:12:59 Image size of job updated: 954468
	813  -  MemoryUsage of job (MB)
	832428  -  ResidentSetSize of job (KB)
...
006 (7082111.000.000) 09/12 03:17:59 Image size of job updated: 964512
	895  -  MemoryUsage of job (MB)
	916292  -  ResidentSetSize of job (KB)
...
006 (7082111.000.000) 09/12 03:22:59 Image size of job updated: 972708
	895  -  MemoryUsage of job (MB)
	916292  -  ResidentSetSize of job (KB)
...
006 (7082111.000.000) 09/12 03:28:00 Image size of job updated: 982584
	895  -  MemoryUsage of job (MB)
	916292  -  ResidentSetSize of job (KB)
...
006 (7082111.000.000) 09/12 03:33:00 Image size of job updated: 992576
	895  -  MemoryUsage of job (MB)
	916292  -  ResidentSetSize of job (KB)
...
006 (7082111.000.000) 09/12 03:38:00 Image size of job updated: 1003432
	895  -  MemoryUsage of job (MB)
	916292  -  ResidentSetSize of job (KB)
...
006 (7082111.000.000) 09/12 03:43:01 Image size of job updated: 1014880
	971  -  MemoryUsage of job (MB)
	993528  -  ResidentSetSize of job (KB)
...
006 (7082111.000.000) 09/12 03:48:02 Image size of job updated: 1025536
	971  -  MemoryUsage of job (MB)
	993528  -  ResidentSetSize of job (KB)
...
006 (7082111.000.000) 09/12 03:53:02 Image size of job updated: 1035060
	971  -  MemoryUsage of job (MB)
	993528  -  ResidentSetSize of job (KB)
...
006 (7082111.000.000) 09/12 03:58:03 Image size of job updated: 1046516
	1018  -  MemoryUsage of job (MB)
	1042324  -  ResidentSetSize of job (KB)
...
006 (7082111.000.000) 09/12 04:03:04 Image size of job updated: 1057020
	1022  -  MemoryUsage of job (MB)
	1046420  -  ResidentSetSize of job (KB)
...
006 (7082111.000.000) 09/12 04:08:04 Image size of job updated: 1066304
	1022  -  MemoryUsage of job (MB)
	1046420  -  ResidentSetSize of job (KB)
...
006 (7082111.000.000) 09/12 04:13:05 Image size of job updated: 1068032
	1022  -  MemoryUsage of job (MB)
	1046420  -  ResidentSetSize of job (KB)
...
006 (7082111.000.000) 09/12 04:23:06 Image size of job updated: 1073116
	1022  -  MemoryUsage of job (MB)
	1046420  -  ResidentSetSize of job (KB)
...
006 (7082111.000.000) 09/12 04:28:06 Image size of job updated: 1081928
	1022  -  MemoryUsage of job (MB)
	1046420  -  ResidentSetSize of job (KB)
...
006 (7082111.000.000) 09/12 04:33:07 Image size of job updated: 1090884
	1022  -  MemoryUsage of job (MB)
	1046420  -  ResidentSetSize of job (KB)
...
006 (7082111.000.000) 09/12 04:38:07 Image size of job updated: 1100620
	1022  -  MemoryUsage of job (MB)
	1046420  -  ResidentSetSize of job (KB)
...
006 (7082111.000.000) 09/12 04:43:07 Image size of job updated: 1109068
	1022  -  MemoryUsage of job (MB)
	1046420  -  ResidentSetSize of job (KB)
...
006 (7082111.000.000) 09/12 04:48:09 Image size of job updated: 1120112
	1022  -  MemoryUsage of job (MB)
	1046420  -  ResidentSetSize of job (KB)
...
006 (7082111.000.000) 09/12 04:53:09 Image size of job updated: 1129720
	1022  -  MemoryUsage of job (MB)
	1046420  -  ResidentSetSize of job (KB)
...
006 (7082111.000.000) 09/12 04:58:09 Image size of job updated: 1138956
	1022  -  MemoryUsage of job (MB)
	1046420  -  ResidentSetSize of job (KB)
...
006 (7082111.000.000) 09/12 05:03:10 Image size of job updated: 1148644
	1082  -  MemoryUsage of job (MB)
	1107664  -  ResidentSetSize of job (KB)
...
006 (7082111.000.000) 09/12 05:08:11 Image size of job updated: 1153584
	1088  -  MemoryUsage of job (MB)
	1113256  -  ResidentSetSize of job (KB)
...
006 (7082111.000.000) 09/12 05:13:11 Image size of job updated: 1159244
	1100  -  MemoryUsage of job (MB)
	1125544  -  ResidentSetSize of job (KB)
...
006 (7082111.000.000) 09/12 05:18:12 Image size of job updated: 1167624
	1100  -  MemoryUsage of job (MB)
	1125544  -  ResidentSetSize of job (KB)
...
006 (7082111.000.000) 09/12 05:23:13 Image size of job updated: 1176084
	1100  -  MemoryUsage of job (MB)
	1125544  -  ResidentSetSize of job (KB)
...
006 (7082111.000.000) 09/12 05:28:13 Image size of job updated: 1184376
	1100  -  MemoryUsage of job (MB)
	1125544  -  ResidentSetSize of job (KB)
...
006 (7082111.000.000) 09/12 05:33:13 Image size of job updated: 1192756
	1100  -  MemoryUsage of job (MB)
	1125544  -  ResidentSetSize of job (KB)
...
006 (7082111.000.000) 09/12 05:38:14 Image size of job updated: 1194460
	1100  -  MemoryUsage of job (MB)
	1125544  -  ResidentSetSize of job (KB)
...
006 (7082111.000.000) 09/12 05:43:14 Image size of job updated: 1201108
	1100  -  MemoryUsage of job (MB)
	1125544  -  ResidentSetSize of job (KB)
...
006 (7082111.000.000) 09/12 05:48:14 Image size of job updated: 1210252
	1100  -  MemoryUsage of job (MB)
	1125544  -  ResidentSetSize of job (KB)
...
006 (7082111.000.000) 09/12 05:53:16 Image size of job updated: 1216200
	1100  -  MemoryUsage of job (MB)
	1125544  -  ResidentSetSize of job (KB)
...
006 (7082111.000.000) 09/12 06:08:17 Image size of job updated: 1216200
	1101  -  MemoryUsage of job (MB)
	1126664  -  ResidentSetSize of job (KB)
...
006 (7082111.000.000) 09/12 06:13:18 Image size of job updated: 1217572
	1107  -  MemoryUsage of job (MB)
	1132808  -  ResidentSetSize of job (KB)
...
006 (7082111.000.000) 09/12 06:18:18 Image size of job updated: 1225020
	1107  -  MemoryUsage of job (MB)
	1132808  -  ResidentSetSize of job (KB)
...
006 (7082111.000.000) 09/12 06:23:19 Image size of job updated: 1232828
	1107  -  MemoryUsage of job (MB)
	1132808  -  ResidentSetSize of job (KB)
...
006 (7082111.000.000) 09/12 06:28:20 Image size of job updated: 1239948
	1107  -  MemoryUsage of job (MB)
	1132808  -  ResidentSetSize of job (KB)
...
006 (7082111.000.000) 09/12 06:33:20 Image size of job updated: 1250872
	1107  -  MemoryUsage of job (MB)
	1132808  -  ResidentSetSize of job (KB)
...
006 (7082111.000.000) 09/12 06:38:20 Image size of job updated: 1256548
	1107  -  MemoryUsage of job (MB)
	1132808  -  ResidentSetSize of job (KB)
...
006 (7082111.000.000) 09/12 06:43:21 Image size of job updated: 1263504
	1107  -  MemoryUsage of job (MB)
	1132808  -  ResidentSetSize of job (KB)
...
006 (7082111.000.000) 09/12 06:48:21 Image size of job updated: 1269372
	1107  -  MemoryUsage of job (MB)
	1132808  -  ResidentSetSize of job (KB)
...
006 (7082111.000.000) 09/12 06:53:21 Image size of job updated: 1277948
	1107  -  MemoryUsage of job (MB)
	1132808  -  ResidentSetSize of job (KB)
...
006 (7082111.000.000) 09/12 06:58:22 Image size of job updated: 1284224
	1107  -  MemoryUsage of job (MB)
	1132808  -  ResidentSetSize of job (KB)
...
006 (7082111.000.000) 09/12 07:03:23 Image size of job updated: 1291168
	1107  -  MemoryUsage of job (MB)
	1132808  -  ResidentSetSize of job (KB)
...
006 (7082111.000.000) 09/12 07:08:23 Image size of job updated: 1300080
	1107  -  MemoryUsage of job (MB)
	1132808  -  ResidentSetSize of job (KB)
...
006 (7082111.000.000) 09/12 07:13:24 Image size of job updated: 1307360
	1107  -  MemoryUsage of job (MB)
	1132808  -  ResidentSetSize of job (KB)
...
006 (7082111.000.000) 09/12 07:18:25 Image size of job updated: 1315168
	1107  -  MemoryUsage of job (MB)
	1132808  -  ResidentSetSize of job (KB)
...
006 (7082111.000.000) 09/12 07:23:25 Image size of job updated: 1322304
	1199  -  MemoryUsage of job (MB)
	1227544  -  ResidentSetSize of job (KB)
...
006 (7082111.000.000) 09/12 07:28:26 Image size of job updated: 1329676
	1203  -  MemoryUsage of job (MB)
	1231640  -  ResidentSetSize of job (KB)
...
006 (7082111.000.000) 09/12 07:33:27 Image size of job updated: 1336824
	1203  -  MemoryUsage of job (MB)
	1231640  -  ResidentSetSize of job (KB)
...
006 (7082111.000.000) 09/12 07:38:27 Image size of job updated: 1343908
	1203  -  MemoryUsage of job (MB)
	1231640  -  ResidentSetSize of job (KB)
...
006 (7082111.000.000) 09/12 07:43:27 Image size of job updated: 1350780
	1287  -  MemoryUsage of job (MB)
	1316904  -  ResidentSetSize of job (KB)
...
006 (7082111.000.000) 09/12 07:48:28 Image size of job updated: 1358432
	1293  -  MemoryUsage of job (MB)
	1323048  -  ResidentSetSize of job (KB)
...
006 (7082111.000.000) 09/12 07:53:28 Image size of job updated: 1363204
	1293  -  MemoryUsage of job (MB)
	1323048  -  ResidentSetSize of job (KB)
...
006 (7082111.000.000) 09/12 07:58:28 Image size of job updated: 1369908
	1293  -  MemoryUsage of job (MB)
	1323048  -  ResidentSetSize of job (KB)
...
006 (7082111.000.000) 09/12 08:03:29 Image size of job updated: 1376132
	1293  -  MemoryUsage of job (MB)
	1323048  -  ResidentSetSize of job (KB)
...
006 (7082111.000.000) 09/12 08:08:30 Image size of job updated: 1383204
	1293  -  MemoryUsage of job (MB)
	1323048  -  ResidentSetSize of job (KB)
...
006 (7082111.000.000) 09/12 08:13:30 Image size of job updated: 1388932
	1293  -  MemoryUsage of job (MB)
	1323048  -  ResidentSetSize of job (KB)
...
006 (7082111.000.000) 09/12 08:18:31 Image size of job updated: 1395236
	1293  -  MemoryUsage of job (MB)
	1323048  -  ResidentSetSize of job (KB)
...
006 (7082111.000.000) 09/12 08:23:32 Image size of job updated: 1401528
	1293  -  MemoryUsage of job (MB)
	1323048  -  ResidentSetSize of job (KB)
...
006 (7082111.000.000) 09/12 08:28:32 Image size of job updated: 1407768
	1293  -  MemoryUsage of job (MB)
	1323048  -  ResidentSetSize of job (KB)
...
006 (7082111.000.000) 09/12 08:33:33 Image size of job updated: 1414008
	1293  -  MemoryUsage of job (MB)
	1323048  -  ResidentSetSize of job (KB)
...
006 (7082111.000.000) 09/12 08:38:34 Image size of job updated: 1421016
	1347  -  MemoryUsage of job (MB)
	1378892  -  ResidentSetSize of job (KB)
...
006 (7082111.000.000) 09/12 08:43:34 Image size of job updated: 1427308
	1353  -  MemoryUsage of job (MB)
	1385036  -  ResidentSetSize of job (KB)
...
006 (7082111.000.000) 09/12 08:48:35 Image size of job updated: 1433616
	1353  -  MemoryUsage of job (MB)
	1385036  -  ResidentSetSize of job (KB)
...
006 (7082111.000.000) 09/12 08:53:36 Image size of job updated: 1439924
	1353  -  MemoryUsage of job (MB)
	1385036  -  ResidentSetSize of job (KB)
...
006 (7082111.000.000) 09/12 08:58:36 Image size of job updated: 1446048
	1353  -  MemoryUsage of job (MB)
	1385036  -  ResidentSetSize of job (KB)
...
006 (7082111.000.000) 09/12 09:03:37 Image size of job updated: 1452800
	1353  -  MemoryUsage of job (MB)
	1385036  -  ResidentSetSize of job (KB)
...
006 (7082111.000.000) 09/12 09:08:38 Image size of job updated: 1460240
	1353  -  MemoryUsage of job (MB)
	1385036  -  ResidentSetSize of job (KB)
...
006 (7082111.000.000) 09/12 09:13:38 Image size of job updated: 1466836
	1353  -  MemoryUsage of job (MB)
	1385036  -  ResidentSetSize of job (KB)
...
006 (7082111.000.000) 09/12 09:18:38 Image size of job updated: 1473900
	1353  -  MemoryUsage of job (MB)
	1385036  -  ResidentSetSize of job (KB)
...
006 (7082111.000.000) 09/12 09:23:39 Image size of job updated: 1480996
	1353  -  MemoryUsage of job (MB)
	1385036  -  ResidentSetSize of job (KB)
...
006 (7082111.000.000) 09/12 09:28:39 Image size of job updated: 1487948
	1353  -  MemoryUsage of job (MB)
	1385036  -  ResidentSetSize of job (KB)
...
006 (7082111.000.000) 09/12 09:33:39 Image size of job updated: 1495044
	1353  -  MemoryUsage of job (MB)
	1385036  -  ResidentSetSize of job (KB)
...
006 (7082111.000.000) 09/12 09:38:40 Image size of job updated: 1502204
	1353  -  MemoryUsage of job (MB)
	1385036  -  ResidentSetSize of job (KB)
...
006 (7082111.000.000) 09/12 09:43:41 Image size of job updated: 1509560
	1436  -  MemoryUsage of job (MB)
	1469460  -  ResidentSetSize of job (KB)
...
006 (7082111.000.000) 09/12 09:48:41 Image size of job updated: 1513732
	1442  -  MemoryUsage of job (MB)
	1475604  -  ResidentSetSize of job (KB)
...
006 (7082111.000.000) 09/12 09:53:42 Image size of job updated: 1515484
	1442  -  MemoryUsage of job (MB)
	1475604  -  ResidentSetSize of job (KB)
...
006 (7082111.000.000) 09/12 09:58:43 Image size of job updated: 1520108
	1442  -  MemoryUsage of job (MB)
	1475604  -  ResidentSetSize of job (KB)
...
006 (7082111.000.000) 09/12 10:03:43 Image size of job updated: 1524816
	1442  -  MemoryUsage of job (MB)
	1475604  -  ResidentSetSize of job (KB)
...
006 (7082111.000.000) 09/12 10:08:43 Image size of job updated: 1530940
	1442  -  MemoryUsage of job (MB)
	1475604  -  ResidentSetSize of job (KB)
...
006 (7082111.000.000) 09/12 10:13:44 Image size of job updated: 1538052
	1442  -  MemoryUsage of job (MB)
	1475604  -  ResidentSetSize of job (KB)
...
006 (7082111.000.000) 09/12 10:18:44 Image size of job updated: 1544268
	1442  -  MemoryUsage of job (MB)
	1475604  -  ResidentSetSize of job (KB)
...
006 (7082111.000.000) 09/12 10:23:44 Image size of job updated: 1550236
	1442  -  MemoryUsage of job (MB)
	1475604  -  ResidentSetSize of job (KB)
...
006 (7082111.000.000) 09/12 10:28:46 Image size of job updated: 1556704
	1442  -  MemoryUsage of job (MB)
	1475604  -  ResidentSetSize of job (KB)
...
006 (7082111.000.000) 09/12 10:33:46 Image size of job updated: 1563172
	1442  -  MemoryUsage of job (MB)
	1475604  -  ResidentSetSize of job (KB)
...
006 (7082111.000.000) 09/12 10:38:46 Image size of job updated: 1569568
	1442  -  MemoryUsage of job (MB)
	1475604  -  ResidentSetSize of job (KB)
...
006 (7082111.000.000) 09/12 10:43:47 Image size of job updated: 1575728
	1442  -  MemoryUsage of job (MB)
	1475604  -  ResidentSetSize of job (KB)
...
006 (7082111.000.000) 09/12 10:48:48 Image size of job updated: 1583276
	1442  -  MemoryUsage of job (MB)
	1475604  -  ResidentSetSize of job (KB)
...
006 (7082111.000.000) 09/12 10:53:48 Image size of job updated: 1589368
	1442  -  MemoryUsage of job (MB)
	1475604  -  ResidentSetSize of job (KB)
...
006 (7082111.000.000) 09/12 10:58:49 Image size of job updated: 1596684
	1442  -  MemoryUsage of job (MB)
	1475604  -  ResidentSetSize of job (KB)
...
006 (7082111.000.000) 09/12 11:03:50 Image size of job updated: 1602816
	1442  -  MemoryUsage of job (MB)
	1475604  -  ResidentSetSize of job (KB)
...
006 (7082111.000.000) 09/12 11:08:50 Image size of job updated: 1608344
	1523  -  MemoryUsage of job (MB)
	1558576  -  ResidentSetSize of job (KB)
...
006 (7082111.000.000) 09/12 11:13:50 Image size of job updated: 1614248
	1529  -  MemoryUsage of job (MB)
	1564720  -  ResidentSetSize of job (KB)
...
006 (7082111.000.000) 09/12 11:18:51 Image size of job updated: 1620188
	1529  -  MemoryUsage of job (MB)
	1564720  -  ResidentSetSize of job (KB)
...
006 (7082111.000.000) 09/12 11:23:51 Image size of job updated: 1626036
	1529  -  MemoryUsage of job (MB)
	1564720  -  ResidentSetSize of job (KB)
...
006 (7082111.000.000) 09/12 11:28:51 Image size of job updated: 1633652
	1529  -  MemoryUsage of job (MB)
	1564720  -  ResidentSetSize of job (KB)
...
006 (7082111.000.000) 09/12 11:33:52 Image size of job updated: 1639688
	1529  -  MemoryUsage of job (MB)
	1564720  -  ResidentSetSize of job (KB)
...
006 (7082111.000.000) 09/12 11:38:53 Image size of job updated: 1645448
	1529  -  MemoryUsage of job (MB)
	1564720  -  ResidentSetSize of job (KB)
...
006 (7082111.000.000) 09/12 11:43:54 Image size of job updated: 1651144
	1529  -  MemoryUsage of job (MB)
	1564720  -  ResidentSetSize of job (KB)
...
006 (7082111.000.000) 09/12 11:48:55 Image size of job updated: 1655580
	1529  -  MemoryUsage of job (MB)
	1564720  -  ResidentSetSize of job (KB)
...
006 (7082111.000.000) 09/12 11:53:55 Image size of job updated: 1661048
	1529  -  MemoryUsage of job (MB)
	1564720  -  ResidentSetSize of job (KB)
...
006 (7082111.000.000) 09/12 11:58:55 Image size of job updated: 1666548
	1529  -  MemoryUsage of job (MB)
	1564720  -  ResidentSetSize of job (KB)
...
006 (7082111.000.000) 09/12 12:03:56 Image size of job updated: 1672044
	1529  -  MemoryUsage of job (MB)
	1564720  -  ResidentSetSize of job (KB)
...
006 (7082111.000.000) 09/12 12:08:56 Image size of job updated: 1677616
	1529  -  MemoryUsage of job (MB)
	1564720  -  ResidentSetSize of job (KB)
...
006 (7082111.000.000) 09/12 12:13:56 Image size of job updated: 1683204
	1596  -  MemoryUsage of job (MB)
	1633492  -  ResidentSetSize of job (KB)
...
006 (7082111.000.000) 09/12 12:18:58 Image size of job updated: 1689084
	1600  -  MemoryUsage of job (MB)
	1637588  -  ResidentSetSize of job (KB)
...
006 (7082111.000.000) 09/12 12:23:58 Image size of job updated: 1694596
	1600  -  MemoryUsage of job (MB)
	1638348  -  ResidentSetSize of job (KB)
...
006 (7082111.000.000) 09/12 12:28:58 Image size of job updated: 1700020
	1600  -  MemoryUsage of job (MB)
	1638348  -  ResidentSetSize of job (KB)
...
006 (7082111.000.000) 09/12 12:33:59 Image size of job updated: 1705624
	1600  -  MemoryUsage of job (MB)
	1638348  -  ResidentSetSize of job (KB)
...
006 (7082111.000.000) 09/12 12:39:00 Image size of job updated: 1711128
	1600  -  MemoryUsage of job (MB)
	1638348  -  ResidentSetSize of job (KB)
...
006 (7082111.000.000) 09/12 12:44:00 Image size of job updated: 1715736
	1629  -  MemoryUsage of job (MB)
	1667528  -  ResidentSetSize of job (KB)
...
006 (7082111.000.000) 09/12 12:49:01 Image size of job updated: 1722252
	1635  -  MemoryUsage of job (MB)
	1673672  -  ResidentSetSize of job (KB)
...
006 (7082111.000.000) 09/12 12:54:02 Image size of job updated: 1727824
	1635  -  MemoryUsage of job (MB)
	1673672  -  ResidentSetSize of job (KB)
...
006 (7082111.000.000) 09/12 12:59:02 Image size of job updated: 1733536
	1635  -  MemoryUsage of job (MB)
	1673672  -  ResidentSetSize of job (KB)
...
006 (7082111.000.000) 09/12 13:04:02 Image size of job updated: 1737892
	1635  -  MemoryUsage of job (MB)
	1673672  -  ResidentSetSize of job (KB)
...
006 (7082111.000.000) 09/12 13:09:03 Image size of job updated: 1744904
	1635  -  MemoryUsage of job (MB)
	1673672  -  ResidentSetSize of job (KB)
...
006 (7082111.000.000) 09/12 13:14:03 Image size of job updated: 1750800
	1635  -  MemoryUsage of job (MB)
	1673672  -  ResidentSetSize of job (KB)
...
006 (7082111.000.000) 09/12 13:19:03 Image size of job updated: 1756532
	1635  -  MemoryUsage of job (MB)
	1673672  -  ResidentSetSize of job (KB)
...
006 (7082111.000.000) 09/12 13:24:04 Image size of job updated: 1761880
	1635  -  MemoryUsage of job (MB)
	1673672  -  ResidentSetSize of job (KB)
...
006 (7082111.000.000) 09/12 13:29:05 Image size of job updated: 1767420
	1635  -  MemoryUsage of job (MB)
	1673672  -  ResidentSetSize of job (KB)
...
006 (7082111.000.000) 09/12 13:34:05 Image size of job updated: 1772864
	1635  -  MemoryUsage of job (MB)
	1673672  -  ResidentSetSize of job (KB)
...
006 (7082111.000.000) 09/12 13:39:06 Image size of job updated: 1778392
	1635  -  MemoryUsage of job (MB)
	1673672  -  ResidentSetSize of job (KB)
...
006 (7082111.000.000) 09/12 13:44:07 Image size of job updated: 1784340
	1635  -  MemoryUsage of job (MB)
	1673672  -  ResidentSetSize of job (KB)
...
006 (7082111.000.000) 09/12 13:49:07 Image size of job updated: 1788920
	1731  -  MemoryUsage of job (MB)
	1771724  -  ResidentSetSize of job (KB)
...
006 (7082111.000.000) 09/12 13:54:07 Image size of job updated: 1795616
	1735  -  MemoryUsage of job (MB)
	1775820  -  ResidentSetSize of job (KB)
...
006 (7082111.000.000) 09/12 13:59:08 Image size of job updated: 1801020
	1735  -  MemoryUsage of job (MB)
	1775820  -  ResidentSetSize of job (KB)
...
006 (7082111.000.000) 09/12 14:04:08 Image size of job updated: 1806452
	1735  -  MemoryUsage of job (MB)
	1775820  -  ResidentSetSize of job (KB)
...
006 (7082111.000.000) 09/12 14:09:08 Image size of job updated: 1811824
	1735  -  MemoryUsage of job (MB)
	1775820  -  ResidentSetSize of job (KB)
...
006 (7082111.000.000) 09/12 14:14:09 Image size of job updated: 1817080
	1735  -  MemoryUsage of job (MB)
	1775820  -  ResidentSetSize of job (KB)
...
006 (7082111.000.000) 09/12 14:19:10 Image size of job updated: 1822628
	1735  -  MemoryUsage of job (MB)
	1775820  -  ResidentSetSize of job (KB)
...
006 (7082111.000.000) 09/12 14:24:10 Image size of job updated: 1827340
	1735  -  MemoryUsage of job (MB)
	1775820  -  ResidentSetSize of job (KB)
...
006 (7082111.000.000) 09/12 14:29:11 Image size of job updated: 1832168
	1735  -  MemoryUsage of job (MB)
	1775820  -  ResidentSetSize of job (KB)
...
006 (7082111.000.000) 09/12 14:34:12 Image size of job updated: 1837308
	1735  -  MemoryUsage of job (MB)
	1775820  -  ResidentSetSize of job (KB)
...
006 (7082111.000.000) 09/12 14:39:12 Image size of job updated: 1842300
	1766  -  MemoryUsage of job (MB)
	1808300  -  ResidentSetSize of job (KB)
...
006 (7082111.000.000) 09/12 14:44:13 Image size of job updated: 1846568
	1770  -  MemoryUsage of job (MB)
	1812396  -  ResidentSetSize of job (KB)
...
006 (7082111.000.000) 09/12 14:49:14 Image size of job updated: 1850164
	1770  -  MemoryUsage of job (MB)
	1812396  -  ResidentSetSize of job (KB)
...
006 (7082111.000.000) 09/12 14:54:14 Image size of job updated: 1855188
	1770  -  MemoryUsage of job (MB)
	1812396  -  ResidentSetSize of job (KB)
...
006 (7082111.000.000) 09/12 14:59:14 Image size of job updated: 1858480
	1770  -  MemoryUsage of job (MB)
	1812396  -  ResidentSetSize of job (KB)
...
006 (7082111.000.000) 09/12 16:07:44 Image size of job updated: 3646516
	1770  -  MemoryUsage of job (MB)
	1812396  -  ResidentSetSize of job (KB)
...
040 (7082111.000.000) 09/12 16:07:44 Started transferring output files
...
040 (7082111.000.000) 09/12 16:07:52 Finished transferring output files
...
005 (7082111.000.000) 09/12 16:07:52 Job terminated.
	(1) Normal termination (return value 0)
		Usr 0 07:43:43, Sys 0 07:43:48  -  Run Remote Usage
		Usr 0 00:00:00, Sys 0 00:00:00  -  Run Local Usage
		Usr 0 07:43:43, Sys 0 07:43:48  -  Total Remote Usage
		Usr 0 00:00:00, Sys 0 00:00:00  -  Total Local Usage
	98987152  -  Run Bytes Sent By Job
	10905  -  Run Bytes Received By Job
	98987152  -  Total Bytes Sent By Job
	10905  -  Total Bytes Received By Job
	Partitionable Resources :    Usage  Request Allocated 
	   Cpus                 :     0.99        1         1 
	   Disk (KB)            : 96700          12   2924232 
	   Memory (MB)          :  1770        2000      2000 

	Job terminated of its own accord at 2024-09-12T14:07:44Z with exit-code 0.
...
000 (7248325.000.000) 09/30 13:38:46 Job submitted from host: <137.138.55.115:9618?addrs=137.138.55.115-9618+[2001-1458-d00-17--12a]-9618&alias=bigbird23.cern.ch&noUDP&sock=schedd_4975_03c1>
...
040 (7248325.000.000) 09/30 13:44:11 Started transferring input files
	Transferring to host: <188.185.208.18:9618?addrs=188.185.208.18-9618+[2001-1458-303-f--100-f]-9618&alias=b9p09p0548.cern.ch&noUDP&sock=slot1_53_10671_6f4b_226500>
...
040 (7248325.000.000) 09/30 13:44:11 Finished transferring input files
...
001 (7248325.000.000) 09/30 13:44:12 Job executing on host: <188.185.208.18:9618?addrs=188.185.208.18-9618+[2001-1458-303-f--100-f]-9618&alias=b9p09p0548.cern.ch&noUDP&sock=startd_9278_83c7>
	SlotName: slot1_53@b9p09p0548.cern.ch
	CondorScratchDir = "/pool/condor/dir_2687543"
	Cpus = 1
	Disk = 2500135
	Memory = 2000
...
006 (7248325.000.000) 09/30 13:44:20 Image size of job updated: 484124
	473  -  MemoryUsage of job (MB)
	484124  -  ResidentSetSize of job (KB)
...
006 (7248325.000.000) 09/30 13:49:20 Image size of job updated: 1354528
	1276  -  MemoryUsage of job (MB)
	1305620  -  ResidentSetSize of job (KB)
...
006 (7248325.000.000) 09/30 13:54:21 Image size of job updated: 1823288
	1717  -  MemoryUsage of job (MB)
	1757648  -  ResidentSetSize of job (KB)
...
006 (7248325.000.000) 09/30 13:59:21 Image size of job updated: 2214092
	2023  -  MemoryUsage of job (MB)
	2070752  -  ResidentSetSize of job (KB)
...
006 (7248325.000.000) 09/30 14:04:21 Image size of job updated: 2899544
	2666  -  MemoryUsage of job (MB)
	2729700  -  ResidentSetSize of job (KB)
...
006 (7248325.000.000) 09/30 14:09:22 Image size of job updated: 3251160
	2979  -  MemoryUsage of job (MB)
	3050272  -  ResidentSetSize of job (KB)
...
006 (7248325.000.000) 09/30 14:14:22 Image size of job updated: 3713284
	3563  -  MemoryUsage of job (MB)
	3648080  -  ResidentSetSize of job (KB)
...
006 (7248325.000.000) 09/30 14:19:22 Image size of job updated: 4032780
	3686  -  MemoryUsage of job (MB)
	3774164  -  ResidentSetSize of job (KB)
...
006 (7248325.000.000) 09/30 14:24:23 Image size of job updated: 4387316
	4239  -  MemoryUsage of job (MB)
	4339816  -  ResidentSetSize of job (KB)
...
006 (7248325.000.000) 09/30 14:29:24 Image size of job updated: 4601400
	4480  -  MemoryUsage of job (MB)
	4586600  -  ResidentSetSize of job (KB)
...
006 (7248325.000.000) 09/30 14:34:24 Image size of job updated: 4853248
	4493  -  MemoryUsage of job (MB)
	4600640  -  ResidentSetSize of job (KB)
...
006 (7248325.000.000) 09/30 14:39:24 Image size of job updated: 5098016
	4929  -  MemoryUsage of job (MB)
	5047288  -  ResidentSetSize of job (KB)
...
006 (7248325.000.000) 09/30 14:44:25 Image size of job updated: 5262508
	4947  -  MemoryUsage of job (MB)
	5065720  -  ResidentSetSize of job (KB)
...
006 (7248325.000.000) 09/30 14:54:25 Image size of job updated: 5417576
	4958  -  MemoryUsage of job (MB)
	5076804  -  ResidentSetSize of job (KB)
...
006 (7248325.000.000) 09/30 14:59:26 Image size of job updated: 5628424
	5102  -  MemoryUsage of job (MB)
	5224008  -  ResidentSetSize of job (KB)
...
006 (7248325.000.000) 09/30 15:04:27 Image size of job updated: 5831644
	5380  -  MemoryUsage of job (MB)
	5508964  -  ResidentSetSize of job (KB)
...
006 (7248325.000.000) 09/30 15:09:27 Image size of job updated: 6013572
	5864  -  MemoryUsage of job (MB)
	6004688  -  ResidentSetSize of job (KB)
...
006 (7248325.000.000) 09/30 15:14:28 Image size of job updated: 6110260
	5864  -  MemoryUsage of job (MB)
	6004688  -  ResidentSetSize of job (KB)
...
006 (7248325.000.000) 09/30 15:19:29 Image size of job updated: 6306844
	5864  -  MemoryUsage of job (MB)
	6004688  -  ResidentSetSize of job (KB)
...
006 (7248325.000.000) 09/30 15:24:29 Image size of job updated: 6497324
	6131  -  MemoryUsage of job (MB)
	6278076  -  ResidentSetSize of job (KB)
...
006 (7248325.000.000) 09/30 15:29:29 Image size of job updated: 6618392
	6157  -  MemoryUsage of job (MB)
	6304624  -  ResidentSetSize of job (KB)
...
006 (7248325.000.000) 09/30 15:34:30 Image size of job updated: 6871480
	6374  -  MemoryUsage of job (MB)
	6526320  -  ResidentSetSize of job (KB)
...
006 (7248325.000.000) 09/30 15:39:30 Image size of job updated: 7169080
	6654  -  MemoryUsage of job (MB)
	6813380  -  ResidentSetSize of job (KB)
...
006 (7248325.000.000) 09/30 15:44:31 Image size of job updated: 7346296
	7000  -  MemoryUsage of job (MB)
	7167500  -  ResidentSetSize of job (KB)
...
006 (7248325.000.000) 09/30 15:49:32 Image size of job updated: 7480276
	7010  -  MemoryUsage of job (MB)
	7177740  -  ResidentSetSize of job (KB)
...
006 (7248325.000.000) 09/30 15:54:32 Image size of job updated: 7583808
	7336  -  MemoryUsage of job (MB)
	7511760  -  ResidentSetSize of job (KB)
...
006 (7248325.000.000) 09/30 15:59:32 Image size of job updated: 7701740
	7354  -  MemoryUsage of job (MB)
	7530192  -  ResidentSetSize of job (KB)
...
006 (7248325.000.000) 09/30 16:04:33 Image size of job updated: 7780664
	7354  -  MemoryUsage of job (MB)
	7530192  -  ResidentSetSize of job (KB)
...
006 (7248325.000.000) 09/30 16:09:33 Image size of job updated: 7911904
	7354  -  MemoryUsage of job (MB)
	7530192  -  ResidentSetSize of job (KB)
...
006 (7248325.000.000) 09/30 16:14:33 Image size of job updated: 8058220
	7453  -  MemoryUsage of job (MB)
	7631844  -  ResidentSetSize of job (KB)
...
006 (7248325.000.000) 09/30 16:19:34 Image size of job updated: 8190256
	7776  -  MemoryUsage of job (MB)
	7961960  -  ResidentSetSize of job (KB)
...
006 (7248325.000.000) 09/30 16:24:35 Image size of job updated: 8385100
	7792  -  MemoryUsage of job (MB)
	7978344  -  ResidentSetSize of job (KB)
...
006 (7248325.000.000) 09/30 16:29:35 Image size of job updated: 8552984
	8044  -  MemoryUsage of job (MB)
	8236752  -  ResidentSetSize of job (KB)
...
006 (7248325.000.000) 09/30 16:34:35 Image size of job updated: 8797760
	8401  -  MemoryUsage of job (MB)
	8601712  -  ResidentSetSize of job (KB)
...
006 (7248325.000.000) 09/30 16:39:36 Image size of job updated: 8923112
	8419  -  MemoryUsage of job (MB)
	8620400  -  ResidentSetSize of job (KB)
...
006 (7248325.000.000) 09/30 16:44:36 Image size of job updated: 9053100
	8458  -  MemoryUsage of job (MB)
	8660016  -  ResidentSetSize of job (KB)
...
006 (7248325.000.000) 09/30 16:49:37 Image size of job updated: 9199060
	8835  -  MemoryUsage of job (MB)
	9046316  -  ResidentSetSize of job (KB)
...
006 (7248325.000.000) 09/30 16:54:38 Image size of job updated: 9435512
	8851  -  MemoryUsage of job (MB)
	9062700  -  ResidentSetSize of job (KB)
...
006 (7248325.000.000) 09/30 16:59:38 Image size of job updated: 9636464
	9235  -  MemoryUsage of job (MB)
	9455940  -  ResidentSetSize of job (KB)
...
006 (7248325.000.000) 09/30 17:04:38 Image size of job updated: 9698852
	9253  -  MemoryUsage of job (MB)
	9474372  -  ResidentSetSize of job (KB)
...
006 (7248325.000.000) 10/01 11:56:34 Image size of job updated: 9698852
	9279  -  MemoryUsage of job (MB)
	9501016  -  ResidentSetSize of job (KB)
...
006 (7248325.000.000) 10/01 17:17:58 Image size of job updated: 11429848
	9279  -  MemoryUsage of job (MB)
	9501016  -  ResidentSetSize of job (KB)
...
040 (7248325.000.000) 10/01 17:18:01 Started transferring output files
...
040 (7248325.000.000) 10/01 17:19:06 Finished transferring output files
...
007 (7248325.000.000) 10/01 17:19:06 Shadow exception!
	Error from slot1_53@b9p09p0548.cern.ch: STARTER at 188.185.208.18 failed to send file(s) to <137.138.55.115:9618>: |Error: sending file /pool/condor/dir_2687543/_condor_stdout: max total download bytes exceeded (max=1024 MB, this file=23982 MB); SHADOW failed to receive file(s) from <188.185.208.18:43937>
	1073741824  -  Run Bytes Sent By Job
	10906  -  Run Bytes Received By Job
...
012 (7248325.000.000) 10/01 17:19:06 Job was held.
	Error from slot1_53@b9p09p0548.cern.ch: STARTER at 188.185.208.18 failed to send file(s) to <137.138.55.115:9618>: |Error: sending file /pool/condor/dir_2687543/_condor_stdout: max total download bytes exceeded (max=1024 MB, this file=23982 MB); SHADOW failed to receive file(s) from <188.185.208.18:43937>
	Code 33 Subcode 0
...
009 (7248325.000.000) 10/01 17:21:05 Job was aborted.
	Job removed by SYSTEM_PERIODIC_REMOVE due to Job attempted to transfer out more than 1GB of data.

	Job terminated by itself at 2024-10-01T15:17:58Z (using method 0: OF_ITS_OWN_ACCORD).
...
000 (7405469.000.000) 10/23 15:49:42 Job submitted from host: <137.138.55.115:9618?addrs=137.138.55.115-9618+[2001-1458-d00-17--12a]-9618&alias=bigbird23.cern.ch&noUDP&sock=schedd_4975_03c1>
...
040 (7405469.000.000) 10/23 15:53:12 Started transferring input files
	Transferring to host: <188.185.196.14:9618?addrs=188.185.196.14-9618+[2001-1458-303-23--100-a]-9618&alias=b9p16p9211.cern.ch&noUDP&sock=slot1_11_798489_7c2f_18795>
...
040 (7405469.000.000) 10/23 15:53:12 Finished transferring input files
...
001 (7405469.000.000) 10/23 15:53:13 Job executing on host: <188.185.196.14:9618?addrs=188.185.196.14-9618+[2001-1458-303-23--100-a]-9618&alias=b9p16p9211.cern.ch&noUDP&sock=startd_5164_a727>
	SlotName: slot1_11@b9p16p9211.cern.ch
	CondorScratchDir = "/pool/condor/dir_1900769"
	Cpus = 1
	Disk = 2971175
	Memory = 2000
...
006 (7405469.000.000) 10/23 15:53:20 Image size of job updated: 275560
	99  -  MemoryUsage of job (MB)
	100592  -  ResidentSetSize of job (KB)
...
040 (7405469.000.000) 10/23 15:53:20 Started transferring output files
...
040 (7405469.000.000) 10/23 15:53:55 Finished transferring output files
...
005 (7405469.000.000) 10/23 15:53:55 Job terminated.
	(1) Normal termination (return value 1)
		Usr 0 00:00:04, Sys 0 00:00:01  -  Run Remote Usage
		Usr 0 00:00:00, Sys 0 00:00:00  -  Run Local Usage
		Usr 0 00:00:04, Sys 0 00:00:01  -  Total Remote Usage
		Usr 0 00:00:00, Sys 0 00:00:00  -  Total Local Usage
	5939  -  Run Bytes Sent By Job
	10916  -  Run Bytes Received By Job
	5939  -  Total Bytes Sent By Job
	10916  -  Total Bytes Received By Job
	Partitionable Resources :    Usage  Request Allocated 
	   Cpus                 :        0        1         1 
	   Disk (KB)            :       39       12   2971175 
	   Memory (MB)          :       99     2000      2000 

	Job terminated of its own accord at 2024-10-23T13:53:20Z with exit-code 1.
...
000 (7405502.000.000) 10/23 17:21:56 Job submitted from host: <137.138.55.115:9618?addrs=137.138.55.115-9618+[2001-1458-d00-17--12a]-9618&alias=bigbird23.cern.ch&noUDP&sock=schedd_4975_03c1>
...
040 (7405502.000.000) 10/23 17:26:08 Started transferring input files
	Transferring to host: <188.185.205.219:9618?addrs=188.185.205.219-9618+[2001-1458-303-a--100-58]-9618&alias=b9p04p1281.cern.ch&noUDP&sock=slot1_10_4857_f21f_84689>
...
040 (7405502.000.000) 10/23 17:26:08 Finished transferring input files
...
001 (7405502.000.000) 10/23 17:26:09 Job executing on host: <188.185.205.219:9618?addrs=188.185.205.219-9618+[2001-1458-303-a--100-58]-9618&alias=b9p04p1281.cern.ch&noUDP&sock=startd_4159_4e79>
	SlotName: slot1_10@b9p04p1281.cern.ch
	CondorScratchDir = "/pool/condor/dir_3184880"
	Cpus = 1
	Disk = 2655646
	Memory = 2000
...
006 (7405502.000.000) 10/23 17:26:18 Image size of job updated: 507248
	496  -  MemoryUsage of job (MB)
	507008  -  ResidentSetSize of job (KB)
...
006 (7405502.000.000) 10/23 17:31:19 Image size of job updated: 1578156
	1489  -  MemoryUsage of job (MB)
	1524428  -  ResidentSetSize of job (KB)
...
006 (7405502.000.000) 10/23 17:36:19 Image size of job updated: 2290724
	2152  -  MemoryUsage of job (MB)
	2203628  -  ResidentSetSize of job (KB)
...
006 (7405502.000.000) 10/23 17:41:20 Image size of job updated: 2992760
	2907  -  MemoryUsage of job (MB)
	2975912  -  ResidentSetSize of job (KB)
...
006 (7405502.000.000) 10/23 17:46:21 Image size of job updated: 3227632
	2972  -  MemoryUsage of job (MB)
	3042368  -  ResidentSetSize of job (KB)
...
006 (7405502.000.000) 10/23 17:51:21 Image size of job updated: 3600320
	3367  -  MemoryUsage of job (MB)
	3446788  -  ResidentSetSize of job (KB)
...
006 (7405502.000.000) 10/23 17:56:22 Image size of job updated: 3917028
	3665  -  MemoryUsage of job (MB)
	3752040  -  ResidentSetSize of job (KB)
...
006 (7405502.000.000) 10/23 18:01:22 Image size of job updated: 4213068
	4003  -  MemoryUsage of job (MB)
	4098868  -  ResidentSetSize of job (KB)
...
006 (7405502.000.000) 10/23 18:06:22 Image size of job updated: 4517500
	4209  -  MemoryUsage of job (MB)
	4309764  -  ResidentSetSize of job (KB)
...
006 (7405502.000.000) 10/23 18:11:22 Image size of job updated: 4833344
	4695  -  MemoryUsage of job (MB)
	4807416  -  ResidentSetSize of job (KB)
...
006 (7405502.000.000) 10/23 18:16:23 Image size of job updated: 5248292
	4894  -  MemoryUsage of job (MB)
	5010748  -  ResidentSetSize of job (KB)
...
006 (7405502.000.000) 10/23 18:21:23 Image size of job updated: 5534288
	5341  -  MemoryUsage of job (MB)
	5468420  -  ResidentSetSize of job (KB)
...
006 (7405502.000.000) 10/23 18:26:23 Image size of job updated: 5727152
	5545  -  MemoryUsage of job (MB)
	5677428  -  ResidentSetSize of job (KB)
...
006 (7405502.000.000) 10/23 18:31:24 Image size of job updated: 6136992
	5970  -  MemoryUsage of job (MB)
	6112840  -  ResidentSetSize of job (KB)
...
006 (7405502.000.000) 10/23 18:36:24 Image size of job updated: 6430768
	5990  -  MemoryUsage of job (MB)
	6132804  -  ResidentSetSize of job (KB)
...
006 (7405502.000.000) 10/23 18:41:25 Image size of job updated: 6877028
	6637  -  MemoryUsage of job (MB)
	6796132  -  ResidentSetSize of job (KB)
...
006 (7405502.000.000) 10/23 18:46:25 Image size of job updated: 7046144
	6637  -  MemoryUsage of job (MB)
	6796132  -  ResidentSetSize of job (KB)
...
006 (7405502.000.000) 10/23 18:51:26 Image size of job updated: 7232824
	6789  -  MemoryUsage of job (MB)
	6951872  -  ResidentSetSize of job (KB)
...
006 (7405502.000.000) 10/23 18:56:26 Image size of job updated: 7447352
	7161  -  MemoryUsage of job (MB)
	7332064  -  ResidentSetSize of job (KB)
...
006 (7405502.000.000) 10/23 19:01:27 Image size of job updated: 7626084
	7417  -  MemoryUsage of job (MB)
	7594712  -  ResidentSetSize of job (KB)
...
006 (7405502.000.000) 10/23 19:06:28 Image size of job updated: 7881788
	7559  -  MemoryUsage of job (MB)
	7740136  -  ResidentSetSize of job (KB)
...
006 (7405502.000.000) 10/23 19:11:28 Image size of job updated: 8248972
	7942  -  MemoryUsage of job (MB)
	8132044  -  ResidentSetSize of job (KB)
...
006 (7405502.000.000) 10/23 19:16:29 Image size of job updated: 8460356
	8101  -  MemoryUsage of job (MB)
	8294412  -  ResidentSetSize of job (KB)
...
006 (7405502.000.000) 10/23 19:21:30 Image size of job updated: 8696400
	8266  -  MemoryUsage of job (MB)
	8463468  -  ResidentSetSize of job (KB)
...
006 (7405502.000.000) 10/23 19:26:30 Image size of job updated: 9034336
	8485  -  MemoryUsage of job (MB)
	8687644  -  ResidentSetSize of job (KB)
...
006 (7405502.000.000) 10/23 19:31:30 Image size of job updated: 9145440
	8553  -  MemoryUsage of job (MB)
	8757608  -  ResidentSetSize of job (KB)
...
006 (7405502.000.000) 10/23 19:36:31 Image size of job updated: 9505532
	8966  -  MemoryUsage of job (MB)
	9181108  -  ResidentSetSize of job (KB)
...
006 (7405502.000.000) 10/23 19:41:32 Image size of job updated: 9734568
	9100  -  MemoryUsage of job (MB)
	9318172  -  ResidentSetSize of job (KB)
...
006 (7405502.000.000) 10/23 19:46:32 Image size of job updated: 9891628
	9366  -  MemoryUsage of job (MB)
	9590768  -  ResidentSetSize of job (KB)
...
006 (7405502.000.000) 10/23 19:51:33 Image size of job updated: 10000988
	9382  -  MemoryUsage of job (MB)
	9607152  -  ResidentSetSize of job (KB)
...
006 (7405502.000.000) 10/23 19:56:34 Image size of job updated: 10137664
	9750  -  MemoryUsage of job (MB)
	9983748  -  ResidentSetSize of job (KB)
...
006 (7405502.000.000) 10/23 20:01:34 Image size of job updated: 10244892
	9897  -  MemoryUsage of job (MB)
	10134060  -  ResidentSetSize of job (KB)
...
006 (7405502.000.000) 10/23 20:06:34 Image size of job updated: 10457936
	9913  -  MemoryUsage of job (MB)
	10150444  -  ResidentSetSize of job (KB)
...
006 (7405502.000.000) 10/23 20:11:34 Image size of job updated: 10590408
	10033  -  MemoryUsage of job (MB)
	10273484  -  ResidentSetSize of job (KB)
...
006 (7405502.000.000) 10/23 20:16:34 Image size of job updated: 11282956
	10558  -  MemoryUsage of job (MB)
	10810456  -  ResidentSetSize of job (KB)
...
006 (7405502.000.000) 10/23 20:21:35 Image size of job updated: 11690292
	10949  -  MemoryUsage of job (MB)
	11211688  -  ResidentSetSize of job (KB)
...
006 (7405502.000.000) 10/23 20:26:35 Image size of job updated: 11850460
	11227  -  MemoryUsage of job (MB)
	11495508  -  ResidentSetSize of job (KB)
...
006 (7405502.000.000) 10/23 20:31:35 Image size of job updated: 11992468
	11534  -  MemoryUsage of job (MB)
	11809928  -  ResidentSetSize of job (KB)
...
006 (7405502.000.000) 10/23 20:36:36 Image size of job updated: 12130940
	11556  -  MemoryUsage of job (MB)
	11832456  -  ResidentSetSize of job (KB)
...
006 (7405502.000.000) 10/23 20:41:37 Image size of job updated: 12267688
	11682  -  MemoryUsage of job (MB)
	11961880  -  ResidentSetSize of job (KB)
...
006 (7405502.000.000) 10/23 20:46:38 Image size of job updated: 12463924
	11752  -  MemoryUsage of job (MB)
	12033336  -  ResidentSetSize of job (KB)
...
006 (7405502.000.000) 10/23 20:51:38 Image size of job updated: 12570600
	12267  -  MemoryUsage of job (MB)
	12560784  -  ResidentSetSize of job (KB)
...
006 (7405502.000.000) 10/23 20:56:38 Image size of job updated: 12878172
	12424  -  MemoryUsage of job (MB)
	12722176  -  ResidentSetSize of job (KB)
...
006 (7405502.000.000) 10/23 21:01:39 Image size of job updated: 12933476
	12440  -  MemoryUsage of job (MB)
	12738560  -  ResidentSetSize of job (KB)
...
040 (7405502.000.000) 10/24 09:40:27 Started transferring output files
...
040 (7405502.000.000) 10/24 09:41:23 Finished transferring output files
...
007 (7405502.000.000) 10/24 09:41:23 Shadow exception!
	Error from slot1_10@b9p04p1281.cern.ch: STARTER at 188.185.205.219 failed to send file(s) to <137.138.55.115:9618>: |Error: sending file /pool/condor/dir_3184880/_condor_stdout: max total download bytes exceeded (max=1024 MB, this file=23982 MB); SHADOW failed to receive file(s) from <188.185.205.219:38791>
	1073741824  -  Run Bytes Sent By Job
	10916  -  Run Bytes Received By Job
...
012 (7405502.000.000) 10/24 09:41:23 Job was held.
	Error from slot1_10@b9p04p1281.cern.ch: STARTER at 188.185.205.219 failed to send file(s) to <137.138.55.115:9618>: |Error: sending file /pool/condor/dir_3184880/_condor_stdout: max total download bytes exceeded (max=1024 MB, this file=23982 MB); SHADOW failed to receive file(s) from <188.185.205.219:38791>
	Code 33 Subcode 0
...
009 (7405502.000.000) 10/24 09:41:58 Job was aborted.
	Job removed by SYSTEM_PERIODIC_REMOVE due to Job attempted to transfer out more than 1GB of data.

	Job terminated by itself at 2024-10-24T07:40:26Z (using method 0: OF_ITS_OWN_ACCORD).
...
