/cvmfs/cms.cern.ch/el9_amd64_gcc11/external/py3-numpy/1.23.5-5b6957c965058eaa079a1c3386da7800/lib/python3.9/site-packages/numpy/core/getlimits.py:500: UserWarning: The value of the smallest subnormal for <class 'numpy.float64'> type is zero.
  setattr(self, word, getattr(machar, word).flat[0])
/cvmfs/cms.cern.ch/el9_amd64_gcc11/external/py3-numpy/1.23.5-5b6957c965058eaa079a1c3386da7800/lib/python3.9/site-packages/numpy/core/getlimits.py:89: UserWarning: The value of the smallest subnormal for <class 'numpy.float64'> type is zero.
  return self._float_to_str(self.smallest_subnormal)
/cvmfs/cms.cern.ch/el9_amd64_gcc11/external/py3-numpy/1.23.5-5b6957c965058eaa079a1c3386da7800/lib/python3.9/site-packages/numpy/core/getlimits.py:500: UserWarning: The value of the smallest subnormal for <class 'numpy.float32'> type is zero.
  setattr(self, word, getattr(machar, word).flat[0])
/cvmfs/cms.cern.ch/el9_amd64_gcc11/external/py3-numpy/1.23.5-5b6957c965058eaa079a1c3386da7800/lib/python3.9/site-packages/numpy/core/getlimits.py:89: UserWarning: The value of the smallest subnormal for <class 'numpy.float32'> type is zero.
  return self._float_to_str(self.smallest_subnormal)
2025-03-15 20:41:17.323753: E tensorflow/stream_executor/cuda/cuda_driver.cc:271] failed call to cuInit: UNKNOWN ERROR (34)
2025-03-15 20:41:17.323989: I tensorflow/stream_executor/cuda/cuda_diagnostics.cc:156] kernel driver does not appear to be running on this host (b9g23p2447.cern.ch): /proc/driver/nvidia/version does not exist
2025-03-15 20:41:17.325413: I tensorflow/core/platform/cpu_feature_guard.cc:142] This TensorFlow binary is optimized with oneAPI Deep Neural Network Library (oneDNN) to use the following CPU instructions in performance-critical operations:  SSE4.1 SSE4.2 AVX AVX2 AVX512F FMA
To enable them in other operations, rebuild TensorFlow with the appropriate compiler flags.
TFile::Init:0: RuntimeWarning: file /eos/user/f/fsalerno/Data/PF/nano_mcRun3_TT_semilep_MC2022_5_mil.root probably not closed, trying to recover
TFile::Init:0: RuntimeWarning: no keys recovered, file has been made a Zombie
Traceback (most recent call last):
  File "/afs/cern.ch/user/f/fsalerno/CMSSW_13_2_11/src/PhysicsTools/NanoAODTools/crab/crab_script_PF.py", line 70, in <module>
    p.run()
  File "/afs/cern.ch/user/f/fsalerno/CMSSW_13_2_11/src/PhysicsTools/NanoAODTools/python/postprocessing/framework/postprocessor.py", line 160, in run
    inFile = ROOT.TFile.Open(fname)
  File "/cvmfs/cms.cern.ch/el9_amd64_gcc11/lcg/root/6.26.11-ea0f25eb88caa7bc944662d3a9640e9f/lib/ROOT/_pythonization/_tfile.py", line 67, in _TFileOpen
    raise OSError('Failed to open file {}'.format(str(args[0])))
OSError: Failed to open file /eos/user/f/fsalerno/Data/PF/nano_mcRun3_TT_semilep_MC2022_5_mil.root
