/cvmfs/cms.cern.ch/el9_amd64_gcc11/external/py3-numpy/1.23.5-5b6957c965058eaa079a1c3386da7800/lib/python3.9/site-packages/numpy/core/getlimits.py:500: UserWarning: The value of the smallest subnormal for <class 'numpy.float64'> type is zero.
  setattr(self, word, getattr(machar, word).flat[0])
/cvmfs/cms.cern.ch/el9_amd64_gcc11/external/py3-numpy/1.23.5-5b6957c965058eaa079a1c3386da7800/lib/python3.9/site-packages/numpy/core/getlimits.py:89: UserWarning: The value of the smallest subnormal for <class 'numpy.float64'> type is zero.
  return self._float_to_str(self.smallest_subnormal)
/cvmfs/cms.cern.ch/el9_amd64_gcc11/external/py3-numpy/1.23.5-5b6957c965058eaa079a1c3386da7800/lib/python3.9/site-packages/numpy/core/getlimits.py:500: UserWarning: The value of the smallest subnormal for <class 'numpy.float32'> type is zero.
  setattr(self, word, getattr(machar, word).flat[0])
/cvmfs/cms.cern.ch/el9_amd64_gcc11/external/py3-numpy/1.23.5-5b6957c965058eaa079a1c3386da7800/lib/python3.9/site-packages/numpy/core/getlimits.py:89: UserWarning: The value of the smallest subnormal for <class 'numpy.float32'> type is zero.
  return self._float_to_str(self.smallest_subnormal)
2025-02-16 15:05:58.231924: E tensorflow/stream_executor/cuda/cuda_driver.cc:271] failed call to cuInit: UNKNOWN ERROR (34)
2025-02-16 15:05:58.232018: I tensorflow/stream_executor/cuda/cuda_diagnostics.cc:156] kernel driver does not appear to be running on this host (b9p19p8956.cern.ch): /proc/driver/nvidia/version does not exist
2025-02-16 15:05:58.232728: I tensorflow/core/platform/cpu_feature_guard.cc:142] This TensorFlow binary is optimized with oneAPI Deep Neural Network Library (oneDNN) to use the following CPU instructions in performance-critical operations:  SSE4.1 SSE4.2 AVX AVX2 AVX512F FMA
To enable them in other operations, rebuild TensorFlow with the appropriate compiler flags.
Traceback (most recent call last):
  File "/afs/cern.ch/user/f/fsalerno/CMSSW_13_2_11/src/PhysicsTools/NanoAODTools/crab/crab_script_PF.py", line 76, in <module>
    p.run()
  File "/afs/cern.ch/user/f/fsalerno/CMSSW_13_2_11/src/PhysicsTools/NanoAODTools/python/postprocessing/framework/postprocessor.py", line 236, in run
    (nall, npass, timeLoop) = eventLoop(
  File "/afs/cern.ch/user/f/fsalerno/CMSSW_13_2_11/src/PhysicsTools/NanoAODTools/python/postprocessing/framework/eventloop.py", line 82, in eventLoop
    ret = m.analyze(e)
  File "/afs/cern.ch/user/f/fsalerno/CMSSW_13_2_11/src/PhysicsTools/NanoAODTools/python/postprocessing/modules/common/Mtt_cut_gen_lvl.py", line 29, in analyze
    if tops.pt>0:
AttributeError: 'list' object has no attribute 'pt'
