/cvmfs/cms.cern.ch/el9_amd64_gcc11/external/py3-numpy/1.23.5-5b6957c965058eaa079a1c3386da7800/lib/python3.9/site-packages/numpy/core/getlimits.py:500: UserWarning: The value of the smallest subnormal for <class 'numpy.float64'> type is zero.
  setattr(self, word, getattr(machar, word).flat[0])
/cvmfs/cms.cern.ch/el9_amd64_gcc11/external/py3-numpy/1.23.5-5b6957c965058eaa079a1c3386da7800/lib/python3.9/site-packages/numpy/core/getlimits.py:89: UserWarning: The value of the smallest subnormal for <class 'numpy.float64'> type is zero.
  return self._float_to_str(self.smallest_subnormal)
/cvmfs/cms.cern.ch/el9_amd64_gcc11/external/py3-numpy/1.23.5-5b6957c965058eaa079a1c3386da7800/lib/python3.9/site-packages/numpy/core/getlimits.py:500: UserWarning: The value of the smallest subnormal for <class 'numpy.float32'> type is zero.
  setattr(self, word, getattr(machar, word).flat[0])
/cvmfs/cms.cern.ch/el9_amd64_gcc11/external/py3-numpy/1.23.5-5b6957c965058eaa079a1c3386da7800/lib/python3.9/site-packages/numpy/core/getlimits.py:89: UserWarning: The value of the smallest subnormal for <class 'numpy.float32'> type is zero.
  return self._float_to_str(self.smallest_subnormal)
2024-11-30 19:10:23.583559: E tensorflow/stream_executor/cuda/cuda_driver.cc:271] failed call to cuInit: UNKNOWN ERROR (34)
2024-11-30 19:10:23.583674: I tensorflow/stream_executor/cuda/cuda_diagnostics.cc:156] kernel driver does not appear to be running on this host (b9g37p2549.cern.ch): /proc/driver/nvidia/version does not exist
2024-11-30 19:10:23.584523: I tensorflow/core/platform/cpu_feature_guard.cc:142] This TensorFlow binary is optimized with oneAPI Deep Neural Network Library (oneDNN) to use the following CPU instructions in performance-critical operations:  SSE4.1 SSE4.2 AVX AVX2 FMA
To enable them in other operations, rebuild TensorFlow with the appropriate compiler flags.
TFile::Append:0: RuntimeWarning: Replacing existing TH1: MET_post (Potential memory leak).
TFile::Append:0: RuntimeWarning: Replacing existing TH1: score_top_mixed_true_20_CNN_2D_LSTM (Potential memory leak).
TFile::Append:0: RuntimeWarning: Replacing existing TH1: score_top_mixed_false_qcd_20_CNN_2D_LSTM (Potential memory leak).
TFile::Append:0: RuntimeWarning: Replacing existing TH1: score_top_mixed_false_other_20_CNN_2D_LSTM (Potential memory leak).
TFile::Append:0: RuntimeWarning: Replacing existing TH1: score_top_mixed_false_all_20_CNN_2D_LSTM (Potential memory leak).
TFile::Append:0: RuntimeWarning: Replacing existing TH1: score_top_mixed_true_cut_200_pt_20_CNN_2D_LSTM (Potential memory leak).
TFile::Append:0: RuntimeWarning: Replacing existing TH1: score_top_mixed_false_qcd_cut_200_pt_20_CNN_2D_LSTM (Potential memory leak).
TFile::Append:0: RuntimeWarning: Replacing existing TH1: score_top_mixed_false_other_cut_200_pt_20_CNN_2D_LSTM (Potential memory leak).
TFile::Append:0: RuntimeWarning: Replacing existing TH1: score_top_mixed_false_all_cut_200_pt_20_CNN_2D_LSTM (Potential memory leak).
TFile::Append:0: RuntimeWarning: Replacing existing TH1: score_top_mixed_true_cut_300_pt_20_CNN_2D_LSTM (Potential memory leak).
TFile::Append:0: RuntimeWarning: Replacing existing TH1: score_top_mixed_false_qcd_cut_300_pt_20_CNN_2D_LSTM (Potential memory leak).
TFile::Append:0: RuntimeWarning: Replacing existing TH1: score_top_mixed_false_other_cut_300_pt_20_CNN_2D_LSTM (Potential memory leak).
TFile::Append:0: RuntimeWarning: Replacing existing TH1: score_top_mixed_false_all_cut_300_pt_20_CNN_2D_LSTM (Potential memory leak).
TFile::Append:0: RuntimeWarning: Replacing existing TH1: pt_top_mixed_true_20_CNN_2D_LSTM (Potential memory leak).
TFile::Append:0: RuntimeWarning: Replacing existing TH1: pt_top_mixed_false_qcd_20_CNN_2D_LSTM (Potential memory leak).
TFile::Append:0: RuntimeWarning: Replacing existing TH1: pt_top_mixed_false_other_20_CNN_2D_LSTM (Potential memory leak).
TFile::Append:0: RuntimeWarning: Replacing existing TH1: pt_top_mixed_false_all_20_CNN_2D_LSTM (Potential memory leak).
TFile::Append:0: RuntimeWarning: Replacing existing TH1: mass_top_mixed_true_20_CNN_2D_LSTM (Potential memory leak).
TFile::Append:0: RuntimeWarning: Replacing existing TH1: mass_top_mixed_false_qcd_20_CNN_2D_LSTM (Potential memory leak).
TFile::Append:0: RuntimeWarning: Replacing existing TH1: mass_top_mixed_false_other_20_CNN_2D_LSTM (Potential memory leak).
TFile::Append:0: RuntimeWarning: Replacing existing TH1: mass_top_mixed_false_all_20_CNN_2D_LSTM (Potential memory leak).
TFile::Append:0: RuntimeWarning: Replacing existing TH1: ntops_tot_20_CNN_2D_LSTM (Potential memory leak).
TFile::Append:0: RuntimeWarning: Replacing existing TH1: score_3j1fj_true_20_CNN_2D_LSTM (Potential memory leak).
TFile::Append:0: RuntimeWarning: Replacing existing TH1: score_3j0fj_true_20_CNN_2D_LSTM (Potential memory leak).
TFile::Append:0: RuntimeWarning: Replacing existing TH1: score_2j1fj_true_20_CNN_2D_LSTM (Potential memory leak).
TFile::Append:0: RuntimeWarning: Replacing existing TH1: score_3j1fj_false_20_CNN_2D_LSTM (Potential memory leak).
TFile::Append:0: RuntimeWarning: Replacing existing TH1: score_3j0fj_false_20_CNN_2D_LSTM (Potential memory leak).
TFile::Append:0: RuntimeWarning: Replacing existing TH1: score_2j1fj_false_20_CNN_2D_LSTM (Potential memory leak).
TFile::Append:0: RuntimeWarning: Replacing existing TH1: score_top_mixed_true_20_CNN_2D_LSTM_0_pt (Potential memory leak).
TFile::Append:0: RuntimeWarning: Replacing existing TH1: score_top_mixed_false_qcd_20_CNN_2D_LSTM_0_pt (Potential memory leak).
TFile::Append:0: RuntimeWarning: Replacing existing TH1: score_top_mixed_false_other_20_CNN_2D_LSTM_0_pt (Potential memory leak).
TFile::Append:0: RuntimeWarning: Replacing existing TH1: score_top_mixed_false_all_20_CNN_2D_LSTM_0_pt (Potential memory leak).
TFile::Append:0: RuntimeWarning: Replacing existing TH1: score_top_mixed_true_cut_200_pt_20_CNN_2D_LSTM_0_pt (Potential memory leak).
TFile::Append:0: RuntimeWarning: Replacing existing TH1: score_top_mixed_false_qcd_cut_200_pt_20_CNN_2D_LSTM_0_pt (Potential memory leak).
TFile::Append:0: RuntimeWarning: Replacing existing TH1: score_top_mixed_false_other_cut_200_pt_20_CNN_2D_LSTM_0_pt (Potential memory leak).
TFile::Append:0: RuntimeWarning: Replacing existing TH1: score_top_mixed_false_all_cut_200_pt_20_CNN_2D_LSTM_0_pt (Potential memory leak).
TFile::Append:0: RuntimeWarning: Replacing existing TH1: score_top_mixed_true_cut_300_pt_20_CNN_2D_LSTM_0_pt (Potential memory leak).
TFile::Append:0: RuntimeWarning: Replacing existing TH1: score_top_mixed_false_qcd_cut_300_pt_20_CNN_2D_LSTM_0_pt (Potential memory leak).
TFile::Append:0: RuntimeWarning: Replacing existing TH1: score_top_mixed_false_other_cut_300_pt_20_CNN_2D_LSTM_0_pt (Potential memory leak).
TFile::Append:0: RuntimeWarning: Replacing existing TH1: score_top_mixed_false_all_cut_300_pt_20_CNN_2D_LSTM_0_pt (Potential memory leak).
TFile::Append:0: RuntimeWarning: Replacing existing TH1: pt_top_mixed_true_20_CNN_2D_LSTM_0_pt (Potential memory leak).
TFile::Append:0: RuntimeWarning: Replacing existing TH1: pt_top_mixed_false_qcd_20_CNN_2D_LSTM_0_pt (Potential memory leak).
TFile::Append:0: RuntimeWarning: Replacing existing TH1: pt_top_mixed_false_other_20_CNN_2D_LSTM_0_pt (Potential memory leak).
TFile::Append:0: RuntimeWarning: Replacing existing TH1: pt_top_mixed_false_all_20_CNN_2D_LSTM_0_pt (Potential memory leak).
TFile::Append:0: RuntimeWarning: Replacing existing TH1: mass_top_mixed_true_20_CNN_2D_LSTM_0_pt (Potential memory leak).
TFile::Append:0: RuntimeWarning: Replacing existing TH1: mass_top_mixed_false_qcd_20_CNN_2D_LSTM_0_pt (Potential memory leak).
TFile::Append:0: RuntimeWarning: Replacing existing TH1: mass_top_mixed_false_other_20_CNN_2D_LSTM_0_pt (Potential memory leak).
TFile::Append:0: RuntimeWarning: Replacing existing TH1: mass_top_mixed_false_all_20_CNN_2D_LSTM_0_pt (Potential memory leak).
TFile::Append:0: RuntimeWarning: Replacing existing TH1: ntops_tot_20_CNN_2D_LSTM_0_pt (Potential memory leak).
TFile::Append:0: RuntimeWarning: Replacing existing TH1: score_3j1fj_true_20_CNN_2D_LSTM_0_pt (Potential memory leak).
TFile::Append:0: RuntimeWarning: Replacing existing TH1: score_3j0fj_true_20_CNN_2D_LSTM_0_pt (Potential memory leak).
TFile::Append:0: RuntimeWarning: Replacing existing TH1: score_2j1fj_true_20_CNN_2D_LSTM_0_pt (Potential memory leak).
TFile::Append:0: RuntimeWarning: Replacing existing TH1: score_3j1fj_false_20_CNN_2D_LSTM_0_pt (Potential memory leak).
TFile::Append:0: RuntimeWarning: Replacing existing TH1: score_3j0fj_false_20_CNN_2D_LSTM_0_pt (Potential memory leak).
TFile::Append:0: RuntimeWarning: Replacing existing TH1: score_2j1fj_false_20_CNN_2D_LSTM_0_pt (Potential memory leak).
TFile::Append:0: RuntimeWarning: Replacing existing TH1: score_top_mixed_true_20_CNN_2D_LSTM_200_pt (Potential memory leak).
TFile::Append:0: RuntimeWarning: Replacing existing TH1: score_top_mixed_false_qcd_20_CNN_2D_LSTM_200_pt (Potential memory leak).
TFile::Append:0: RuntimeWarning: Replacing existing TH1: score_top_mixed_false_other_20_CNN_2D_LSTM_200_pt (Potential memory leak).
TFile::Append:0: RuntimeWarning: Replacing existing TH1: score_top_mixed_false_all_20_CNN_2D_LSTM_200_pt (Potential memory leak).
TFile::Append:0: RuntimeWarning: Replacing existing TH1: score_top_mixed_true_cut_200_pt_20_CNN_2D_LSTM_200_pt (Potential memory leak).
TFile::Append:0: RuntimeWarning: Replacing existing TH1: score_top_mixed_false_qcd_cut_200_pt_20_CNN_2D_LSTM_200_pt (Potential memory leak).
TFile::Append:0: RuntimeWarning: Replacing existing TH1: score_top_mixed_false_other_cut_200_pt_20_CNN_2D_LSTM_200_pt (Potential memory leak).
TFile::Append:0: RuntimeWarning: Replacing existing TH1: score_top_mixed_false_all_cut_200_pt_20_CNN_2D_LSTM_200_pt (Potential memory leak).
TFile::Append:0: RuntimeWarning: Replacing existing TH1: score_top_mixed_true_cut_300_pt_20_CNN_2D_LSTM_200_pt (Potential memory leak).
TFile::Append:0: RuntimeWarning: Replacing existing TH1: score_top_mixed_false_qcd_cut_300_pt_20_CNN_2D_LSTM_200_pt (Potential memory leak).
TFile::Append:0: RuntimeWarning: Replacing existing TH1: score_top_mixed_false_other_cut_300_pt_20_CNN_2D_LSTM_200_pt (Potential memory leak).
TFile::Append:0: RuntimeWarning: Replacing existing TH1: score_top_mixed_false_all_cut_300_pt_20_CNN_2D_LSTM_200_pt (Potential memory leak).
TFile::Append:0: RuntimeWarning: Replacing existing TH1: pt_top_mixed_true_20_CNN_2D_LSTM_200_pt (Potential memory leak).
TFile::Append:0: RuntimeWarning: Replacing existing TH1: pt_top_mixed_false_qcd_20_CNN_2D_LSTM_200_pt (Potential memory leak).
TFile::Append:0: RuntimeWarning: Replacing existing TH1: pt_top_mixed_false_other_20_CNN_2D_LSTM_200_pt (Potential memory leak).
TFile::Append:0: RuntimeWarning: Replacing existing TH1: pt_top_mixed_false_all_20_CNN_2D_LSTM_200_pt (Potential memory leak).
TFile::Append:0: RuntimeWarning: Replacing existing TH1: mass_top_mixed_true_20_CNN_2D_LSTM_200_pt (Potential memory leak).
TFile::Append:0: RuntimeWarning: Replacing existing TH1: mass_top_mixed_false_qcd_20_CNN_2D_LSTM_200_pt (Potential memory leak).
TFile::Append:0: RuntimeWarning: Replacing existing TH1: mass_top_mixed_false_other_20_CNN_2D_LSTM_200_pt (Potential memory leak).
TFile::Append:0: RuntimeWarning: Replacing existing TH1: mass_top_mixed_false_all_20_CNN_2D_LSTM_200_pt (Potential memory leak).
TFile::Append:0: RuntimeWarning: Replacing existing TH1: ntops_tot_20_CNN_2D_LSTM_200_pt (Potential memory leak).
TFile::Append:0: RuntimeWarning: Replacing existing TH1: score_3j1fj_true_20_CNN_2D_LSTM_200_pt (Potential memory leak).
TFile::Append:0: RuntimeWarning: Replacing existing TH1: score_3j0fj_true_20_CNN_2D_LSTM_200_pt (Potential memory leak).
TFile::Append:0: RuntimeWarning: Replacing existing TH1: score_2j1fj_true_20_CNN_2D_LSTM_200_pt (Potential memory leak).
TFile::Append:0: RuntimeWarning: Replacing existing TH1: score_3j1fj_false_20_CNN_2D_LSTM_200_pt (Potential memory leak).
TFile::Append:0: RuntimeWarning: Replacing existing TH1: score_3j0fj_false_20_CNN_2D_LSTM_200_pt (Potential memory leak).
TFile::Append:0: RuntimeWarning: Replacing existing TH1: score_2j1fj_false_20_CNN_2D_LSTM_200_pt (Potential memory leak).
TFile::Append:0: RuntimeWarning: Replacing existing TH1: score_top_mixed_true_20_CNN_2D_LSTM_300_pt (Potential memory leak).
TFile::Append:0: RuntimeWarning: Replacing existing TH1: score_top_mixed_false_qcd_20_CNN_2D_LSTM_300_pt (Potential memory leak).
TFile::Append:0: RuntimeWarning: Replacing existing TH1: score_top_mixed_false_other_20_CNN_2D_LSTM_300_pt (Potential memory leak).
TFile::Append:0: RuntimeWarning: Replacing existing TH1: score_top_mixed_false_all_20_CNN_2D_LSTM_300_pt (Potential memory leak).
TFile::Append:0: RuntimeWarning: Replacing existing TH1: score_top_mixed_true_cut_200_pt_20_CNN_2D_LSTM_300_pt (Potential memory leak).
TFile::Append:0: RuntimeWarning: Replacing existing TH1: score_top_mixed_false_qcd_cut_200_pt_20_CNN_2D_LSTM_300_pt (Potential memory leak).
TFile::Append:0: RuntimeWarning: Replacing existing TH1: score_top_mixed_false_other_cut_200_pt_20_CNN_2D_LSTM_300_pt (Potential memory leak).
TFile::Append:0: RuntimeWarning: Replacing existing TH1: score_top_mixed_false_all_cut_200_pt_20_CNN_2D_LSTM_300_pt (Potential memory leak).
TFile::Append:0: RuntimeWarning: Replacing existing TH1: score_top_mixed_true_cut_300_pt_20_CNN_2D_LSTM_300_pt (Potential memory leak).
TFile::Append:0: RuntimeWarning: Replacing existing TH1: score_top_mixed_false_qcd_cut_300_pt_20_CNN_2D_LSTM_300_pt (Potential memory leak).
TFile::Append:0: RuntimeWarning: Replacing existing TH1: score_top_mixed_false_other_cut_300_pt_20_CNN_2D_LSTM_300_pt (Potential memory leak).
TFile::Append:0: RuntimeWarning: Replacing existing TH1: score_top_mixed_false_all_cut_300_pt_20_CNN_2D_LSTM_300_pt (Potential memory leak).
TFile::Append:0: RuntimeWarning: Replacing existing TH1: pt_top_mixed_true_20_CNN_2D_LSTM_300_pt (Potential memory leak).
TFile::Append:0: RuntimeWarning: Replacing existing TH1: pt_top_mixed_false_qcd_20_CNN_2D_LSTM_300_pt (Potential memory leak).
TFile::Append:0: RuntimeWarning: Replacing existing TH1: pt_top_mixed_false_other_20_CNN_2D_LSTM_300_pt (Potential memory leak).
TFile::Append:0: RuntimeWarning: Replacing existing TH1: pt_top_mixed_false_all_20_CNN_2D_LSTM_300_pt (Potential memory leak).
TFile::Append:0: RuntimeWarning: Replacing existing TH1: mass_top_mixed_true_20_CNN_2D_LSTM_300_pt (Potential memory leak).
TFile::Append:0: RuntimeWarning: Replacing existing TH1: mass_top_mixed_false_qcd_20_CNN_2D_LSTM_300_pt (Potential memory leak).
TFile::Append:0: RuntimeWarning: Replacing existing TH1: mass_top_mixed_false_other_20_CNN_2D_LSTM_300_pt (Potential memory leak).
TFile::Append:0: RuntimeWarning: Replacing existing TH1: mass_top_mixed_false_all_20_CNN_2D_LSTM_300_pt (Potential memory leak).
TFile::Append:0: RuntimeWarning: Replacing existing TH1: ntops_tot_20_CNN_2D_LSTM_300_pt (Potential memory leak).
TFile::Append:0: RuntimeWarning: Replacing existing TH1: score_3j1fj_true_20_CNN_2D_LSTM_300_pt (Potential memory leak).
TFile::Append:0: RuntimeWarning: Replacing existing TH1: score_3j0fj_true_20_CNN_2D_LSTM_300_pt (Potential memory leak).
TFile::Append:0: RuntimeWarning: Replacing existing TH1: score_2j1fj_true_20_CNN_2D_LSTM_300_pt (Potential memory leak).
TFile::Append:0: RuntimeWarning: Replacing existing TH1: score_3j1fj_false_20_CNN_2D_LSTM_300_pt (Potential memory leak).
TFile::Append:0: RuntimeWarning: Replacing existing TH1: score_3j0fj_false_20_CNN_2D_LSTM_300_pt (Potential memory leak).
TFile::Append:0: RuntimeWarning: Replacing existing TH1: score_2j1fj_false_20_CNN_2D_LSTM_300_pt (Potential memory leak).
/bin/env: ‘python’: No such file or directory
