000 (7706907.000.000) 11/09 16:58:44 Job submitted from host: <137.138.55.115:9618?addrs=137.138.55.115-9618+[2001-1458-d00-17--12a]-9618&alias=bigbird23.cern.ch&noUDP&sock=schedd_4975_03c1>
...
040 (7706907.000.000) 11/09 16:59:01 Started transferring input files
	Transferring to host: <128.142.161.118:9618?addrs=128.142.161.118-9618+[2001-1458-301-b8--100-34]-9618&alias=b9g03p9322.cern.ch&noUDP&sock=slot1_21_1075640_6fd6_17721>
...
040 (7706907.000.000) 11/09 16:59:01 Finished transferring input files
...
001 (7706907.000.000) 11/09 16:59:02 Job executing on host: <128.142.161.118:9618?addrs=128.142.161.118-9618+[2001-1458-301-b8--100-34]-9618&alias=b9g03p9322.cern.ch&noUDP&sock=startd_6876_f14b>
	SlotName: slot1_21@b9g03p9322.cern.ch
	CondorScratchDir = "/pool/condor/dir_1259256"
	Cpus = 1
	Disk = 3163759
	Memory = 2000
...
006 (7706907.000.000) 11/09 16:59:11 Image size of job updated: 515272
	503  -  MemoryUsage of job (MB)
	514856  -  ResidentSetSize of job (KB)
...
006 (7706907.000.000) 11/09 17:01:12 Image size of job updated: 1235716
	662  -  MemoryUsage of job (MB)
	677532  -  ResidentSetSize of job (KB)
...
040 (7706907.000.000) 11/09 17:01:12 Started transferring output files
...
040 (7706907.000.000) 11/09 17:01:12 Finished transferring output files
...
005 (7706907.000.000) 11/09 17:01:12 Job terminated.
	(1) Normal termination (return value 1)
		Usr 0 00:00:13, Sys 0 00:00:03  -  Run Remote Usage
		Usr 0 00:00:00, Sys 0 00:00:00  -  Run Local Usage
		Usr 0 00:00:13, Sys 0 00:00:03  -  Total Remote Usage
		Usr 0 00:00:00, Sys 0 00:00:00  -  Total Local Usage
	8690  -  Run Bytes Sent By Job
	10716  -  Run Bytes Received By Job
	8690  -  Total Bytes Sent By Job
	10716  -  Total Bytes Received By Job
	Partitionable Resources :    Usage  Request Allocated 
	   Cpus                 :                 1         1 
	   Disk (KB)            :       33       12   3163759 
	   Memory (MB)          :      662     2000      2000 

	Job terminated of its own accord at 2024-11-09T16:01:12Z with exit-code 1.
...
000 (7706935.000.000) 11/09 17:26:24 Job submitted from host: <137.138.55.115:9618?addrs=137.138.55.115-9618+[2001-1458-d00-17--12a]-9618&alias=bigbird23.cern.ch&noUDP&sock=schedd_4975_03c1>
...
040 (7706935.000.000) 11/09 17:30:13 Started transferring input files
	Transferring to host: <188.185.193.60:9618?addrs=188.185.193.60-9618+[2001-1458-303-20--100-38]-9618&alias=b9p19p3889.cern.ch&noUDP&sock=slot1_25_1331362_b834_24455>
...
040 (7706935.000.000) 11/09 17:30:13 Finished transferring input files
...
001 (7706935.000.000) 11/09 17:30:14 Job executing on host: <188.185.193.60:9618?addrs=188.185.193.60-9618+[2001-1458-303-20--100-38]-9618&alias=b9p19p3889.cern.ch&noUDP&sock=startd_7048_eb95>
	SlotName: slot1_25@b9p19p3889.cern.ch
	CondorScratchDir = "/pool/condor/dir_1049094"
	Cpus = 1
	Disk = 3909
	GPUs = 0
	Memory = 2000
...
006 (7706935.000.000) 11/09 17:30:23 Image size of job updated: 457268
	447  -  MemoryUsage of job (MB)
	457268  -  ResidentSetSize of job (KB)
...
006 (7706935.000.000) 11/09 17:35:18 Image size of job updated: 596032
	583  -  MemoryUsage of job (MB)
	596032  -  ResidentSetSize of job (KB)
...
040 (7706935.000.000) 11/09 17:35:19 Started transferring output files
...
040 (7706935.000.000) 11/09 17:35:19 Finished transferring output files
...
005 (7706935.000.000) 11/09 17:35:19 Job terminated.
	(1) Normal termination (return value 0)
		Usr 0 00:04:04, Sys 0 00:00:08  -  Run Remote Usage
		Usr 0 00:00:00, Sys 0 00:00:00  -  Run Local Usage
		Usr 0 00:04:04, Sys 0 00:00:08  -  Total Remote Usage
		Usr 0 00:00:00, Sys 0 00:00:00  -  Total Local Usage
	8097  -  Run Bytes Sent By Job
	10716  -  Run Bytes Received By Job
	8097  -  Total Bytes Sent By Job
	10716  -  Total Bytes Received By Job
	Partitionable Resources :    Usage  Request Allocated 
	   Cpus                 :        0        1         1 
	   Disk (KB)            :       41       12      3909 
	   GPUs                 :                           0 
	   Memory (MB)          :      583     2000      2000 

	Job terminated of its own accord at 2024-11-09T16:35:18Z with exit-code 0.
...
000 (7707812.000.000) 11/09 18:45:55 Job submitted from host: <137.138.55.115:9618?addrs=137.138.55.115-9618+[2001-1458-d00-17--12a]-9618&alias=bigbird23.cern.ch&noUDP&sock=schedd_4975_03c1>
...
040 (7707812.000.000) 11/09 18:56:34 Started transferring input files
	Transferring to host: <128.142.248.84:9618?addrs=128.142.248.84-9618+[2001-1458-301-73--100-144]-9618&alias=b9g23p6084.cern.ch&noUDP&sock=slot1_19_2819201_e42b_24364>
...
040 (7707812.000.000) 11/09 18:56:34 Finished transferring input files
...
001 (7707812.000.000) 11/09 18:56:35 Job executing on host: <128.142.248.84:9618?addrs=128.142.248.84-9618+[2001-1458-301-73--100-144]-9618&alias=b9g23p6084.cern.ch&noUDP&sock=startd_5715_97d6>
	SlotName: slot1_19@b9g23p6084.cern.ch
	CondorScratchDir = "/pool/condor/dir_3762367"
	Cpus = 1
	Disk = 3014375
	Memory = 2000
...
006 (7707812.000.000) 11/09 18:56:44 Image size of job updated: 84096
	82  -  MemoryUsage of job (MB)
	83772  -  ResidentSetSize of job (KB)
...
006 (7707812.000.000) 11/09 19:01:44 Image size of job updated: 1919288
	1875  -  MemoryUsage of job (MB)
	1919288  -  ResidentSetSize of job (KB)
...
006 (7707812.000.000) 11/09 19:02:15 Image size of job updated: 2087004
	1875  -  MemoryUsage of job (MB)
	1919288  -  ResidentSetSize of job (KB)
...
040 (7707812.000.000) 11/09 19:02:15 Started transferring output files
...
040 (7707812.000.000) 11/09 19:02:15 Finished transferring output files
...
005 (7707812.000.000) 11/09 19:02:15 Job terminated.
	(1) Normal termination (return value 0)
		Usr 0 00:04:30, Sys 0 00:00:08  -  Run Remote Usage
		Usr 0 00:00:00, Sys 0 00:00:00  -  Run Local Usage
		Usr 0 00:04:30, Sys 0 00:00:08  -  Total Remote Usage
		Usr 0 00:00:00, Sys 0 00:00:00  -  Total Local Usage
	8097  -  Run Bytes Sent By Job
	10716  -  Run Bytes Received By Job
	8097  -  Total Bytes Sent By Job
	10716  -  Total Bytes Received By Job
	Partitionable Resources :    Usage  Request Allocated 
	   Cpus                 :     0.97        1         1 
	   Disk (KB)            :    40          12   3014375 
	   Memory (MB)          :  1875        2000      2000 

	Job terminated of its own accord at 2024-11-09T18:02:15Z with exit-code 0.
...
000 (7709332.000.000) 11/09 22:36:58 Job submitted from host: <137.138.55.115:9618?addrs=137.138.55.115-9618+[2001-1458-d00-17--12a]-9618&alias=bigbird23.cern.ch&noUDP&sock=schedd_4975_03c1>
...
040 (7709332.000.000) 11/10 02:05:41 Started transferring input files
	Transferring to host: <188.185.207.196:9618?addrs=188.185.207.196-9618+[2001-1458-303-e--100-41]-9618&alias=b9p08p9528.cern.ch&noUDP&sock=slot1_68_1905047_b335_5255>
...
040 (7709332.000.000) 11/10 02:05:41 Finished transferring input files
...
001 (7709332.000.000) 11/10 02:05:42 Job executing on host: <188.185.207.196:9618?addrs=188.185.207.196-9618+[2001-1458-303-e--100-41]-9618&alias=b9p08p9528.cern.ch&noUDP&sock=startd_4365_9afc>
	SlotName: slot1_68@b9p08p9528.cern.ch
	CondorScratchDir = "/pool/condor/dir_3276157"
	Cpus = 1
	Disk = 2906898
	Memory = 2000
...
006 (7709332.000.000) 11/10 02:05:51 Image size of job updated: 713856
	698  -  MemoryUsage of job (MB)
	713856  -  ResidentSetSize of job (KB)
...
006 (7709332.000.000) 11/10 02:07:34 Image size of job updated: 2370980
	784  -  MemoryUsage of job (MB)
	802472  -  ResidentSetSize of job (KB)
...
040 (7709332.000.000) 11/10 02:07:34 Started transferring output files
...
040 (7709332.000.000) 11/10 02:07:34 Finished transferring output files
...
005 (7709332.000.000) 11/10 02:07:34 Job terminated.
	(1) Normal termination (return value 0)
		Usr 0 00:01:30, Sys 0 00:00:04  -  Run Remote Usage
		Usr 0 00:00:00, Sys 0 00:00:00  -  Run Local Usage
		Usr 0 00:01:30, Sys 0 00:00:04  -  Total Remote Usage
		Usr 0 00:00:00, Sys 0 00:00:00  -  Total Local Usage
	8091  -  Run Bytes Sent By Job
	10716  -  Run Bytes Received By Job
	8091  -  Total Bytes Sent By Job
	10716  -  Total Bytes Received By Job
	Partitionable Resources :    Usage  Request Allocated 
	   Cpus                 :        0        1         1 
	   Disk (KB)            :       46       12   2906898 
	   Memory (MB)          :      784     2000      2000 

	Job terminated of its own accord at 2024-11-10T01:07:34Z with exit-code 0.
...
000 (7712083.000.000) 11/10 19:35:30 Job submitted from host: <137.138.55.115:9618?addrs=137.138.55.115-9618+[2001-1458-d00-17--12a]-9618&alias=bigbird23.cern.ch&noUDP&sock=schedd_4975_03c1>
...
040 (7712083.000.000) 11/10 19:36:38 Started transferring input files
	Transferring to host: <128.142.161.108:9618?addrs=128.142.161.108-9618+[2001-1458-301-b8--100-2a]-9618&alias=b9g03p5951.cern.ch&noUDP&sock=slot1_38_3637254_3bfd_11937>
...
040 (7712083.000.000) 11/10 19:36:38 Finished transferring input files
...
001 (7712083.000.000) 11/10 19:36:39 Job executing on host: <128.142.161.108:9618?addrs=128.142.161.108-9618+[2001-1458-301-b8--100-2a]-9618&alias=b9g03p5951.cern.ch&noUDP&sock=startd_3169_3fb7>
	SlotName: slot1_38@b9g03p5951.cern.ch
	CondorScratchDir = "/pool/condor/dir_1879466"
	Cpus = 1
	Disk = 4055
	GPUs = 0
	Memory = 2000
...
006 (7712083.000.000) 11/10 19:36:47 Image size of job updated: 481052
	470  -  MemoryUsage of job (MB)
	481052  -  ResidentSetSize of job (KB)
...
006 (7712083.000.000) 11/10 19:40:10 Image size of job updated: 603748
	590  -  MemoryUsage of job (MB)
	603748  -  ResidentSetSize of job (KB)
...
040 (7712083.000.000) 11/10 19:40:10 Started transferring output files
...
040 (7712083.000.000) 11/10 19:40:10 Finished transferring output files
...
005 (7712083.000.000) 11/10 19:40:10 Job terminated.
	(1) Normal termination (return value 0)
		Usr 0 00:02:46, Sys 0 00:00:04  -  Run Remote Usage
		Usr 0 00:00:00, Sys 0 00:00:00  -  Run Local Usage
		Usr 0 00:02:46, Sys 0 00:00:04  -  Total Remote Usage
		Usr 0 00:00:00, Sys 0 00:00:00  -  Total Local Usage
	8099  -  Run Bytes Sent By Job
	10716  -  Run Bytes Received By Job
	8099  -  Total Bytes Sent By Job
	10716  -  Total Bytes Received By Job
	Partitionable Resources :    Usage  Request Allocated 
	   Cpus                 :     0.97        1         1 
	   Disk (KB)            :    41          12      4055 
	   GPUs                 :                           0 
	   Memory (MB)          :   590        2000      2000 

	Job terminated of its own accord at 2024-11-10T18:40:10Z with exit-code 0.
...
000 (7714708.000.000) 11/11 11:27:46 Job submitted from host: <137.138.55.115:9618?addrs=137.138.55.115-9618+[2001-1458-d00-17--12a]-9618&alias=bigbird23.cern.ch&noUDP&sock=schedd_4975_03c1>
...
009 (7714708.000.000) 11/11 11:28:15 Job was aborted.
	via condor_rm (by user fsalerno)
...
000 (7714710.000.000) 11/11 11:28:35 Job submitted from host: <137.138.55.115:9618?addrs=137.138.55.115-9618+[2001-1458-d00-17--12a]-9618&alias=bigbird23.cern.ch&noUDP&sock=schedd_4975_03c1>
...
040 (7714710.000.000) 11/11 11:42:58 Started transferring input files
	Transferring to host: <188.185.196.12:9618?addrs=188.185.196.12-9618+[2001-1458-303-23--100-8]-9618&alias=b9p16p2305.cern.ch&noUDP&sock=slot1_35_6212_aa76_26254>
...
040 (7714710.000.000) 11/11 11:42:58 Finished transferring input files
...
001 (7714710.000.000) 11/11 11:42:59 Job executing on host: <188.185.196.12:9618?addrs=188.185.196.12-9618+[2001-1458-303-23--100-8]-9618&alias=b9p16p2305.cern.ch&noUDP&sock=startd_5107_8e41>
	SlotName: slot1_35@b9p16p2305.cern.ch
	CondorScratchDir = "/pool/condor/dir_2933210"
	Cpus = 1
	Disk = 3693
	GPUs = 0
	Memory = 2000
...
006 (7714710.000.000) 11/11 11:43:08 Image size of job updated: 290928
	285  -  MemoryUsage of job (MB)
	290928  -  ResidentSetSize of job (KB)
...
006 (7714710.000.000) 11/11 11:48:09 Image size of job updated: 738632
	722  -  MemoryUsage of job (MB)
	738632  -  ResidentSetSize of job (KB)
...
006 (7714710.000.000) 11/11 11:53:09 Image size of job updated: 1088908
	1064  -  MemoryUsage of job (MB)
	1088908  -  ResidentSetSize of job (KB)
...
006 (7714710.000.000) 11/11 11:58:09 Image size of job updated: 1097260
	1072  -  MemoryUsage of job (MB)
	1097260  -  ResidentSetSize of job (KB)
...
006 (7714710.000.000) 11/11 12:03:10 Image size of job updated: 1104864
	1079  -  MemoryUsage of job (MB)
	1104864  -  ResidentSetSize of job (KB)
...
006 (7714710.000.000) 11/11 12:08:11 Image size of job updated: 1106776
	1081  -  MemoryUsage of job (MB)
	1106776  -  ResidentSetSize of job (KB)
...
006 (7714710.000.000) 11/11 12:13:11 Image size of job updated: 1116296
	1091  -  MemoryUsage of job (MB)
	1116296  -  ResidentSetSize of job (KB)
...
006 (7714710.000.000) 11/11 12:18:12 Image size of job updated: 1801580
	1760  -  MemoryUsage of job (MB)
	1801580  -  ResidentSetSize of job (KB)
...
006 (7714710.000.000) 11/11 12:23:13 Image size of job updated: 1807656
	1766  -  MemoryUsage of job (MB)
	1807656  -  ResidentSetSize of job (KB)
...
006 (7714710.000.000) 11/11 12:28:14 Image size of job updated: 1905360
	1861  -  MemoryUsage of job (MB)
	1905360  -  ResidentSetSize of job (KB)
...
006 (7714710.000.000) 11/11 12:33:14 Image size of job updated: 1907388
	1863  -  MemoryUsage of job (MB)
	1907388  -  ResidentSetSize of job (KB)
...
006 (7714710.000.000) 11/11 12:38:14 Image size of job updated: 1910304
	1866  -  MemoryUsage of job (MB)
	1910304  -  ResidentSetSize of job (KB)
...
006 (7714710.000.000) 11/11 12:53:15 Image size of job updated: 2023296
	1976  -  MemoryUsage of job (MB)
	2023296  -  ResidentSetSize of job (KB)
...
006 (7714710.000.000) 11/11 13:23:19 Image size of job updated: 2079944
	2032  -  MemoryUsage of job (MB)
	2079944  -  ResidentSetSize of job (KB)
...
006 (7714710.000.000) 11/11 13:28:19 Image size of job updated: 2086956
	2039  -  MemoryUsage of job (MB)
	2086956  -  ResidentSetSize of job (KB)
...
006 (7714710.000.000) 11/11 13:38:20 Image size of job updated: 2087748
	2039  -  MemoryUsage of job (MB)
	2087748  -  ResidentSetSize of job (KB)
...
006 (7714710.000.000) 11/11 13:43:21 Image size of job updated: 2088144
	2040  -  MemoryUsage of job (MB)
	2088144  -  ResidentSetSize of job (KB)
...
040 (7714710.000.000) 11/11 16:57:56 Started transferring output files
...
040 (7714710.000.000) 11/11 16:57:56 Finished transferring output files
...
005 (7714710.000.000) 11/11 16:57:56 Job terminated.
	(1) Normal termination (return value 0)
		Usr 0 05:04:28, Sys 0 00:02:27  -  Run Remote Usage
		Usr 0 00:00:00, Sys 0 00:00:00  -  Run Local Usage
		Usr 0 05:04:28, Sys 0 00:02:27  -  Total Remote Usage
		Usr 0 00:00:00, Sys 0 00:00:00  -  Total Local Usage
	20297  -  Run Bytes Sent By Job
	10712  -  Run Bytes Received By Job
	20297  -  Total Bytes Sent By Job
	10712  -  Total Bytes Received By Job
	Partitionable Resources :    Usage  Request Allocated 
	   Cpus                 :     0.99        1         1 
	   Disk (KB)            :    53          12      3693 
	   GPUs                 :                           0 
	   Memory (MB)          :  2040        2000      2000 

	Job terminated of its own accord at 2024-11-11T15:57:56Z with exit-code 0.
...
000 (7743082.000.000) 11/16 17:42:40 Job submitted from host: <137.138.55.115:9618?addrs=137.138.55.115-9618+[2001-1458-d00-17--12a]-9618&alias=bigbird23.cern.ch&noUDP&sock=schedd_4975_03c1>
...
040 (7743082.000.000) 11/16 18:31:00 Started transferring input files
	Transferring to host: <188.185.207.180:9618?addrs=188.185.207.180-9618+[2001-1458-303-e--100-31]-9618&alias=b9p08p9471.cern.ch&noUDP&sock=slot1_16_7929_729c_38830>
...
040 (7743082.000.000) 11/16 18:31:00 Finished transferring input files
...
001 (7743082.000.000) 11/16 18:31:01 Job executing on host: <188.185.207.180:9618?addrs=188.185.207.180-9618+[2001-1458-303-e--100-31]-9618&alias=b9p08p9471.cern.ch&noUDP&sock=startd_7025_24e7>
	SlotName: slot1_16@b9p08p9471.cern.ch
	CondorScratchDir = "/pool/condor/dir_785112"
	Cpus = 1
	Disk = 3678
	GPUs = 0
	Memory = 2000
...
006 (7743082.000.000) 11/16 18:31:10 Image size of job updated: 484860
	474  -  MemoryUsage of job (MB)
	484860  -  ResidentSetSize of job (KB)
...
006 (7743082.000.000) 11/16 18:36:12 Image size of job updated: 1558208
	1522  -  MemoryUsage of job (MB)
	1558208  -  ResidentSetSize of job (KB)
...
006 (7743082.000.000) 11/16 18:41:12 Image size of job updated: 1570556
	1534  -  MemoryUsage of job (MB)
	1570556  -  ResidentSetSize of job (KB)
...
040 (7743082.000.000) 11/16 18:44:30 Started transferring output files
...
040 (7743082.000.000) 11/16 18:44:30 Finished transferring output files
...
005 (7743082.000.000) 11/16 18:44:30 Job terminated.
	(1) Normal termination (return value 0)
		Usr 0 00:12:28, Sys 0 00:00:07  -  Run Remote Usage
		Usr 0 00:00:00, Sys 0 00:00:00  -  Run Local Usage
		Usr 0 00:12:28, Sys 0 00:00:07  -  Total Remote Usage
		Usr 0 00:00:00, Sys 0 00:00:00  -  Total Local Usage
	8893  -  Run Bytes Sent By Job
	10716  -  Run Bytes Received By Job
	8893  -  Total Bytes Sent By Job
	10716  -  Total Bytes Received By Job
	Partitionable Resources :    Usage  Request Allocated 
	   Cpus                 :     0.99        1         1 
	   Disk (KB)            :    44          12      3678 
	   GPUs                 :                           0 
	   Memory (MB)          :  1534        2000      2000 

	Job terminated of its own accord at 2024-11-16T17:44:30Z with exit-code 0.
...
000 (7743396.000.000) 11/16 19:43:37 Job submitted from host: <137.138.55.115:9618?addrs=137.138.55.115-9618+[2001-1458-d00-17--12a]-9618&alias=bigbird23.cern.ch&noUDP&sock=schedd_4975_03c1>
...
040 (7743396.000.000) 11/16 21:03:08 Started transferring input files
	Transferring to host: <128.142.132.188:9618?addrs=128.142.132.188-9618+[2001-1458-301-5a--100-b0]-9618&alias=b9g12p2884.cern.ch&noUDP&sock=slot1_14_2557957_dc2c_18493>
...
040 (7743396.000.000) 11/16 21:03:08 Finished transferring input files
...
001 (7743396.000.000) 11/16 21:03:09 Job executing on host: <128.142.132.188:9618?addrs=128.142.132.188-9618+[2001-1458-301-5a--100-b0]-9618&alias=b9g12p2884.cern.ch&noUDP&sock=startd_2480_a6f6>
	SlotName: slot1_14@b9g12p2884.cern.ch
	CondorScratchDir = "/pool/condor/dir_143482"
	Cpus = 1
	Disk = 2728
	GPUs = 0
	Memory = 2000
...
006 (7743396.000.000) 11/16 21:03:17 Image size of job updated: 377104
	369  -  MemoryUsage of job (MB)
	377104  -  ResidentSetSize of job (KB)
...
006 (7743396.000.000) 11/16 21:08:17 Image size of job updated: 1011080
	988  -  MemoryUsage of job (MB)
	1011080  -  ResidentSetSize of job (KB)
...
006 (7743396.000.000) 11/16 21:13:17 Image size of job updated: 1175964
	1149  -  MemoryUsage of job (MB)
	1175964  -  ResidentSetSize of job (KB)
...
006 (7743396.000.000) 11/16 21:18:18 Image size of job updated: 1333604
	1303  -  MemoryUsage of job (MB)
	1333604  -  ResidentSetSize of job (KB)
...
006 (7743396.000.000) 11/16 21:23:18 Image size of job updated: 1340344
	1309  -  MemoryUsage of job (MB)
	1340344  -  ResidentSetSize of job (KB)
...
006 (7743396.000.000) 11/16 21:28:18 Image size of job updated: 1342500
	1312  -  MemoryUsage of job (MB)
	1342500  -  ResidentSetSize of job (KB)
...
006 (7743396.000.000) 11/16 21:33:19 Image size of job updated: 1345292
	1314  -  MemoryUsage of job (MB)
	1345292  -  ResidentSetSize of job (KB)
...
006 (7743396.000.000) 11/16 21:38:20 Image size of job updated: 1353232
	1322  -  MemoryUsage of job (MB)
	1353232  -  ResidentSetSize of job (KB)
...
006 (7743396.000.000) 11/16 21:43:20 Image size of job updated: 1585060
	1548  -  MemoryUsage of job (MB)
	1585060  -  ResidentSetSize of job (KB)
...
006 (7743396.000.000) 11/16 21:48:21 Image size of job updated: 1723520
	1684  -  MemoryUsage of job (MB)
	1723520  -  ResidentSetSize of job (KB)
...
006 (7743396.000.000) 11/16 21:53:22 Image size of job updated: 1823592
	1781  -  MemoryUsage of job (MB)
	1823592  -  ResidentSetSize of job (KB)
...
006 (7743396.000.000) 11/16 21:58:22 Image size of job updated: 1825848
	1784  -  MemoryUsage of job (MB)
	1825848  -  ResidentSetSize of job (KB)
...
006 (7743396.000.000) 11/16 22:03:23 Image size of job updated: 1829816
	1787  -  MemoryUsage of job (MB)
	1829816  -  ResidentSetSize of job (KB)
...
006 (7743396.000.000) 11/16 22:08:24 Image size of job updated: 1889284
	1846  -  MemoryUsage of job (MB)
	1889284  -  ResidentSetSize of job (KB)
...
006 (7743396.000.000) 11/16 22:13:24 Image size of job updated: 1914992
	1871  -  MemoryUsage of job (MB)
	1914992  -  ResidentSetSize of job (KB)
...
006 (7743396.000.000) 11/16 22:18:24 Image size of job updated: 1923632
	1879  -  MemoryUsage of job (MB)
	1923632  -  ResidentSetSize of job (KB)
...
006 (7743396.000.000) 11/16 22:23:25 Image size of job updated: 2165696
	2115  -  MemoryUsage of job (MB)
	2165696  -  ResidentSetSize of job (KB)
...
040 (7743396.000.000) 11/16 23:34:17 Started transferring output files
...
040 (7743396.000.000) 11/16 23:34:17 Finished transferring output files
...
005 (7743396.000.000) 11/16 23:34:17 Job terminated.
	(1) Normal termination (return value 0)
		Usr 0 02:26:08, Sys 0 00:01:06  -  Run Remote Usage
		Usr 0 00:00:00, Sys 0 00:00:00  -  Run Local Usage
		Usr 0 02:26:08, Sys 0 00:01:06  -  Total Remote Usage
		Usr 0 00:00:00, Sys 0 00:00:00  -  Total Local Usage
	13602  -  Run Bytes Sent By Job
	10716  -  Run Bytes Received By Job
	13602  -  Total Bytes Sent By Job
	10716  -  Total Bytes Received By Job
	Partitionable Resources :    Usage  Request Allocated 
	   Cpus                 :     0.98        1         1 
	   Disk (KB)            :    47          12      2728 
	   GPUs                 :                           0 
	   Memory (MB)          :  2115        2000      2000 

	Job terminated of its own accord at 2024-11-16T22:34:17Z with exit-code 0.
...
000 (7747273.000.000) 11/17 18:18:00 Job submitted from host: <137.138.55.115:9618?addrs=137.138.55.115-9618+[2001-1458-d00-17--12a]-9618&alias=bigbird23.cern.ch&noUDP&sock=schedd_4975_03c1>
...
040 (7747273.000.000) 11/17 18:37:26 Started transferring input files
	Transferring to host: <128.142.51.210:9618?addrs=128.142.51.210-9618+[2001-1458-301-3--100-f]-9618&alias=b9g02p5012.cern.ch&noUDP&sock=slot1_40_5941_b8cb_13516>
...
040 (7747273.000.000) 11/17 18:37:26 Finished transferring input files
...
001 (7747273.000.000) 11/17 18:37:29 Job executing on host: <128.142.51.210:9618?addrs=128.142.51.210-9618+[2001-1458-301-3--100-f]-9618&alias=b9g02p5012.cern.ch&noUDP&sock=startd_4873_0d18>
	SlotName: slot1_40@b9g02p5012.cern.ch
	CondorScratchDir = "/pool/condor/dir_1459847"
	Cpus = 1
	Disk = 2946896
	Memory = 2000
...
006 (7747273.000.000) 11/17 18:37:37 Image size of job updated: 220308
	216  -  MemoryUsage of job (MB)
	220300  -  ResidentSetSize of job (KB)
...
006 (7747273.000.000) 11/17 18:42:37 Image size of job updated: 1105224
	1080  -  MemoryUsage of job (MB)
	1105224  -  ResidentSetSize of job (KB)
...
006 (7747273.000.000) 11/17 18:47:38 Image size of job updated: 1422332
	1389  -  MemoryUsage of job (MB)
	1422332  -  ResidentSetSize of job (KB)
...
006 (7747273.000.000) 11/17 18:52:38 Image size of job updated: 2107300
	1999  -  MemoryUsage of job (MB)
	2045976  -  ResidentSetSize of job (KB)
...
006 (7747273.000.000) 11/17 18:57:38 Image size of job updated: 2173340
	2123  -  MemoryUsage of job (MB)
	2173124  -  ResidentSetSize of job (KB)
...
006 (7747273.000.000) 11/17 19:02:39 Image size of job updated: 2362348
	2307  -  MemoryUsage of job (MB)
	2362096  -  ResidentSetSize of job (KB)
...
006 (7747273.000.000) 11/17 19:08:32 Image size of job updated: 2364952
	2307  -  MemoryUsage of job (MB)
	2362096  -  ResidentSetSize of job (KB)
...
006 (7747273.000.000) 11/17 19:12:40 Image size of job updated: 2414208
	2358  -  MemoryUsage of job (MB)
	2414076  -  ResidentSetSize of job (KB)
...
006 (7747273.000.000) 11/17 19:17:41 Image size of job updated: 2596536
	2419  -  MemoryUsage of job (MB)
	2476908  -  ResidentSetSize of job (KB)
...
006 (7747273.000.000) 11/17 19:22:41 Image size of job updated: 2596536
	2533  -  MemoryUsage of job (MB)
	2593212  -  ResidentSetSize of job (KB)
...
006 (7747273.000.000) 11/17 19:27:56 Image size of job updated: 2760148
	2533  -  MemoryUsage of job (MB)
	2593212  -  ResidentSetSize of job (KB)
...
040 (7747273.000.000) 11/17 19:27:57 Started transferring output files
...
040 (7747273.000.000) 11/17 19:27:57 Finished transferring output files
...
005 (7747273.000.000) 11/17 19:27:59 Job terminated.
	(1) Normal termination (return value 0)
		Usr 0 00:47:24, Sys 0 00:00:26  -  Run Remote Usage
		Usr 0 00:00:00, Sys 0 00:00:00  -  Run Local Usage
		Usr 0 00:47:24, Sys 0 00:00:26  -  Total Remote Usage
		Usr 0 00:00:00, Sys 0 00:00:00  -  Total Local Usage
	13610  -  Run Bytes Sent By Job
	10712  -  Run Bytes Received By Job
	13610  -  Total Bytes Sent By Job
	10712  -  Total Bytes Received By Job
	Partitionable Resources :    Usage  Request Allocated 
	   Cpus                 :     0.98        1         1 
	   Disk (KB)            :    46          12   2946896 
	   Memory (MB)          :  2533        2000      2000 

	Job terminated of its own accord at 2024-11-17T18:26:47Z with exit-code 0.
...
000 (7747714.000.000) 11/17 22:58:39 Job submitted from host: <137.138.55.115:9618?addrs=137.138.55.115-9618+[2001-1458-d00-17--12a]-9618&alias=bigbird23.cern.ch&noUDP&sock=schedd_4975_03c1>
...
040 (7747714.000.000) 11/17 23:08:16 Started transferring input files
	Transferring to host: <128.142.33.10:9618?addrs=128.142.33.10-9618+[2001-1458-301-53--100-7]-9618&alias=b9g34p5473.cern.ch&noUDP&sock=slot1_9_6335_549b_7129>
...
040 (7747714.000.000) 11/17 23:08:16 Finished transferring input files
...
001 (7747714.000.000) 11/17 23:08:17 Job executing on host: <128.142.33.10:9618?addrs=128.142.33.10-9618+[2001-1458-301-53--100-7]-9618&alias=b9g34p5473.cern.ch&noUDP&sock=startd_5617_5f8e>
	SlotName: slot1_9@b9g34p5473.cern.ch
	CondorScratchDir = "/pool/condor/dir_1630762"
	Cpus = 1
	Disk = 3750
	GPUs = 0
	Memory = 2000
...
006 (7747714.000.000) 11/17 23:08:25 Image size of job updated: 408164
	399  -  MemoryUsage of job (MB)
	408164  -  ResidentSetSize of job (KB)
...
006 (7747714.000.000) 11/17 23:13:25 Image size of job updated: 1294592
	1265  -  MemoryUsage of job (MB)
	1294592  -  ResidentSetSize of job (KB)
...
006 (7747714.000.000) 11/17 23:18:26 Image size of job updated: 1522344
	1487  -  MemoryUsage of job (MB)
	1522344  -  ResidentSetSize of job (KB)
...
006 (7747714.000.000) 11/17 23:23:26 Image size of job updated: 2058284
	2011  -  MemoryUsage of job (MB)
	2058284  -  ResidentSetSize of job (KB)
...
006 (7747714.000.000) 11/17 23:28:26 Image size of job updated: 2112064
	2063  -  MemoryUsage of job (MB)
	2112064  -  ResidentSetSize of job (KB)
...
006 (7747714.000.000) 11/17 23:33:26 Image size of job updated: 2173000
	2123  -  MemoryUsage of job (MB)
	2173000  -  ResidentSetSize of job (KB)
...
006 (7747714.000.000) 11/17 23:43:18 Image size of job updated: 2348356
	2294  -  MemoryUsage of job (MB)
	2348356  -  ResidentSetSize of job (KB)
...
040 (7747714.000.000) 11/18 00:01:50 Started transferring output files
...
040 (7747714.000.000) 11/18 00:01:50 Finished transferring output files
...
005 (7747714.000.000) 11/18 00:01:50 Job terminated.
	(1) Normal termination (return value 0)
		Usr 0 00:51:33, Sys 0 00:00:35  -  Run Remote Usage
		Usr 0 00:00:00, Sys 0 00:00:00  -  Run Local Usage
		Usr 0 00:51:33, Sys 0 00:00:35  -  Total Remote Usage
		Usr 0 00:00:00, Sys 0 00:00:00  -  Total Local Usage
	13602  -  Run Bytes Sent By Job
	10712  -  Run Bytes Received By Job
	13602  -  Total Bytes Sent By Job
	10712  -  Total Bytes Received By Job
	Partitionable Resources :    Usage  Request Allocated 
	   Cpus                 :     0.99        1         1 
	   Disk (KB)            :    46          12      3750 
	   GPUs                 :                           0 
	   Memory (MB)          :  2294        2000      2000 

	Job terminated of its own accord at 2024-11-17T23:01:50Z with exit-code 0.
...
