000 (7692128.000.000) 11/07 09:20:34 Job submitted from host: <137.138.55.115:9618?addrs=137.138.55.115-9618+[2001-1458-d00-17--12a]-9618&alias=bigbird23.cern.ch&noUDP&sock=schedd_4975_03c1>
...
040 (7692128.000.000) 11/07 09:23:16 Started transferring input files
	Transferring to host: <128.142.161.77:9618?addrs=128.142.161.77-9618+[2001-1458-301-b8--100-b]-9618&alias=b9g03p8125.cern.ch&noUDP&sock=slot1_21_5750_2523_15587>
...
040 (7692128.000.000) 11/07 09:23:16 Finished transferring input files
...
001 (7692128.000.000) 11/07 09:23:17 Job executing on host: <128.142.161.77:9618?addrs=128.142.161.77-9618+[2001-1458-301-b8--100-b]-9618&alias=b9g03p8125.cern.ch&noUDP&sock=startd_4545_1208>
	SlotName: slot1_21@b9g03p8125.cern.ch
	CondorScratchDir = "/pool/condor/dir_836855"
	Cpus = 1
	Disk = 3107583
	Memory = 2000
...
006 (7692128.000.000) 11/07 09:23:21 Image size of job updated: 30420
	16  -  MemoryUsage of job (MB)
	15780  -  ResidentSetSize of job (KB)
...
040 (7692128.000.000) 11/07 09:23:21 Started transferring output files
...
040 (7692128.000.000) 11/07 09:23:21 Finished transferring output files
...
005 (7692128.000.000) 11/07 09:23:21 Job terminated.
	(1) Normal termination (return value 2)
		Usr 0 00:00:01, Sys 0 00:00:00  -  Run Remote Usage
		Usr 0 00:00:00, Sys 0 00:00:00  -  Run Local Usage
		Usr 0 00:00:01, Sys 0 00:00:00  -  Total Remote Usage
		Usr 0 00:00:00, Sys 0 00:00:00  -  Total Local Usage
	93  -  Run Bytes Sent By Job
	10716  -  Run Bytes Received By Job
	93  -  Total Bytes Sent By Job
	10716  -  Total Bytes Received By Job
	Partitionable Resources :    Usage  Request Allocated 
	   Cpus                 :        0        1         1 
	   Disk (KB)            :       35       12   3107583 
	   Memory (MB)          :       16     2000      2000 

	Job terminated of its own accord at 2024-11-07T08:23:21Z with exit-code 2.
...
000 (7692171.000.000) 11/07 10:04:31 Job submitted from host: <137.138.55.115:9618?addrs=137.138.55.115-9618+[2001-1458-d00-17--12a]-9618&alias=bigbird23.cern.ch&noUDP&sock=schedd_4975_03c1>
...
040 (7692171.000.000) 11/07 10:20:42 Started transferring input files
	Transferring to host: <188.185.196.22:9618?addrs=188.185.196.22-9618+[2001-1458-303-23--100-12]-9618&alias=b9p16p1882.cern.ch&noUDP&sock=slot1_5_2855511_922f_1711>
...
001 (7692171.000.000) 11/07 10:20:47 Job executing on host: <188.185.196.22:9618?addrs=188.185.196.22-9618+[2001-1458-303-23--100-12]-9618&alias=b9p16p1882.cern.ch&noUDP&sock=startd_4423_637a>
	SlotName: slot1_5@b9p16p1882.cern.ch
	CondorScratchDir = "/pool/condor/dir_2737314"
	Cpus = 1
	Disk = 3023299
	Memory = 2000
...
040 (7692171.000.000) 11/07 10:20:47 Finished transferring input files
...
006 (7692171.000.000) 11/07 10:20:56 Image size of job updated: 137448
	135  -  MemoryUsage of job (MB)
	137448  -  ResidentSetSize of job (KB)
...
006 (7692171.000.000) 11/07 10:25:57 Image size of job updated: 1236332
	1208  -  MemoryUsage of job (MB)
	1236080  -  ResidentSetSize of job (KB)
...
006 (7692171.000.000) 11/07 10:30:57 Image size of job updated: 1471464
	1413  -  MemoryUsage of job (MB)
	1446540  -  ResidentSetSize of job (KB)
...
006 (7692171.000.000) 11/07 10:35:57 Image size of job updated: 1726544
	1568  -  MemoryUsage of job (MB)
	1605604  -  ResidentSetSize of job (KB)
...
006 (7692171.000.000) 11/07 10:40:58 Image size of job updated: 1877080
	1653  -  MemoryUsage of job (MB)
	1692304  -  ResidentSetSize of job (KB)
...
006 (7692171.000.000) 11/07 11:26:02 Image size of job updated: 1935824
	1702  -  MemoryUsage of job (MB)
	1742692  -  ResidentSetSize of job (KB)
...
006 (7692171.000.000) 11/07 11:31:03 Image size of job updated: 1993968
	1760  -  MemoryUsage of job (MB)
	1801712  -  ResidentSetSize of job (KB)
...
006 (7692171.000.000) 11/07 11:36:04 Image size of job updated: 2025916
	1811  -  MemoryUsage of job (MB)
	1854120  -  ResidentSetSize of job (KB)
...
006 (7692171.000.000) 11/07 11:41:04 Image size of job updated: 2107416
	1945  -  MemoryUsage of job (MB)
	1991080  -  ResidentSetSize of job (KB)
...
006 (7692171.000.000) 11/07 11:46:05 Image size of job updated: 2133816
	1945  -  MemoryUsage of job (MB)
	1991080  -  ResidentSetSize of job (KB)
...
006 (7692171.000.000) 11/07 11:51:06 Image size of job updated: 2168624
	1945  -  MemoryUsage of job (MB)
	1991080  -  ResidentSetSize of job (KB)
...
006 (7692171.000.000) 11/07 11:56:06 Image size of job updated: 2202972
	1957  -  MemoryUsage of job (MB)
	2003704  -  ResidentSetSize of job (KB)
...
006 (7692171.000.000) 11/07 12:01:06 Image size of job updated: 2241996
	1998  -  MemoryUsage of job (MB)
	2045872  -  ResidentSetSize of job (KB)
...
006 (7692171.000.000) 11/07 12:06:07 Image size of job updated: 2281384
	2041  -  MemoryUsage of job (MB)
	2089576  -  ResidentSetSize of job (KB)
...
006 (7692171.000.000) 11/07 12:11:07 Image size of job updated: 2314248
	2078  -  MemoryUsage of job (MB)
	2127508  -  ResidentSetSize of job (KB)
...
006 (7692171.000.000) 11/07 12:16:07 Image size of job updated: 2350672
	2122  -  MemoryUsage of job (MB)
	2172308  -  ResidentSetSize of job (KB)
...
006 (7692171.000.000) 11/07 12:21:09 Image size of job updated: 2432536
	2216  -  MemoryUsage of job (MB)
	2269000  -  ResidentSetSize of job (KB)
...
006 (7692171.000.000) 11/07 12:26:09 Image size of job updated: 2473576
	2216  -  MemoryUsage of job (MB)
	2269000  -  ResidentSetSize of job (KB)
...
006 (7692171.000.000) 11/07 12:31:09 Image size of job updated: 2500840
	2234  -  MemoryUsage of job (MB)
	2287440  -  ResidentSetSize of job (KB)
...
006 (7692171.000.000) 11/07 12:36:10 Image size of job updated: 2534204
	2274  -  MemoryUsage of job (MB)
	2328448  -  ResidentSetSize of job (KB)
...
006 (7692171.000.000) 11/07 12:41:11 Image size of job updated: 2572168
	2322  -  MemoryUsage of job (MB)
	2377484  -  ResidentSetSize of job (KB)
...
006 (7692171.000.000) 11/07 12:46:11 Image size of job updated: 2608516
	2347  -  MemoryUsage of job (MB)
	2402448  -  ResidentSetSize of job (KB)
...
006 (7692171.000.000) 11/07 12:51:12 Image size of job updated: 2631112
	2383  -  MemoryUsage of job (MB)
	2440020  -  ResidentSetSize of job (KB)
...
006 (7692171.000.000) 11/07 12:56:13 Image size of job updated: 2664620
	2425  -  MemoryUsage of job (MB)
	2482188  -  ResidentSetSize of job (KB)
...
006 (7692171.000.000) 11/07 13:01:13 Image size of job updated: 2712556
	2447  -  MemoryUsage of job (MB)
	2505292  -  ResidentSetSize of job (KB)
...
006 (7692171.000.000) 11/07 13:06:13 Image size of job updated: 2733984
	2486  -  MemoryUsage of job (MB)
	2545488  -  ResidentSetSize of job (KB)
...
006 (7692171.000.000) 11/07 13:11:14 Image size of job updated: 2774616
	2522  -  MemoryUsage of job (MB)
	2582252  -  ResidentSetSize of job (KB)
...
006 (7692171.000.000) 11/07 13:16:14 Image size of job updated: 2813792
	2561  -  MemoryUsage of job (MB)
	2621652  -  ResidentSetSize of job (KB)
...
006 (7692171.000.000) 11/07 13:21:14 Image size of job updated: 2848484
	2595  -  MemoryUsage of job (MB)
	2656260  -  ResidentSetSize of job (KB)
...
006 (7692171.000.000) 11/07 13:26:16 Image size of job updated: 2882360
	2629  -  MemoryUsage of job (MB)
	2691316  -  ResidentSetSize of job (KB)
...
006 (7692171.000.000) 11/07 13:31:16 Image size of job updated: 2918460
	2663  -  MemoryUsage of job (MB)
	2726396  -  ResidentSetSize of job (KB)
...
006 (7692171.000.000) 11/07 13:36:16 Image size of job updated: 2960820
	2707  -  MemoryUsage of job (MB)
	2771680  -  ResidentSetSize of job (KB)
...
006 (7692171.000.000) 11/07 13:41:17 Image size of job updated: 3006952
	2816  -  MemoryUsage of job (MB)
	2882868  -  ResidentSetSize of job (KB)
...
006 (7692171.000.000) 11/07 13:46:18 Image size of job updated: 3057760
	2836  -  MemoryUsage of job (MB)
	2903412  -  ResidentSetSize of job (KB)
...
006 (7692171.000.000) 11/07 13:51:18 Image size of job updated: 3094484
	2855  -  MemoryUsage of job (MB)
	2923000  -  ResidentSetSize of job (KB)
...
006 (7692171.000.000) 11/07 13:56:19 Image size of job updated: 3126832
	2927  -  MemoryUsage of job (MB)
	2996968  -  ResidentSetSize of job (KB)
...
006 (7692171.000.000) 11/07 14:01:20 Image size of job updated: 3164704
	2928  -  MemoryUsage of job (MB)
	2998056  -  ResidentSetSize of job (KB)
...
006 (7692171.000.000) 11/07 14:06:20 Image size of job updated: 3196536
	2962  -  MemoryUsage of job (MB)
	3032736  -  ResidentSetSize of job (KB)
...
006 (7692171.000.000) 11/07 14:11:20 Image size of job updated: 3229672
	3021  -  MemoryUsage of job (MB)
	3093480  -  ResidentSetSize of job (KB)
...
006 (7692171.000.000) 11/07 16:11:32 Image size of job updated: 3245148
	3021  -  MemoryUsage of job (MB)
	3093480  -  ResidentSetSize of job (KB)
...
006 (7692171.000.000) 11/07 16:16:32 Image size of job updated: 3283368
	3021  -  MemoryUsage of job (MB)
	3093480  -  ResidentSetSize of job (KB)
...
006 (7692171.000.000) 11/07 16:21:33 Image size of job updated: 3356984
	3157  -  MemoryUsage of job (MB)
	3232360  -  ResidentSetSize of job (KB)
...
006 (7692171.000.000) 11/07 16:26:34 Image size of job updated: 3393584
	3197  -  MemoryUsage of job (MB)
	3272872  -  ResidentSetSize of job (KB)
...
006 (7692171.000.000) 11/07 16:31:34 Image size of job updated: 3425456
	3197  -  MemoryUsage of job (MB)
	3272872  -  ResidentSetSize of job (KB)
...
006 (7692171.000.000) 11/07 16:36:34 Image size of job updated: 3462308
	3197  -  MemoryUsage of job (MB)
	3272872  -  ResidentSetSize of job (KB)
...
006 (7692171.000.000) 11/07 16:41:34 Image size of job updated: 3497620
	3219  -  MemoryUsage of job (MB)
	3295336  -  ResidentSetSize of job (KB)
...
006 (7692171.000.000) 11/07 16:46:35 Image size of job updated: 3530704
	3259  -  MemoryUsage of job (MB)
	3336996  -  ResidentSetSize of job (KB)
...
006 (7692171.000.000) 11/07 16:51:35 Image size of job updated: 3569564
	3296  -  MemoryUsage of job (MB)
	3374332  -  ResidentSetSize of job (KB)
...
006 (7692171.000.000) 11/07 16:56:35 Image size of job updated: 3603904
	3332  -  MemoryUsage of job (MB)
	3411800  -  ResidentSetSize of job (KB)
...
006 (7692171.000.000) 11/07 17:01:35 Image size of job updated: 3673544
	3467  -  MemoryUsage of job (MB)
	3549664  -  ResidentSetSize of job (KB)
...
006 (7692171.000.000) 11/07 17:06:35 Image size of job updated: 3703468
	3519  -  MemoryUsage of job (MB)
	3603284  -  ResidentSetSize of job (KB)
...
006 (7692171.000.000) 11/07 17:11:36 Image size of job updated: 3738016
	3519  -  MemoryUsage of job (MB)
	3603284  -  ResidentSetSize of job (KB)
...
006 (7692171.000.000) 11/07 17:16:37 Image size of job updated: 3775988
	3519  -  MemoryUsage of job (MB)
	3603284  -  ResidentSetSize of job (KB)
...
006 (7692171.000.000) 11/07 17:21:37 Image size of job updated: 3810596
	3519  -  MemoryUsage of job (MB)
	3603284  -  ResidentSetSize of job (KB)
...
006 (7692171.000.000) 11/07 17:31:38 Image size of job updated: 3830424
	3549  -  MemoryUsage of job (MB)
	3634024  -  ResidentSetSize of job (KB)
...
006 (7692171.000.000) 11/07 17:36:38 Image size of job updated: 3864076
	3589  -  MemoryUsage of job (MB)
	3674688  -  ResidentSetSize of job (KB)
...
006 (7692171.000.000) 11/07 17:41:39 Image size of job updated: 3931672
	3740  -  MemoryUsage of job (MB)
	3829252  -  ResidentSetSize of job (KB)
...
006 (7692171.000.000) 11/07 17:56:41 Image size of job updated: 3961280
	3757  -  MemoryUsage of job (MB)
	3846788  -  ResidentSetSize of job (KB)
...
006 (7692171.000.000) 11/07 18:01:42 Image size of job updated: 3996000
	3757  -  MemoryUsage of job (MB)
	3846788  -  ResidentSetSize of job (KB)
...
006 (7692171.000.000) 11/07 18:06:42 Image size of job updated: 4032996
	3811  -  MemoryUsage of job (MB)
	3901856  -  ResidentSetSize of job (KB)
...
006 (7692171.000.000) 11/07 18:11:42 Image size of job updated: 4067520
	3848  -  MemoryUsage of job (MB)
	3939720  -  ResidentSetSize of job (KB)
...
006 (7692171.000.000) 11/07 18:16:42 Image size of job updated: 4096012
	3886  -  MemoryUsage of job (MB)
	3978448  -  ResidentSetSize of job (KB)
...
006 (7692171.000.000) 11/07 21:37:00 Image size of job updated: 4113288
	3886  -  MemoryUsage of job (MB)
	3978448  -  ResidentSetSize of job (KB)
...
006 (7692171.000.000) 11/07 21:42:01 Image size of job updated: 4150996
	3886  -  MemoryUsage of job (MB)
	3978448  -  ResidentSetSize of job (KB)
...
006 (7692171.000.000) 11/07 21:47:02 Image size of job updated: 4189352
	3892  -  MemoryUsage of job (MB)
	3984580  -  ResidentSetSize of job (KB)
...
006 (7692171.000.000) 11/07 21:52:02 Image size of job updated: 4210328
	3930  -  MemoryUsage of job (MB)
	4023688  -  ResidentSetSize of job (KB)
...
006 (7692171.000.000) 11/07 21:57:03 Image size of job updated: 4282320
	4074  -  MemoryUsage of job (MB)
	4171496  -  ResidentSetSize of job (KB)
...
006 (7692171.000.000) 11/07 22:02:04 Image size of job updated: 4320084
	4074  -  MemoryUsage of job (MB)
	4171496  -  ResidentSetSize of job (KB)
...
006 (7692171.000.000) 11/07 22:07:04 Image size of job updated: 4360060
	4074  -  MemoryUsage of job (MB)
	4171496  -  ResidentSetSize of job (KB)
...
006 (7692171.000.000) 11/07 22:12:05 Image size of job updated: 4393716
	4100  -  MemoryUsage of job (MB)
	4197632  -  ResidentSetSize of job (KB)
...
006 (7692171.000.000) 11/07 22:17:06 Image size of job updated: 4435040
	4141  -  MemoryUsage of job (MB)
	4239576  -  ResidentSetSize of job (KB)
...
006 (7692171.000.000) 11/07 22:22:06 Image size of job updated: 4466800
	4178  -  MemoryUsage of job (MB)
	4277952  -  ResidentSetSize of job (KB)
...
006 (7692171.000.000) 11/07 22:27:06 Image size of job updated: 4502764
	4178  -  MemoryUsage of job (MB)
	4277952  -  ResidentSetSize of job (KB)
...
006 (7692171.000.000) 11/07 22:42:07 Image size of job updated: 4502764
	4187  -  MemoryUsage of job (MB)
	4286908  -  ResidentSetSize of job (KB)
...
006 (7692171.000.000) 11/07 22:47:08 Image size of job updated: 4522380
	4214  -  MemoryUsage of job (MB)
	4314156  -  ResidentSetSize of job (KB)
...
006 (7692171.000.000) 11/07 22:52:09 Image size of job updated: 4552412
	4259  -  MemoryUsage of job (MB)
	4360884  -  ResidentSetSize of job (KB)
...
006 (7692171.000.000) 11/07 22:57:09 Image size of job updated: 4620648
	4347  -  MemoryUsage of job (MB)
	4450740  -  ResidentSetSize of job (KB)
...
006 (7692171.000.000) 11/07 23:07:11 Image size of job updated: 4699416
	4472  -  MemoryUsage of job (MB)
	4579268  -  ResidentSetSize of job (KB)
...
006 (7692171.000.000) 11/07 23:12:11 Image size of job updated: 4731728
	4500  -  MemoryUsage of job (MB)
	4607936  -  ResidentSetSize of job (KB)
...
006 (7692171.000.000) 11/07 23:17:11 Image size of job updated: 4769760
	4500  -  MemoryUsage of job (MB)
	4607936  -  ResidentSetSize of job (KB)
...
006 (7692171.000.000) 11/07 23:22:12 Image size of job updated: 4802512
	4500  -  MemoryUsage of job (MB)
	4607936  -  ResidentSetSize of job (KB)
...
006 (7692171.000.000) 11/07 23:27:12 Image size of job updated: 4832000
	4509  -  MemoryUsage of job (MB)
	4616884  -  ResidentSetSize of job (KB)
...
006 (7692171.000.000) 11/07 23:32:12 Image size of job updated: 4874120
	4548  -  MemoryUsage of job (MB)
	4657152  -  ResidentSetSize of job (KB)
...
006 (7692171.000.000) 11/07 23:37:13 Image size of job updated: 4906936
	4587  -  MemoryUsage of job (MB)
	4697056  -  ResidentSetSize of job (KB)
...
006 (7692171.000.000) 11/07 23:42:14 Image size of job updated: 4942564
	4626  -  MemoryUsage of job (MB)
	4736124  -  ResidentSetSize of job (KB)
...
006 (7692171.000.000) 11/07 23:47:14 Image size of job updated: 4979004
	4662  -  MemoryUsage of job (MB)
	4773012  -  ResidentSetSize of job (KB)
...
006 (7692171.000.000) 11/07 23:52:14 Image size of job updated: 5002164
	4700  -  MemoryUsage of job (MB)
	4812624  -  ResidentSetSize of job (KB)
...
006 (7692171.000.000) 11/07 23:57:15 Image size of job updated: 5035360
	4738  -  MemoryUsage of job (MB)
	4851044  -  ResidentSetSize of job (KB)
...
006 (7692171.000.000) 11/08 00:02:15 Image size of job updated: 5107052
	4774  -  MemoryUsage of job (MB)
	4888396  -  ResidentSetSize of job (KB)
...
006 (7692171.000.000) 11/08 00:07:15 Image size of job updated: 5144436
	4813  -  MemoryUsage of job (MB)
	4927732  -  ResidentSetSize of job (KB)
...
006 (7692171.000.000) 11/08 00:12:16 Image size of job updated: 5176084
	4851  -  MemoryUsage of job (MB)
	4967204  -  ResidentSetSize of job (KB)
...
006 (7692171.000.000) 11/08 00:17:17 Image size of job updated: 5214168
	4890  -  MemoryUsage of job (MB)
	5006832  -  ResidentSetSize of job (KB)
...
006 (7692171.000.000) 11/08 00:22:17 Image size of job updated: 5258344
	4939  -  MemoryUsage of job (MB)
	5056520  -  ResidentSetSize of job (KB)
...
006 (7692171.000.000) 11/08 00:27:17 Image size of job updated: 5288312
	4939  -  MemoryUsage of job (MB)
	5056520  -  ResidentSetSize of job (KB)
...
006 (7692171.000.000) 11/08 02:32:31 Image size of job updated: 5288312
	4957  -  MemoryUsage of job (MB)
	5075540  -  ResidentSetSize of job (KB)
...
006 (7692171.000.000) 11/08 02:37:31 Image size of job updated: 5312184
	5002  -  MemoryUsage of job (MB)
	5121180  -  ResidentSetSize of job (KB)
...
006 (7692171.000.000) 11/08 02:42:32 Image size of job updated: 5346748
	5036  -  MemoryUsage of job (MB)
	5156356  -  ResidentSetSize of job (KB)
...
006 (7692171.000.000) 11/08 02:47:33 Image size of job updated: 5404212
	5065  -  MemoryUsage of job (MB)
	5186208  -  ResidentSetSize of job (KB)
...
006 (7692171.000.000) 11/08 02:52:33 Image size of job updated: 5443848
	5099  -  MemoryUsage of job (MB)
	5220776  -  ResidentSetSize of job (KB)
...
006 (7692171.000.000) 11/08 02:57:34 Image size of job updated: 5476480
	5258  -  MemoryUsage of job (MB)
	5383760  -  ResidentSetSize of job (KB)
...
006 (7692171.000.000) 11/08 03:02:35 Image size of job updated: 5512624
	5258  -  MemoryUsage of job (MB)
	5383760  -  ResidentSetSize of job (KB)
...
006 (7692171.000.000) 11/08 03:07:35 Image size of job updated: 5545188
	5258  -  MemoryUsage of job (MB)
	5383760  -  ResidentSetSize of job (KB)
...
006 (7692171.000.000) 11/08 03:12:35 Image size of job updated: 5579736
	5261  -  MemoryUsage of job (MB)
	5386996  -  ResidentSetSize of job (KB)
...
006 (7692171.000.000) 11/08 03:17:36 Image size of job updated: 5615476
	5300  -  MemoryUsage of job (MB)
	5426592  -  ResidentSetSize of job (KB)
...
006 (7692171.000.000) 11/08 03:22:37 Image size of job updated: 5694992
	5458  -  MemoryUsage of job (MB)
	5588448  -  ResidentSetSize of job (KB)
...
006 (7692171.000.000) 11/08 03:27:37 Image size of job updated: 5728844
	5458  -  MemoryUsage of job (MB)
	5588448  -  ResidentSetSize of job (KB)
...
006 (7692171.000.000) 11/08 03:32:38 Image size of job updated: 5761760
	5458  -  MemoryUsage of job (MB)
	5588448  -  ResidentSetSize of job (KB)
...
006 (7692171.000.000) 11/08 03:37:39 Image size of job updated: 5798156
	5458  -  MemoryUsage of job (MB)
	5588448  -  ResidentSetSize of job (KB)
...
006 (7692171.000.000) 11/08 03:42:39 Image size of job updated: 5831964
	5481  -  MemoryUsage of job (MB)
	5612084  -  ResidentSetSize of job (KB)
...
006 (7692171.000.000) 11/08 03:47:39 Image size of job updated: 5855788
	5506  -  MemoryUsage of job (MB)
	5637692  -  ResidentSetSize of job (KB)
...
006 (7692171.000.000) 11/08 03:52:40 Image size of job updated: 5893476
	5540  -  MemoryUsage of job (MB)
	5672696  -  ResidentSetSize of job (KB)
...
006 (7692171.000.000) 11/08 03:57:40 Image size of job updated: 5927844
	5574  -  MemoryUsage of job (MB)
	5707364  -  ResidentSetSize of job (KB)
...
006 (7692171.000.000) 11/08 04:02:40 Image size of job updated: 5967272
	5622  -  MemoryUsage of job (MB)
	5756600  -  ResidentSetSize of job (KB)
...
006 (7692171.000.000) 11/08 04:07:41 Image size of job updated: 6003448
	5650  -  MemoryUsage of job (MB)
	5785448  -  ResidentSetSize of job (KB)
...
006 (7692171.000.000) 11/08 04:12:42 Image size of job updated: 6039152
	5685  -  MemoryUsage of job (MB)
	5820544  -  ResidentSetSize of job (KB)
...
006 (7692171.000.000) 11/08 04:17:42 Image size of job updated: 6075532
	5724  -  MemoryUsage of job (MB)
	5861028  -  ResidentSetSize of job (KB)
...
006 (7692171.000.000) 11/08 04:22:43 Image size of job updated: 6106960
	5765  -  MemoryUsage of job (MB)
	5903080  -  ResidentSetSize of job (KB)
...
006 (7692171.000.000) 11/08 04:27:44 Image size of job updated: 6145096
	5807  -  MemoryUsage of job (MB)
	5946092  -  ResidentSetSize of job (KB)
...
006 (7692171.000.000) 11/08 04:32:44 Image size of job updated: 6179968
	5846  -  MemoryUsage of job (MB)
	5985524  -  ResidentSetSize of job (KB)
...
006 (7692171.000.000) 11/08 04:37:44 Image size of job updated: 6211564
	5881  -  MemoryUsage of job (MB)
	6021644  -  ResidentSetSize of job (KB)
...
006 (7692171.000.000) 11/08 04:42:45 Image size of job updated: 6286132
	6020  -  MemoryUsage of job (MB)
	6163840  -  ResidentSetSize of job (KB)
...
006 (7692171.000.000) 11/08 04:47:45 Image size of job updated: 6321764
	6072  -  MemoryUsage of job (MB)
	6217152  -  ResidentSetSize of job (KB)
...
006 (7692171.000.000) 11/08 04:52:45 Image size of job updated: 6357440
	6072  -  MemoryUsage of job (MB)
	6217152  -  ResidentSetSize of job (KB)
...
006 (7692171.000.000) 11/08 04:57:47 Image size of job updated: 6393908
	6072  -  MemoryUsage of job (MB)
	6217152  -  ResidentSetSize of job (KB)
...
006 (7692171.000.000) 11/08 05:02:47 Image size of job updated: 6422080
	6072  -  MemoryUsage of job (MB)
	6217152  -  ResidentSetSize of job (KB)
...
006 (7692171.000.000) 11/08 05:07:47 Image size of job updated: 6460056
	6093  -  MemoryUsage of job (MB)
	6238420  -  ResidentSetSize of job (KB)
...
006 (7692171.000.000) 11/08 05:12:48 Image size of job updated: 6499440
	6129  -  MemoryUsage of job (MB)
	6275476  -  ResidentSetSize of job (KB)
...
006 (7692171.000.000) 11/08 05:17:49 Image size of job updated: 6529264
	6168  -  MemoryUsage of job (MB)
	6315432  -  ResidentSetSize of job (KB)
...
006 (7692171.000.000) 11/08 05:22:49 Image size of job updated: 6564240
	6208  -  MemoryUsage of job (MB)
	6355980  -  ResidentSetSize of job (KB)
...
006 (7692171.000.000) 11/08 05:27:50 Image size of job updated: 6601128
	6243  -  MemoryUsage of job (MB)
	6392732  -  ResidentSetSize of job (KB)
...
006 (7692171.000.000) 11/08 05:32:51 Image size of job updated: 6637072
	6286  -  MemoryUsage of job (MB)
	6436592  -  ResidentSetSize of job (KB)
...
006 (7692171.000.000) 11/08 05:37:51 Image size of job updated: 6673816
	6325  -  MemoryUsage of job (MB)
	6476220  -  ResidentSetSize of job (KB)
...
006 (7692171.000.000) 11/08 05:42:51 Image size of job updated: 6704620
	6362  -  MemoryUsage of job (MB)
	6513856  -  ResidentSetSize of job (KB)
...
006 (7692171.000.000) 11/08 05:47:53 Image size of job updated: 6775692
	6497  -  MemoryUsage of job (MB)
	6652512  -  ResidentSetSize of job (KB)
...
006 (7692171.000.000) 11/08 05:52:53 Image size of job updated: 6799628
	6527  -  MemoryUsage of job (MB)
	6683304  -  ResidentSetSize of job (KB)
...
006 (7692171.000.000) 11/08 05:57:53 Image size of job updated: 6840440
	6565  -  MemoryUsage of job (MB)
	6722500  -  ResidentSetSize of job (KB)
...
006 (7692171.000.000) 11/08 06:02:54 Image size of job updated: 6867916
	6607  -  MemoryUsage of job (MB)
	6765380  -  ResidentSetSize of job (KB)
...
006 (7692171.000.000) 11/08 06:07:55 Image size of job updated: 6904800
	6607  -  MemoryUsage of job (MB)
	6765380  -  ResidentSetSize of job (KB)
...
006 (7692171.000.000) 11/08 06:12:55 Image size of job updated: 6942112
	6607  -  MemoryUsage of job (MB)
	6765380  -  ResidentSetSize of job (KB)
...
006 (7692171.000.000) 11/08 06:17:56 Image size of job updated: 6974844
	6607  -  MemoryUsage of job (MB)
	6765380  -  ResidentSetSize of job (KB)
...
006 (7692171.000.000) 11/08 06:22:57 Image size of job updated: 7011952
	6645  -  MemoryUsage of job (MB)
	6803768  -  ResidentSetSize of job (KB)
...
006 (7692171.000.000) 11/08 06:27:57 Image size of job updated: 7053620
	6688  -  MemoryUsage of job (MB)
	6847496  -  ResidentSetSize of job (KB)
...
006 (7692171.000.000) 11/08 06:32:57 Image size of job updated: 7091732
	6733  -  MemoryUsage of job (MB)
	6893580  -  ResidentSetSize of job (KB)
...
006 (7692171.000.000) 11/08 06:37:59 Image size of job updated: 7127396
	6765  -  MemoryUsage of job (MB)
	6926640  -  ResidentSetSize of job (KB)
...
006 (7692171.000.000) 11/08 06:42:59 Image size of job updated: 7156848
	6804  -  MemoryUsage of job (MB)
	6967296  -  ResidentSetSize of job (KB)
...
006 (7692171.000.000) 11/08 06:47:59 Image size of job updated: 7194548
	6838  -  MemoryUsage of job (MB)
	7002008  -  ResidentSetSize of job (KB)
...
006 (7692171.000.000) 11/08 06:53:00 Image size of job updated: 7228956
	6873  -  MemoryUsage of job (MB)
	7037292  -  ResidentSetSize of job (KB)
...
006 (7692171.000.000) 11/08 06:58:01 Image size of job updated: 7262216
	6894  -  MemoryUsage of job (MB)
	7058896  -  ResidentSetSize of job (KB)
...
006 (7692171.000.000) 11/08 07:03:01 Image size of job updated: 7292908
	6941  -  MemoryUsage of job (MB)
	7106608  -  ResidentSetSize of job (KB)
...
006 (7692171.000.000) 11/08 07:08:02 Image size of job updated: 7365680
	7064  -  MemoryUsage of job (MB)
	7233372  -  ResidentSetSize of job (KB)
...
006 (7692171.000.000) 11/08 07:13:03 Image size of job updated: 7399560
	7064  -  MemoryUsage of job (MB)
	7233372  -  ResidentSetSize of job (KB)
...
006 (7692171.000.000) 11/08 07:18:03 Image size of job updated: 7433408
	7064  -  MemoryUsage of job (MB)
	7233372  -  ResidentSetSize of job (KB)
...
006 (7692171.000.000) 11/08 07:23:04 Image size of job updated: 7472176
	7087  -  MemoryUsage of job (MB)
	7256548  -  ResidentSetSize of job (KB)
...
006 (7692171.000.000) 11/08 07:28:05 Image size of job updated: 7503348
	7126  -  MemoryUsage of job (MB)
	7296456  -  ResidentSetSize of job (KB)
...
006 (7692171.000.000) 11/08 07:33:05 Image size of job updated: 7545912
	7160  -  MemoryUsage of job (MB)
	7331572  -  ResidentSetSize of job (KB)
...
006 (7692171.000.000) 11/08 07:38:05 Image size of job updated: 7576404
	7193  -  MemoryUsage of job (MB)
	7364904  -  ResidentSetSize of job (KB)
...
006 (7692171.000.000) 11/08 07:43:06 Image size of job updated: 7609604
	7227  -  MemoryUsage of job (MB)
	7399896  -  ResidentSetSize of job (KB)
...
006 (7692171.000.000) 11/08 07:48:07 Image size of job updated: 7635816
	7254  -  MemoryUsage of job (MB)
	7427512  -  ResidentSetSize of job (KB)
...
006 (7692171.000.000) 11/08 07:53:07 Image size of job updated: 7672256
	7288  -  MemoryUsage of job (MB)
	7462436  -  ResidentSetSize of job (KB)
...
006 (7692171.000.000) 11/08 07:58:08 Image size of job updated: 7707404
	7326  -  MemoryUsage of job (MB)
	7501824  -  ResidentSetSize of job (KB)
...
006 (7692171.000.000) 11/08 08:03:09 Image size of job updated: 7741400
	7376  -  MemoryUsage of job (MB)
	7552384  -  ResidentSetSize of job (KB)
...
006 (7692171.000.000) 11/08 08:08:09 Image size of job updated: 7818356
	7420  -  MemoryUsage of job (MB)
	7597424  -  ResidentSetSize of job (KB)
...
006 (7692171.000.000) 11/08 08:13:10 Image size of job updated: 7856324
	7468  -  MemoryUsage of job (MB)
	7646624  -  ResidentSetSize of job (KB)
...
006 (7692171.000.000) 11/08 08:18:11 Image size of job updated: 7885308
	7518  -  MemoryUsage of job (MB)
	7697856  -  ResidentSetSize of job (KB)
...
006 (7692171.000.000) 11/08 08:23:11 Image size of job updated: 7962296
	7557  -  MemoryUsage of job (MB)
	7737604  -  ResidentSetSize of job (KB)
...
006 (7692171.000.000) 11/08 08:28:11 Image size of job updated: 7995632
	7590  -  MemoryUsage of job (MB)
	7771856  -  ResidentSetSize of job (KB)
...
006 (7692171.000.000) 11/08 08:33:12 Image size of job updated: 8034216
	7622  -  MemoryUsage of job (MB)
	7804648  -  ResidentSetSize of job (KB)
...
006 (7692171.000.000) 11/08 08:38:12 Image size of job updated: 8065760
	7786  -  MemoryUsage of job (MB)
	7972464  -  ResidentSetSize of job (KB)
...
006 (7692171.000.000) 11/08 08:43:12 Image size of job updated: 8087916
	7811  -  MemoryUsage of job (MB)
	7998300  -  ResidentSetSize of job (KB)
...
006 (7692171.000.000) 11/08 08:48:13 Image size of job updated: 8126956
	7840  -  MemoryUsage of job (MB)
	8028060  -  ResidentSetSize of job (KB)
...
006 (7692171.000.000) 11/08 08:53:14 Image size of job updated: 8158856
	7846  -  MemoryUsage of job (MB)
	8033576  -  ResidentSetSize of job (KB)
...
006 (7692171.000.000) 11/08 08:58:14 Image size of job updated: 8196700
	7884  -  MemoryUsage of job (MB)
	8072872  -  ResidentSetSize of job (KB)
...
006 (7692171.000.000) 11/08 09:03:14 Image size of job updated: 8229596
	7916  -  MemoryUsage of job (MB)
	8105600  -  ResidentSetSize of job (KB)
...
006 (7692171.000.000) 11/08 09:08:15 Image size of job updated: 8267240
	7935  -  MemoryUsage of job (MB)
	8124488  -  ResidentSetSize of job (KB)
...
006 (7692171.000.000) 11/08 09:18:15 Image size of job updated: 8302980
	7935  -  MemoryUsage of job (MB)
	8124488  -  ResidentSetSize of job (KB)
...
006 (7692171.000.000) 11/08 09:23:16 Image size of job updated: 8341824
	7948  -  MemoryUsage of job (MB)
	8138712  -  ResidentSetSize of job (KB)
...
006 (7692171.000.000) 11/08 09:28:17 Image size of job updated: 8372032
	7982  -  MemoryUsage of job (MB)
	8172868  -  ResidentSetSize of job (KB)
...
006 (7692171.000.000) 11/08 09:33:17 Image size of job updated: 8410856
	8015  -  MemoryUsage of job (MB)
	8206796  -  ResidentSetSize of job (KB)
...
006 (7692171.000.000) 11/08 09:38:17 Image size of job updated: 8445200
	8046  -  MemoryUsage of job (MB)
	8238936  -  ResidentSetSize of job (KB)
...
006 (7692171.000.000) 11/08 09:43:18 Image size of job updated: 8477320
	8065  -  MemoryUsage of job (MB)
	8258436  -  ResidentSetSize of job (KB)
...
006 (7692171.000.000) 11/08 09:48:18 Image size of job updated: 8510632
	8093  -  MemoryUsage of job (MB)
	8287176  -  ResidentSetSize of job (KB)
...
006 (7692171.000.000) 11/08 09:53:18 Image size of job updated: 8543144
	8127  -  MemoryUsage of job (MB)
	8321496  -  ResidentSetSize of job (KB)
...
006 (7692171.000.000) 11/08 09:58:19 Image size of job updated: 8574768
	8291  -  MemoryUsage of job (MB)
	8489496  -  ResidentSetSize of job (KB)
...
006 (7692171.000.000) 11/08 10:03:20 Image size of job updated: 8613296
	8298  -  MemoryUsage of job (MB)
	8497052  -  ResidentSetSize of job (KB)
...
006 (7692171.000.000) 11/08 10:08:20 Image size of job updated: 8627204
	8302  -  MemoryUsage of job (MB)
	8500580  -  ResidentSetSize of job (KB)
...
006 (7692171.000.000) 11/08 10:13:21 Image size of job updated: 8666348
	8341  -  MemoryUsage of job (MB)
	8540268  -  ResidentSetSize of job (KB)
...
006 (7692171.000.000) 11/08 10:18:22 Image size of job updated: 8705028
	8378  -  MemoryUsage of job (MB)
	8578400  -  ResidentSetSize of job (KB)
...
040 (7692171.000.000) 11/08 10:21:23 Started transferring output files
...
040 (7692171.000.000) 11/08 10:21:23 Finished transferring output files
...
009 (7692171.000.000) 11/08 10:21:23 Job was aborted.
	Job removed by SYSTEM_PERIODIC_REMOVE due to wall time exceeded allowed max.
...
000 (7700927.000.000) 11/08 10:28:31 Job submitted from host: <137.138.55.115:9618?addrs=137.138.55.115-9618+[2001-1458-d00-17--12a]-9618&alias=bigbird23.cern.ch&noUDP&sock=schedd_4975_03c1>
...
040 (7700927.000.000) 11/08 10:33:39 Started transferring input files
	Transferring to host: <128.142.161.145:9618?addrs=128.142.161.145-9618+[2001-1458-301-b9--100-e]-9618&alias=b9g03p7833.cern.ch&noUDP&sock=slot1_11_7030_0557_5399>
...
040 (7700927.000.000) 11/08 10:33:39 Finished transferring input files
...
001 (7700927.000.000) 11/08 10:33:40 Job executing on host: <128.142.161.145:9618?addrs=128.142.161.145-9618+[2001-1458-301-b9--100-e]-9618&alias=b9g03p7833.cern.ch&noUDP&sock=startd_6459_ea4d>
	SlotName: slot1_11@b9g03p7833.cern.ch
	CondorScratchDir = "/pool/condor/dir_4129967"
	Cpus = 1
	Disk = 4029
	GPUs = 0
	Memory = 2000
...
006 (7700927.000.000) 11/08 10:33:48 Image size of job updated: 252372
	247  -  MemoryUsage of job (MB)
	252372  -  ResidentSetSize of job (KB)
...
006 (7700927.000.000) 11/08 10:38:48 Image size of job updated: 1067468
	1043  -  MemoryUsage of job (MB)
	1067468  -  ResidentSetSize of job (KB)
...
006 (7700927.000.000) 11/08 10:43:49 Image size of job updated: 1257980
	1229  -  MemoryUsage of job (MB)
	1257980  -  ResidentSetSize of job (KB)
...
040 (7700927.000.000) 11/08 11:03:27 Started transferring output files
...
040 (7700927.000.000) 11/08 11:03:28 Finished transferring output files
...
005 (7700927.000.000) 11/08 11:03:28 Job terminated.
	(1) Normal termination (return value 0)
		Usr 0 00:27:55, Sys 0 00:00:15  -  Run Remote Usage
		Usr 0 00:00:00, Sys 0 00:00:00  -  Run Local Usage
		Usr 0 00:27:55, Sys 0 00:00:15  -  Total Remote Usage
		Usr 0 00:00:00, Sys 0 00:00:00  -  Total Local Usage
	14817  -  Run Bytes Sent By Job
	10710  -  Run Bytes Received By Job
	14817  -  Total Bytes Sent By Job
	10710  -  Total Bytes Received By Job
	Partitionable Resources :    Usage  Request Allocated 
	   Cpus                 :     0.99        1         1 
	   Disk (KB)            :    48          12      4029 
	   GPUs                 :                           0 
	   Memory (MB)          :  1229        2000      2000 

	Job terminated of its own accord at 2024-11-08T10:03:27Z with exit-code 0.
...
000 (7706902.000.000) 11/09 16:57:18 Job submitted from host: <137.138.55.115:9618?addrs=137.138.55.115-9618+[2001-1458-d00-17--12a]-9618&alias=bigbird23.cern.ch&noUDP&sock=schedd_4975_03c1>
...
040 (7706902.000.000) 11/09 16:59:00 Started transferring input files
	Transferring to host: <188.185.215.139:9618?addrs=188.185.215.139-9618+[2001-1458-303-26--100-7]-9618&alias=b9p18p4907.cern.ch&noUDP&sock=slot1_10_6515_2822_25904>
...
040 (7706902.000.000) 11/09 16:59:00 Finished transferring input files
...
001 (7706902.000.000) 11/09 16:59:01 Job executing on host: <188.185.215.139:9618?addrs=188.185.215.139-9618+[2001-1458-303-26--100-7]-9618&alias=b9p18p4907.cern.ch&noUDP&sock=startd_5074_eba1>
	SlotName: slot1_10@b9p18p4907.cern.ch
	CondorScratchDir = "/pool/condor/dir_49159"
	Cpus = 1
	Disk = 3873
	GPUs = 0
	Memory = 2000
...
006 (7706902.000.000) 11/09 16:59:10 Image size of job updated: 495268
	484  -  MemoryUsage of job (MB)
	495268  -  ResidentSetSize of job (KB)
...
006 (7706902.000.000) 11/09 17:01:12 Image size of job updated: 596088
	583  -  MemoryUsage of job (MB)
	596088  -  ResidentSetSize of job (KB)
...
040 (7706902.000.000) 11/09 17:01:12 Started transferring output files
...
040 (7706902.000.000) 11/09 17:01:12 Finished transferring output files
...
005 (7706902.000.000) 11/09 17:01:12 Job terminated.
	(1) Normal termination (return value 1)
		Usr 0 00:00:15, Sys 0 00:00:03  -  Run Remote Usage
		Usr 0 00:00:00, Sys 0 00:00:00  -  Run Local Usage
		Usr 0 00:00:15, Sys 0 00:00:03  -  Total Remote Usage
		Usr 0 00:00:00, Sys 0 00:00:00  -  Total Local Usage
	8687  -  Run Bytes Sent By Job
	10710  -  Run Bytes Received By Job
	8687  -  Total Bytes Sent By Job
	10710  -  Total Bytes Received By Job
	Partitionable Resources :    Usage  Request Allocated 
	   Cpus                 :        0        1         1 
	   Disk (KB)            :       42       12      3873 
	   GPUs                 :                           0 
	   Memory (MB)          :      583     2000      2000 

	Job terminated of its own accord at 2024-11-09T16:01:12Z with exit-code 1.
...
000 (7706933.000.000) 11/09 17:25:58 Job submitted from host: <137.138.55.115:9618?addrs=137.138.55.115-9618+[2001-1458-d00-17--12a]-9618&alias=bigbird23.cern.ch&noUDP&sock=schedd_4975_03c1>
...
040 (7706933.000.000) 11/09 17:28:07 Started transferring input files
	Transferring to host: <128.142.33.14:9618?addrs=128.142.33.14-9618+[2001-1458-301-53--100-b]-9618&alias=b9g34p3197.cern.ch&noUDP&sock=slot1_38_3125_9858_2932>
...
040 (7706933.000.000) 11/09 17:28:07 Finished transferring input files
...
001 (7706933.000.000) 11/09 17:28:08 Job executing on host: <128.142.33.14:9618?addrs=128.142.33.14-9618+[2001-1458-301-53--100-b]-9618&alias=b9g34p3197.cern.ch&noUDP&sock=startd_3010_3028>
	SlotName: slot1_38@b9g34p3197.cern.ch
	CondorScratchDir = "/pool/condor/dir_3360"
	Cpus = 1
	Disk = 3766
	GPUs = 0
	Memory = 2000
...
006 (7706933.000.000) 11/09 17:28:16 Image size of job updated: 131848
	129  -  MemoryUsage of job (MB)
	131848  -  ResidentSetSize of job (KB)
...
006 (7706933.000.000) 11/09 17:33:16 Image size of job updated: 552184
	540  -  MemoryUsage of job (MB)
	552184  -  ResidentSetSize of job (KB)
...
006 (7706933.000.000) 11/09 17:38:17 Image size of job updated: 804272
	786  -  MemoryUsage of job (MB)
	804272  -  ResidentSetSize of job (KB)
...
040 (7706933.000.000) 11/09 17:38:28 Started transferring output files
...
040 (7706933.000.000) 11/09 17:38:28 Finished transferring output files
...
005 (7706933.000.000) 11/09 17:38:29 Job terminated.
	(1) Normal termination (return value 0)
		Usr 0 00:04:34, Sys 0 00:00:11  -  Run Remote Usage
		Usr 0 00:00:00, Sys 0 00:00:00  -  Run Local Usage
		Usr 0 00:04:34, Sys 0 00:00:11  -  Total Remote Usage
		Usr 0 00:00:00, Sys 0 00:00:00  -  Total Local Usage
	8083  -  Run Bytes Sent By Job
	10710  -  Run Bytes Received By Job
	8083  -  Total Bytes Sent By Job
	10710  -  Total Bytes Received By Job
	Partitionable Resources :    Usage  Request Allocated 
	   Cpus                 :     0.83        1         1 
	   Disk (KB)            :    42          12      3766 
	   GPUs                 :                           0 
	   Memory (MB)          :   786        2000      2000 

	Job terminated of its own accord at 2024-11-09T16:38:28Z with exit-code 0.
...
000 (7707825.000.000) 11/09 18:46:37 Job submitted from host: <137.138.55.115:9618?addrs=137.138.55.115-9618+[2001-1458-d00-17--12a]-9618&alias=bigbird23.cern.ch&noUDP&sock=schedd_4975_03c1>
...
040 (7707825.000.000) 11/09 18:56:36 Started transferring input files
	Transferring to host: <128.142.51.214:9618?addrs=128.142.51.214-9618+[2001-1458-301-3--100-13]-9618&alias=b9g02p5039.cern.ch&noUDP&sock=slot1_14_3882603_ccd6_1639>
...
040 (7707825.000.000) 11/09 18:56:36 Finished transferring input files
...
001 (7707825.000.000) 11/09 18:56:37 Job executing on host: <128.142.51.214:9618?addrs=128.142.51.214-9618+[2001-1458-301-3--100-13]-9618&alias=b9g02p5039.cern.ch&noUDP&sock=startd_5762_d4ca>
	SlotName: slot1_14@b9g02p5039.cern.ch
	CondorScratchDir = "/pool/condor/dir_2014081"
	Cpus = 1
	Disk = 3010760
	Memory = 2000
...
006 (7707825.000.000) 11/09 18:56:45 Image size of job updated: 425288
	416  -  MemoryUsage of job (MB)
	425288  -  ResidentSetSize of job (KB)
...
006 (7707825.000.000) 11/09 19:01:45 Image size of job updated: 1601256
	1325  -  MemoryUsage of job (MB)
	1356508  -  ResidentSetSize of job (KB)
...
040 (7707825.000.000) 11/09 19:02:46 Started transferring output files
...
040 (7707825.000.000) 11/09 19:02:46 Finished transferring output files
...
005 (7707825.000.000) 11/09 19:02:46 Job terminated.
	(1) Normal termination (return value 0)
		Usr 0 00:05:03, Sys 0 00:00:07  -  Run Remote Usage
		Usr 0 00:00:00, Sys 0 00:00:00  -  Run Local Usage
		Usr 0 00:05:03, Sys 0 00:00:07  -  Total Remote Usage
		Usr 0 00:00:00, Sys 0 00:00:00  -  Total Local Usage
	8667  -  Run Bytes Sent By Job
	10710  -  Run Bytes Received By Job
	8667  -  Total Bytes Sent By Job
	10710  -  Total Bytes Received By Job
	Partitionable Resources :    Usage  Request Allocated 
	   Cpus                 :     0.98        1         1 
	   Disk (KB)            :    41          12   3010760 
	   Memory (MB)          :  1325        2000      2000 

	Job terminated of its own accord at 2024-11-09T18:02:46Z with exit-code 0.
...
000 (7714715.000.000) 11/11 11:31:03 Job submitted from host: <137.138.55.115:9618?addrs=137.138.55.115-9618+[2001-1458-d00-17--12a]-9618&alias=bigbird23.cern.ch&noUDP&sock=schedd_4975_03c1>
...
040 (7714715.000.000) 11/11 11:51:42 Started transferring input files
	Transferring to host: <128.142.33.18:9618?addrs=128.142.33.18-9618+[2001-1458-301-53--100-3f]-9618&alias=b9g34p6562.cern.ch&noUDP&sock=slot1_8_3621918_a28d_9678>
...
040 (7714715.000.000) 11/11 11:51:42 Finished transferring input files
...
001 (7714715.000.000) 11/11 11:51:43 Job executing on host: <128.142.33.18:9618?addrs=128.142.33.18-9618+[2001-1458-301-53--100-3f]-9618&alias=b9g34p6562.cern.ch&noUDP&sock=startd_5730_e1c2>
	SlotName: slot1_8@b9g34p6562.cern.ch
	CondorScratchDir = "/pool/condor/dir_3915737"
	Cpus = 1
	Disk = 2796598
	Memory = 2000
...
006 (7714715.000.000) 11/11 11:51:52 Image size of job updated: 313928
	307  -  MemoryUsage of job (MB)
	313928  -  ResidentSetSize of job (KB)
...
006 (7714715.000.000) 11/11 11:56:53 Image size of job updated: 1266160
	1237  -  MemoryUsage of job (MB)
	1265908  -  ResidentSetSize of job (KB)
...
006 (7714715.000.000) 11/11 12:01:54 Image size of job updated: 1469308
	1435  -  MemoryUsage of job (MB)
	1469308  -  ResidentSetSize of job (KB)
...
006 (7714715.000.000) 11/11 12:06:54 Image size of job updated: 1684048
	1568  -  MemoryUsage of job (MB)
	1605468  -  ResidentSetSize of job (KB)
...
006 (7714715.000.000) 11/11 12:11:54 Image size of job updated: 1832580
	1679  -  MemoryUsage of job (MB)
	1718556  -  ResidentSetSize of job (KB)
...
006 (7714715.000.000) 11/11 12:16:55 Image size of job updated: 1936764
	1768  -  MemoryUsage of job (MB)
	1809776  -  ResidentSetSize of job (KB)
...
006 (7714715.000.000) 11/11 12:21:55 Image size of job updated: 2000684
	1840  -  MemoryUsage of job (MB)
	1883816  -  ResidentSetSize of job (KB)
...
006 (7714715.000.000) 11/11 12:26:56 Image size of job updated: 2096220
	1902  -  MemoryUsage of job (MB)
	1947220  -  ResidentSetSize of job (KB)
...
006 (7714715.000.000) 11/11 12:31:57 Image size of job updated: 2219280
	2005  -  MemoryUsage of job (MB)
	2052568  -  ResidentSetSize of job (KB)
...
006 (7714715.000.000) 11/11 12:36:57 Image size of job updated: 2264004
	2106  -  MemoryUsage of job (MB)
	2155812  -  ResidentSetSize of job (KB)
...
006 (7714715.000.000) 11/11 12:41:57 Image size of job updated: 2323664
	2121  -  MemoryUsage of job (MB)
	2171712  -  ResidentSetSize of job (KB)
...
040 (7714715.000.000) 11/11 13:31:52 Started transferring output files
...
040 (7714715.000.000) 11/11 13:31:52 Finished transferring output files
...
005 (7714715.000.000) 11/11 13:31:52 Job terminated.
	(1) Normal termination (return value 0)
		Usr 0 01:34:37, Sys 0 00:01:12  -  Run Remote Usage
		Usr 0 00:00:00, Sys 0 00:00:00  -  Run Local Usage
		Usr 0 01:34:37, Sys 0 00:01:12  -  Total Remote Usage
		Usr 0 00:00:00, Sys 0 00:00:00  -  Total Local Usage
	22067  -  Run Bytes Sent By Job
	10706  -  Run Bytes Received By Job
	22067  -  Total Bytes Sent By Job
	10706  -  Total Bytes Received By Job
	Partitionable Resources :    Usage  Request Allocated 
	   Cpus                 :     0.97        1         1 
	   Disk (KB)            :    54          12   2796598 
	   Memory (MB)          :  2121        2000      2000 

	Job terminated of its own accord at 2024-11-11T12:31:51Z with exit-code 0.
...
000 (7743091.000.000) 11/16 17:43:53 Job submitted from host: <137.138.55.115:9618?addrs=137.138.55.115-9618+[2001-1458-d00-17--12a]-9618&alias=bigbird23.cern.ch&noUDP&sock=schedd_4975_03c1>
...
040 (7743091.000.000) 11/16 18:33:16 Started transferring input files
	Transferring to host: <188.185.204.157:9618?addrs=188.185.204.157-9618+[2001-1458-303-8--100-91]-9618&alias=b9p02p5912.cern.ch&noUDP&sock=slot1_19_5413_b2b5_112044>
...
040 (7743091.000.000) 11/16 18:33:16 Finished transferring input files
...
001 (7743091.000.000) 11/16 18:33:17 Job executing on host: <188.185.204.157:9618?addrs=188.185.204.157-9618+[2001-1458-303-8--100-91]-9618&alias=b9p02p5912.cern.ch&noUDP&sock=startd_4400_9ccc>
	SlotName: slot1_19@b9p02p5912.cern.ch
	CondorScratchDir = "/pool/condor/dir_3472535"
	Cpus = 1
	Disk = 2717805
	Memory = 2000
...
006 (7743091.000.000) 11/16 18:33:25 Image size of job updated: 267000
	261  -  MemoryUsage of job (MB)
	266896  -  ResidentSetSize of job (KB)
...
006 (7743091.000.000) 11/16 18:37:27 Image size of job updated: 1057920
	261  -  MemoryUsage of job (MB)
	266896  -  ResidentSetSize of job (KB)
...
040 (7743091.000.000) 11/16 18:37:27 Started transferring output files
...
040 (7743091.000.000) 11/16 18:37:27 Finished transferring output files
...
005 (7743091.000.000) 11/16 18:37:27 Job terminated.
	(1) Normal termination (return value 0)
		Usr 0 00:03:53, Sys 0 00:00:05  -  Run Remote Usage
		Usr 0 00:00:00, Sys 0 00:00:00  -  Run Local Usage
		Usr 0 00:03:53, Sys 0 00:00:05  -  Total Remote Usage
		Usr 0 00:00:00, Sys 0 00:00:00  -  Total Local Usage
	8973  -  Run Bytes Sent By Job
	10710  -  Run Bytes Received By Job
	8973  -  Total Bytes Sent By Job
	10710  -  Total Bytes Received By Job
	Partitionable Resources :    Usage  Request Allocated 
	   Cpus                 :     0.98        1         1 
	   Disk (KB)            :    45          12   2717805 
	   Memory (MB)          :   261        2000      2000 

	Job terminated of its own accord at 2024-11-16T17:37:27Z with exit-code 0.
...
000 (7743388.000.000) 11/16 19:42:47 Job submitted from host: <137.138.55.115:9618?addrs=137.138.55.115-9618+[2001-1458-d00-17--12a]-9618&alias=bigbird23.cern.ch&noUDP&sock=schedd_4975_03c1>
...
000 (7743389.000.000) 11/16 19:43:00 Job submitted from host: <137.138.55.115:9618?addrs=137.138.55.115-9618+[2001-1458-d00-17--12a]-9618&alias=bigbird23.cern.ch&noUDP&sock=schedd_4975_03c1>
...
040 (7743388.000.000) 11/16 19:49:06 Started transferring input files
	Transferring to host: <128.142.132.191:9618?addrs=128.142.132.191-9618+[2001-1458-301-5a--100-b3]-9618&alias=b9g12p4487.cern.ch&noUDP&sock=slot1_36_2771_2b8a_29559>
...
040 (7743388.000.000) 11/16 19:49:06 Finished transferring input files
...
001 (7743388.000.000) 11/16 19:49:08 Job executing on host: <128.142.132.191:9618?addrs=128.142.132.191-9618+[2001-1458-301-5a--100-b3]-9618&alias=b9g12p4487.cern.ch&noUDP&sock=startd_2422_de78>
	SlotName: slot1_36@b9g12p4487.cern.ch
	CondorScratchDir = "/pool/condor/dir_3477301"
	Cpus = 1
	Disk = 2748
	GPUs = 0
	Memory = 2000
...
006 (7743388.000.000) 11/16 19:49:16 Image size of job updated: 411292
	402  -  MemoryUsage of job (MB)
	411292  -  ResidentSetSize of job (KB)
...
006 (7743388.000.000) 11/16 19:54:16 Image size of job updated: 1124572
	1099  -  MemoryUsage of job (MB)
	1124572  -  ResidentSetSize of job (KB)
...
006 (7743388.000.000) 11/16 19:59:17 Image size of job updated: 1304240
	1274  -  MemoryUsage of job (MB)
	1304240  -  ResidentSetSize of job (KB)
...
006 (7743388.000.000) 11/16 20:04:18 Image size of job updated: 1419816
	1387  -  MemoryUsage of job (MB)
	1419816  -  ResidentSetSize of job (KB)
...
040 (7743389.000.000) 11/16 20:08:22 Started transferring input files
	Transferring to host: <128.142.132.188:9618?addrs=128.142.132.188-9618+[2001-1458-301-5a--100-b0]-9618&alias=b9g12p2884.cern.ch&noUDP&sock=slot1_14_2557957_dc2c_18454>
...
040 (7743389.000.000) 11/16 20:08:22 Finished transferring input files
...
001 (7743389.000.000) 11/16 20:08:23 Job executing on host: <128.142.132.188:9618?addrs=128.142.132.188-9618+[2001-1458-301-5a--100-b0]-9618&alias=b9g12p2884.cern.ch&noUDP&sock=startd_2480_a6f6>
	SlotName: slot1_14@b9g12p2884.cern.ch
	CondorScratchDir = "/pool/condor/dir_1017435"
	Cpus = 1
	Disk = 2731
	GPUs = 0
	Memory = 2000
...
006 (7743389.000.000) 11/16 20:08:31 Image size of job updated: 418568
	409  -  MemoryUsage of job (MB)
	418568  -  ResidentSetSize of job (KB)
...
006 (7743388.000.000) 11/16 20:09:18 Image size of job updated: 1494536
	1460  -  MemoryUsage of job (MB)
	1494536  -  ResidentSetSize of job (KB)
...
006 (7743389.000.000) 11/16 20:13:31 Image size of job updated: 1131156
	1105  -  MemoryUsage of job (MB)
	1131156  -  ResidentSetSize of job (KB)
...
006 (7743388.000.000) 11/16 20:14:19 Image size of job updated: 1558516
	1522  -  MemoryUsage of job (MB)
	1558516  -  ResidentSetSize of job (KB)
...
006 (7743389.000.000) 11/16 20:18:32 Image size of job updated: 1296776
	1267  -  MemoryUsage of job (MB)
	1296776  -  ResidentSetSize of job (KB)
...
006 (7743388.000.000) 11/16 20:19:20 Image size of job updated: 1606356
	1569  -  MemoryUsage of job (MB)
	1606356  -  ResidentSetSize of job (KB)
...
006 (7743389.000.000) 11/16 20:23:33 Image size of job updated: 1419032
	1386  -  MemoryUsage of job (MB)
	1419032  -  ResidentSetSize of job (KB)
...
006 (7743388.000.000) 11/16 20:24:20 Image size of job updated: 1644152
	1606  -  MemoryUsage of job (MB)
	1644152  -  ResidentSetSize of job (KB)
...
006 (7743389.000.000) 11/16 20:28:33 Image size of job updated: 1497492
	1463  -  MemoryUsage of job (MB)
	1497492  -  ResidentSetSize of job (KB)
...
006 (7743388.000.000) 11/16 20:29:20 Image size of job updated: 1671996
	1633  -  MemoryUsage of job (MB)
	1671996  -  ResidentSetSize of job (KB)
...
006 (7743389.000.000) 11/16 20:33:33 Image size of job updated: 1557032
	1521  -  MemoryUsage of job (MB)
	1557032  -  ResidentSetSize of job (KB)
...
006 (7743388.000.000) 11/16 20:34:21 Image size of job updated: 1692440
	1653  -  MemoryUsage of job (MB)
	1692440  -  ResidentSetSize of job (KB)
...
006 (7743389.000.000) 11/16 20:38:34 Image size of job updated: 1605888
	1569  -  MemoryUsage of job (MB)
	1605888  -  ResidentSetSize of job (KB)
...
006 (7743388.000.000) 11/16 20:39:21 Image size of job updated: 1708164
	1669  -  MemoryUsage of job (MB)
	1708164  -  ResidentSetSize of job (KB)
...
040 (7743388.000.000) 11/16 20:41:19 Started transferring output files
...
040 (7743388.000.000) 11/16 20:41:19 Finished transferring output files
...
005 (7743388.000.000) 11/16 20:41:19 Job terminated.
	(1) Normal termination (return value 0)
		Usr 0 00:48:47, Sys 0 00:00:30  -  Run Remote Usage
		Usr 0 00:00:00, Sys 0 00:00:00  -  Run Local Usage
		Usr 0 00:48:47, Sys 0 00:00:30  -  Total Remote Usage
		Usr 0 00:00:00, Sys 0 00:00:00  -  Total Local Usage
	14968  -  Run Bytes Sent By Job
	10710  -  Run Bytes Received By Job
	14968  -  Total Bytes Sent By Job
	10710  -  Total Bytes Received By Job
	Partitionable Resources :    Usage  Request Allocated 
	   Cpus                 :     0.98        1         1 
	   Disk (KB)            :    48          12      2748 
	   GPUs                 :                           0 
	   Memory (MB)          :  1669        2000      2000 

	Job terminated of its own accord at 2024-11-16T19:41:19Z with exit-code 0.
...
006 (7743389.000.000) 11/16 20:43:34 Image size of job updated: 1639136
	1601  -  MemoryUsage of job (MB)
	1639136  -  ResidentSetSize of job (KB)
...
040 (7743389.000.000) 11/16 21:03:07 Started transferring output files
...
040 (7743389.000.000) 11/16 21:03:07 Finished transferring output files
...
005 (7743389.000.000) 11/16 21:03:07 Job terminated.
	(1) Normal termination (return value 0)
		Usr 0 00:50:32, Sys 0 00:00:42  -  Run Remote Usage
		Usr 0 00:00:00, Sys 0 00:00:00  -  Run Local Usage
		Usr 0 00:50:32, Sys 0 00:00:42  -  Total Remote Usage
		Usr 0 00:00:00, Sys 0 00:00:00  -  Total Local Usage
	14820  -  Run Bytes Sent By Job
	10710  -  Run Bytes Received By Job
	14820  -  Total Bytes Sent By Job
	10710  -  Total Bytes Received By Job
	Partitionable Resources :    Usage  Request Allocated 
	   Cpus                 :     0.98        1         1 
	   Disk (KB)            :    47          12      2731 
	   GPUs                 :                           0 
	   Memory (MB)          :  1601        2000      2000 

	Job terminated of its own accord at 2024-11-16T20:03:07Z with exit-code 0.
...
000 (7747278.000.000) 11/17 18:18:00 Job submitted from host: <137.138.55.115:9618?addrs=137.138.55.115-9618+[2001-1458-d00-17--12a]-9618&alias=bigbird23.cern.ch&noUDP&sock=schedd_4975_03c1>
...
040 (7747278.000.000) 11/17 18:45:16 Started transferring input files
	Transferring to host: <188.185.213.157:9618?addrs=188.185.213.157-9618+[2001-1458-303-1b--100-19]-9618&alias=b9p28p0960.cern.ch&noUDP&sock=slot1_21_6974_9055_41902>
...
040 (7747278.000.000) 11/17 18:45:17 Finished transferring input files
...
001 (7747278.000.000) 11/17 18:45:22 Job executing on host: <188.185.213.157:9618?addrs=188.185.213.157-9618+[2001-1458-303-1b--100-19]-9618&alias=b9p28p0960.cern.ch&noUDP&sock=startd_5814_7fb7>
	SlotName: slot1_21@b9p28p0960.cern.ch
	CondorScratchDir = "/pool/condor/dir_303285"
	Cpus = 1
	Disk = 3762
	GPUs = 0
	Memory = 2000
...
006 (7747278.000.000) 11/17 18:45:31 Image size of job updated: 501316
	490  -  MemoryUsage of job (MB)
	501316  -  ResidentSetSize of job (KB)
...
006 (7747278.000.000) 11/17 18:50:32 Image size of job updated: 1383600
	1352  -  MemoryUsage of job (MB)
	1383600  -  ResidentSetSize of job (KB)
...
006 (7747278.000.000) 11/17 18:55:33 Image size of job updated: 1522856
	1488  -  MemoryUsage of job (MB)
	1522856  -  ResidentSetSize of job (KB)
...
040 (7747278.000.000) 11/17 19:01:31 Started transferring output files
...
040 (7747278.000.000) 11/17 19:08:44 Finished transferring output files
...
005 (7747278.000.000) 11/17 19:08:46 Job terminated.
	(1) Normal termination (return value 0)
		Usr 0 00:11:24, Sys 0 00:00:12  -  Run Remote Usage
		Usr 0 00:00:00, Sys 0 00:00:00  -  Run Local Usage
		Usr 0 00:11:24, Sys 0 00:00:12  -  Total Remote Usage
		Usr 0 00:00:00, Sys 0 00:00:00  -  Total Local Usage
	14820  -  Run Bytes Sent By Job
	10706  -  Run Bytes Received By Job
	14820  -  Total Bytes Sent By Job
	10706  -  Total Bytes Received By Job
	Partitionable Resources :    Usage  Request Allocated 
	   Cpus                 :        0        1         1 
	   Disk (KB)            :       48       12      3762 
	   GPUs                 :                           0 
	   Memory (MB)          :     1488     2000      2000 

	Job terminated of its own accord at 2024-11-17T17:58:22Z with exit-code 0.
...
000 (7747708.000.000) 11/17 22:57:52 Job submitted from host: <137.138.55.115:9618?addrs=137.138.55.115-9618+[2001-1458-d00-17--12a]-9618&alias=bigbird23.cern.ch&noUDP&sock=schedd_4975_03c1>
...
040 (7747708.000.000) 11/17 23:08:14 Started transferring input files
	Transferring to host: <188.184.185.125:9618?addrs=188.184.185.125-9618+[2001-1458-301-52--100-7c]-9618&alias=b9g37p1565.cern.ch&noUDP&sock=slot1_27_3161990_c07e_4216>
...
040 (7747708.000.000) 11/17 23:08:14 Finished transferring input files
...
001 (7747708.000.000) 11/17 23:08:15 Job executing on host: <188.184.185.125:9618?addrs=188.184.185.125-9618+[2001-1458-301-52--100-7c]-9618&alias=b9g37p1565.cern.ch&noUDP&sock=startd_4116_cfe7>
	SlotName: slot1_27@b9g37p1565.cern.ch
	CondorScratchDir = "/pool/condor/dir_4060391"
	Cpus = 1
	Disk = 2918584
	Memory = 2000
...
006 (7747708.000.000) 11/17 23:08:24 Image size of job updated: 142480
	140  -  MemoryUsage of job (MB)
	142480  -  ResidentSetSize of job (KB)
...
006 (7747708.000.000) 11/17 23:13:25 Image size of job updated: 1307472
	1277  -  MemoryUsage of job (MB)
	1307472  -  ResidentSetSize of job (KB)
...
006 (7747708.000.000) 11/17 23:18:26 Image size of job updated: 1665132
	1595  -  MemoryUsage of job (MB)
	1632952  -  ResidentSetSize of job (KB)
...
006 (7747708.000.000) 11/17 23:23:26 Image size of job updated: 1830356
	1698  -  MemoryUsage of job (MB)
	1738076  -  ResidentSetSize of job (KB)
...
006 (7747708.000.000) 11/17 23:28:26 Image size of job updated: 1964556
	1834  -  MemoryUsage of job (MB)
	1877380  -  ResidentSetSize of job (KB)
...
006 (7747708.000.000) 11/17 23:32:14 Image size of job updated: 2073868
	1834  -  MemoryUsage of job (MB)
	1877380  -  ResidentSetSize of job (KB)
...
040 (7747708.000.000) 11/17 23:33:17 Started transferring output files
...
040 (7747708.000.000) 11/17 23:33:18 Finished transferring output files
...
005 (7747708.000.000) 11/17 23:33:20 Job terminated.
	(1) Normal termination (return value 0)
		Usr 0 00:21:58, Sys 0 00:00:18  -  Run Remote Usage
		Usr 0 00:00:00, Sys 0 00:00:00  -  Run Local Usage
		Usr 0 00:21:58, Sys 0 00:00:18  -  Total Remote Usage
		Usr 0 00:00:00, Sys 0 00:00:00  -  Total Local Usage
	14820  -  Run Bytes Sent By Job
	10706  -  Run Bytes Received By Job
	14820  -  Total Bytes Sent By Job
	10706  -  Total Bytes Received By Job
	Partitionable Resources :    Usage  Request Allocated 
	   Cpus                 :     0.98        1         1 
	   Disk (KB)            :    47          12   2918584 
	   Memory (MB)          :  1834        2000      2000 

	Job terminated of its own accord at 2024-11-17T22:32:14Z with exit-code 0.
...
