000 (8056972.000.000) 02/05 11:30:56 Job submitted from host: <137.138.55.115:9618?addrs=137.138.55.115-9618+[2001-1458-d00-17--12a]-9618&alias=bigbird23.cern.ch&noUDP&sock=schedd_1381843_f090>
...
040 (8056972.000.000) 02/05 12:01:22 Started transferring input files
	Transferring to host: <128.142.248.15:9618?addrs=128.142.248.15-9618+[2001-1458-301-73--100-ff]-9618&alias=b9g23p2723.cern.ch&noUDP&sock=slot1_33_928820_7703_67836>
...
040 (8056972.000.000) 02/05 12:01:22 Finished transferring input files
...
001 (8056972.000.000) 02/05 12:01:23 Job executing on host: <128.142.248.15:9618?addrs=128.142.248.15-9618+[2001-1458-301-73--100-ff]-9618&alias=b9g23p2723.cern.ch&noUDP&sock=startd_8515_2904>
	SlotName: slot1_33@b9g23p2723.cern.ch
	CondorScratchDir = "/pool/condor/dir_341727"
	Cpus = 1
	Disk = 2967991
	Memory = 3000
...
006 (8056972.000.000) 02/05 12:01:32 Image size of job updated: 272296
	266  -  MemoryUsage of job (MB)
	272296  -  ResidentSetSize of job (KB)
...
006 (8056972.000.000) 02/05 12:06:33 Image size of job updated: 3141172
	3068  -  MemoryUsage of job (MB)
	3140780  -  ResidentSetSize of job (KB)
...
006 (8056972.000.000) 02/05 12:11:34 Image size of job updated: 3233084
	3158  -  MemoryUsage of job (MB)
	3233080  -  ResidentSetSize of job (KB)
...
006 (8056972.000.000) 02/05 12:16:34 Image size of job updated: 3325608
	3248  -  MemoryUsage of job (MB)
	3324988  -  ResidentSetSize of job (KB)
...
006 (8056972.000.000) 02/05 12:21:34 Image size of job updated: 3416372
	3336  -  MemoryUsage of job (MB)
	3415596  -  ResidentSetSize of job (KB)
...
006 (8056972.000.000) 02/05 12:26:35 Image size of job updated: 3510636
	3429  -  MemoryUsage of job (MB)
	3510636  -  ResidentSetSize of job (KB)
...
006 (8056972.000.000) 02/05 12:31:35 Image size of job updated: 3602656
	3519  -  MemoryUsage of job (MB)
	3602656  -  ResidentSetSize of job (KB)
...
006 (8056972.000.000) 02/05 12:36:35 Image size of job updated: 3695100
	3609  -  MemoryUsage of job (MB)
	3695100  -  ResidentSetSize of job (KB)
...
006 (8056972.000.000) 02/05 12:41:36 Image size of job updated: 3783272
	3695  -  MemoryUsage of job (MB)
	3783016  -  ResidentSetSize of job (KB)
...
006 (8056972.000.000) 02/05 12:46:37 Image size of job updated: 3857464
	3695  -  MemoryUsage of job (MB)
	3783016  -  ResidentSetSize of job (KB)
...
006 (8056972.000.000) 02/05 13:11:38 Image size of job updated: 3873560
	3783  -  MemoryUsage of job (MB)
	3873420  -  ResidentSetSize of job (KB)
...
006 (8056972.000.000) 02/05 13:16:39 Image size of job updated: 3984024
	3891  -  MemoryUsage of job (MB)
	3984024  -  ResidentSetSize of job (KB)
...
006 (8056972.000.000) 02/05 13:21:40 Image size of job updated: 4095960
	4000  -  MemoryUsage of job (MB)
	4095808  -  ResidentSetSize of job (KB)
...
006 (8056972.000.000) 02/05 13:24:04 Image size of job updated: 4306060
	4000  -  MemoryUsage of job (MB)
	4095808  -  ResidentSetSize of job (KB)
...
040 (8056972.000.000) 02/05 13:24:04 Started transferring output files
...
040 (8056972.000.000) 02/05 13:24:04 Finished transferring output files
...
005 (8056972.000.000) 02/05 13:24:04 Job terminated.
	(1) Normal termination (return value 0)
		Usr 0 01:16:46, Sys 0 00:01:01  -  Run Remote Usage
		Usr 0 00:00:00, Sys 0 00:00:00  -  Run Local Usage
		Usr 0 01:16:46, Sys 0 00:01:01  -  Total Remote Usage
		Usr 0 00:00:00, Sys 0 00:00:00  -  Total Local Usage
	8363  -  Run Bytes Sent By Job
	10550  -  Run Bytes Received By Job
	8363  -  Total Bytes Sent By Job
	10550  -  Total Bytes Received By Job
	Partitionable Resources :    Usage  Request Allocated 
	   Cpus                 :     0.95        1         1 
	   Disk (KB)            :    40          12   2967991 
	   Memory (MB)          :  4000        3000      3000 

	Job terminated of its own accord at 2025-02-05T12:24:04Z with exit-code 0.
...
000 (8135337.000.000) 02/16 15:02:50 Job submitted from host: <137.138.55.115:9618?addrs=137.138.55.115-9618+[2001-1458-d00-17--12a]-9618&alias=bigbird23.cern.ch&noUDP&sock=schedd_1381843_f090>
...
040 (8135337.000.000) 02/16 15:05:23 Started transferring input files
	Transferring to host: <188.185.196.185:9618?addrs=188.185.196.185-9618+[2001-1458-303-23--100-b5]-9618&alias=b9p16p8521.cern.ch&noUDP&sock=slot1_25_10679_124b_72700>
...
040 (8135337.000.000) 02/16 15:05:23 Finished transferring input files
...
001 (8135337.000.000) 02/16 15:05:24 Job executing on host: <188.185.196.185:9618?addrs=188.185.196.185-9618+[2001-1458-303-23--100-b5]-9618&alias=b9p16p8521.cern.ch&noUDP&sock=startd_8967_31d3>
	SlotName: slot1_25@b9p16p8521.cern.ch
	CondorScratchDir = "/pool/condor/dir_1793642"
	Cpus = 1
	Disk = 3807
	GPUs = 0
	Memory = 3000
...
006 (8135337.000.000) 02/16 15:05:32 Image size of job updated: 154884
	152  -  MemoryUsage of job (MB)
	154884  -  ResidentSetSize of job (KB)
...
006 (8135337.000.000) 02/16 15:07:57 Image size of job updated: 607424
	594  -  MemoryUsage of job (MB)
	607424  -  ResidentSetSize of job (KB)
...
040 (8135337.000.000) 02/16 15:07:57 Started transferring output files
...
040 (8135337.000.000) 02/16 15:07:57 Finished transferring output files
...
005 (8135337.000.000) 02/16 15:07:57 Job terminated.
	(1) Normal termination (return value 1)
		Usr 0 00:01:27, Sys 0 00:00:08  -  Run Remote Usage
		Usr 0 00:00:00, Sys 0 00:00:00  -  Run Local Usage
		Usr 0 00:01:27, Sys 0 00:00:08  -  Total Remote Usage
		Usr 0 00:00:00, Sys 0 00:00:00  -  Total Local Usage
	8421  -  Run Bytes Sent By Job
	10550  -  Run Bytes Received By Job
	8421  -  Total Bytes Sent By Job
	10550  -  Total Bytes Received By Job
	Partitionable Resources :    Usage  Request Allocated 
	   Cpus                 :        0        1         1 
	   Disk (KB)            :       41       12      3807 
	   GPUs                 :                           0 
	   Memory (MB)          :      594     3000      3000 

	Job terminated of its own accord at 2025-02-16T14:07:57Z with exit-code 1.
...
