000 (7706914.000.000) 11/09 17:02:06 Job submitted from host: <137.138.55.115:9618?addrs=137.138.55.115-9618+[2001-1458-d00-17--12a]-9618&alias=bigbird23.cern.ch&noUDP&sock=schedd_4975_03c1>
...
040 (7706914.000.000) 11/09 17:07:46 Started transferring input files
	Transferring to host: <128.142.161.99:9618?addrs=128.142.161.99-9618+[2001-1458-301-b8--100-21]-9618&alias=b9g03p0440.cern.ch&noUDP&sock=slot1_9_352284_b26f_23262>
...
040 (7706914.000.000) 11/09 17:07:46 Finished transferring input files
...
001 (7706914.000.000) 11/09 17:07:47 Job executing on host: <128.142.161.99:9618?addrs=128.142.161.99-9618+[2001-1458-301-b8--100-21]-9618&alias=b9g03p0440.cern.ch&noUDP&sock=startd_6075_85ef>
	SlotName: slot1_9@b9g03p0440.cern.ch
	CondorScratchDir = "/pool/condor/dir_2802027"
	Cpus = 1
	Disk = 4059
	GPUs = 0
	Memory = 2000
...
006 (7706914.000.000) 11/09 17:07:55 Image size of job updated: 501252
	490  -  MemoryUsage of job (MB)
	501252  -  ResidentSetSize of job (KB)
...
006 (7706914.000.000) 11/09 17:08:14 Image size of job updated: 603528
	590  -  MemoryUsage of job (MB)
	603528  -  ResidentSetSize of job (KB)
...
040 (7706914.000.000) 11/09 17:08:15 Started transferring output files
...
040 (7706914.000.000) 11/09 17:08:15 Finished transferring output files
...
005 (7706914.000.000) 11/09 17:08:15 Job terminated.
	(1) Normal termination (return value 1)
		Usr 0 00:00:09, Sys 0 00:00:02  -  Run Remote Usage
		Usr 0 00:00:00, Sys 0 00:00:00  -  Run Local Usage
		Usr 0 00:00:09, Sys 0 00:00:02  -  Total Remote Usage
		Usr 0 00:00:00, Sys 0 00:00:00  -  Total Local Usage
	14303  -  Run Bytes Sent By Job
	10706  -  Run Bytes Received By Job
	14303  -  Total Bytes Sent By Job
	10706  -  Total Bytes Received By Job
	Partitionable Resources :    Usage  Request Allocated 
	   Cpus                 :        0        1         1 
	   Disk (KB)            :       47       12      4059 
	   GPUs                 :                           0 
	   Memory (MB)          :      590     2000      2000 

	Job terminated of its own accord at 2024-11-09T16:08:14Z with exit-code 1.
...
000 (7706920.000.000) 11/09 17:09:39 Job submitted from host: <137.138.55.115:9618?addrs=137.138.55.115-9618+[2001-1458-d00-17--12a]-9618&alias=bigbird23.cern.ch&noUDP&sock=schedd_4975_03c1>
...
040 (7706920.000.000) 11/09 17:12:47 Started transferring input files
	Transferring to host: <188.185.198.51:9618?addrs=188.185.198.51-9618+[2001-1458-303-25--100-2f]-9618&alias=b9p15p1642.cern.ch&noUDP&sock=slot1_2_1961008_4979_4184>
...
040 (7706920.000.000) 11/09 17:12:47 Finished transferring input files
...
001 (7706920.000.000) 11/09 17:12:48 Job executing on host: <188.185.198.51:9618?addrs=188.185.198.51-9618+[2001-1458-303-25--100-2f]-9618&alias=b9p15p1642.cern.ch&noUDP&sock=startd_6676_c25a>
	SlotName: slot1_2@b9p15p1642.cern.ch
	CondorScratchDir = "/pool/condor/dir_962306"
	Cpus = 1
	Disk = 3948
	GPUs = 0
	Memory = 2000
...
006 (7706920.000.000) 11/09 17:12:56 Image size of job updated: 366712
	359  -  MemoryUsage of job (MB)
	366712  -  ResidentSetSize of job (KB)
...
006 (7706920.000.000) 11/09 17:15:47 Image size of job updated: 595800
	582  -  MemoryUsage of job (MB)
	595800  -  ResidentSetSize of job (KB)
...
040 (7706920.000.000) 11/09 17:15:47 Started transferring output files
...
040 (7706920.000.000) 11/09 17:15:47 Finished transferring output files
...
005 (7706920.000.000) 11/09 17:15:47 Job terminated.
	(1) Normal termination (return value 0)
		Usr 0 00:01:35, Sys 0 00:00:09  -  Run Remote Usage
		Usr 0 00:00:00, Sys 0 00:00:00  -  Run Local Usage
		Usr 0 00:01:35, Sys 0 00:00:09  -  Total Remote Usage
		Usr 0 00:00:00, Sys 0 00:00:00  -  Total Local Usage
	35760  -  Run Bytes Sent By Job
	10706  -  Run Bytes Received By Job
	35760  -  Total Bytes Sent By Job
	10706  -  Total Bytes Received By Job
	Partitionable Resources :    Usage  Request Allocated 
	   Cpus                 :     0.04        1         1 
	   Disk (KB)            :    68          12      3948 
	   GPUs                 :                           0 
	   Memory (MB)          :   582        2000      2000 

	Job terminated of its own accord at 2024-11-09T16:15:47Z with exit-code 0.
...
000 (7706931.000.000) 11/09 17:25:03 Job submitted from host: <137.138.55.115:9618?addrs=137.138.55.115-9618+[2001-1458-d00-17--12a]-9618&alias=bigbird23.cern.ch&noUDP&sock=schedd_4975_03c1>
...
040 (7706931.000.000) 11/09 17:25:45 Started transferring input files
	Transferring to host: <128.142.33.14:9618?addrs=128.142.33.14-9618+[2001-1458-301-53--100-b]-9618&alias=b9g34p3197.cern.ch&noUDP&sock=slot1_38_3125_9858_2930>
...
040 (7706931.000.000) 11/09 17:25:45 Finished transferring input files
...
001 (7706931.000.000) 11/09 17:25:46 Job executing on host: <128.142.33.14:9618?addrs=128.142.33.14-9618+[2001-1458-301-53--100-b]-9618&alias=b9g34p3197.cern.ch&noUDP&sock=startd_3010_3028>
	SlotName: slot1_38@b9g34p3197.cern.ch
	CondorScratchDir = "/pool/condor/dir_4193984"
	Cpus = 1
	Disk = 3773
	GPUs = 0
	Memory = 2000
...
006 (7706931.000.000) 11/09 17:25:55 Image size of job updated: 81256
	80  -  MemoryUsage of job (MB)
	81256  -  ResidentSetSize of job (KB)
...
006 (7706931.000.000) 11/09 17:27:10 Image size of job updated: 601884
	588  -  MemoryUsage of job (MB)
	601884  -  ResidentSetSize of job (KB)
...
040 (7706931.000.000) 11/09 17:27:10 Started transferring output files
...
040 (7706931.000.000) 11/09 17:27:10 Finished transferring output files
...
005 (7706931.000.000) 11/09 17:27:10 Job terminated.
	(1) Normal termination (return value 0)
		Usr 0 00:00:32, Sys 0 00:00:08  -  Run Remote Usage
		Usr 0 00:00:00, Sys 0 00:00:00  -  Run Local Usage
		Usr 0 00:00:32, Sys 0 00:00:08  -  Total Remote Usage
		Usr 0 00:00:00, Sys 0 00:00:00  -  Total Local Usage
	8530  -  Run Bytes Sent By Job
	10706  -  Run Bytes Received By Job
	8530  -  Total Bytes Sent By Job
	10706  -  Total Bytes Received By Job
	Partitionable Resources :    Usage  Request Allocated 
	   Cpus                 :        0        1         1 
	   Disk (KB)            :       41       12      3773 
	   GPUs                 :                           0 
	   Memory (MB)          :      588     2000      2000 

	Job terminated of its own accord at 2024-11-09T16:27:10Z with exit-code 0.
...
000 (7707813.000.000) 11/09 18:46:02 Job submitted from host: <137.138.55.115:9618?addrs=137.138.55.115-9618+[2001-1458-d00-17--12a]-9618&alias=bigbird23.cern.ch&noUDP&sock=schedd_4975_03c1>
...
040 (7707813.000.000) 11/09 18:56:34 Started transferring input files
	Transferring to host: <188.185.192.32:9618?addrs=188.185.192.32-9618+[2001-1458-303-1f--100-1c]-9618&alias=b9p13p8414.cern.ch&noUDP&sock=slot1_35_1116569_9eb6_23962>
...
040 (7707813.000.000) 11/09 18:56:34 Finished transferring input files
...
001 (7707813.000.000) 11/09 18:56:35 Job executing on host: <188.185.192.32:9618?addrs=188.185.192.32-9618+[2001-1458-303-1f--100-1c]-9618&alias=b9p13p8414.cern.ch&noUDP&sock=startd_3751831_949f>
	SlotName: slot1_35@b9p13p8414.cern.ch
	CondorScratchDir = "/pool/condor/dir_1403145"
	Cpus = 1
	Disk = 3062298
	Memory = 2000
...
006 (7707813.000.000) 11/09 18:56:44 Image size of job updated: 1
	0  -  MemoryUsage of job (MB)
	0  -  ResidentSetSize of job (KB)
...
006 (7707813.000.000) 11/09 19:01:44 Image size of job updated: 1239080
	704  -  MemoryUsage of job (MB)
	719932  -  ResidentSetSize of job (KB)
...
040 (7707813.000.000) 11/09 19:02:16 Started transferring output files
...
040 (7707813.000.000) 11/09 19:02:16 Finished transferring output files
...
005 (7707813.000.000) 11/09 19:02:16 Job terminated.
	(1) Normal termination (return value 0)
		Usr 0 00:03:23, Sys 0 00:00:13  -  Run Remote Usage
		Usr 0 00:00:00, Sys 0 00:00:00  -  Run Local Usage
		Usr 0 00:03:23, Sys 0 00:00:13  -  Total Remote Usage
		Usr 0 00:00:00, Sys 0 00:00:00  -  Total Local Usage
	48729  -  Run Bytes Sent By Job
	10706  -  Run Bytes Received By Job
	48729  -  Total Bytes Sent By Job
	10706  -  Total Bytes Received By Job
	Partitionable Resources :    Usage  Request Allocated 
	   Cpus                 :        0        1         1 
	   Disk (KB)            :       80       12   3062298 
	   Memory (MB)          :      704     2000      2000 

	Job terminated of its own accord at 2024-11-09T18:02:15Z with exit-code 0.
...
000 (7714711.000.000) 11/11 11:28:45 Job submitted from host: <137.138.55.115:9618?addrs=137.138.55.115-9618+[2001-1458-d00-17--12a]-9618&alias=bigbird23.cern.ch&noUDP&sock=schedd_4975_03c1>
...
040 (7714711.000.000) 11/11 11:42:59 Started transferring input files
	Transferring to host: <188.185.194.43:9618?addrs=188.185.194.43-9618+[2001-1458-303-21--100-27]-9618&alias=b9p20p1502.cern.ch&noUDP&sock=slot1_8_3565476_23d6_6187>
...
040 (7714711.000.000) 11/11 11:42:59 Finished transferring input files
...
001 (7714711.000.000) 11/11 11:43:00 Job executing on host: <188.185.194.43:9618?addrs=188.185.194.43-9618+[2001-1458-303-21--100-27]-9618&alias=b9p20p1502.cern.ch&noUDP&sock=startd_11625_5c8e>
	SlotName: slot1_8@b9p20p1502.cern.ch
	CondorScratchDir = "/pool/condor/dir_3445078"
	Cpus = 1
	Disk = 2938080
	Memory = 2000
...
006 (7714711.000.000) 11/11 11:43:09 Image size of job updated: 198044
	190  -  MemoryUsage of job (MB)
	194036  -  ResidentSetSize of job (KB)
...
006 (7714711.000.000) 11/11 11:48:10 Image size of job updated: 1300952
	699  -  MemoryUsage of job (MB)
	715708  -  ResidentSetSize of job (KB)
...
006 (7714711.000.000) 11/11 11:53:11 Image size of job updated: 1300952
	759  -  MemoryUsage of job (MB)
	776360  -  ResidentSetSize of job (KB)
...
006 (7714711.000.000) 11/11 11:58:11 Image size of job updated: 1300952
	803  -  MemoryUsage of job (MB)
	822148  -  ResidentSetSize of job (KB)
...
006 (7714711.000.000) 11/11 12:03:11 Image size of job updated: 1300952
	852  -  MemoryUsage of job (MB)
	871712  -  ResidentSetSize of job (KB)
...
006 (7714711.000.000) 11/11 12:08:12 Image size of job updated: 1300952
	902  -  MemoryUsage of job (MB)
	922788  -  ResidentSetSize of job (KB)
...
006 (7714711.000.000) 11/11 12:13:12 Image size of job updated: 1300952
	943  -  MemoryUsage of job (MB)
	964724  -  ResidentSetSize of job (KB)
...
006 (7714711.000.000) 11/11 12:18:12 Image size of job updated: 1300952
	990  -  MemoryUsage of job (MB)
	1012944  -  ResidentSetSize of job (KB)
...
006 (7714711.000.000) 11/11 12:23:13 Image size of job updated: 1300952
	1036  -  MemoryUsage of job (MB)
	1060852  -  ResidentSetSize of job (KB)
...
006 (7714711.000.000) 11/11 12:28:13 Image size of job updated: 1300952
	1080  -  MemoryUsage of job (MB)
	1105516  -  ResidentSetSize of job (KB)
...
006 (7714711.000.000) 11/11 12:33:14 Image size of job updated: 1300952
	1127  -  MemoryUsage of job (MB)
	1153280  -  ResidentSetSize of job (KB)
...
006 (7714711.000.000) 11/11 12:38:15 Image size of job updated: 1300952
	1176  -  MemoryUsage of job (MB)
	1203244  -  ResidentSetSize of job (KB)
...
006 (7714711.000.000) 11/11 12:43:15 Image size of job updated: 1300952
	1232  -  MemoryUsage of job (MB)
	1261248  -  ResidentSetSize of job (KB)
...
006 (7714711.000.000) 11/11 12:48:16 Image size of job updated: 1307728
	1265  -  MemoryUsage of job (MB)
	1294600  -  ResidentSetSize of job (KB)
...
006 (7714711.000.000) 11/11 12:53:17 Image size of job updated: 1358832
	1323  -  MemoryUsage of job (MB)
	1354296  -  ResidentSetSize of job (KB)
...
006 (7714711.000.000) 11/11 12:58:17 Image size of job updated: 1416772
	1370  -  MemoryUsage of job (MB)
	1402796  -  ResidentSetSize of job (KB)
...
006 (7714711.000.000) 11/11 13:03:18 Image size of job updated: 1461532
	1415  -  MemoryUsage of job (MB)
	1448136  -  ResidentSetSize of job (KB)
...
006 (7714711.000.000) 11/11 13:08:18 Image size of job updated: 1514752
	1480  -  MemoryUsage of job (MB)
	1514632  -  ResidentSetSize of job (KB)
...
006 (7714711.000.000) 11/11 13:13:19 Image size of job updated: 1569548
	1521  -  MemoryUsage of job (MB)
	1556732  -  ResidentSetSize of job (KB)
...
006 (7714711.000.000) 11/11 13:18:19 Image size of job updated: 1615296
	1573  -  MemoryUsage of job (MB)
	1609792  -  ResidentSetSize of job (KB)
...
006 (7714711.000.000) 11/11 13:23:19 Image size of job updated: 1672040
	1621  -  MemoryUsage of job (MB)
	1658936  -  ResidentSetSize of job (KB)
...
006 (7714711.000.000) 11/11 13:28:21 Image size of job updated: 1715572
	1663  -  MemoryUsage of job (MB)
	1702272  -  ResidentSetSize of job (KB)
...
006 (7714711.000.000) 11/11 13:33:21 Image size of job updated: 1764824
	1711  -  MemoryUsage of job (MB)
	1751380  -  ResidentSetSize of job (KB)
...
006 (7714711.000.000) 11/11 13:38:21 Image size of job updated: 1814652
	1759  -  MemoryUsage of job (MB)
	1800904  -  ResidentSetSize of job (KB)
...
006 (7714711.000.000) 11/11 13:43:22 Image size of job updated: 1862508
	1819  -  MemoryUsage of job (MB)
	1862508  -  ResidentSetSize of job (KB)
...
006 (7714711.000.000) 11/11 13:48:23 Image size of job updated: 1905236
	1819  -  MemoryUsage of job (MB)
	1862508  -  ResidentSetSize of job (KB)
...
006 (7714711.000.000) 11/11 14:08:24 Image size of job updated: 1905236
	1834  -  MemoryUsage of job (MB)
	1877636  -  ResidentSetSize of job (KB)
...
006 (7714711.000.000) 11/11 14:13:25 Image size of job updated: 1953168
	1895  -  MemoryUsage of job (MB)
	1939608  -  ResidentSetSize of job (KB)
...
006 (7714711.000.000) 11/11 14:18:14 Image size of job updated: 2135224
	1895  -  MemoryUsage of job (MB)
	1939608  -  ResidentSetSize of job (KB)
...
040 (7714711.000.000) 11/11 14:18:14 Started transferring output files
...
040 (7714711.000.000) 11/11 14:18:15 Finished transferring output files
...
005 (7714711.000.000) 11/11 14:18:15 Job terminated.
	(1) Normal termination (return value 0)
		Usr 0 02:02:48, Sys 0 00:04:11  -  Run Remote Usage
		Usr 0 00:00:00, Sys 0 00:00:00  -  Run Local Usage
		Usr 0 02:02:48, Sys 0 00:04:11  -  Total Remote Usage
		Usr 0 00:00:00, Sys 0 00:00:00  -  Total Local Usage
	923446  -  Run Bytes Sent By Job
	10702  -  Run Bytes Received By Job
	923446  -  Total Bytes Sent By Job
	10702  -  Total Bytes Received By Job
	Partitionable Resources :    Usage  Request Allocated 
	   Cpus                 :     0.89        1         1 
	   Disk (KB)            :   934          12   2938080 
	   Memory (MB)          :  1895        2000      2000 

	Job terminated of its own accord at 2024-11-11T13:18:14Z with exit-code 0.
...
000 (7743086.000.000) 11/16 17:43:16 Job submitted from host: <137.138.55.115:9618?addrs=137.138.55.115-9618+[2001-1458-d00-17--12a]-9618&alias=bigbird23.cern.ch&noUDP&sock=schedd_4975_03c1>
...
040 (7743086.000.000) 11/16 18:31:00 Started transferring input files
	Transferring to host: <188.185.206.180:9618?addrs=188.185.206.180-9618+[2001-1458-303-c--100-31]-9618&alias=b9p06p5479.cern.ch&noUDP&sock=slot1_5_3655_072e_94065>
...
040 (7743086.000.000) 11/16 18:31:00 Finished transferring input files
...
001 (7743086.000.000) 11/16 18:31:01 Job executing on host: <188.185.206.180:9618?addrs=188.185.206.180-9618+[2001-1458-303-c--100-31]-9618&alias=b9p06p5479.cern.ch&noUDP&sock=startd_3329_fede>
	SlotName: slot1_5@b9p06p5479.cern.ch
	CondorScratchDir = "/pool/condor/dir_2707197"
	Cpus = 1
	Disk = 2818426
	Memory = 2000
...
006 (7743086.000.000) 11/16 18:31:10 Image size of job updated: 492472
	481  -  MemoryUsage of job (MB)
	492472  -  ResidentSetSize of job (KB)
...
006 (7743086.000.000) 11/16 18:33:58 Image size of job updated: 1317328
	690  -  MemoryUsage of job (MB)
	706356  -  ResidentSetSize of job (KB)
...
040 (7743086.000.000) 11/16 18:33:58 Started transferring output files
...
040 (7743086.000.000) 11/16 18:33:59 Finished transferring output files
...
005 (7743086.000.000) 11/16 18:33:59 Job terminated.
	(1) Normal termination (return value 0)
		Usr 0 00:01:30, Sys 0 00:00:10  -  Run Remote Usage
		Usr 0 00:00:00, Sys 0 00:00:00  -  Run Local Usage
		Usr 0 00:01:30, Sys 0 00:00:10  -  Total Remote Usage
		Usr 0 00:00:00, Sys 0 00:00:00  -  Total Local Usage
	38042  -  Run Bytes Sent By Job
	10706  -  Run Bytes Received By Job
	38042  -  Total Bytes Sent By Job
	10706  -  Total Bytes Received By Job
	Partitionable Resources :    Usage  Request Allocated 
	   Cpus                 :        0        1         1 
	   Disk (KB)            :       74       12   2818426 
	   Memory (MB)          :      690     2000      2000 

	Job terminated of its own accord at 2024-11-16T17:33:58Z with exit-code 0.
...
000 (7743395.000.000) 11/16 19:43:29 Job submitted from host: <137.138.55.115:9618?addrs=137.138.55.115-9618+[2001-1458-d00-17--12a]-9618&alias=bigbird23.cern.ch&noUDP&sock=schedd_4975_03c1>
...
040 (7743395.000.000) 11/16 20:57:03 Started transferring input files
	Transferring to host: <188.185.193.131:9618?addrs=188.185.193.131-9618+[2001-1458-303-20--100-7f]-9618&alias=b9p19p0714.cern.ch&noUDP&sock=slot1_54_1513058_fd11_11684>
...
040 (7743395.000.000) 11/16 20:57:03 Finished transferring input files
...
001 (7743395.000.000) 11/16 20:57:04 Job executing on host: <188.185.193.131:9618?addrs=188.185.193.131-9618+[2001-1458-303-20--100-7f]-9618&alias=b9p19p0714.cern.ch&noUDP&sock=startd_128249_b9a5>
	SlotName: slot1_54@b9p19p0714.cern.ch
	CondorScratchDir = "/pool/condor/dir_1353791"
	Cpus = 1
	Disk = 3017421
	Memory = 2000
...
006 (7743395.000.000) 11/16 20:57:12 Image size of job updated: 49436
	48  -  MemoryUsage of job (MB)
	48564  -  ResidentSetSize of job (KB)
...
006 (7743395.000.000) 11/16 21:02:12 Image size of job updated: 917648
	895  -  MemoryUsage of job (MB)
	916468  -  ResidentSetSize of job (KB)
...
006 (7743395.000.000) 11/16 21:07:13 Image size of job updated: 968108
	945  -  MemoryUsage of job (MB)
	967200  -  ResidentSetSize of job (KB)
...
006 (7743395.000.000) 11/16 21:12:13 Image size of job updated: 1028012
	993  -  MemoryUsage of job (MB)
	1016740  -  ResidentSetSize of job (KB)
...
006 (7743395.000.000) 11/16 21:17:13 Image size of job updated: 1069920
	1032  -  MemoryUsage of job (MB)
	1055908  -  ResidentSetSize of job (KB)
...
006 (7743395.000.000) 11/16 21:22:14 Image size of job updated: 1116060
	1077  -  MemoryUsage of job (MB)
	1102512  -  ResidentSetSize of job (KB)
...
006 (7743395.000.000) 11/16 21:27:15 Image size of job updated: 1162940
	1123  -  MemoryUsage of job (MB)
	1149728  -  ResidentSetSize of job (KB)
...
006 (7743395.000.000) 11/16 21:32:15 Image size of job updated: 1211848
	1180  -  MemoryUsage of job (MB)
	1207572  -  ResidentSetSize of job (KB)
...
006 (7743395.000.000) 11/16 21:37:16 Image size of job updated: 1261020
	1219  -  MemoryUsage of job (MB)
	1247592  -  ResidentSetSize of job (KB)
...
006 (7743395.000.000) 11/16 21:42:17 Image size of job updated: 1302228
	1219  -  MemoryUsage of job (MB)
	1247592  -  ResidentSetSize of job (KB)
...
006 (7743395.000.000) 11/16 22:57:24 Image size of job updated: 1302228
	1247  -  MemoryUsage of job (MB)
	1275972  -  ResidentSetSize of job (KB)
...
006 (7743395.000.000) 11/16 23:02:25 Image size of job updated: 1324284
	1288  -  MemoryUsage of job (MB)
	1318896  -  ResidentSetSize of job (KB)
...
006 (7743395.000.000) 11/16 23:07:25 Image size of job updated: 1336668
	1288  -  MemoryUsage of job (MB)
	1318896  -  ResidentSetSize of job (KB)
...
040 (7743395.000.000) 11/16 23:39:10 Started transferring output files
...
040 (7743395.000.000) 11/16 23:39:10 Finished transferring output files
...
005 (7743395.000.000) 11/16 23:39:11 Job terminated.
	(1) Normal termination (return value 0)
		Usr 0 02:05:37, Sys 0 00:04:40  -  Run Remote Usage
		Usr 0 00:00:00, Sys 0 00:00:00  -  Run Local Usage
		Usr 0 02:05:37, Sys 0 00:04:40  -  Total Remote Usage
		Usr 0 00:00:00, Sys 0 00:00:00  -  Total Local Usage
	928861  -  Run Bytes Sent By Job
	10706  -  Run Bytes Received By Job
	928861  -  Total Bytes Sent By Job
	10706  -  Total Bytes Received By Job
	Partitionable Resources :    Usage  Request Allocated 
	   Cpus                 :     0.87        1         1 
	   Disk (KB)            :   939          12   3017421 
	   Memory (MB)          :  1288        2000      2000 

	Job terminated of its own accord at 2024-11-16T22:39:10Z with exit-code 0.
...
000 (7747274.000.000) 11/17 18:18:00 Job submitted from host: <137.138.55.115:9618?addrs=137.138.55.115-9618+[2001-1458-d00-17--12a]-9618&alias=bigbird23.cern.ch&noUDP&sock=schedd_4975_03c1>
...
040 (7747274.000.000) 11/17 18:37:26 Started transferring input files
	Transferring to host: <188.185.193.147:9618?addrs=188.185.193.147-9618+[2001-1458-303-20--100-8f]-9618&alias=b9p19p7061.cern.ch&noUDP&sock=slot1_41_3645421_9fe9_33148>
...
040 (7747274.000.000) 11/17 18:37:26 Finished transferring input files
...
001 (7747274.000.000) 11/17 18:37:29 Job executing on host: <188.185.193.147:9618?addrs=188.185.193.147-9618+[2001-1458-303-20--100-8f]-9618&alias=b9p19p7061.cern.ch&noUDP&sock=startd_174853_315d>
	SlotName: slot1_41@b9p19p7061.cern.ch
	CondorScratchDir = "/pool/condor/dir_2295517"
	Cpus = 1
	Disk = 3024914
	Memory = 2000
...
006 (7747274.000.000) 11/17 18:37:37 Image size of job updated: 1
	0  -  MemoryUsage of job (MB)
	0  -  ResidentSetSize of job (KB)
...
006 (7747274.000.000) 11/17 18:42:37 Image size of job updated: 1308656
	1271  -  MemoryUsage of job (MB)
	1301240  -  ResidentSetSize of job (KB)
...
006 (7747274.000.000) 11/17 18:47:38 Image size of job updated: 1417460
	1376  -  MemoryUsage of job (MB)
	1408984  -  ResidentSetSize of job (KB)
...
006 (7747274.000.000) 11/17 18:52:38 Image size of job updated: 1535932
	1499  -  MemoryUsage of job (MB)
	1534948  -  ResidentSetSize of job (KB)
...
006 (7747274.000.000) 11/17 18:57:38 Image size of job updated: 1632744
	1585  -  MemoryUsage of job (MB)
	1622592  -  ResidentSetSize of job (KB)
...
006 (7747274.000.000) 11/17 19:02:39 Image size of job updated: 1687944
	1585  -  MemoryUsage of job (MB)
	1622592  -  ResidentSetSize of job (KB)
...
040 (7747274.000.000) 11/17 19:27:53 Started transferring output files
...
040 (7747274.000.000) 11/17 19:27:55 Finished transferring output files
...
005 (7747274.000.000) 11/17 19:27:57 Job terminated.
	(1) Normal termination (return value 0)
		Usr 0 00:21:45, Sys 0 00:01:18  -  Run Remote Usage
		Usr 0 00:00:00, Sys 0 00:00:00  -  Run Local Usage
		Usr 0 00:21:45, Sys 0 00:01:18  -  Total Remote Usage
		Usr 0 00:00:00, Sys 0 00:00:00  -  Total Local Usage
	927067  -  Run Bytes Sent By Job
	10702  -  Run Bytes Received By Job
	927067  -  Total Bytes Sent By Job
	10702  -  Total Bytes Received By Job
	Partitionable Resources :    Usage  Request Allocated 
	   Cpus                 :     0.28        1         1 
	   Disk (KB)            :   938          12   3024914 
	   Memory (MB)          :  1585        2000      2000 

	Job terminated of its own accord at 2024-11-17T18:21:27Z with exit-code 0.
...
000 (7747713.000.000) 11/17 22:58:29 Job submitted from host: <137.138.55.115:9618?addrs=137.138.55.115-9618+[2001-1458-d00-17--12a]-9618&alias=bigbird23.cern.ch&noUDP&sock=schedd_4975_03c1>
...
040 (7747713.000.000) 11/17 23:08:16 Started transferring input files
	Transferring to host: <128.142.33.11:9618?addrs=128.142.33.11-9618+[2001-1458-301-53--100-8]-9618&alias=b9g34p4862.cern.ch&noUDP&sock=slot1_29_3132_86f8_11918>
...
040 (7747713.000.000) 11/17 23:08:16 Finished transferring input files
...
001 (7747713.000.000) 11/17 23:08:17 Job executing on host: <128.142.33.11:9618?addrs=128.142.33.11-9618+[2001-1458-301-53--100-8]-9618&alias=b9g34p4862.cern.ch&noUDP&sock=startd_3068_f8a6>
	SlotName: slot1_29@b9g34p4862.cern.ch
	CondorScratchDir = "/pool/condor/dir_2408602"
	Cpus = 1
	Disk = 3799
	GPUs = 0
	Memory = 2000
...
006 (7747713.000.000) 11/17 23:08:25 Image size of job updated: 231804
	227  -  MemoryUsage of job (MB)
	231804  -  ResidentSetSize of job (KB)
...
006 (7747713.000.000) 11/17 23:13:25 Image size of job updated: 1165036
	1138  -  MemoryUsage of job (MB)
	1165036  -  ResidentSetSize of job (KB)
...
006 (7747713.000.000) 11/17 23:18:26 Image size of job updated: 1173356
	1146  -  MemoryUsage of job (MB)
	1173356  -  ResidentSetSize of job (KB)
...
006 (7747713.000.000) 11/17 23:23:26 Image size of job updated: 1186980
	1160  -  MemoryUsage of job (MB)
	1186980  -  ResidentSetSize of job (KB)
...
006 (7747713.000.000) 11/17 23:28:26 Image size of job updated: 1195356
	1168  -  MemoryUsage of job (MB)
	1195356  -  ResidentSetSize of job (KB)
...
006 (7747713.000.000) 11/17 23:33:27 Image size of job updated: 1197256
	1170  -  MemoryUsage of job (MB)
	1197256  -  ResidentSetSize of job (KB)
...
006 (7747713.000.000) 11/17 23:43:19 Image size of job updated: 1209228
	1181  -  MemoryUsage of job (MB)
	1209228  -  ResidentSetSize of job (KB)
...
006 (7747713.000.000) 11/17 23:54:27 Image size of job updated: 1209228
	1186  -  MemoryUsage of job (MB)
	1214380  -  ResidentSetSize of job (KB)
...
040 (7747713.000.000) 11/17 23:55:41 Started transferring output files
...
040 (7747713.000.000) 11/17 23:55:42 Finished transferring output files
...
005 (7747713.000.000) 11/17 23:56:03 Job terminated.
	(1) Normal termination (return value 0)
		Usr 0 00:25:36, Sys 0 00:02:00  -  Run Remote Usage
		Usr 0 00:00:00, Sys 0 00:00:00  -  Run Local Usage
		Usr 0 00:25:36, Sys 0 00:02:00  -  Total Remote Usage
		Usr 0 00:00:00, Sys 0 00:00:00  -  Total Local Usage
	927059  -  Run Bytes Sent By Job
	10702  -  Run Bytes Received By Job
	927059  -  Total Bytes Sent By Job
	10702  -  Total Bytes Received By Job
	Partitionable Resources :    Usage  Request Allocated 
	   Cpus                 :     0.74        1         1 
	   Disk (KB)            :   938          12      3799 
	   GPUs                 :                           0 
	   Memory (MB)          :  1186        2000      2000 

	Job terminated of its own accord at 2024-11-17T22:54:27Z with exit-code 0.
...
