000 (7729235.000.000) 11/14 03:13:23 Job submitted from host: <137.138.55.115:9618?addrs=137.138.55.115-9618+[2001-1458-d00-17--12a]-9618&alias=bigbird23.cern.ch&noUDP&sock=schedd_4975_03c1>
...
040 (7729235.000.000) 11/14 03:32:32 Started transferring input files
	Transferring to host: <128.142.248.218:9618?addrs=128.142.248.218-9618+[2001-1458-301-73--100-d9]-9618&alias=b9g23p2883.cern.ch&noUDP&sock=slot1_3_1412154_fe0a_76436>
...
040 (7729235.000.000) 11/14 03:32:32 Finished transferring input files
...
001 (7729235.000.000) 11/14 03:32:33 Job executing on host: <128.142.248.218:9618?addrs=128.142.248.218-9618+[2001-1458-301-73--100-d9]-9618&alias=b9g23p2883.cern.ch&noUDP&sock=startd_1412115_0387>
	SlotName: slot1_3@b9g23p2883.cern.ch
	CondorScratchDir = "/pool/condor/dir_3198426"
	Cpus = 1
	Disk = 3022699
	Memory = 2000
...
006 (7729235.000.000) 11/14 03:32:42 Image size of job updated: 1
	0  -  MemoryUsage of job (MB)
	0  -  ResidentSetSize of job (KB)
...
006 (7729235.000.000) 11/14 03:37:43 Image size of job updated: 848560
	829  -  MemoryUsage of job (MB)
	848316  -  ResidentSetSize of job (KB)
...
006 (7729235.000.000) 11/14 03:42:44 Image size of job updated: 947848
	926  -  MemoryUsage of job (MB)
	947848  -  ResidentSetSize of job (KB)
...
006 (7729235.000.000) 11/14 03:47:44 Image size of job updated: 1008884
	926  -  MemoryUsage of job (MB)
	947848  -  ResidentSetSize of job (KB)
...
006 (7729235.000.000) 11/14 04:02:45 Image size of job updated: 1008884
	970  -  MemoryUsage of job (MB)
	993120  -  ResidentSetSize of job (KB)
...
006 (7729235.000.000) 11/14 04:07:45 Image size of job updated: 1219108
	1191  -  MemoryUsage of job (MB)
	1218868  -  ResidentSetSize of job (KB)
...
006 (7729235.000.000) 11/14 04:12:46 Image size of job updated: 1307132
	1277  -  MemoryUsage of job (MB)
	1306888  -  ResidentSetSize of job (KB)
...
006 (7729235.000.000) 11/14 04:17:46 Image size of job updated: 1387680
	1356  -  MemoryUsage of job (MB)
	1387680  -  ResidentSetSize of job (KB)
...
006 (7729235.000.000) 11/14 04:22:46 Image size of job updated: 1465408
	1432  -  MemoryUsage of job (MB)
	1465408  -  ResidentSetSize of job (KB)
...
006 (7729235.000.000) 11/14 04:27:18 Image size of job updated: 1647976
	1432  -  MemoryUsage of job (MB)
	1465408  -  ResidentSetSize of job (KB)
...
040 (7729235.000.000) 11/14 04:27:18 Started transferring output files
...
040 (7729235.000.000) 11/14 04:27:22 Finished transferring output files
...
005 (7729235.000.000) 11/14 04:27:24 Job terminated.
	(1) Normal termination (return value 0)
		Usr 0 00:45:04, Sys 0 00:00:10  -  Run Remote Usage
		Usr 0 00:00:00, Sys 0 00:00:00  -  Run Local Usage
		Usr 0 00:45:04, Sys 0 00:00:10  -  Total Remote Usage
		Usr 0 00:00:00, Sys 0 00:00:00  -  Total Local Usage
	68371000  -  Run Bytes Sent By Job
	10663  -  Run Bytes Received By Job
	68371000  -  Total Bytes Sent By Job
	10663  -  Total Bytes Received By Job
	Partitionable Resources :    Usage  Request Allocated 
	   Cpus                 :     0.66        1         1 
	   Disk (KB)            : 66801          12   3022699 
	   Memory (MB)          :  1432        2000      2000 

	Job terminated of its own accord at 2024-11-14T03:27:18Z with exit-code 0.
...
000 (7777228.000.000) 11/23 01:55:17 Job submitted from host: <137.138.55.115:9618?addrs=137.138.55.115-9618+[2001-1458-d00-17--12a]-9618&alias=bigbird23.cern.ch&noUDP&sock=schedd_4975_03c1>
...
040 (7777228.000.000) 11/23 01:55:26 Started transferring input files
	Transferring to host: <188.185.204.249:9618?addrs=188.185.204.249-9618+[2001-1458-303-8--100-76]-9618&alias=b9p02p8616.cern.ch&noUDP&sock=slot1_23_5126_7b0a_119516>
...
040 (7777228.000.000) 11/23 01:55:26 Finished transferring input files
...
001 (7777228.000.000) 11/23 01:55:27 Job executing on host: <188.185.204.249:9618?addrs=188.185.204.249-9618+[2001-1458-303-8--100-76]-9618&alias=b9p02p8616.cern.ch&noUDP&sock=startd_4220_25c0>
	SlotName: slot1_23@b9p02p8616.cern.ch
	CondorScratchDir = "/pool/condor/dir_1254036"
	Cpus = 1
	Disk = 2708524
	Memory = 2000
...
006 (7777228.000.000) 11/23 01:55:36 Image size of job updated: 484072
	473  -  MemoryUsage of job (MB)
	483620  -  ResidentSetSize of job (KB)
...
006 (7777228.000.000) 11/23 02:00:37 Image size of job updated: 3250400
	3099  -  MemoryUsage of job (MB)
	3172664  -  ResidentSetSize of job (KB)
...
006 (7777228.000.000) 11/23 02:05:37 Image size of job updated: 3463796
	3171  -  MemoryUsage of job (MB)
	3246564  -  ResidentSetSize of job (KB)
...
006 (7777228.000.000) 11/23 02:10:38 Image size of job updated: 3463796
	3219  -  MemoryUsage of job (MB)
	3295552  -  ResidentSetSize of job (KB)
...
006 (7777228.000.000) 11/23 02:15:38 Image size of job updated: 3463796
	3226  -  MemoryUsage of job (MB)
	3302880  -  ResidentSetSize of job (KB)
...
006 (7777228.000.000) 11/23 02:25:40 Image size of job updated: 3556068
	3296  -  MemoryUsage of job (MB)
	3375096  -  ResidentSetSize of job (KB)
...
006 (7777228.000.000) 11/23 02:30:40 Image size of job updated: 3556068
	3319  -  MemoryUsage of job (MB)
	3398216  -  ResidentSetSize of job (KB)
...
006 (7777228.000.000) 11/23 02:35:40 Image size of job updated: 3556068
	3333  -  MemoryUsage of job (MB)
	3412072  -  ResidentSetSize of job (KB)
...
006 (7777228.000.000) 11/23 02:45:42 Image size of job updated: 3588188
	3333  -  MemoryUsage of job (MB)
	3412072  -  ResidentSetSize of job (KB)
...
006 (7777228.000.000) 11/23 02:50:42 Image size of job updated: 3588188
	3356  -  MemoryUsage of job (MB)
	3436320  -  ResidentSetSize of job (KB)
...
006 (7777228.000.000) 11/23 03:05:44 Image size of job updated: 3588188
	3366  -  MemoryUsage of job (MB)
	3445808  -  ResidentSetSize of job (KB)
...
006 (7777228.000.000) 11/23 03:10:44 Image size of job updated: 3588188
	3373  -  MemoryUsage of job (MB)
	3453788  -  ResidentSetSize of job (KB)
...
006 (7777228.000.000) 11/23 03:15:45 Image size of job updated: 3588188
	3388  -  MemoryUsage of job (MB)
	3468688  -  ResidentSetSize of job (KB)
...
006 (7777228.000.000) 11/23 03:20:45 Image size of job updated: 3588188
	3391  -  MemoryUsage of job (MB)
	3471968  -  ResidentSetSize of job (KB)
...
006 (7777228.000.000) 11/23 03:25:45 Image size of job updated: 3588188
	3393  -  MemoryUsage of job (MB)
	3473548  -  ResidentSetSize of job (KB)
...
006 (7777228.000.000) 11/23 03:30:46 Image size of job updated: 3617076
	3393  -  MemoryUsage of job (MB)
	3473548  -  ResidentSetSize of job (KB)
...
006 (7777228.000.000) 11/23 03:35:46 Image size of job updated: 3617076
	3399  -  MemoryUsage of job (MB)
	3480444  -  ResidentSetSize of job (KB)
...
006 (7777228.000.000) 11/23 03:40:46 Image size of job updated: 3617076
	3406  -  MemoryUsage of job (MB)
	3486832  -  ResidentSetSize of job (KB)
...
006 (7777228.000.000) 11/23 03:45:47 Image size of job updated: 3617076
	3413  -  MemoryUsage of job (MB)
	3494604  -  ResidentSetSize of job (KB)
...
006 (7777228.000.000) 11/23 03:50:48 Image size of job updated: 3617076
	3448  -  MemoryUsage of job (MB)
	3530024  -  ResidentSetSize of job (KB)
...
006 (7777228.000.000) 11/23 18:32:18 Image size of job updated: 3681364
	3596  -  MemoryUsage of job (MB)
	3681364  -  ResidentSetSize of job (KB)
...
006 (7777228.000.000) 11/23 18:36:10 Image size of job updated: 3996652
	3596  -  MemoryUsage of job (MB)
	3681364  -  ResidentSetSize of job (KB)
...
040 (7777228.000.000) 11/23 18:36:10 Started transferring output files
...
040 (7777228.000.000) 11/23 18:36:13 Finished transferring output files
...
005 (7777228.000.000) 11/23 18:36:13 Job terminated.
	(1) Normal termination (return value 0)
		Usr 0 21:38:04, Sys 0 02:39:31  -  Run Remote Usage
		Usr 0 00:00:00, Sys 0 00:00:00  -  Run Local Usage
		Usr 0 21:38:04, Sys 0 02:39:31  -  Total Remote Usage
		Usr 0 00:00:00, Sys 0 00:00:00  -  Total Local Usage
	23103  -  Run Bytes Sent By Job
	10655  -  Run Bytes Received By Job
	23103  -  Total Bytes Sent By Job
	10655  -  Total Bytes Received By Job
	Partitionable Resources :    Usage  Request Allocated 
	   Cpus                 :     0.83        1         1 
	   Disk (KB)            :    58          12   2708524 
	   Memory (MB)          :  3596        2000      2000 

	Job terminated of its own accord at 2024-11-23T17:36:10Z with exit-code 0.
...
000 (7797892.000.000) 11/27 16:42:41 Job submitted from host: <137.138.55.115:9618?addrs=137.138.55.115-9618+[2001-1458-d00-17--12a]-9618&alias=bigbird23.cern.ch&noUDP&sock=schedd_4975_03c1>
...
040 (7797892.000.000) 11/27 16:51:44 Started transferring input files
	Transferring to host: <188.185.205.57:9618?addrs=188.185.205.57-9618+[2001-1458-303-9--100-ad]-9618&alias=b9p03p3527.cern.ch&noUDP&sock=slot1_17_6504_6802_55130>
...
040 (7797892.000.000) 11/27 16:51:44 Finished transferring input files
...
001 (7797892.000.000) 11/27 16:51:45 Job executing on host: <188.185.205.57:9618?addrs=188.185.205.57-9618+[2001-1458-303-9--100-ad]-9618&alias=b9p03p3527.cern.ch&noUDP&sock=startd_5256_c1de>
	SlotName: slot1_17@b9p03p3527.cern.ch
	CondorScratchDir = "/pool/condor/dir_1356205"
	Cpus = 1
	Disk = 2771265
	Memory = 2000
...
006 (7797892.000.000) 11/27 16:51:54 Image size of job updated: 382224
	374  -  MemoryUsage of job (MB)
	382224  -  ResidentSetSize of job (KB)
...
006 (7797892.000.000) 11/27 16:56:55 Image size of job updated: 3172076
	3098  -  MemoryUsage of job (MB)
	3172076  -  ResidentSetSize of job (KB)
...
006 (7797892.000.000) 11/27 17:01:55 Image size of job updated: 3313256
	3236  -  MemoryUsage of job (MB)
	3313056  -  ResidentSetSize of job (KB)
...
006 (7797892.000.000) 11/27 17:06:55 Image size of job updated: 3453824
	3373  -  MemoryUsage of job (MB)
	3453584  -  ResidentSetSize of job (KB)
...
006 (7797892.000.000) 11/27 17:11:56 Image size of job updated: 3593140
	3509  -  MemoryUsage of job (MB)
	3592664  -  ResidentSetSize of job (KB)
...
006 (7797892.000.000) 11/27 17:16:56 Image size of job updated: 3718516
	3632  -  MemoryUsage of job (MB)
	3718268  -  ResidentSetSize of job (KB)
...
006 (7797892.000.000) 11/27 17:21:56 Image size of job updated: 3849780
	3760  -  MemoryUsage of job (MB)
	3849776  -  ResidentSetSize of job (KB)
...
006 (7797892.000.000) 11/27 17:26:57 Image size of job updated: 3914248
	3823  -  MemoryUsage of job (MB)
	3913756  -  ResidentSetSize of job (KB)
...
006 (7797892.000.000) 11/27 17:31:58 Image size of job updated: 4215876
	4118  -  MemoryUsage of job (MB)
	4215876  -  ResidentSetSize of job (KB)
...
006 (7797892.000.000) 11/27 17:36:58 Image size of job updated: 4438172
	4335  -  MemoryUsage of job (MB)
	4438172  -  ResidentSetSize of job (KB)
...
006 (7797892.000.000) 11/27 17:41:13 Image size of job updated: 4635652
	4335  -  MemoryUsage of job (MB)
	4438172  -  ResidentSetSize of job (KB)
...
040 (7797892.000.000) 11/27 17:41:13 Started transferring output files
...
040 (7797892.000.000) 11/27 17:41:13 Finished transferring output files
...
005 (7797892.000.000) 11/27 17:41:13 Job terminated.
	(1) Normal termination (return value 0)
		Usr 0 00:42:33, Sys 0 00:00:38  -  Run Remote Usage
		Usr 0 00:00:00, Sys 0 00:00:00  -  Run Local Usage
		Usr 0 00:42:33, Sys 0 00:00:38  -  Total Remote Usage
		Usr 0 00:00:00, Sys 0 00:00:00  -  Total Local Usage
	21595  -  Run Bytes Sent By Job
	10670  -  Run Bytes Received By Job
	21595  -  Total Bytes Sent By Job
	10670  -  Total Bytes Received By Job
	Partitionable Resources :    Usage  Request Allocated 
	   Cpus                 :     0.77        1         1 
	   Disk (KB)            :    56          12   2771265 
	   Memory (MB)          :  4335        2000      2000 

	Job terminated of its own accord at 2024-11-27T16:41:13Z with exit-code 0.
...
000 (7798271.000.000) 11/28 01:59:43 Job submitted from host: <137.138.55.115:9618?addrs=137.138.55.115-9618+[2001-1458-d00-17--12a]-9618&alias=bigbird23.cern.ch&noUDP&sock=schedd_4975_03c1>
...
040 (7798271.000.000) 11/28 02:02:26 Started transferring input files
	Transferring to host: <188.185.195.134:9618?addrs=188.185.195.134-9618+[2001-1458-303-22--100-82]-9618&alias=b9p17p8202.cern.ch&noUDP&sock=slot1_19_2031940_4c3d_1495>
...
040 (7798271.000.000) 11/28 02:02:26 Finished transferring input files
...
001 (7798271.000.000) 11/28 02:02:27 Job executing on host: <188.185.195.134:9618?addrs=188.185.195.134-9618+[2001-1458-303-22--100-82]-9618&alias=b9p17p8202.cern.ch&noUDP&sock=startd_175039_c5fa>
	SlotName: slot1_19@b9p17p8202.cern.ch
	CondorScratchDir = "/pool/condor/dir_3346110"
	Cpus = 1
	Disk = 2905700
	Memory = 2000
...
006 (7798271.000.000) 11/28 02:02:35 Image size of job updated: 1
	0  -  MemoryUsage of job (MB)
	0  -  ResidentSetSize of job (KB)
...
006 (7798271.000.000) 11/28 02:07:35 Image size of job updated: 3116712
	3043  -  MemoryUsage of job (MB)
	3115508  -  ResidentSetSize of job (KB)
...
006 (7798271.000.000) 11/28 02:12:36 Image size of job updated: 3245980
	3170  -  MemoryUsage of job (MB)
	3245496  -  ResidentSetSize of job (KB)
...
006 (7798271.000.000) 11/28 02:17:36 Image size of job updated: 3332192
	3255  -  MemoryUsage of job (MB)
	3332192  -  ResidentSetSize of job (KB)
...
006 (7798271.000.000) 11/28 02:22:36 Image size of job updated: 3432276
	3352  -  MemoryUsage of job (MB)
	3431800  -  ResidentSetSize of job (KB)
...
006 (7798271.000.000) 11/28 02:27:37 Image size of job updated: 3527888
	3446  -  MemoryUsage of job (MB)
	3527888  -  ResidentSetSize of job (KB)
...
006 (7798271.000.000) 11/28 02:32:38 Image size of job updated: 3625796
	3541  -  MemoryUsage of job (MB)
	3625548  -  ResidentSetSize of job (KB)
...
006 (7798271.000.000) 11/28 02:37:38 Image size of job updated: 3721892
	3635  -  MemoryUsage of job (MB)
	3721892  -  ResidentSetSize of job (KB)
...
006 (7798271.000.000) 11/28 02:42:39 Image size of job updated: 3823600
	3734  -  MemoryUsage of job (MB)
	3823364  -  ResidentSetSize of job (KB)
...
006 (7798271.000.000) 11/28 02:47:40 Image size of job updated: 3866568
	3734  -  MemoryUsage of job (MB)
	3823364  -  ResidentSetSize of job (KB)
...
006 (7798271.000.000) 11/28 03:02:41 Image size of job updated: 3900900
	3810  -  MemoryUsage of job (MB)
	3900900  -  ResidentSetSize of job (KB)
...
006 (7798271.000.000) 11/28 03:07:41 Image size of job updated: 4062868
	3968  -  MemoryUsage of job (MB)
	4062408  -  ResidentSetSize of job (KB)
...
006 (7798271.000.000) 11/28 03:12:41 Image size of job updated: 4263768
	4164  -  MemoryUsage of job (MB)
	4263768  -  ResidentSetSize of job (KB)
...
006 (7798271.000.000) 11/28 03:17:42 Image size of job updated: 4332596
	4231  -  MemoryUsage of job (MB)
	4332368  -  ResidentSetSize of job (KB)
...
006 (7798271.000.000) 11/28 03:22:43 Image size of job updated: 4406292
	4304  -  MemoryUsage of job (MB)
	4406292  -  ResidentSetSize of job (KB)
...
006 (7798271.000.000) 11/28 03:27:43 Image size of job updated: 4481008
	4376  -  MemoryUsage of job (MB)
	4480832  -  ResidentSetSize of job (KB)
...
006 (7798271.000.000) 11/28 03:32:44 Image size of job updated: 4558740
	4452  -  MemoryUsage of job (MB)
	4558740  -  ResidentSetSize of job (KB)
...
006 (7798271.000.000) 11/28 03:37:45 Image size of job updated: 4629916
	4522  -  MemoryUsage of job (MB)
	4629756  -  ResidentSetSize of job (KB)
...
006 (7798271.000.000) 11/28 03:42:45 Image size of job updated: 4745500
	4620  -  MemoryUsage of job (MB)
	4730744  -  ResidentSetSize of job (KB)
...
006 (7798271.000.000) 11/28 03:47:45 Image size of job updated: 4832436
	4667  -  MemoryUsage of job (MB)
	4778320  -  ResidentSetSize of job (KB)
...
006 (7798271.000.000) 11/28 03:52:46 Image size of job updated: 4964112
	4848  -  MemoryUsage of job (MB)
	4964112  -  ResidentSetSize of job (KB)
...
006 (7798271.000.000) 11/28 03:55:37 Image size of job updated: 5210968
	4848  -  MemoryUsage of job (MB)
	4964112  -  ResidentSetSize of job (KB)
...
040 (7798271.000.000) 11/28 03:55:37 Started transferring output files
...
040 (7798271.000.000) 11/28 03:55:37 Finished transferring output files
...
005 (7798271.000.000) 11/28 03:55:38 Job terminated.
	(1) Normal termination (return value 0)
		Usr 0 01:44:33, Sys 0 00:00:32  -  Run Remote Usage
		Usr 0 00:00:00, Sys 0 00:00:00  -  Run Local Usage
		Usr 0 01:44:33, Sys 0 00:00:32  -  Total Remote Usage
		Usr 0 00:00:00, Sys 0 00:00:00  -  Total Local Usage
	22380  -  Run Bytes Sent By Job
	10662  -  Run Bytes Received By Job
	22380  -  Total Bytes Sent By Job
	10662  -  Total Bytes Received By Job
	Partitionable Resources :    Usage  Request Allocated 
	   Cpus                 :     0.68        1         1 
	   Disk (KB)            :    54          12   2905700 
	   Memory (MB)          :  4848        2000      2000 

	Job terminated of its own accord at 2024-11-28T02:55:37Z with exit-code 0.
...
000 (7799171.000.000) 11/28 19:52:26 Job submitted from host: <137.138.55.115:9618?addrs=137.138.55.115-9618+[2001-1458-d00-17--12a]-9618&alias=bigbird23.cern.ch&noUDP&sock=schedd_4975_03c1>
...
040 (7799171.000.000) 11/28 19:57:05 Started transferring input files
	Transferring to host: <188.185.215.184:9618?addrs=188.185.215.184-9618+[2001-1458-303-26--100-34]-9618&alias=b9p18p4694.cern.ch&noUDP&sock=slot1_13_7841_7198_37244>
...
040 (7799171.000.000) 11/28 19:57:05 Finished transferring input files
...
001 (7799171.000.000) 11/28 19:57:06 Job executing on host: <188.185.215.184:9618?addrs=188.185.215.184-9618+[2001-1458-303-26--100-34]-9618&alias=b9p18p4694.cern.ch&noUDP&sock=startd_6593_d3fd>
	SlotName: slot1_13@b9p18p4694.cern.ch
	CondorScratchDir = "/pool/condor/dir_3613215"
	Cpus = 1
	Disk = 3953
	GPUs = 0
	Memory = 2000
...
006 (7799171.000.000) 11/28 19:57:14 Image size of job updated: 134176
	132  -  MemoryUsage of job (MB)
	134176  -  ResidentSetSize of job (KB)
...
040 (7799171.000.000) 11/28 19:58:34 Started transferring output files
...
040 (7799171.000.000) 11/28 19:58:34 Finished transferring output files
...
005 (7799171.000.000) 11/28 19:58:34 Job terminated.
	(1) Normal termination (return value 1)
		Usr 0 00:01:07, Sys 0 00:00:07  -  Run Remote Usage
		Usr 0 00:00:00, Sys 0 00:00:00  -  Run Local Usage
		Usr 0 00:01:07, Sys 0 00:00:07  -  Total Remote Usage
		Usr 0 00:00:00, Sys 0 00:00:00  -  Total Local Usage
	7940  -  Run Bytes Sent By Job
	10670  -  Run Bytes Received By Job
	7940  -  Total Bytes Sent By Job
	10670  -  Total Bytes Received By Job
	Partitionable Resources :    Usage  Request Allocated 
	   Cpus                 :        0        1         1 
	   Disk (KB)            :       42       12      3953 
	   GPUs                 :                           0 
	   Memory (MB)          :      132     2000      2000 

	Job terminated of its own accord at 2024-11-28T18:58:34Z with exit-code 1.
...
000 (7803423.000.000) 11/30 01:02:15 Job submitted from host: <137.138.55.115:9618?addrs=137.138.55.115-9618+[2001-1458-d00-17--12a]-9618&alias=bigbird23.cern.ch&noUDP&sock=schedd_4975_03c1>
...
040 (7803423.000.000) 11/30 01:05:48 Started transferring input files
	Transferring to host: <188.185.192.51:9618?addrs=188.185.192.51-9618+[2001-1458-303-1f--100-2f]-9618&alias=b9p13p9021.cern.ch&noUDP&sock=slot1_8_9234_f031_12964>
...
040 (7803423.000.000) 11/30 01:05:48 Finished transferring input files
...
001 (7803423.000.000) 11/30 01:05:49 Job executing on host: <188.185.192.51:9618?addrs=188.185.192.51-9618+[2001-1458-303-1f--100-2f]-9618&alias=b9p13p9021.cern.ch&noUDP&sock=startd_8125_a715>
	SlotName: slot1_8@b9p13p9021.cern.ch
	CondorScratchDir = "/pool/condor/dir_4118432"
	Cpus = 1
	Disk = 3868
	GPUs = 0
	Memory = 2000
...
006 (7803423.000.000) 11/30 01:05:58 Image size of job updated: 83184
	82  -  MemoryUsage of job (MB)
	83184  -  ResidentSetSize of job (KB)
...
006 (7803423.000.000) 11/30 01:09:27 Image size of job updated: 285048
	279  -  MemoryUsage of job (MB)
	285048  -  ResidentSetSize of job (KB)
...
040 (7803423.000.000) 11/30 01:09:27 Started transferring output files
...
040 (7803423.000.000) 11/30 01:09:27 Finished transferring output files
...
005 (7803423.000.000) 11/30 01:09:27 Job terminated.
	(1) Normal termination (return value 1)
		Usr 0 00:02:15, Sys 0 00:00:11  -  Run Remote Usage
		Usr 0 00:00:00, Sys 0 00:00:00  -  Run Local Usage
		Usr 0 00:02:15, Sys 0 00:00:11  -  Total Remote Usage
		Usr 0 00:00:00, Sys 0 00:00:00  -  Total Local Usage
	23256  -  Run Bytes Sent By Job
	10670  -  Run Bytes Received By Job
	23256  -  Total Bytes Sent By Job
	10670  -  Total Bytes Received By Job
	Partitionable Resources :    Usage  Request Allocated 
	   Cpus                 :        0        1         1 
	   Disk (KB)            :       56       12      3868 
	   GPUs                 :                           0 
	   Memory (MB)          :      279     2000      2000 

	Job terminated of its own accord at 2024-11-30T00:09:27Z with exit-code 1.
...
000 (7804017.000.000) 11/30 01:46:30 Job submitted from host: <137.138.55.115:9618?addrs=137.138.55.115-9618+[2001-1458-d00-17--12a]-9618&alias=bigbird23.cern.ch&noUDP&sock=schedd_4975_03c1>
...
040 (7804017.000.000) 11/30 01:47:58 Started transferring input files
	Transferring to host: <188.185.195.63:9618?addrs=188.185.195.63-9618+[2001-1458-303-22--100-3b]-9618&alias=b9p17p3309.cern.ch&noUDP&sock=slot1_31_2874345_d3ed_3545>
...
040 (7804017.000.000) 11/30 01:47:58 Finished transferring input files
...
001 (7804017.000.000) 11/30 01:47:59 Job executing on host: <188.185.195.63:9618?addrs=188.185.195.63-9618+[2001-1458-303-22--100-3b]-9618&alias=b9p17p3309.cern.ch&noUDP&sock=startd_8159_f94d>
	SlotName: slot1_31@b9p17p3309.cern.ch
	CondorScratchDir = "/pool/condor/dir_3493321"
	Cpus = 1
	Disk = 3806
	GPUs = 0
	Memory = 2000
...
006 (7804017.000.000) 11/30 01:48:08 Image size of job updated: 1792
	2  -  MemoryUsage of job (MB)
	1792  -  ResidentSetSize of job (KB)
...
006 (7804017.000.000) 11/30 01:50:59 Image size of job updated: 607000
	593  -  MemoryUsage of job (MB)
	607000  -  ResidentSetSize of job (KB)
...
040 (7804017.000.000) 11/30 01:50:59 Started transferring output files
...
040 (7804017.000.000) 11/30 01:50:59 Finished transferring output files
...
005 (7804017.000.000) 11/30 01:50:59 Job terminated.
	(1) Normal termination (return value 1)
		Usr 0 00:01:44, Sys 0 00:00:07  -  Run Remote Usage
		Usr 0 00:00:00, Sys 0 00:00:00  -  Run Local Usage
		Usr 0 00:01:44, Sys 0 00:00:07  -  Total Remote Usage
		Usr 0 00:00:00, Sys 0 00:00:00  -  Total Local Usage
	23386  -  Run Bytes Sent By Job
	10670  -  Run Bytes Received By Job
	23386  -  Total Bytes Sent By Job
	10670  -  Total Bytes Received By Job
	Partitionable Resources :    Usage  Request Allocated 
	   Cpus                 :        0        1         1 
	   Disk (KB)            :       56       12      3806 
	   GPUs                 :                           0 
	   Memory (MB)          :      593     2000      2000 

	Job terminated of its own accord at 2024-11-30T00:50:59Z with exit-code 1.
...
000 (7804115.000.000) 11/30 01:55:26 Job submitted from host: <137.138.55.115:9618?addrs=137.138.55.115-9618+[2001-1458-d00-17--12a]-9618&alias=bigbird23.cern.ch&noUDP&sock=schedd_4975_03c1>
...
040 (7804115.000.000) 11/30 02:04:33 Started transferring input files
	Transferring to host: <188.185.204.165:9618?addrs=188.185.204.165-9618+[2001-1458-303-8--100-99]-9618&alias=b9p02p0266.cern.ch&noUDP&sock=slot1_55_8222_e487_15289>
...
040 (7804115.000.000) 11/30 02:04:33 Finished transferring input files
...
001 (7804115.000.000) 11/30 02:04:34 Job executing on host: <188.185.204.165:9618?addrs=188.185.204.165-9618+[2001-1458-303-8--100-99]-9618&alias=b9p02p0266.cern.ch&noUDP&sock=startd_6789_448d>
	SlotName: slot1_55@b9p02p0266.cern.ch
	CondorScratchDir = "/pool/condor/dir_2240389"
	Cpus = 1
	Disk = 3791
	GPUs = 0
	Memory = 2000
...
006 (7804115.000.000) 11/30 02:04:42 Image size of job updated: 518456
	507  -  MemoryUsage of job (MB)
	518456  -  ResidentSetSize of job (KB)
...
006 (7804115.000.000) 11/30 02:06:18 Image size of job updated: 603140
	590  -  MemoryUsage of job (MB)
	603140  -  ResidentSetSize of job (KB)
...
040 (7804115.000.000) 11/30 02:06:18 Started transferring output files
...
040 (7804115.000.000) 11/30 02:06:18 Finished transferring output files
...
005 (7804115.000.000) 11/30 02:06:18 Job terminated.
	(1) Normal termination (return value 1)
		Usr 0 00:01:00, Sys 0 00:00:09  -  Run Remote Usage
		Usr 0 00:00:00, Sys 0 00:00:00  -  Run Local Usage
		Usr 0 00:01:00, Sys 0 00:00:09  -  Total Remote Usage
		Usr 0 00:00:00, Sys 0 00:00:00  -  Total Local Usage
	23346  -  Run Bytes Sent By Job
	10670  -  Run Bytes Received By Job
	23346  -  Total Bytes Sent By Job
	10670  -  Total Bytes Received By Job
	Partitionable Resources :    Usage  Request Allocated 
	   Cpus                 :        0        1         1 
	   Disk (KB)            :       56       12      3791 
	   GPUs                 :                           0 
	   Memory (MB)          :      590     2000      2000 

	Job terminated of its own accord at 2024-11-30T01:06:18Z with exit-code 1.
...
000 (7804624.000.000) 11/30 12:39:08 Job submitted from host: <137.138.55.115:9618?addrs=137.138.55.115-9618+[2001-1458-d00-17--12a]-9618&alias=bigbird23.cern.ch&noUDP&sock=schedd_4975_03c1>
...
040 (7804624.000.000) 11/30 12:42:58 Started transferring input files
	Transferring to host: <188.185.194.164:9618?addrs=188.185.194.164-9618+[2001-1458-303-21--100-a0]-9618&alias=b9p20p1995.cern.ch&noUDP&sock=slot1_16_5868_4968_57132>
...
040 (7804624.000.000) 11/30 12:42:58 Finished transferring input files
...
001 (7804624.000.000) 11/30 12:42:59 Job executing on host: <188.185.194.164:9618?addrs=188.185.194.164-9618+[2001-1458-303-21--100-a0]-9618&alias=b9p20p1995.cern.ch&noUDP&sock=startd_4914_2c7a>
	SlotName: slot1_16@b9p20p1995.cern.ch
	CondorScratchDir = "/pool/condor/dir_474708"
	Cpus = 1
	Disk = 2719601
	Memory = 2000
...
006 (7804624.000.000) 11/30 12:43:08 Image size of job updated: 436692
	427  -  MemoryUsage of job (MB)
	436692  -  ResidentSetSize of job (KB)
...
006 (7804624.000.000) 11/30 12:45:19 Image size of job updated: 2992712
	1142  -  MemoryUsage of job (MB)
	1169164  -  ResidentSetSize of job (KB)
...
040 (7804624.000.000) 11/30 12:45:19 Started transferring output files
...
040 (7804624.000.000) 11/30 12:45:19 Finished transferring output files
...
005 (7804624.000.000) 11/30 12:45:19 Job terminated.
	(1) Normal termination (return value 1)
		Usr 0 00:01:34, Sys 0 00:00:08  -  Run Remote Usage
		Usr 0 00:00:00, Sys 0 00:00:00  -  Run Local Usage
		Usr 0 00:01:34, Sys 0 00:00:08  -  Total Remote Usage
		Usr 0 00:00:00, Sys 0 00:00:00  -  Total Local Usage
	22922  -  Run Bytes Sent By Job
	10658  -  Run Bytes Received By Job
	22922  -  Total Bytes Sent By Job
	10658  -  Total Bytes Received By Job
	Partitionable Resources :    Usage  Request Allocated 
	   Cpus                 :        0        1         1 
	   Disk (KB)            :       55       12   2719601 
	   Memory (MB)          :     1142     2000      2000 

	Job terminated of its own accord at 2024-11-30T11:45:19Z with exit-code 1.
...
000 (7805044.000.000) 11/30 19:07:56 Job submitted from host: <137.138.55.115:9618?addrs=137.138.55.115-9618+[2001-1458-d00-17--12a]-9618&alias=bigbird23.cern.ch&noUDP&sock=schedd_4975_03c1>
...
040 (7805044.000.000) 11/30 19:08:31 Started transferring input files
	Transferring to host: <188.184.185.159:9618?addrs=188.184.185.159-9618+[2001-1458-301-52--100-9e]-9618&alias=b9g37p2549.cern.ch&noUDP&sock=slot1_19_6797_d9ed_22938>
...
040 (7805044.000.000) 11/30 19:08:31 Finished transferring input files
...
001 (7805044.000.000) 11/30 19:08:32 Job executing on host: <188.184.185.159:9618?addrs=188.184.185.159-9618+[2001-1458-301-52--100-9e]-9618&alias=b9g37p2549.cern.ch&noUDP&sock=startd_6260_6af4>
	SlotName: slot1_19@b9g37p2549.cern.ch
	CondorScratchDir = "/pool/condor/dir_1584652"
	Cpus = 1
	Disk = 3798
	GPUs = 0
	Memory = 2000
...
006 (7805044.000.000) 11/30 19:08:40 Image size of job updated: 18840
	19  -  MemoryUsage of job (MB)
	18840  -  ResidentSetSize of job (KB)
...
006 (7805044.000.000) 11/30 19:13:08 Image size of job updated: 609976
	596  -  MemoryUsage of job (MB)
	609976  -  ResidentSetSize of job (KB)
...
040 (7805044.000.000) 11/30 19:13:08 Started transferring output files
...
040 (7805044.000.000) 11/30 19:13:08 Finished transferring output files
...
005 (7805044.000.000) 11/30 19:13:08 Job terminated.
	(1) Normal termination (return value 0)
		Usr 0 00:02:32, Sys 0 00:00:11  -  Run Remote Usage
		Usr 0 00:00:00, Sys 0 00:00:00  -  Run Local Usage
		Usr 0 00:02:32, Sys 0 00:00:11  -  Total Remote Usage
		Usr 0 00:00:00, Sys 0 00:00:00  -  Total Local Usage
	21719  -  Run Bytes Sent By Job
	10670  -  Run Bytes Received By Job
	21719  -  Total Bytes Sent By Job
	10670  -  Total Bytes Received By Job
	Partitionable Resources :    Usage  Request Allocated 
	   Cpus                 :     0.13        1         1 
	   Disk (KB)            :    54          12      3798 
	   GPUs                 :                           0 
	   Memory (MB)          :   596        2000      2000 

	Job terminated of its own accord at 2024-11-30T18:13:08Z with exit-code 0.
...
