000 (7706903.000.000) 11/09 16:58:05 Job submitted from host: <137.138.55.115:9618?addrs=137.138.55.115-9618+[2001-1458-d00-17--12a]-9618&alias=bigbird23.cern.ch&noUDP&sock=schedd_4975_03c1>
...
040 (7706903.000.000) 11/09 16:59:00 Started transferring input files
	Transferring to host: <128.142.161.110:9618?addrs=128.142.161.110-9618+[2001-1458-301-b8--100-2c]-9618&alias=b9g03p8910.cern.ch&noUDP&sock=slot1_6_3217_6adc_5668>
...
040 (7706903.000.000) 11/09 16:59:00 Finished transferring input files
...
001 (7706903.000.000) 11/09 16:59:01 Job executing on host: <128.142.161.110:9618?addrs=128.142.161.110-9618+[2001-1458-301-b8--100-2c]-9618&alias=b9g03p8910.cern.ch&noUDP&sock=startd_3153_4633>
	SlotName: slot1_6@b9g03p8910.cern.ch
	CondorScratchDir = "/pool/condor/dir_1166705"
	Cpus = 1
	Disk = 3281888
	Memory = 2000
...
006 (7706903.000.000) 11/09 16:59:09 Image size of job updated: 485792
	475  -  MemoryUsage of job (MB)
	485788  -  ResidentSetSize of job (KB)
...
006 (7706903.000.000) 11/09 17:01:14 Image size of job updated: 1198788
	663  -  MemoryUsage of job (MB)
	677932  -  ResidentSetSize of job (KB)
...
040 (7706903.000.000) 11/09 17:01:14 Started transferring output files
...
040 (7706903.000.000) 11/09 17:01:14 Finished transferring output files
...
005 (7706903.000.000) 11/09 17:01:14 Job terminated.
	(1) Normal termination (return value 1)
		Usr 0 00:00:11, Sys 0 00:00:03  -  Run Remote Usage
		Usr 0 00:00:00, Sys 0 00:00:00  -  Run Local Usage
		Usr 0 00:00:11, Sys 0 00:00:03  -  Total Remote Usage
		Usr 0 00:00:00, Sys 0 00:00:00  -  Total Local Usage
	8690  -  Run Bytes Sent By Job
	10716  -  Run Bytes Received By Job
	8690  -  Total Bytes Sent By Job
	10716  -  Total Bytes Received By Job
	Partitionable Resources :    Usage  Request Allocated 
	   Cpus                 :        0        1         1 
	   Disk (KB)            :       41       12   3281888 
	   Memory (MB)          :      663     2000      2000 

	Job terminated of its own accord at 2024-11-09T16:01:14Z with exit-code 1.
...
000 (7706934.000.000) 11/09 17:26:15 Job submitted from host: <137.138.55.115:9618?addrs=137.138.55.115-9618+[2001-1458-d00-17--12a]-9618&alias=bigbird23.cern.ch&noUDP&sock=schedd_4975_03c1>
...
040 (7706934.000.000) 11/09 17:30:13 Started transferring input files
	Transferring to host: <188.185.198.121:9618?addrs=188.185.198.121-9618+[2001-1458-303-25--100-75]-9618&alias=b9p15p9396.cern.ch&noUDP&sock=slot1_8_1036843_70cc_25695>
...
040 (7706934.000.000) 11/09 17:30:13 Finished transferring input files
...
001 (7706934.000.000) 11/09 17:30:14 Job executing on host: <188.185.198.121:9618?addrs=188.185.198.121-9618+[2001-1458-303-25--100-75]-9618&alias=b9p15p9396.cern.ch&noUDP&sock=startd_9282_4228>
	SlotName: slot1_8@b9p15p9396.cern.ch
	CondorScratchDir = "/pool/condor/dir_1157801"
	Cpus = 1
	Disk = 3913
	GPUs = 0
	Memory = 2000
...
006 (7706934.000.000) 11/09 17:30:23 Image size of job updated: 455664
	445  -  MemoryUsage of job (MB)
	455664  -  ResidentSetSize of job (KB)
...
006 (7706934.000.000) 11/09 17:35:23 Image size of job updated: 596528
	583  -  MemoryUsage of job (MB)
	596528  -  ResidentSetSize of job (KB)
...
040 (7706934.000.000) 11/09 17:35:23 Started transferring output files
...
040 (7706934.000.000) 11/09 17:35:23 Finished transferring output files
...
005 (7706934.000.000) 11/09 17:35:23 Job terminated.
	(1) Normal termination (return value 0)
		Usr 0 00:03:52, Sys 0 00:00:08  -  Run Remote Usage
		Usr 0 00:00:00, Sys 0 00:00:00  -  Run Local Usage
		Usr 0 00:03:52, Sys 0 00:00:08  -  Total Remote Usage
		Usr 0 00:00:00, Sys 0 00:00:00  -  Total Local Usage
	8097  -  Run Bytes Sent By Job
	10716  -  Run Bytes Received By Job
	8097  -  Total Bytes Sent By Job
	10716  -  Total Bytes Received By Job
	Partitionable Resources :    Usage  Request Allocated 
	   Cpus                 :     0.91        1         1 
	   Disk (KB)            :    41          12      3913 
	   GPUs                 :                           0 
	   Memory (MB)          :   583        2000      2000 

	Job terminated of its own accord at 2024-11-09T16:35:23Z with exit-code 0.
...
000 (7707811.000.000) 11/09 18:45:48 Job submitted from host: <137.138.55.115:9618?addrs=137.138.55.115-9618+[2001-1458-d00-17--12a]-9618&alias=bigbird23.cern.ch&noUDP&sock=schedd_4975_03c1>
...
040 (7707811.000.000) 11/09 18:56:34 Started transferring input files
	Transferring to host: <188.185.194.177:9618?addrs=188.185.194.177-9618+[2001-1458-303-21--100-ad]-9618&alias=b9p20p3917.cern.ch&noUDP&sock=slot1_37_2038320_95c1_4621>
...
040 (7707811.000.000) 11/09 18:56:34 Finished transferring input files
...
001 (7707811.000.000) 11/09 18:56:35 Job executing on host: <188.185.194.177:9618?addrs=188.185.194.177-9618+[2001-1458-303-21--100-ad]-9618&alias=b9p20p3917.cern.ch&noUDP&sock=startd_128499_3452>
	SlotName: slot1_37@b9p20p3917.cern.ch
	CondorScratchDir = "/pool/condor/dir_3465400"
	Cpus = 1
	Disk = 3004073
	Memory = 2000
...
006 (7707811.000.000) 11/09 18:56:44 Image size of job updated: 182772
	179  -  MemoryUsage of job (MB)
	182772  -  ResidentSetSize of job (KB)
...
006 (7707811.000.000) 11/09 19:01:45 Image size of job updated: 1759244
	1718  -  MemoryUsage of job (MB)
	1758960  -  ResidentSetSize of job (KB)
...
006 (7707811.000.000) 11/09 19:02:10 Image size of job updated: 1925348
	1718  -  MemoryUsage of job (MB)
	1758960  -  ResidentSetSize of job (KB)
...
040 (7707811.000.000) 11/09 19:02:10 Started transferring output files
...
040 (7707811.000.000) 11/09 19:02:10 Finished transferring output files
...
005 (7707811.000.000) 11/09 19:02:10 Job terminated.
	(1) Normal termination (return value 0)
		Usr 0 00:04:28, Sys 0 00:00:08  -  Run Remote Usage
		Usr 0 00:00:00, Sys 0 00:00:00  -  Run Local Usage
		Usr 0 00:04:28, Sys 0 00:00:08  -  Total Remote Usage
		Usr 0 00:00:00, Sys 0 00:00:00  -  Total Local Usage
	8097  -  Run Bytes Sent By Job
	10716  -  Run Bytes Received By Job
	8097  -  Total Bytes Sent By Job
	10716  -  Total Bytes Received By Job
	Partitionable Resources :    Usage  Request Allocated 
	   Cpus                 :     0.97        1         1 
	   Disk (KB)            :    40          12   3004073 
	   Memory (MB)          :  1718        2000      2000 

	Job terminated of its own accord at 2024-11-09T18:02:10Z with exit-code 0.
...
000 (7709330.000.000) 11/09 22:36:49 Job submitted from host: <137.138.55.115:9618?addrs=137.138.55.115-9618+[2001-1458-d00-17--12a]-9618&alias=bigbird23.cern.ch&noUDP&sock=schedd_4975_03c1>
...
040 (7709330.000.000) 11/10 01:59:44 Started transferring input files
	Transferring to host: <188.185.196.135:9618?addrs=188.185.196.135-9618+[2001-1458-303-23--100-83]-9618&alias=b9p16p6625.cern.ch&noUDP&sock=slot1_39_308472_2df9_4494>
...
040 (7709330.000.000) 11/10 01:59:44 Finished transferring input files
...
001 (7709330.000.000) 11/10 01:59:46 Job executing on host: <188.185.196.135:9618?addrs=188.185.196.135-9618+[2001-1458-303-23--100-83]-9618&alias=b9p16p6625.cern.ch&noUDP&sock=startd_166345_6999>
	SlotName: slot1_39@b9p16p6625.cern.ch
	CondorScratchDir = "/pool/condor/dir_2184086"
	Cpus = 1
	Disk = 3018326
	Memory = 2000
...
006 (7709330.000.000) 11/10 01:59:54 Image size of job updated: 1
	0  -  MemoryUsage of job (MB)
	0  -  ResidentSetSize of job (KB)
...
006 (7709330.000.000) 11/10 02:04:54 Image size of job updated: 2103936
	2055  -  MemoryUsage of job (MB)
	2103464  -  ResidentSetSize of job (KB)
...
006 (7709330.000.000) 11/10 02:06:34 Image size of job updated: 2385832
	2055  -  MemoryUsage of job (MB)
	2103464  -  ResidentSetSize of job (KB)
...
040 (7709330.000.000) 11/10 02:06:34 Started transferring output files
...
040 (7709330.000.000) 11/10 02:06:34 Finished transferring output files
...
005 (7709330.000.000) 11/10 02:06:34 Job terminated.
	(1) Normal termination (return value 0)
		Usr 0 00:05:17, Sys 0 00:00:09  -  Run Remote Usage
		Usr 0 00:00:00, Sys 0 00:00:00  -  Run Local Usage
		Usr 0 00:05:17, Sys 0 00:00:09  -  Total Remote Usage
		Usr 0 00:00:00, Sys 0 00:00:00  -  Total Local Usage
	8099  -  Run Bytes Sent By Job
	10716  -  Run Bytes Received By Job
	8099  -  Total Bytes Sent By Job
	10716  -  Total Bytes Received By Job
	Partitionable Resources :    Usage  Request Allocated 
	   Cpus                 :     0.96        1         1 
	   Disk (KB)            :    41          12   3018326 
	   Memory (MB)          :  2055        2000      2000 

	Job terminated of its own accord at 2024-11-10T01:06:34Z with exit-code 0.
...
000 (7714709.000.000) 11/11 11:28:24 Job submitted from host: <137.138.55.115:9618?addrs=137.138.55.115-9618+[2001-1458-d00-17--12a]-9618&alias=bigbird23.cern.ch&noUDP&sock=schedd_4975_03c1>
...
040 (7714709.000.000) 11/11 11:51:42 Started transferring input files
	Transferring to host: <188.184.185.81:9618?addrs=188.184.185.81-9618+[2001-1458-301-52--100-50]-9618&alias=b9g37p1852.cern.ch&noUDP&sock=slot1_15_2837009_3cff_6642>
...
040 (7714709.000.000) 11/11 11:51:42 Finished transferring input files
...
001 (7714709.000.000) 11/11 11:51:43 Job executing on host: <188.184.185.81:9618?addrs=188.184.185.81-9618+[2001-1458-301-52--100-50]-9618&alias=b9g37p1852.cern.ch&noUDP&sock=startd_8313_9ae3>
	SlotName: slot1_15@b9g37p1852.cern.ch
	CondorScratchDir = "/pool/condor/dir_2899019"
	Cpus = 1
	Disk = 2783984
	Memory = 2000
...
006 (7714709.000.000) 11/11 11:51:52 Image size of job updated: 224500
	220  -  MemoryUsage of job (MB)
	224320  -  ResidentSetSize of job (KB)
...
006 (7714709.000.000) 11/11 11:56:53 Image size of job updated: 1299276
	1269  -  MemoryUsage of job (MB)
	1299024  -  ResidentSetSize of job (KB)
...
006 (7714709.000.000) 11/11 12:01:54 Image size of job updated: 1598064
	1561  -  MemoryUsage of job (MB)
	1597848  -  ResidentSetSize of job (KB)
...
006 (7714709.000.000) 11/11 12:06:54 Image size of job updated: 1791076
	1749  -  MemoryUsage of job (MB)
	1790836  -  ResidentSetSize of job (KB)
...
006 (7714709.000.000) 11/11 12:11:54 Image size of job updated: 1867296
	1824  -  MemoryUsage of job (MB)
	1867064  -  ResidentSetSize of job (KB)
...
006 (7714709.000.000) 11/11 12:16:55 Image size of job updated: 1905500
	1861  -  MemoryUsage of job (MB)
	1905252  -  ResidentSetSize of job (KB)
...
006 (7714709.000.000) 11/11 12:21:55 Image size of job updated: 1951536
	1906  -  MemoryUsage of job (MB)
	1951288  -  ResidentSetSize of job (KB)
...
006 (7714709.000.000) 11/11 12:26:57 Image size of job updated: 2603776
	2543  -  MemoryUsage of job (MB)
	2603528  -  ResidentSetSize of job (KB)
...
006 (7714709.000.000) 11/11 12:31:57 Image size of job updated: 2647312
	2543  -  MemoryUsage of job (MB)
	2603528  -  ResidentSetSize of job (KB)
...
006 (7714709.000.000) 11/11 12:41:58 Image size of job updated: 2647312
	2585  -  MemoryUsage of job (MB)
	2646780  -  ResidentSetSize of job (KB)
...
006 (7714709.000.000) 11/11 12:46:59 Image size of job updated: 2647752
	2585  -  MemoryUsage of job (MB)
	2646780  -  ResidentSetSize of job (KB)
...
006 (7714709.000.000) 11/11 13:37:05 Image size of job updated: 2754024
	2690  -  MemoryUsage of job (MB)
	2753772  -  ResidentSetSize of job (KB)
...
006 (7714709.000.000) 11/11 13:42:06 Image size of job updated: 2800904
	2690  -  MemoryUsage of job (MB)
	2753772  -  ResidentSetSize of job (KB)
...
006 (7714709.000.000) 11/11 14:07:08 Image size of job updated: 2800904
	2722  -  MemoryUsage of job (MB)
	2786692  -  ResidentSetSize of job (KB)
...
006 (7714709.000.000) 11/11 14:12:08 Image size of job updated: 2883884
	2817  -  MemoryUsage of job (MB)
	2883688  -  ResidentSetSize of job (KB)
...
006 (7714709.000.000) 11/11 14:17:09 Image size of job updated: 2939672
	2817  -  MemoryUsage of job (MB)
	2883688  -  ResidentSetSize of job (KB)
...
006 (7714709.000.000) 11/11 14:32:10 Image size of job updated: 2939672
	2818  -  MemoryUsage of job (MB)
	2885272  -  ResidentSetSize of job (KB)
...
006 (7714709.000.000) 11/11 14:37:11 Image size of job updated: 2939672
	2871  -  MemoryUsage of job (MB)
	2939248  -  ResidentSetSize of job (KB)
...
006 (7714709.000.000) 11/11 14:42:11 Image size of job updated: 2973492
	2904  -  MemoryUsage of job (MB)
	2973300  -  ResidentSetSize of job (KB)
...
006 (7714709.000.000) 11/11 14:47:12 Image size of job updated: 3036744
	2940  -  MemoryUsage of job (MB)
	3009540  -  ResidentSetSize of job (KB)
...
006 (7714709.000.000) 11/11 14:52:13 Image size of job updated: 3100996
	2940  -  MemoryUsage of job (MB)
	3009540  -  ResidentSetSize of job (KB)
...
006 (7714709.000.000) 11/11 15:07:14 Image size of job updated: 3100996
	2985  -  MemoryUsage of job (MB)
	3055696  -  ResidentSetSize of job (KB)
...
006 (7714709.000.000) 11/11 15:12:15 Image size of job updated: 3106008
	3034  -  MemoryUsage of job (MB)
	3105856  -  ResidentSetSize of job (KB)
...
006 (7714709.000.000) 11/11 15:17:16 Image size of job updated: 3139972
	3067  -  MemoryUsage of job (MB)
	3139780  -  ResidentSetSize of job (KB)
...
006 (7714709.000.000) 11/11 15:22:16 Image size of job updated: 3215864
	3141  -  MemoryUsage of job (MB)
	3215624  -  ResidentSetSize of job (KB)
...
006 (7714709.000.000) 11/11 15:27:17 Image size of job updated: 3277356
	3141  -  MemoryUsage of job (MB)
	3215624  -  ResidentSetSize of job (KB)
...
006 (7714709.000.000) 11/11 15:47:19 Image size of job updated: 3277356
	3164  -  MemoryUsage of job (MB)
	3239536  -  ResidentSetSize of job (KB)
...
006 (7714709.000.000) 11/11 15:52:19 Image size of job updated: 3296452
	3219  -  MemoryUsage of job (MB)
	3296208  -  ResidentSetSize of job (KB)
...
006 (7714709.000.000) 11/11 15:57:19 Image size of job updated: 3364272
	3286  -  MemoryUsage of job (MB)
	3364028  -  ResidentSetSize of job (KB)
...
006 (7714709.000.000) 11/11 16:02:21 Image size of job updated: 3435528
	3286  -  MemoryUsage of job (MB)
	3364028  -  ResidentSetSize of job (KB)
...
006 (7714709.000.000) 11/11 16:17:22 Image size of job updated: 3435528
	3296  -  MemoryUsage of job (MB)
	3374092  -  ResidentSetSize of job (KB)
...
006 (7714709.000.000) 11/11 16:22:23 Image size of job updated: 3435528
	3327  -  MemoryUsage of job (MB)
	3406456  -  ResidentSetSize of job (KB)
...
006 (7714709.000.000) 11/11 16:27:23 Image size of job updated: 3445424
	3365  -  MemoryUsage of job (MB)
	3445424  -  ResidentSetSize of job (KB)
...
006 (7714709.000.000) 11/11 16:32:24 Image size of job updated: 3576852
	3493  -  MemoryUsage of job (MB)
	3576608  -  ResidentSetSize of job (KB)
...
006 (7714709.000.000) 11/11 16:37:25 Image size of job updated: 3650836
	3493  -  MemoryUsage of job (MB)
	3576608  -  ResidentSetSize of job (KB)
...
006 (7714709.000.000) 11/11 16:57:26 Image size of job updated: 3650836
	3513  -  MemoryUsage of job (MB)
	3597088  -  ResidentSetSize of job (KB)
...
006 (7714709.000.000) 11/11 17:02:26 Image size of job updated: 3650836
	3547  -  MemoryUsage of job (MB)
	3631392  -  ResidentSetSize of job (KB)
...
006 (7714709.000.000) 11/11 17:07:27 Image size of job updated: 3742760
	3655  -  MemoryUsage of job (MB)
	3742540  -  ResidentSetSize of job (KB)
...
006 (7714709.000.000) 11/11 17:12:28 Image size of job updated: 3817008
	3655  -  MemoryUsage of job (MB)
	3742540  -  ResidentSetSize of job (KB)
...
006 (7714709.000.000) 11/11 17:27:30 Image size of job updated: 3817008
	3672  -  MemoryUsage of job (MB)
	3760032  -  ResidentSetSize of job (KB)
...
006 (7714709.000.000) 11/11 17:32:30 Image size of job updated: 3817008
	3717  -  MemoryUsage of job (MB)
	3805468  -  ResidentSetSize of job (KB)
...
006 (7714709.000.000) 11/11 17:37:30 Image size of job updated: 3848304
	3758  -  MemoryUsage of job (MB)
	3848096  -  ResidentSetSize of job (KB)
...
006 (7714709.000.000) 11/11 17:42:31 Image size of job updated: 3941488
	3849  -  MemoryUsage of job (MB)
	3940852  -  ResidentSetSize of job (KB)
...
006 (7714709.000.000) 11/11 17:43:28 Image size of job updated: 4040732
	3849  -  MemoryUsage of job (MB)
	3940852  -  ResidentSetSize of job (KB)
...
040 (7714709.000.000) 11/11 17:43:33 Entered queue to transfer output files
...
040 (7714709.000.000) 11/11 17:45:22 Started transferring output files
...
040 (7714709.000.000) 11/11 17:45:22 Finished transferring output files
...
005 (7714709.000.000) 11/11 17:45:26 Job terminated.
	(1) Normal termination (return value 0)
		Usr 0 05:29:19, Sys 0 00:05:16  -  Run Remote Usage
		Usr 0 00:00:00, Sys 0 00:00:00  -  Run Local Usage
		Usr 0 05:29:19, Sys 0 00:05:16  -  Total Remote Usage
		Usr 0 00:00:00, Sys 0 00:00:00  -  Total Local Usage
	21274  -  Run Bytes Sent By Job
	10712  -  Run Bytes Received By Job
	21274  -  Total Bytes Sent By Job
	10712  -  Total Bytes Received By Job
	Partitionable Resources :    Usage  Request Allocated 
	   Cpus                 :     0.87        1         1 
	   Disk (KB)            :    53          12   2783984 
	   Memory (MB)          :  3849        2000      2000 

	Job terminated of its own accord at 2024-11-11T16:43:28Z with exit-code 0.
...
000 (7743076.000.000) 11/16 17:40:48 Job submitted from host: <137.138.55.115:9618?addrs=137.138.55.115-9618+[2001-1458-d00-17--12a]-9618&alias=bigbird23.cern.ch&noUDP&sock=schedd_4975_03c1>
...
040 (7743076.000.000) 11/16 18:15:49 Started transferring input files
	Transferring to host: <128.142.161.120:9618?addrs=128.142.161.120-9618+[2001-1458-301-b8--100-36]-9618&alias=b9g03p5843.cern.ch&noUDP&sock=slot1_25_3379937_213d_798>
...
040 (7743076.000.000) 11/16 18:15:49 Finished transferring input files
...
001 (7743076.000.000) 11/16 18:15:50 Job executing on host: <128.142.161.120:9618?addrs=128.142.161.120-9618+[2001-1458-301-b8--100-36]-9618&alias=b9g03p5843.cern.ch&noUDP&sock=startd_3168_901f>
	SlotName: slot1_25@b9g03p5843.cern.ch
	CondorScratchDir = "/pool/condor/dir_2325907"
	Cpus = 1
	Disk = 4073
	GPUs = 0
	Memory = 2000
...
006 (7743076.000.000) 11/16 18:15:59 Image size of job updated: 474896
	464  -  MemoryUsage of job (MB)
	474896  -  ResidentSetSize of job (KB)
...
006 (7743076.000.000) 11/16 18:21:00 Image size of job updated: 1275356
	1246  -  MemoryUsage of job (MB)
	1275356  -  ResidentSetSize of job (KB)
...
006 (7743076.000.000) 11/16 18:26:00 Image size of job updated: 1573996
	1538  -  MemoryUsage of job (MB)
	1573996  -  ResidentSetSize of job (KB)
...
006 (7743076.000.000) 11/16 18:31:00 Image size of job updated: 1582396
	1546  -  MemoryUsage of job (MB)
	1582396  -  ResidentSetSize of job (KB)
...
006 (7743076.000.000) 11/16 18:36:01 Image size of job updated: 2025796
	1979  -  MemoryUsage of job (MB)
	2025796  -  ResidentSetSize of job (KB)
...
040 (7743076.000.000) 11/16 18:38:50 Started transferring output files
...
040 (7743076.000.000) 11/16 18:38:50 Finished transferring output files
...
005 (7743076.000.000) 11/16 18:38:50 Job terminated.
	(1) Normal termination (return value 0)
		Usr 0 00:20:53, Sys 0 00:00:11  -  Run Remote Usage
		Usr 0 00:00:00, Sys 0 00:00:00  -  Run Local Usage
		Usr 0 00:20:53, Sys 0 00:00:11  -  Total Remote Usage
		Usr 0 00:00:00, Sys 0 00:00:00  -  Total Local Usage
	8902  -  Run Bytes Sent By Job
	10716  -  Run Bytes Received By Job
	8902  -  Total Bytes Sent By Job
	10716  -  Total Bytes Received By Job
	Partitionable Resources :    Usage  Request Allocated 
	   Cpus                 :     0.99        1         1 
	   Disk (KB)            :    42          12      4073 
	   GPUs                 :                           0 
	   Memory (MB)          :  1979        2000      2000 

	Job terminated of its own accord at 2024-11-16T17:38:50Z with exit-code 0.
...
000 (7743398.000.000) 11/16 19:43:44 Job submitted from host: <137.138.55.115:9618?addrs=137.138.55.115-9618+[2001-1458-d00-17--12a]-9618&alias=bigbird23.cern.ch&noUDP&sock=schedd_4975_03c1>
...
040 (7743398.000.000) 11/16 22:15:58 Started transferring input files
	Transferring to host: <188.185.196.110:9618?addrs=188.185.196.110-9618+[2001-1458-303-23--100-6a]-9618&alias=b9p16p8302.cern.ch&noUDP&sock=slot1_20_2432889_23ce_9614>
...
040 (7743398.000.000) 11/16 22:15:58 Finished transferring input files
...
001 (7743398.000.000) 11/16 22:15:59 Job executing on host: <188.185.196.110:9618?addrs=188.185.196.110-9618+[2001-1458-303-23--100-6a]-9618&alias=b9p16p8302.cern.ch&noUDP&sock=startd_5333_92a9>
	SlotName: slot1_20@b9p16p8302.cern.ch
	CondorScratchDir = "/pool/condor/dir_1287631"
	Cpus = 1
	Disk = 3820
	GPUs = 0
	Memory = 2000
...
006 (7743398.000.000) 11/16 22:16:08 Image size of job updated: 471988
	461  -  MemoryUsage of job (MB)
	471988  -  ResidentSetSize of job (KB)
...
006 (7743398.000.000) 11/16 22:21:09 Image size of job updated: 1298396
	1268  -  MemoryUsage of job (MB)
	1298396  -  ResidentSetSize of job (KB)
...
006 (7743398.000.000) 11/16 22:26:09 Image size of job updated: 1588328
	1552  -  MemoryUsage of job (MB)
	1588328  -  ResidentSetSize of job (KB)
...
006 (7743398.000.000) 11/16 22:31:09 Image size of job updated: 1605400
	1568  -  MemoryUsage of job (MB)
	1605400  -  ResidentSetSize of job (KB)
...
006 (7743398.000.000) 11/16 22:36:10 Image size of job updated: 2166408
	2116  -  MemoryUsage of job (MB)
	2166408  -  ResidentSetSize of job (KB)
...
006 (7743398.000.000) 11/16 22:41:11 Image size of job updated: 2298944
	2246  -  MemoryUsage of job (MB)
	2298944  -  ResidentSetSize of job (KB)
...
006 (7743398.000.000) 11/16 22:46:11 Image size of job updated: 2303564
	2250  -  MemoryUsage of job (MB)
	2303564  -  ResidentSetSize of job (KB)
...
040 (7743398.000.000) 11/16 23:49:32 Started transferring output files
...
040 (7743398.000.000) 11/16 23:49:32 Finished transferring output files
...
005 (7743398.000.000) 11/16 23:49:32 Job terminated.
	(1) Normal termination (return value 0)
		Usr 0 01:29:45, Sys 0 00:00:23  -  Run Remote Usage
		Usr 0 00:00:00, Sys 0 00:00:00  -  Run Local Usage
		Usr 0 01:29:45, Sys 0 00:00:23  -  Total Remote Usage
		Usr 0 00:00:00, Sys 0 00:00:00  -  Total Local Usage
	14419  -  Run Bytes Sent By Job
	10716  -  Run Bytes Received By Job
	14419  -  Total Bytes Sent By Job
	10716  -  Total Bytes Received By Job
	Partitionable Resources :    Usage  Request Allocated 
	   Cpus                 :     0.99        1         1 
	   Disk (KB)            :    47          12      3820 
	   GPUs                 :                           0 
	   Memory (MB)          :  2250        2000      2000 

	Job terminated of its own accord at 2024-11-16T22:49:32Z with exit-code 0.
...
000 (7747272.000.000) 11/17 18:18:00 Job submitted from host: <137.138.55.115:9618?addrs=137.138.55.115-9618+[2001-1458-d00-17--12a]-9618&alias=bigbird23.cern.ch&noUDP&sock=schedd_4975_03c1>
...
040 (7747272.000.000) 11/17 18:37:25 Started transferring input files
	Transferring to host: <188.185.193.27:9618?addrs=188.185.193.27-9618+[2001-1458-303-20--100-17]-9618&alias=b9p19p1616.cern.ch&noUDP&sock=slot1_31_2409453_5b95_12616>
...
040 (7747272.000.000) 11/17 18:37:25 Finished transferring input files
...
001 (7747272.000.000) 11/17 18:37:26 Job executing on host: <188.185.193.27:9618?addrs=188.185.193.27-9618+[2001-1458-303-20--100-17]-9618&alias=b9p19p1616.cern.ch&noUDP&sock=startd_5876_0696>
	SlotName: slot1_31@b9p19p1616.cern.ch
	CondorScratchDir = "/pool/condor/dir_2754690"
	Cpus = 1
	Disk = 3826
	GPUs = 0
	Memory = 2000
...
006 (7747272.000.000) 11/17 18:37:35 Image size of job updated: 318324
	311  -  MemoryUsage of job (MB)
	318324  -  ResidentSetSize of job (KB)
...
006 (7747272.000.000) 11/17 18:42:36 Image size of job updated: 1267608
	1238  -  MemoryUsage of job (MB)
	1267608  -  ResidentSetSize of job (KB)
...
006 (7747272.000.000) 11/17 18:47:36 Image size of job updated: 1561052
	1525  -  MemoryUsage of job (MB)
	1561052  -  ResidentSetSize of job (KB)
...
006 (7747272.000.000) 11/17 18:52:36 Image size of job updated: 2101648
	2053  -  MemoryUsage of job (MB)
	2101648  -  ResidentSetSize of job (KB)
...
006 (7747272.000.000) 11/17 18:57:37 Image size of job updated: 2162908
	2113  -  MemoryUsage of job (MB)
	2162908  -  ResidentSetSize of job (KB)
...
040 (7747272.000.000) 11/17 19:47:52 Started transferring output files
...
040 (7747272.000.000) 11/17 19:47:52 Finished transferring output files
...
005 (7747272.000.000) 11/17 19:47:53 Job terminated.
	(1) Normal termination (return value 0)
		Usr 0 01:01:23, Sys 0 00:01:12  -  Run Remote Usage
		Usr 0 00:00:00, Sys 0 00:00:00  -  Run Local Usage
		Usr 0 01:01:23, Sys 0 00:01:12  -  Total Remote Usage
		Usr 0 00:00:00, Sys 0 00:00:00  -  Total Local Usage
	14419  -  Run Bytes Sent By Job
	10712  -  Run Bytes Received By Job
	14419  -  Total Bytes Sent By Job
	10712  -  Total Bytes Received By Job
	Partitionable Resources :    Usage  Request Allocated 
	   Cpus                 :     0.97        1         1 
	   Disk (KB)            :    47          12      3826 
	   GPUs                 :                           0 
	   Memory (MB)          :  2113        2000      2000 

	Job terminated of its own accord at 2024-11-17T18:43:07Z with exit-code 0.
...
000 (7747717.000.000) 11/17 22:58:54 Job submitted from host: <137.138.55.115:9618?addrs=137.138.55.115-9618+[2001-1458-d00-17--12a]-9618&alias=bigbird23.cern.ch&noUDP&sock=schedd_4975_03c1>
...
040 (7747717.000.000) 11/17 23:08:16 Started transferring input files
	Transferring to host: <128.142.33.17:9618?addrs=128.142.33.17-9618+[2001-1458-301-53--100-3e]-9618&alias=b9g34p8058.cern.ch&noUDP&sock=slot1_14_2562215_0199_59442>
...
040 (7747717.000.000) 11/17 23:08:16 Finished transferring input files
...
001 (7747717.000.000) 11/17 23:08:17 Job executing on host: <128.142.33.17:9618?addrs=128.142.33.17-9618+[2001-1458-301-53--100-3e]-9618&alias=b9g34p8058.cern.ch&noUDP&sock=startd_4763_99ad>
	SlotName: slot1_14@b9g34p8058.cern.ch
	CondorScratchDir = "/pool/condor/dir_3001605"
	Cpus = 1
	Disk = 2973492
	Memory = 2000
...
006 (7747717.000.000) 11/17 23:08:25 Image size of job updated: 413360
	404  -  MemoryUsage of job (MB)
	413360  -  ResidentSetSize of job (KB)
...
006 (7747717.000.000) 11/17 23:13:25 Image size of job updated: 1420948
	1388  -  MemoryUsage of job (MB)
	1420948  -  ResidentSetSize of job (KB)
...
006 (7747717.000.000) 11/17 23:18:26 Image size of job updated: 1819648
	1777  -  MemoryUsage of job (MB)
	1819396  -  ResidentSetSize of job (KB)
...
006 (7747717.000.000) 11/17 23:23:26 Image size of job updated: 2426420
	2164  -  MemoryUsage of job (MB)
	2215496  -  ResidentSetSize of job (KB)
...
006 (7747717.000.000) 11/17 23:28:26 Image size of job updated: 2426420
	2331  -  MemoryUsage of job (MB)
	2386124  -  ResidentSetSize of job (KB)
...
006 (7747717.000.000) 11/17 23:33:26 Image size of job updated: 2764092
	2430  -  MemoryUsage of job (MB)
	2488284  -  ResidentSetSize of job (KB)
...
006 (7747717.000.000) 11/17 23:43:18 Image size of job updated: 2764092
	2524  -  MemoryUsage of job (MB)
	2583636  -  ResidentSetSize of job (KB)
...
006 (7747717.000.000) 11/17 23:57:56 Image size of job updated: 2980792
	2625  -  MemoryUsage of job (MB)
	2687408  -  ResidentSetSize of job (KB)
...
040 (7747717.000.000) 11/18 00:06:34 Started transferring output files
...
040 (7747717.000.000) 11/18 00:06:34 Finished transferring output files
...
005 (7747717.000.000) 11/18 00:06:34 Job terminated.
	(1) Normal termination (return value 0)
		Usr 0 00:56:14, Sys 0 00:00:30  -  Run Remote Usage
		Usr 0 00:00:00, Sys 0 00:00:00  -  Run Local Usage
		Usr 0 00:56:14, Sys 0 00:00:30  -  Total Remote Usage
		Usr 0 00:00:00, Sys 0 00:00:00  -  Total Local Usage
	14411  -  Run Bytes Sent By Job
	10712  -  Run Bytes Received By Job
	14411  -  Total Bytes Sent By Job
	10712  -  Total Bytes Received By Job
	Partitionable Resources :    Usage  Request Allocated 
	   Cpus                 :     0.98        1         1 
	   Disk (KB)            :    46          12   2973492 
	   Memory (MB)          :  2625        2000      2000 

	Job terminated of its own accord at 2024-11-17T23:06:34Z with exit-code 0.
...
000 (7936975.000.000) 01/08 15:15:37 Job submitted from host: <137.138.55.115:9618?addrs=137.138.55.115-9618+[2001-1458-d00-17--12a]-9618&alias=bigbird23.cern.ch&noUDP&sock=schedd_1381843_f090>
...
040 (7936975.000.000) 01/08 15:18:07 Started transferring input files
	Transferring to host: <128.142.161.104:9618?addrs=128.142.161.104-9618+[2001-1458-301-b8--100-26]-9618&alias=b9g03p6832.cern.ch&noUDP&sock=slot1_6_2880464_3786_5756>
...
040 (7936975.000.000) 01/08 15:18:07 Finished transferring input files
...
001 (7936975.000.000) 01/08 15:18:08 Job executing on host: <128.142.161.104:9618?addrs=128.142.161.104-9618+[2001-1458-301-b8--100-26]-9618&alias=b9g03p6832.cern.ch&noUDP&sock=startd_3183_da0a>
	SlotName: slot1_6@b9g03p6832.cern.ch
	CondorScratchDir = "/pool/condor/dir_397280"
	Cpus = 1
	Disk = 3836
	GPUs = 0
	Memory = 2000
...
006 (7936975.000.000) 01/08 15:18:17 Image size of job updated: 237472
	232  -  MemoryUsage of job (MB)
	237472  -  ResidentSetSize of job (KB)
...
006 (7936975.000.000) 01/08 15:23:18 Image size of job updated: 746984
	730  -  MemoryUsage of job (MB)
	746984  -  ResidentSetSize of job (KB)
...
006 (7936975.000.000) 01/08 15:28:18 Image size of job updated: 1202588
	1175  -  MemoryUsage of job (MB)
	1202588  -  ResidentSetSize of job (KB)
...
006 (7936975.000.000) 01/08 15:33:18 Image size of job updated: 1783996
	1743  -  MemoryUsage of job (MB)
	1783996  -  ResidentSetSize of job (KB)
...
006 (7936975.000.000) 01/08 15:38:19 Image size of job updated: 1918172
	1874  -  MemoryUsage of job (MB)
	1918172  -  ResidentSetSize of job (KB)
...
006 (7936975.000.000) 01/08 15:48:19 Image size of job updated: 2048740
	2001  -  MemoryUsage of job (MB)
	2048740  -  ResidentSetSize of job (KB)
...
040 (7936975.000.000) 01/08 15:59:46 Started transferring output files
...
040 (7936975.000.000) 01/08 15:59:46 Finished transferring output files
...
004 (7936975.000.000) 01/08 15:59:46 Job was evicted.
	(0) CPU times
		Usr 0 00:38:00, Sys 0 00:00:13  -  Run Remote Usage
		Usr 0 00:00:00, Sys 0 00:00:00  -  Run Local Usage
	7297  -  Run Bytes Sent By Job
	10598  -  Run Bytes Received By Job
	Partitionable Resources :    Usage  Request Allocated 
	   Cpus                 :     0.99        1         1 
	   Disk (KB)            :    39          12      3836 
	   GPUs                 :                           0 
	   Memory (MB)          :  2001        2000      2000 
...
009 (7936975.000.000) 01/08 15:59:46 Job was aborted.
	via condor_rm (by user fsalerno)
...
