000 (7803428.000.000) 11/30 01:12:19 Job submitted from host: <137.138.55.115:9618?addrs=137.138.55.115-9618+[2001-1458-d00-17--12a]-9618&alias=bigbird23.cern.ch&noUDP&sock=schedd_4975_03c1>
...
040 (7803428.000.000) 11/30 01:14:05 Started transferring input files
	Transferring to host: <188.185.198.183:9618?addrs=188.185.198.183-9618+[2001-1458-303-25--100-b3]-9618&alias=b9p15p4930.cern.ch&noUDP&sock=slot1_6_1185186_80fc_4926>
...
040 (7803428.000.000) 11/30 01:14:05 Finished transferring input files
...
001 (7803428.000.000) 11/30 01:14:06 Job executing on host: <188.185.198.183:9618?addrs=188.185.198.183-9618+[2001-1458-303-25--100-b3]-9618&alias=b9p15p4930.cern.ch&noUDP&sock=startd_8857_be68>
	SlotName: slot1_6@b9p15p4930.cern.ch
	CondorScratchDir = "/pool/condor/dir_3832442"
	Cpus = 1
	Disk = 3865
	GPUs = 0
	Memory = 2000
...
006 (7803428.000.000) 11/30 01:14:14 Image size of job updated: 448468
	438  -  MemoryUsage of job (MB)
	448468  -  ResidentSetSize of job (KB)
...
006 (7803428.000.000) 11/30 01:14:16 Image size of job updated: 448468
	439  -  MemoryUsage of job (MB)
	448728  -  ResidentSetSize of job (KB)
...
040 (7803428.000.000) 11/30 01:14:16 Started transferring output files
...
040 (7803428.000.000) 11/30 01:14:16 Finished transferring output files
...
005 (7803428.000.000) 11/30 01:14:16 Job terminated.
	(1) Normal termination (return value 1)
		Usr 0 00:00:03, Sys 0 00:00:01  -  Run Remote Usage
		Usr 0 00:00:00, Sys 0 00:00:00  -  Run Local Usage
		Usr 0 00:00:03, Sys 0 00:00:01  -  Total Remote Usage
		Usr 0 00:00:00, Sys 0 00:00:00  -  Total Local Usage
	414  -  Run Bytes Sent By Job
	10600  -  Run Bytes Received By Job
	414  -  Total Bytes Sent By Job
	10600  -  Total Bytes Received By Job
	Partitionable Resources :    Usage  Request Allocated 
	   Cpus                 :        0        1         1 
	   Disk (KB)            :       36       12      3865 
	   GPUs                 :                           0 
	   Memory (MB)          :      439     2000      2000 

	Job terminated of its own accord at 2024-11-30T00:14:16Z with exit-code 1.
...
000 (7804109.000.000) 11/30 01:47:49 Job submitted from host: <137.138.55.115:9618?addrs=137.138.55.115-9618+[2001-1458-d00-17--12a]-9618&alias=bigbird23.cern.ch&noUDP&sock=schedd_4975_03c1>
...
040 (7804109.000.000) 11/30 01:47:59 Started transferring input files
	Transferring to host: <188.185.193.49:9618?addrs=188.185.193.49-9618+[2001-1458-303-20--100-2d]-9618&alias=b9p19p9677.cern.ch&noUDP&sock=slot1_14_2543649_9466_8790>
...
040 (7804109.000.000) 11/30 01:47:59 Finished transferring input files
...
001 (7804109.000.000) 11/30 01:48:00 Job executing on host: <188.185.193.49:9618?addrs=188.185.193.49-9618+[2001-1458-303-20--100-2d]-9618&alias=b9p19p9677.cern.ch&noUDP&sock=startd_127948_43a3>
	SlotName: slot1_14@b9p19p9677.cern.ch
	CondorScratchDir = "/pool/condor/dir_4093365"
	Cpus = 1
	Disk = 2872481
	Memory = 2000
...
006 (7804109.000.000) 11/30 01:48:09 Image size of job updated: 28928
	22  -  MemoryUsage of job (MB)
	21976  -  ResidentSetSize of job (KB)
...
006 (7804109.000.000) 11/30 01:53:10 Image size of job updated: 648516
	610  -  MemoryUsage of job (MB)
	624188  -  ResidentSetSize of job (KB)
...
006 (7804109.000.000) 11/30 01:58:10 Image size of job updated: 648516
	615  -  MemoryUsage of job (MB)
	629024  -  ResidentSetSize of job (KB)
...
006 (7804109.000.000) 11/30 02:03:11 Image size of job updated: 648516
	615  -  MemoryUsage of job (MB)
	629492  -  ResidentSetSize of job (KB)
...
040 (7804109.000.000) 12/01 01:11:52 Started transferring output files
...
040 (7804109.000.000) 12/01 01:11:52 Finished transferring output files
...
004 (7804109.000.000) 12/01 01:11:52 Job was evicted.
	(0) CPU times
		Usr 0 22:20:33, Sys 0 00:30:51  -  Run Remote Usage
		Usr 0 00:00:00, Sys 0 00:00:00  -  Run Local Usage
	473379  -  Run Bytes Sent By Job
	10600  -  Run Bytes Received By Job
	Partitionable Resources :    Usage  Request Allocated 
	   Cpus                 :     0.98        1         1 
	   Disk (KB)            :   495          12   2872481 
	   Memory (MB)          :   615        2000      2000 
...
009 (7804109.000.000) 12/01 01:11:52 Job was aborted.
	via condor_rm (by user fsalerno)
...
