000 (7088278.000.000) 09/13 00:20:55 Job submitted from host: <137.138.55.115:9618?addrs=137.138.55.115-9618+[2001-1458-d00-17--12a]-9618&alias=bigbird23.cern.ch&noUDP&sock=schedd_23881_f548>
...
040 (7088278.000.000) 09/13 00:22:34 Started transferring input files
	Transferring to host: <188.185.194.127:9618?addrs=188.185.194.127-9618+[2001-1458-303-21--100-7b]-9618&alias=b9p20p9686.cern.ch&noUDP&sock=slot1_17_4081299_1b66_23536>
...
040 (7088278.000.000) 09/13 00:22:34 Finished transferring input files
...
001 (7088278.000.000) 09/13 00:22:35 Job executing on host: <188.185.194.127:9618?addrs=188.185.194.127-9618+[2001-1458-303-21--100-7b]-9618&alias=b9p20p9686.cern.ch&noUDP&sock=startd_6679_d123>
	SlotName: slot1_17@b9p20p9686.cern.ch
	CondorScratchDir = "/pool/condor/dir_837127"
	Cpus = 1
	Disk = 2966353
	Memory = 2000
...
006 (7088278.000.000) 09/13 00:22:44 Image size of job updated: 1
	0  -  MemoryUsage of job (MB)
	0  -  ResidentSetSize of job (KB)
...
006 (7088278.000.000) 09/13 00:23:08 Image size of job updated: 447804
	321  -  MemoryUsage of job (MB)
	328312  -  ResidentSetSize of job (KB)
...
040 (7088278.000.000) 09/13 00:23:08 Started transferring output files
...
040 (7088278.000.000) 09/13 00:23:08 Finished transferring output files
...
005 (7088278.000.000) 09/13 00:23:08 Job terminated.
	(1) Normal termination (return value 1)
		Usr 0 00:00:02, Sys 0 00:00:01  -  Run Remote Usage
		Usr 0 00:00:00, Sys 0 00:00:00  -  Run Local Usage
		Usr 0 00:00:02, Sys 0 00:00:01  -  Total Remote Usage
		Usr 0 00:00:00, Sys 0 00:00:00  -  Total Local Usage
	1175  -  Run Bytes Sent By Job
	10776  -  Run Bytes Received By Job
	1175  -  Total Bytes Sent By Job
	10776  -  Total Bytes Received By Job
	Partitionable Resources :    Usage  Request Allocated 
	   Cpus                 :        0        1         1 
	   Disk (KB)            :       36       12   2966353 
	   Memory (MB)          :      321     2000      2000 

	Job terminated of its own accord at 2024-09-12T22:23:08Z with exit-code 1.
...
000 (7406972.000.000) 10/24 16:42:34 Job submitted from host: <137.138.55.115:9618?addrs=137.138.55.115-9618+[2001-1458-d00-17--12a]-9618&alias=bigbird23.cern.ch&noUDP&sock=schedd_4975_03c1>
...
040 (7406972.000.000) 10/24 16:44:17 Started transferring input files
	Transferring to host: <128.142.33.10:9618?addrs=128.142.33.10-9618+[2001-1458-301-53--100-7]-9618&alias=b9g34p5473.cern.ch&noUDP&sock=slot1_2_294897_5d31_62824>
...
040 (7406972.000.000) 10/24 16:44:17 Finished transferring input files
...
001 (7406972.000.000) 10/24 16:44:18 Job executing on host: <128.142.33.10:9618?addrs=128.142.33.10-9618+[2001-1458-301-53--100-7]-9618&alias=b9g34p5473.cern.ch&noUDP&sock=startd_119169_99b5>
	SlotName: slot1_2@b9g34p5473.cern.ch
	CondorScratchDir = "/pool/condor/dir_3787316"
	Cpus = 1
	Disk = 2350685
	Memory = 2000
...
006 (7406972.000.000) 10/24 16:44:27 Image size of job updated: 1380
	2  -  MemoryUsage of job (MB)
	1380  -  ResidentSetSize of job (KB)
...
006 (7406972.000.000) 10/24 16:45:02 Image size of job updated: 17736
	18  -  MemoryUsage of job (MB)
	17736  -  ResidentSetSize of job (KB)
...
040 (7406972.000.000) 10/24 16:45:02 Started transferring output files
...
040 (7406972.000.000) 10/24 16:45:02 Finished transferring output files
...
005 (7406972.000.000) 10/24 16:45:02 Job terminated.
	(1) Normal termination (return value 0)
		Usr 0 00:00:05, Sys 0 00:00:01  -  Run Remote Usage
		Usr 0 00:00:00, Sys 0 00:00:00  -  Run Local Usage
		Usr 0 00:00:05, Sys 0 00:00:01  -  Total Remote Usage
		Usr 0 00:00:00, Sys 0 00:00:00  -  Total Local Usage
	10689  -  Run Bytes Sent By Job
	10804  -  Run Bytes Received By Job
	10689  -  Total Bytes Sent By Job
	10804  -  Total Bytes Received By Job
	Partitionable Resources :    Usage  Request Allocated 
	   Cpus                 :                 1         1 
	   Disk (KB)            :       36       12   2350685 
	   Memory (MB)          :       18     2000      2000 

	Job terminated of its own accord at 2024-10-24T14:45:02Z with exit-code 0.
...
000 (7406975.000.000) 10/24 16:47:32 Job submitted from host: <137.138.55.115:9618?addrs=137.138.55.115-9618+[2001-1458-d00-17--12a]-9618&alias=bigbird23.cern.ch&noUDP&sock=schedd_4975_03c1>
...
040 (7406975.000.000) 10/24 16:50:22 Started transferring input files
	Transferring to host: <128.142.161.76:9618?addrs=128.142.161.76-9618+[2001-1458-301-b8--100-a]-9618&alias=b9g03p6672.cern.ch&noUDP&sock=slot1_15_3235_199d_1295>
...
040 (7406975.000.000) 10/24 16:50:23 Finished transferring input files
...
001 (7406975.000.000) 10/24 16:50:24 Job executing on host: <128.142.161.76:9618?addrs=128.142.161.76-9618+[2001-1458-301-b8--100-a]-9618&alias=b9g03p6672.cern.ch&noUDP&sock=startd_3086_515a>
	SlotName: slot1_15@b9g03p6672.cern.ch
	CondorScratchDir = "/pool/condor/dir_847976"
	Cpus = 1
	Disk = 3937
	GPUs = 0
	Memory = 2000
...
006 (7406975.000.000) 10/24 16:50:32 Image size of job updated: 28308
	28  -  MemoryUsage of job (MB)
	28308  -  ResidentSetSize of job (KB)
...
006 (7406975.000.000) 10/24 16:51:10 Image size of job updated: 346336
	339  -  MemoryUsage of job (MB)
	346336  -  ResidentSetSize of job (KB)
...
040 (7406975.000.000) 10/24 16:51:10 Started transferring output files
...
040 (7406975.000.000) 10/24 16:51:10 Finished transferring output files
...
005 (7406975.000.000) 10/24 16:51:10 Job terminated.
	(1) Normal termination (return value 0)
		Usr 0 00:00:17, Sys 0 00:00:04  -  Run Remote Usage
		Usr 0 00:00:00, Sys 0 00:00:00  -  Run Local Usage
		Usr 0 00:00:17, Sys 0 00:00:04  -  Total Remote Usage
		Usr 0 00:00:00, Sys 0 00:00:00  -  Total Local Usage
	24829  -  Run Bytes Sent By Job
	10804  -  Run Bytes Received By Job
	24829  -  Total Bytes Sent By Job
	10804  -  Total Bytes Received By Job
	Partitionable Resources :    Usage  Request Allocated 
	   Cpus                 :        0        1         1 
	   Disk (KB)            :       57       12      3937 
	   GPUs                 :                           0 
	   Memory (MB)          :      339     2000      2000 

	Job terminated of its own accord at 2024-10-24T14:51:10Z with exit-code 0.
...
000 (7406978.000.000) 10/24 16:51:56 Job submitted from host: <137.138.55.115:9618?addrs=137.138.55.115-9618+[2001-1458-d00-17--12a]-9618&alias=bigbird23.cern.ch&noUDP&sock=schedd_4975_03c1>
...
040 (7406978.000.000) 10/24 16:53:13 Started transferring input files
	Transferring to host: <188.185.196.106:9618?addrs=188.185.196.106-9618+[2001-1458-303-23--100-66]-9618&alias=b9p16p4781.cern.ch&noUDP&sock=slot1_15_9137_97cd_6931>
...
040 (7406978.000.000) 10/24 16:53:13 Finished transferring input files
...
001 (7406978.000.000) 10/24 16:53:14 Job executing on host: <188.185.196.106:9618?addrs=188.185.196.106-9618+[2001-1458-303-23--100-66]-9618&alias=b9p16p4781.cern.ch&noUDP&sock=startd_8015_33aa>
	SlotName: slot1_15@b9p16p4781.cern.ch
	CondorScratchDir = "/pool/condor/dir_2202694"
	Cpus = 1
	Disk = 3800
	GPUs = 0
	Memory = 2000
...
006 (7406978.000.000) 10/24 16:53:22 Image size of job updated: 368032
	360  -  MemoryUsage of job (MB)
	368032  -  ResidentSetSize of job (KB)
...
006 (7406978.000.000) 10/24 16:53:40 Image size of job updated: 368032
	361  -  MemoryUsage of job (MB)
	369536  -  ResidentSetSize of job (KB)
...
040 (7406978.000.000) 10/24 16:53:40 Started transferring output files
...
040 (7406978.000.000) 10/24 16:53:40 Finished transferring output files
...
005 (7406978.000.000) 10/24 16:53:41 Job terminated.
	(1) Normal termination (return value 0)
		Usr 0 00:00:12, Sys 0 00:00:02  -  Run Remote Usage
		Usr 0 00:00:00, Sys 0 00:00:00  -  Run Local Usage
		Usr 0 00:00:12, Sys 0 00:00:02  -  Total Remote Usage
		Usr 0 00:00:00, Sys 0 00:00:00  -  Total Local Usage
	10644  -  Run Bytes Sent By Job
	10804  -  Run Bytes Received By Job
	10644  -  Total Bytes Sent By Job
	10804  -  Total Bytes Received By Job
	Partitionable Resources :    Usage  Request Allocated 
	   Cpus                 :        0        1         1 
	   Disk (KB)            :       43       12      3800 
	   GPUs                 :                           0 
	   Memory (MB)          :      361     2000      2000 

	Job terminated of its own accord at 2024-10-24T14:53:40Z with exit-code 0.
...
000 (7406985.000.000) 10/24 17:08:39 Job submitted from host: <137.138.55.115:9618?addrs=137.138.55.115-9618+[2001-1458-d00-17--12a]-9618&alias=bigbird23.cern.ch&noUDP&sock=schedd_4975_03c1>
...
040 (7406985.000.000) 10/24 17:16:35 Started transferring input files
	Transferring to host: <188.185.206.161:9618?addrs=188.185.206.161-9618+[2001-1458-303-c--100-1e]-9618&alias=b9p06p4981.cern.ch&noUDP&sock=slot1_17_4102_fae0_1000>
...
040 (7406985.000.000) 10/24 17:16:35 Finished transferring input files
...
001 (7406985.000.000) 10/24 17:16:36 Job executing on host: <188.185.206.161:9618?addrs=188.185.206.161-9618+[2001-1458-303-c--100-1e]-9618&alias=b9p06p4981.cern.ch&noUDP&sock=startd_3689_ecf6>
	SlotName: slot1_17@b9p06p4981.cern.ch
	CondorScratchDir = "/pool/condor/dir_610203"
	Cpus = 1
	Disk = 2774550
	Memory = 2000
...
006 (7406985.000.000) 10/24 17:16:45 Image size of job updated: 701172
	685  -  MemoryUsage of job (MB)
	701172  -  ResidentSetSize of job (KB)
...
006 (7406985.000.000) 10/24 17:16:48 Image size of job updated: 1076664
	685  -  MemoryUsage of job (MB)
	701172  -  ResidentSetSize of job (KB)
...
040 (7406985.000.000) 10/24 17:16:48 Started transferring output files
...
040 (7406985.000.000) 10/24 17:16:49 Finished transferring output files
...
005 (7406985.000.000) 10/24 17:16:49 Job terminated.
	(1) Normal termination (return value 0)
		Usr 0 00:00:04, Sys 0 00:00:02  -  Run Remote Usage
		Usr 0 00:00:00, Sys 0 00:00:00  -  Run Local Usage
		Usr 0 00:00:04, Sys 0 00:00:02  -  Total Remote Usage
		Usr 0 00:00:00, Sys 0 00:00:00  -  Total Local Usage
	8628  -  Run Bytes Sent By Job
	10801  -  Run Bytes Received By Job
	8628  -  Total Bytes Sent By Job
	10801  -  Total Bytes Received By Job
	Partitionable Resources :    Usage  Request Allocated 
	   Cpus                 :        0        1         1 
	   Disk (KB)            :       45       12   2774550 
	   Memory (MB)          :      685     2000      2000 

	Job terminated of its own accord at 2024-10-24T15:16:48Z with exit-code 0.
...
000 (7406991.000.000) 10/24 17:28:34 Job submitted from host: <137.138.55.115:9618?addrs=137.138.55.115-9618+[2001-1458-d00-17--12a]-9618&alias=bigbird23.cern.ch&noUDP&sock=schedd_4975_03c1>
...
009 (7406991.000.000) 10/24 17:28:52 Job was aborted.
	via condor_rm (by user fsalerno)
...
000 (7406992.000.000) 10/24 17:29:05 Job submitted from host: <137.138.55.115:9618?addrs=137.138.55.115-9618+[2001-1458-d00-17--12a]-9618&alias=bigbird23.cern.ch&noUDP&sock=schedd_4975_03c1>
...
040 (7406992.000.000) 10/24 17:30:42 Started transferring input files
	Transferring to host: <128.142.161.72:9618?addrs=128.142.161.72-9618+[2001-1458-301-b8--100-6]-9618&alias=b9g03p9851.cern.ch&noUDP&sock=slot1_10_3230_93bc_621>
...
040 (7406992.000.000) 10/24 17:30:42 Finished transferring input files
...
001 (7406992.000.000) 10/24 17:30:43 Job executing on host: <128.142.161.72:9618?addrs=128.142.161.72-9618+[2001-1458-301-b8--100-6]-9618&alias=b9g03p9851.cern.ch&noUDP&sock=startd_3179_1ba9>
	SlotName: slot1_10@b9g03p9851.cern.ch
	CondorScratchDir = "/pool/condor/dir_440607"
	Cpus = 1
	Disk = 4002
	GPUs = 0
	Memory = 2000
...
006 (7406992.000.000) 10/24 17:30:51 Image size of job updated: 537392
	525  -  MemoryUsage of job (MB)
	537392  -  ResidentSetSize of job (KB)
...
006 (7406992.000.000) 10/24 17:31:12 Image size of job updated: 537392
	526  -  MemoryUsage of job (MB)
	537648  -  ResidentSetSize of job (KB)
...
040 (7406992.000.000) 10/24 17:31:12 Started transferring output files
...
040 (7406992.000.000) 10/24 17:31:12 Finished transferring output files
...
005 (7406992.000.000) 10/24 17:31:12 Job terminated.
	(1) Normal termination (return value 0)
		Usr 0 00:00:21, Sys 0 00:00:01  -  Run Remote Usage
		Usr 0 00:00:00, Sys 0 00:00:00  -  Run Local Usage
		Usr 0 00:00:21, Sys 0 00:00:01  -  Total Remote Usage
		Usr 0 00:00:00, Sys 0 00:00:00  -  Total Local Usage
	5518  -  Run Bytes Sent By Job
	10810  -  Run Bytes Received By Job
	5518  -  Total Bytes Sent By Job
	10810  -  Total Bytes Received By Job
	Partitionable Resources :    Usage  Request Allocated 
	   Cpus                 :        0        1         1 
	   Disk (KB)            :       38       12      4002 
	   GPUs                 :                           0 
	   Memory (MB)          :      526     2000      2000 

	Job terminated of its own accord at 2024-10-24T15:31:12Z with exit-code 0.
...
000 (7407008.000.000) 10/24 18:04:16 Job submitted from host: <137.138.55.115:9618?addrs=137.138.55.115-9618+[2001-1458-d00-17--12a]-9618&alias=bigbird23.cern.ch&noUDP&sock=schedd_4975_03c1>
...
040 (7407008.000.000) 10/24 18:05:27 Started transferring input files
	Transferring to host: <188.185.194.115:9618?addrs=188.185.194.115-9618+[2001-1458-303-21--100-6f]-9618&alias=b9p20p4883.cern.ch&noUDP&sock=slot1_4_9547_799d_6414>
...
040 (7407008.000.000) 10/24 18:05:27 Finished transferring input files
...
001 (7407008.000.000) 10/24 18:05:28 Job executing on host: <188.185.194.115:9618?addrs=188.185.194.115-9618+[2001-1458-303-21--100-6f]-9618&alias=b9p20p4883.cern.ch&noUDP&sock=startd_8951_384f>
	SlotName: slot1_4@b9p20p4883.cern.ch
	CondorScratchDir = "/pool/condor/dir_2929663"
	Cpus = 1
	Disk = 3811
	GPUs = 0
	Memory = 2000
...
006 (7407008.000.000) 10/24 18:05:36 Image size of job updated: 470316
	460  -  MemoryUsage of job (MB)
	470316  -  ResidentSetSize of job (KB)
...
006 (7407008.000.000) 10/24 18:05:55 Image size of job updated: 470316
	461  -  MemoryUsage of job (MB)
	471852  -  ResidentSetSize of job (KB)
...
040 (7407008.000.000) 10/24 18:05:55 Started transferring output files
...
040 (7407008.000.000) 10/24 18:05:55 Finished transferring output files
...
005 (7407008.000.000) 10/24 18:05:55 Job terminated.
	(1) Normal termination (return value 0)
		Usr 0 00:00:16, Sys 0 00:00:02  -  Run Remote Usage
		Usr 0 00:00:00, Sys 0 00:00:00  -  Run Local Usage
		Usr 0 00:00:16, Sys 0 00:00:02  -  Total Remote Usage
		Usr 0 00:00:00, Sys 0 00:00:00  -  Total Local Usage
	12558  -  Run Bytes Sent By Job
	10801  -  Run Bytes Received By Job
	12558  -  Total Bytes Sent By Job
	10801  -  Total Bytes Received By Job
	Partitionable Resources :    Usage  Request Allocated 
	   Cpus                 :        0        1         1 
	   Disk (KB)            :       45       12      3811 
	   GPUs                 :                           0 
	   Memory (MB)          :      461     2000      2000 

	Job terminated of its own accord at 2024-10-24T16:05:55Z with exit-code 0.
...
000 (7407014.000.000) 10/24 18:23:33 Job submitted from host: <137.138.55.115:9618?addrs=137.138.55.115-9618+[2001-1458-d00-17--12a]-9618&alias=bigbird23.cern.ch&noUDP&sock=schedd_4975_03c1>
...
040 (7407014.000.000) 10/24 18:26:23 Started transferring input files
	Transferring to host: <188.185.205.31:9618?addrs=188.185.205.31-9618+[2001-1458-303-9--100-93]-9618&alias=b9p03p4190.cern.ch&noUDP&sock=slot1_40_3743_0831_195513>
...
040 (7407014.000.000) 10/24 18:26:23 Finished transferring input files
...
001 (7407014.000.000) 10/24 18:26:24 Job executing on host: <188.185.205.31:9618?addrs=188.185.205.31-9618+[2001-1458-303-9--100-93]-9618&alias=b9p03p4190.cern.ch&noUDP&sock=startd_3391_85bd>
	SlotName: slot1_40@b9p03p4190.cern.ch
	CondorScratchDir = "/pool/condor/dir_2857278"
	Cpus = 1
	Disk = 2827983
	Memory = 2000
...
006 (7407014.000.000) 10/24 18:26:33 Image size of job updated: 516996
	505  -  MemoryUsage of job (MB)
	516996  -  ResidentSetSize of job (KB)
...
006 (7407014.000.000) 10/24 18:26:41 Image size of job updated: 3101292
	505  -  MemoryUsage of job (MB)
	516996  -  ResidentSetSize of job (KB)
...
040 (7407014.000.000) 10/24 18:26:41 Started transferring output files
...
040 (7407014.000.000) 10/24 18:26:42 Finished transferring output files
...
005 (7407014.000.000) 10/24 18:26:42 Job terminated.
	(1) Normal termination (return value 0)
		Usr 0 00:00:05, Sys 0 00:00:02  -  Run Remote Usage
		Usr 0 00:00:00, Sys 0 00:00:00  -  Run Local Usage
		Usr 0 00:00:05, Sys 0 00:00:02  -  Total Remote Usage
		Usr 0 00:00:00, Sys 0 00:00:00  -  Total Local Usage
	26705  -  Run Bytes Sent By Job
	10804  -  Run Bytes Received By Job
	26705  -  Total Bytes Sent By Job
	10804  -  Total Bytes Received By Job
	Partitionable Resources :    Usage  Request Allocated 
	   Cpus                 :        0        1         1 
	   Disk (KB)            :       58       12   2827983 
	   Memory (MB)          :      505     2000      2000 

	Job terminated of its own accord at 2024-10-24T16:26:41Z with exit-code 0.
...
